*** TestRunner ***
{'cluster_name': 'test',
 'conf_file': 'test.conf',
 'fts_quota': '750',
 'get-cbcollect-info': 'False',
 'get-logs': 'False',
 'index_type': 'scorch',
 'ini': 'test.ini',
 'num_nodes': 4,
 'spec': 'test',
 'stop-on-failure': 'False'}
Logs will be stored at /Users/girishbenakappa/IdeaProjects/testrunner/logs/testrunner-20-Apr-24_13-12-16/test_1

./testrunner -i test.ini -p get-cbcollect-info=False,get-logs=False,stop-on-failure=False,index_type=scorch,fts_quota=750 -t tuqquery.flex_index_phase1.FlexIndexTests.test_flex_single_typemapping_comp_ops,test_name=fts_index_exists,GROUP=P1,get-logs=False,stop-on-failure=False,GROUP=P1,doc-per-day=6,bucket_size=200,scan_consistency=NOT_BOUNDED,skip_load=True,items=1000,custom_map=True,GROUP=PS,get-cbcollect-info=False,disable_HTP=True,get-logs=False,stop-on-failure=False,cluster=D+F,index_type=scorch,fts_quota=750,custom_map_add_non_indexed_fields=False,text_analyzer=keyword

Test Input params:
{'test_name': 'fts_index_exists', 'GROUP': 'PS', 'get-logs': 'False', 'stop-on-failure': 'False', 'doc-per-day': '6', 'bucket_size': '200', 'scan_consistency': 'NOT_BOUNDED', 'skip_load': 'True', 'items': '1000', 'custom_map': 'True', 'get-cbcollect-info': 'False', 'disable_HTP': 'True', 'cluster': 'D+F', 'index_type': 'scorch', 'fts_quota': '750', 'custom_map_add_non_indexed_fields': 'False', 'text_analyzer': 'keyword', 'ini': 'test.ini', 'cluster_name': 'test', 'spec': 'test', 'conf_file': 'test.conf', 'num_nodes': 4, 'case_number': 1, 'logs_folder': '/Users/girishbenakappa/IdeaProjects/testrunner/logs/testrunner-20-Apr-24_13-12-16/test_1'}
Run before suite setup for tuqquery.flex_index_phase1.FlexIndexTests.test_flex_single_typemapping_comp_ops
2020-04-24 13:12:16 | INFO | MainProcess | MainThread | [diff.<module>] jsonpickle is not installed. The to_json_pickle and from_json_pickle functions will not work.If you dont need those functions, there is nothing to do.
-->before_suite_name:tuqquery.flex_index_phase1.FlexIndexTests.suite_setUp,suite: <unittest.suite.TestSuite tests=[<tuqquery.flex_index_phase1.FlexIndexTests testMethod=suite_setUp>]>
2020-04-24 13:12:16 | INFO | MainProcess | MainThread | [remote_util.__init__] connecting to 172.23.121.65 with username:root 
2020-04-24 13:12:17 | INFO | MainProcess | MainThread | [remote_util.__init__] Connected to 172.23.121.65
2020-04-24 13:12:17 | INFO | MainProcess | MainThread | [remote_util.extract_remote_info] os_distro: CentOS, os_version: centos 7, is_linux_distro: True
2020-04-24 13:12:18 | INFO | MainProcess | MainThread | [remote_util.extract_remote_info] extract_remote_info-->distribution_type: CentOS, distribution_version: centos 7
2020-04-24 13:12:18 | INFO | MainProcess | MainThread | [rest_client.get_nodes_version] Node version in cluster 7.0.0-1834-enterprise
2020-04-24 13:12:18 | INFO | MainProcess | MainThread | [rest_client.get_nodes_versions] Node versions in cluster ['7.0.0-1834-enterprise', '7.0.0-1834-enterprise']
2020-04-24 13:12:18 | INFO | MainProcess | MainThread | [basetestcase.setUp] ==============  basetestcase setup was started for test #1 suite_setUp==============
2020-04-24 13:12:18 | INFO | MainProcess | MainThread | [bucket_helper.delete_all_buckets_or_assert] deleting existing buckets ['default'] on 172.23.121.65
2020-04-24 13:12:18 | INFO | MainProcess | MainThread | [bucket_helper.delete_all_buckets_or_assert] remove bucket default ...
2020-04-24 13:12:20 | INFO | MainProcess | MainThread | [bucket_helper.delete_all_buckets_or_assert] deleted bucket : default from 172.23.121.65
2020-04-24 13:12:20 | INFO | MainProcess | MainThread | [bucket_helper.wait_for_bucket_deletion] waiting for bucket deletion to complete....
2020-04-24 13:12:20 | INFO | MainProcess | MainThread | [rest_client.bucket_exists] node 172.23.121.65 existing buckets : []
2020-04-24 13:12:20 | INFO | MainProcess | MainThread | [bucket_helper.delete_all_buckets_or_assert] sleep 2 seconds to make sure all buckets (['default']) were deleted completely.
2020-04-24 13:12:22 | INFO | MainProcess | MainThread | [cluster_helper.cleanup_cluster] rebalancing all nodes in order to remove nodes
2020-04-24 13:12:22 | INFO | MainProcess | MainThread | [rest_client.rebalance] rebalance params : {'knownNodes': 'ns_1@172.23.121.65,ns_1@172.23.121.66', 'ejectedNodes': 'ns_1@172.23.121.66', 'user': 'Administrator', 'password': 'password'}
2020-04-24 13:12:22 | INFO | MainProcess | MainThread | [rest_client.rebalance] rebalance operation started
2020-04-24 13:12:22 | INFO | MainProcess | MainThread | [rest_client._rebalance_status_and_progress] rebalance percentage : 37.00 %
2020-04-24 13:12:32 | INFO | MainProcess | MainThread | [rest_client._rebalance_status_and_progress] rebalance percentage : 50.00 %
2020-04-24 13:12:52 | INFO | MainProcess | MainThread | [rest_client.monitorRebalance] rebalance progress took 30.21 seconds 
2020-04-24 13:12:52 | INFO | MainProcess | MainThread | [rest_client.monitorRebalance] sleep for 10 seconds after rebalance...
2020-04-24 13:13:03 | INFO | MainProcess | MainThread | [cluster_helper.cleanup_cluster] removed all the nodes from cluster associated with ip:172.23.121.65 port:8091 ssh_username:root ? [('ns_1@172.23.121.66', 8091)]
2020-04-24 13:13:03 | INFO | MainProcess | MainThread | [cluster_helper.wait_for_ns_servers_or_assert] waiting for ns_server @ 172.23.121.65:8091
2020-04-24 13:13:03 | INFO | MainProcess | MainThread | [cluster_helper.wait_for_ns_servers_or_assert] ns_server @ 172.23.121.65:8091 is running
2020-04-24 13:13:03 | INFO | MainProcess | MainThread | [cluster_helper.wait_for_ns_servers_or_assert] waiting for ns_server @ 172.23.121.66:8091
2020-04-24 13:13:03 | INFO | MainProcess | MainThread | [cluster_helper.wait_for_ns_servers_or_assert] ns_server @ 172.23.121.66:8091 is running
2020-04-24 13:13:03 | INFO | MainProcess | MainThread | [cluster_helper.wait_for_ns_servers_or_assert] waiting for ns_server @ 172.23.121.67:8091
2020-04-24 13:13:03 | INFO | MainProcess | MainThread | [cluster_helper.wait_for_ns_servers_or_assert] ns_server @ 172.23.121.67:8091 is running
2020-04-24 13:13:03 | INFO | MainProcess | MainThread | [cluster_helper.wait_for_ns_servers_or_assert] waiting for ns_server @ 172.23.121.68:8091
2020-04-24 13:13:03 | INFO | MainProcess | MainThread | [cluster_helper.wait_for_ns_servers_or_assert] ns_server @ 172.23.121.68:8091 is running
2020-04-24 13:13:03 | INFO | MainProcess | MainThread | [flex_index_phase1.tearDown] ==============  FlexIndexTests tearDown has started ==============
2020-04-24 13:13:03 | INFO | MainProcess | MainThread | [flex_index_phase1.tearDown] ==============  FlexIndexTests tearDown has completed ==============
2020-04-24 13:13:03 | INFO | MainProcess | MainThread | [tuq.tearDown] ==============  QueryTests tearDown has started ==============
2020-04-24 13:13:03 | INFO | MainProcess | MainThread | [tuq.tearDown] ==============  QueryTests tearDown has completed ==============
2020-04-24 13:13:03 | INFO | MainProcess | MainThread | [basetestcase.print_cluster_stats] ------- Cluster statistics -------
2020-04-24 13:13:03 | INFO | MainProcess | MainThread | [basetestcase.print_cluster_stats] 172.23.121.65:8091 => {'services': ['fts', 'index', 'kv', 'n1ql'], 'cpu_utilization': 0.7537688442211056, 'mem_free': 2585141248, 'mem_total': 4366925824, 'swap_mem_used': 16515072, 'swap_mem_total': 3758092288}
2020-04-24 13:13:03 | INFO | MainProcess | MainThread | [basetestcase.print_cluster_stats] --- End of cluster statistics ---
2020-04-24 13:13:03 | INFO | MainProcess | MainThread | [basetestcase.tearDown] ==============  basetestcase cleanup was started for test #1 suite_setUp ==============
2020-04-24 13:13:04 | INFO | MainProcess | MainThread | [cluster_helper.wait_for_ns_servers_or_assert] waiting for ns_server @ 172.23.121.65:8091
2020-04-24 13:13:04 | INFO | MainProcess | MainThread | [cluster_helper.wait_for_ns_servers_or_assert] ns_server @ 172.23.121.65:8091 is running
2020-04-24 13:13:04 | INFO | MainProcess | MainThread | [cluster_helper.wait_for_ns_servers_or_assert] waiting for ns_server @ 172.23.121.66:8091
2020-04-24 13:13:04 | INFO | MainProcess | MainThread | [cluster_helper.wait_for_ns_servers_or_assert] ns_server @ 172.23.121.66:8091 is running
2020-04-24 13:13:04 | INFO | MainProcess | MainThread | [cluster_helper.wait_for_ns_servers_or_assert] waiting for ns_server @ 172.23.121.67:8091
2020-04-24 13:13:04 | INFO | MainProcess | MainThread | [cluster_helper.wait_for_ns_servers_or_assert] ns_server @ 172.23.121.67:8091 is running
2020-04-24 13:13:04 | INFO | MainProcess | MainThread | [cluster_helper.wait_for_ns_servers_or_assert] waiting for ns_server @ 172.23.121.68:8091
2020-04-24 13:13:04 | INFO | MainProcess | MainThread | [cluster_helper.wait_for_ns_servers_or_assert] ns_server @ 172.23.121.68:8091 is running
2020-04-24 13:13:04 | INFO | MainProcess | MainThread | [basetestcase.tearDown] ==============  basetestcase cleanup was finished for test #1 suite_setUp ==============
2020-04-24 13:13:04 | INFO | MainProcess | MainThread | [basetestcase.tearDown] closing all ssh connections
2020-04-24 13:13:04 | INFO | MainProcess | MainThread | [basetestcase.tearDown] closing all memcached connections
Cluster instance shutdown with force
2020-04-24 13:13:05 | INFO | MainProcess | MainThread | [basetestcase.setUp] initializing cluster
2020-04-24 13:13:06 | INFO | MainProcess | Cluster_Thread | [task.execute] server: ip:172.23.121.65 port:8091 ssh_username:root, nodes/self 
2020-04-24 13:13:06 | INFO | MainProcess | Cluster_Thread | [task.execute]  {'uptime': '11322', 'memoryTotal': 4366925824, 'memoryFree': 2584305664, 'mcdMemoryReserved': 3331, 'mcdMemoryAllocated': 3331, 'status': 'healthy', 'hostname': '172.23.121.65:8091', 'clusterCompatibility': 458752, 'clusterMembership': 'active', 'version': '7.0.0-1834-enterprise', 'os': 'x86_64-unknown-linux-gnu', 'ports': [], 'availableStorage': [], 'storage': [<membase.api.rest_client.NodeDataStorage object at 0x1102cb5d0>], 'memoryQuota': 2231, 'moxi': 11211, 'memcached': 11210, 'id': 'ns_1@172.23.121.65', 'ip': '172.23.121.65', 'rest_username': '', 'rest_password': '', 'port': '8091', 'services': ['fts', 'index', 'kv', 'n1ql'], 'storageTotalRam': 4164, 'curr_items': 0}
2020-04-24 13:13:06 | INFO | MainProcess | Cluster_Thread | [task.execute] quota for index service will be 256 MB
2020-04-24 13:13:06 | INFO | MainProcess | Cluster_Thread | [task.execute] set index quota to node 172.23.121.65 
2020-04-24 13:13:06 | INFO | MainProcess | Cluster_Thread | [rest_client.set_service_memoryQuota] pools/default params : indexMemoryQuota=256
2020-04-24 13:13:06 | INFO | MainProcess | Cluster_Thread | [task.execute] quota for fts service will be 750 MB
2020-04-24 13:13:06 | INFO | MainProcess | Cluster_Thread | [task.execute] set both index and fts quota at node 172.23.121.65 
2020-04-24 13:13:06 | INFO | MainProcess | Cluster_Thread | [rest_client.set_service_memoryQuota] pools/default params : ftsMemoryQuota=750
2020-04-24 13:13:06 | INFO | MainProcess | Cluster_Thread | [rest_client.init_cluster_memoryQuota] pools/default params : memoryQuota=1225
2020-04-24 13:13:06 | INFO | MainProcess | Cluster_Thread | [rest_client.init_node_services] --> init_node_services(Administrator,password,172.23.121.65,8091,['kv', 'index', 'n1ql', 'fts'])
2020-04-24 13:13:06 | INFO | MainProcess | Cluster_Thread | [rest_client.init_node_services] /node/controller/setupServices params on 172.23.121.65: 8091:hostname=172.23.121.65&user=Administrator&password=password&services=kv%2Cindex%2Cn1ql%2Cfts
2020-04-24 13:13:06 | ERROR | MainProcess | Cluster_Thread | [rest_client._http_request] POST http://172.23.121.65:8091//node/controller/setupServices body: hostname=172.23.121.65&user=Administrator&password=password&services=kv%2Cindex%2Cn1ql%2Cfts headers: {'Content-Type': 'application/x-www-form-urlencoded', 'Authorization': 'Basic QWRtaW5pc3RyYXRvcjpwYXNzd29yZA==', 'Accept': '*/*'} error: 400 reason: unknown b'["cannot change node services after cluster is provisioned"]' auth: Administrator:password
2020-04-24 13:13:06 | INFO | MainProcess | Cluster_Thread | [rest_client.init_node_services] This node is already provisioned with services, we do not consider this as failure for test case
2020-04-24 13:13:06 | INFO | MainProcess | Cluster_Thread | [rest_client.init_cluster] --> in init_cluster...Administrator,password,8091
2020-04-24 13:13:06 | INFO | MainProcess | Cluster_Thread | [rest_client.init_cluster] settings/web params on 172.23.121.65:8091:port=8091&username=Administrator&password=password
2020-04-24 13:13:06 | INFO | MainProcess | Cluster_Thread | [rest_client.init_cluster] --> status:True
2020-04-24 13:13:06 | INFO | MainProcess | Cluster_Thread | [remote_util.__init__] connecting to 172.23.121.65 with username:root 
2020-04-24 13:13:07 | INFO | MainProcess | Cluster_Thread | [remote_util.__init__] Connected to 172.23.121.65
2020-04-24 13:13:07 | INFO | MainProcess | Cluster_Thread | [remote_util.extract_remote_info] os_distro: CentOS, os_version: centos 7, is_linux_distro: True
2020-04-24 13:13:08 | INFO | MainProcess | Cluster_Thread | [remote_util.extract_remote_info] extract_remote_info-->distribution_type: CentOS, distribution_version: centos 7
2020-04-24 13:13:08 | INFO | MainProcess | Cluster_Thread | [remote_util.execute_command_raw] running command.raw on 172.23.121.65: curl http://Administrator:password@localhost:8091/diag/eval -X POST -d 'ns_config:set(allow_nonlocal_eval, true).'
2020-04-24 13:13:08 | INFO | MainProcess | Cluster_Thread | [remote_util.execute_command_raw] command executed successfully
2020-04-24 13:13:08 | INFO | MainProcess | Cluster_Thread | [remote_util.enable_diag_eval_on_non_local_hosts] ['ok']
2020-04-24 13:13:08 | INFO | MainProcess | Cluster_Thread | [rest_client.diag_eval] /diag/eval status on 172.23.121.65:8091: True content: [7,0] command: cluster_compat_mode:get_compat_version().
2020-04-24 13:13:08 | INFO | MainProcess | Cluster_Thread | [rest_client.diag_eval] /diag/eval status on 172.23.121.65:8091: True content: [7,0] command: cluster_compat_mode:get_compat_version().
2020-04-24 13:13:08 | INFO | MainProcess | Cluster_Thread | [rest_client.set_indexer_storage_mode] settings/indexes params : storageMode=plasma
2020-04-24 13:13:08 | INFO | MainProcess | Cluster_Thread | [task.execute] server: ip:172.23.121.66 port:8091 ssh_username:root, nodes/self 
2020-04-24 13:13:08 | INFO | MainProcess | Cluster_Thread | [task.execute]  {'uptime': '11328', 'memoryTotal': 4366942208, 'memoryFree': 3692138496, 'mcdMemoryReserved': 3331, 'mcdMemoryAllocated': 3331, 'status': 'healthy', 'hostname': '172.23.121.66:8091', 'clusterCompatibility': 458752, 'clusterMembership': 'active', 'version': '7.0.0-1834-enterprise', 'os': 'x86_64-unknown-linux-gnu', 'ports': [], 'availableStorage': [], 'storage': [<membase.api.rest_client.NodeDataStorage object at 0x1104b55d0>], 'memoryQuota': 1832, 'moxi': 11211, 'memcached': 11210, 'id': 'ns_1@172.23.121.66', 'ip': '172.23.121.66', 'rest_username': '', 'rest_password': '', 'port': '8091', 'services': ['kv'], 'storageTotalRam': 4164, 'curr_items': 0}
2020-04-24 13:13:08 | ERROR | MainProcess | Cluster_Thread | [rest_client._http_request] GET http://172.23.121.66:8091/pools/default body:  headers: {'Content-Type': 'application/x-www-form-urlencoded', 'Authorization': 'Basic QWRtaW5pc3RyYXRvcjpwYXNzd29yZA==', 'Accept': '*/*'} error: 404 reason: unknown b'"unknown pool"' auth: Administrator:password
2020-04-24 13:13:08 | INFO | MainProcess | Cluster_Thread | [rest_client.init_cluster_memoryQuota] pools/default params : memoryQuota=2231
2020-04-24 13:13:08 | INFO | MainProcess | Cluster_Thread | [rest_client.init_cluster] --> in init_cluster...Administrator,password,8091
2020-04-24 13:13:08 | INFO | MainProcess | Cluster_Thread | [rest_client.init_cluster] settings/web params on 172.23.121.66:8091:port=8091&username=Administrator&password=password
2020-04-24 13:13:08 | INFO | MainProcess | Cluster_Thread | [rest_client.init_cluster] --> status:True
2020-04-24 13:13:08 | INFO | MainProcess | Cluster_Thread | [remote_util.__init__] connecting to 172.23.121.66 with username:root 
2020-04-24 13:13:09 | INFO | MainProcess | Cluster_Thread | [remote_util.__init__] Connected to 172.23.121.66
2020-04-24 13:13:10 | INFO | MainProcess | Cluster_Thread | [remote_util.extract_remote_info] os_distro: CentOS, os_version: centos 7, is_linux_distro: True
2020-04-24 13:13:10 | INFO | MainProcess | Cluster_Thread | [remote_util.extract_remote_info] extract_remote_info-->distribution_type: CentOS, distribution_version: centos 7
2020-04-24 13:13:10 | INFO | MainProcess | Cluster_Thread | [remote_util.execute_command_raw] running command.raw on 172.23.121.66: curl http://Administrator:password@localhost:8091/diag/eval -X POST -d 'ns_config:set(allow_nonlocal_eval, true).'
2020-04-24 13:13:11 | INFO | MainProcess | Cluster_Thread | [remote_util.execute_command_raw] command executed successfully
2020-04-24 13:13:11 | INFO | MainProcess | Cluster_Thread | [remote_util.enable_diag_eval_on_non_local_hosts] ['ok']
2020-04-24 13:13:11 | INFO | MainProcess | Cluster_Thread | [rest_client.diag_eval] /diag/eval status on 172.23.121.66:8091: True content: [7,0] command: cluster_compat_mode:get_compat_version().
2020-04-24 13:13:11 | INFO | MainProcess | Cluster_Thread | [rest_client.diag_eval] /diag/eval status on 172.23.121.66:8091: True content: [7,0] command: cluster_compat_mode:get_compat_version().
2020-04-24 13:13:11 | INFO | MainProcess | Cluster_Thread | [rest_client.set_indexer_storage_mode] settings/indexes params : storageMode=plasma
2020-04-24 13:13:11 | INFO | MainProcess | Cluster_Thread | [task.execute] server: ip:172.23.121.67 port:8091 ssh_username:root, nodes/self 
2020-04-24 13:13:11 | INFO | MainProcess | Cluster_Thread | [task.execute]  {'uptime': '11331', 'memoryTotal': 4366938112, 'memoryFree': 3562799104, 'mcdMemoryReserved': 3331, 'mcdMemoryAllocated': 3331, 'status': 'healthy', 'hostname': '172.23.121.67:8091', 'clusterCompatibility': 458752, 'clusterMembership': 'active', 'version': '7.0.0-1834-enterprise', 'os': 'x86_64-unknown-linux-gnu', 'ports': [], 'availableStorage': [], 'storage': [<membase.api.rest_client.NodeDataStorage object at 0x1104ae150>], 'memoryQuota': 1463, 'moxi': 11211, 'memcached': 11210, 'id': 'ns_1@cb.local', 'ip': '172.23.121.67', 'rest_username': '', 'rest_password': '', 'port': '8091', 'services': ['fts', 'index', 'kv', 'n1ql'], 'storageTotalRam': 4164, 'curr_items': 0}
2020-04-24 13:13:11 | INFO | MainProcess | Cluster_Thread | [rest_client.init_cluster_memoryQuota] pools/default params : memoryQuota=2231
2020-04-24 13:13:11 | INFO | MainProcess | Cluster_Thread | [rest_client.init_cluster] --> in init_cluster...Administrator,password,8091
2020-04-24 13:13:11 | INFO | MainProcess | Cluster_Thread | [rest_client.init_cluster] settings/web params on 172.23.121.67:8091:port=8091&username=Administrator&password=password
2020-04-24 13:13:11 | INFO | MainProcess | Cluster_Thread | [rest_client.init_cluster] --> status:True
2020-04-24 13:13:11 | INFO | MainProcess | Cluster_Thread | [remote_util.__init__] connecting to 172.23.121.67 with username:root 
2020-04-24 13:13:12 | INFO | MainProcess | Cluster_Thread | [remote_util.__init__] Connected to 172.23.121.67
2020-04-24 13:13:12 | INFO | MainProcess | Cluster_Thread | [remote_util.extract_remote_info] os_distro: CentOS, os_version: centos 7, is_linux_distro: True
2020-04-24 13:13:13 | INFO | MainProcess | Cluster_Thread | [remote_util.extract_remote_info] extract_remote_info-->distribution_type: CentOS, distribution_version: centos 7
2020-04-24 13:13:13 | INFO | MainProcess | Cluster_Thread | [remote_util.execute_command_raw] running command.raw on 172.23.121.67: curl http://Administrator:password@localhost:8091/diag/eval -X POST -d 'ns_config:set(allow_nonlocal_eval, true).'
2020-04-24 13:13:13 | INFO | MainProcess | Cluster_Thread | [remote_util.execute_command_raw] command executed successfully
2020-04-24 13:13:13 | INFO | MainProcess | Cluster_Thread | [remote_util.enable_diag_eval_on_non_local_hosts] ['ok']
2020-04-24 13:13:13 | INFO | MainProcess | Cluster_Thread | [rest_client.diag_eval] /diag/eval status on 172.23.121.67:8091: True content: [7,0] command: cluster_compat_mode:get_compat_version().
2020-04-24 13:13:13 | INFO | MainProcess | Cluster_Thread | [rest_client.diag_eval] /diag/eval status on 172.23.121.67:8091: True content: [7,0] command: cluster_compat_mode:get_compat_version().
2020-04-24 13:13:13 | INFO | MainProcess | Cluster_Thread | [rest_client.set_indexer_storage_mode] settings/indexes params : storageMode=plasma
2020-04-24 13:13:13 | INFO | MainProcess | Cluster_Thread | [task.execute] server: ip:172.23.121.68 port:8091 ssh_username:root, nodes/self 
2020-04-24 13:13:13 | INFO | MainProcess | Cluster_Thread | [task.execute]  {'uptime': '9222', 'memoryTotal': 4366938112, 'memoryFree': 3696754688, 'mcdMemoryReserved': 3331, 'mcdMemoryAllocated': 3331, 'status': 'healthy', 'hostname': '172.23.121.68:8091', 'clusterCompatibility': 458752, 'clusterMembership': 'active', 'version': '7.0.0-1834-enterprise', 'os': 'x86_64-unknown-linux-gnu', 'ports': [], 'availableStorage': [], 'storage': [<membase.api.rest_client.NodeDataStorage object at 0x1104ae290>], 'memoryQuota': 1832, 'moxi': 11211, 'memcached': 11210, 'id': 'ns_1@172.23.121.68', 'ip': '172.23.121.68', 'rest_username': '', 'rest_password': '', 'port': '8091', 'services': ['kv'], 'storageTotalRam': 4164, 'curr_items': 0}
2020-04-24 13:13:13 | ERROR | MainProcess | Cluster_Thread | [rest_client._http_request] GET http://172.23.121.68:8091/pools/default body:  headers: {'Content-Type': 'application/x-www-form-urlencoded', 'Authorization': 'Basic QWRtaW5pc3RyYXRvcjpwYXNzd29yZA==', 'Accept': '*/*'} error: 404 reason: unknown b'"unknown pool"' auth: Administrator:password
2020-04-24 13:13:13 | INFO | MainProcess | Cluster_Thread | [rest_client.init_cluster_memoryQuota] pools/default params : memoryQuota=2231
2020-04-24 13:13:13 | INFO | MainProcess | Cluster_Thread | [rest_client.init_cluster] --> in init_cluster...Administrator,password,8091
2020-04-24 13:13:13 | INFO | MainProcess | Cluster_Thread | [rest_client.init_cluster] settings/web params on 172.23.121.68:8091:port=8091&username=Administrator&password=password
2020-04-24 13:13:13 | INFO | MainProcess | Cluster_Thread | [rest_client.init_cluster] --> status:True
2020-04-24 13:13:13 | INFO | MainProcess | Cluster_Thread | [remote_util.__init__] connecting to 172.23.121.68 with username:root 
2020-04-24 13:13:14 | INFO | MainProcess | Cluster_Thread | [remote_util.__init__] Connected to 172.23.121.68
2020-04-24 13:13:15 | INFO | MainProcess | Cluster_Thread | [remote_util.extract_remote_info] os_distro: CentOS, os_version: centos 7, is_linux_distro: True
2020-04-24 13:13:15 | INFO | MainProcess | Cluster_Thread | [remote_util.extract_remote_info] extract_remote_info-->distribution_type: CentOS, distribution_version: centos 7
2020-04-24 13:13:15 | INFO | MainProcess | Cluster_Thread | [remote_util.execute_command_raw] running command.raw on 172.23.121.68: curl http://Administrator:password@localhost:8091/diag/eval -X POST -d 'ns_config:set(allow_nonlocal_eval, true).'
2020-04-24 13:13:15 | INFO | MainProcess | Cluster_Thread | [remote_util.execute_command_raw] command executed successfully
2020-04-24 13:13:15 | INFO | MainProcess | Cluster_Thread | [remote_util.enable_diag_eval_on_non_local_hosts] ['ok']
2020-04-24 13:13:16 | INFO | MainProcess | Cluster_Thread | [rest_client.diag_eval] /diag/eval status on 172.23.121.68:8091: True content: [7,0] command: cluster_compat_mode:get_compat_version().
2020-04-24 13:13:16 | INFO | MainProcess | Cluster_Thread | [rest_client.diag_eval] /diag/eval status on 172.23.121.68:8091: True content: [7,0] command: cluster_compat_mode:get_compat_version().
2020-04-24 13:13:16 | INFO | MainProcess | Cluster_Thread | [rest_client.set_indexer_storage_mode] settings/indexes params : storageMode=plasma
2020-04-24 13:13:16 | INFO | MainProcess | MainThread | [basetestcase.add_built_in_server_user] **** add built-in 'cbadminbucket' user to node 172.23.121.65 ****
2020-04-24 13:13:16 | INFO | MainProcess | MainThread | [basetestcase.sleep] sleep for 5 secs.  ...
2020-04-24 13:13:21 | INFO | MainProcess | MainThread | [basetestcase.add_built_in_server_user] **** add 'admin' role to 'cbadminbucket' user ****
2020-04-24 13:13:21 | INFO | MainProcess | MainThread | [basetestcase.setUp] done initializing cluster
2020-04-24 13:13:21 | INFO | MainProcess | MainThread | [remote_util.__init__] connecting to 172.23.121.65 with username:root 
2020-04-24 13:13:22 | INFO | MainProcess | MainThread | [remote_util.__init__] Connected to 172.23.121.65
2020-04-24 13:13:23 | INFO | MainProcess | MainThread | [remote_util.extract_remote_info] os_distro: CentOS, os_version: centos 7, is_linux_distro: True
2020-04-24 13:13:23 | INFO | MainProcess | MainThread | [remote_util.extract_remote_info] extract_remote_info-->distribution_type: CentOS, distribution_version: centos 7
2020-04-24 13:13:23 | INFO | MainProcess | MainThread | [remote_util.execute_command_raw] running command.raw on 172.23.121.65: curl http://Administrator:password@localhost:8091/diag/eval -X POST -d 'ns_config:set(allow_nonlocal_eval, true).'
2020-04-24 13:13:23 | INFO | MainProcess | MainThread | [remote_util.execute_command_raw] command executed successfully
2020-04-24 13:13:23 | INFO | MainProcess | MainThread | [remote_util.enable_diag_eval_on_non_local_hosts] ['ok']
2020-04-24 13:13:23 | INFO | MainProcess | MainThread | [basetestcase.enable_diag_eval_on_non_local_hosts] Enabled diag/eval for non-local hosts from 172.23.121.65
2020-04-24 13:13:24 | INFO | MainProcess | Cluster_Thread | [rest_client.create_bucket] http://172.23.121.65:8091/pools/default/buckets with param: name=default&authType=sasl&saslPassword=None&ramQuotaMB=200&replicaNumber=1&bucketType=membase&replicaIndex=1&threadsNumber=3&flushEnabled=1&evictionPolicy=valueOnly&compressionMode=passive
2020-04-24 13:13:24 | INFO | MainProcess | Cluster_Thread | [rest_client.create_bucket] 0.05 seconds to create bucket default
2020-04-24 13:13:24 | INFO | MainProcess | Cluster_Thread | [bucket_helper.wait_for_memcached] waiting for memcached bucket : default in 172.23.121.65 to accept set ops
2020-04-24 13:13:25 | INFO | MainProcess | Cluster_Thread | [data_helper.direct_client] creating direct client 172.23.121.65:11210 default
2020-04-24 13:13:25 | INFO | MainProcess | Cluster_Thread | [data_helper.direct_client] creating direct client 172.23.121.65:11210 default
2020-04-24 13:13:26 | WARNING | MainProcess | Cluster_Thread | [task.check] vbucket map not ready after try 0
2020-04-24 13:13:26 | INFO | MainProcess | Cluster_Thread | [bucket_helper.wait_for_memcached] waiting for memcached bucket : default in 172.23.121.65 to accept set ops
2020-04-24 13:13:26 | INFO | MainProcess | Cluster_Thread | [data_helper.direct_client] creating direct client 172.23.121.65:11210 default
2020-04-24 13:13:27 | INFO | MainProcess | Cluster_Thread | [data_helper.direct_client] creating direct client 172.23.121.65:11210 default
2020-04-24 13:13:27 | WARNING | MainProcess | Cluster_Thread | [task.check] vbucket map not ready after try 1
2020-04-24 13:13:27 | INFO | MainProcess | Cluster_Thread | [bucket_helper.wait_for_memcached] waiting for memcached bucket : default in 172.23.121.65 to accept set ops
2020-04-24 13:13:28 | INFO | MainProcess | Cluster_Thread | [data_helper.direct_client] creating direct client 172.23.121.65:11210 default
2020-04-24 13:13:28 | INFO | MainProcess | Cluster_Thread | [data_helper.direct_client] creating direct client 172.23.121.65:11210 default
2020-04-24 13:13:29 | WARNING | MainProcess | Cluster_Thread | [task.check] vbucket map not ready after try 2
2020-04-24 13:13:29 | INFO | MainProcess | Cluster_Thread | [bucket_helper.wait_for_memcached] waiting for memcached bucket : default in 172.23.121.65 to accept set ops
2020-04-24 13:13:29 | INFO | MainProcess | Cluster_Thread | [data_helper.direct_client] creating direct client 172.23.121.65:11210 default
2020-04-24 13:13:30 | INFO | MainProcess | Cluster_Thread | [data_helper.direct_client] creating direct client 172.23.121.65:11210 default
2020-04-24 13:13:30 | WARNING | MainProcess | Cluster_Thread | [task.check] vbucket map not ready after try 3
2020-04-24 13:13:30 | INFO | MainProcess | Cluster_Thread | [bucket_helper.wait_for_memcached] waiting for memcached bucket : default in 172.23.121.65 to accept set ops
2020-04-24 13:13:31 | INFO | MainProcess | Cluster_Thread | [data_helper.direct_client] creating direct client 172.23.121.65:11210 default
2020-04-24 13:13:32 | INFO | MainProcess | Cluster_Thread | [data_helper.direct_client] creating direct client 172.23.121.65:11210 default
2020-04-24 13:13:32 | WARNING | MainProcess | Cluster_Thread | [task.check] vbucket map not ready after try 4
2020-04-24 13:13:32 | INFO | MainProcess | Cluster_Thread | [bucket_helper.wait_for_memcached] waiting for memcached bucket : default in 172.23.121.65 to accept set ops
2020-04-24 13:13:32 | INFO | MainProcess | Cluster_Thread | [data_helper.direct_client] creating direct client 172.23.121.65:11210 default
2020-04-24 13:13:33 | INFO | MainProcess | Cluster_Thread | [data_helper.direct_client] creating direct client 172.23.121.65:11210 default
2020-04-24 13:13:34 | WARNING | MainProcess | Cluster_Thread | [task.check] vbucket map not ready after try 5
2020-04-24 13:13:34 | INFO | MainProcess | MainThread | [basetestcase.setUp] ==============  basetestcase setup was finished for test #1 suite_setUp ==============
2020-04-24 13:13:34 | INFO | MainProcess | MainThread | [basetestcase.print_cluster_stats] ------- Cluster statistics -------
2020-04-24 13:13:34 | INFO | MainProcess | MainThread | [basetestcase.print_cluster_stats] 172.23.121.65:8091 => {'services': ['fts', 'index', 'kv', 'n1ql'], 'cpu_utilization': 6.615776081424936, 'mem_free': 2459426816, 'mem_total': 4366925824, 'swap_mem_used': 16515072, 'swap_mem_total': 3758092288}
2020-04-24 13:13:34 | INFO | MainProcess | MainThread | [basetestcase.print_cluster_stats] --- End of cluster statistics ---
2020-04-24 13:13:34 | INFO | MainProcess | MainThread | [tuq.setUp] ==============  QueryTests setup has started ==============
2020-04-24 13:13:34 | INFO | MainProcess | MainThread | [remote_util.__init__] connecting to 172.23.121.65 with username:root 
2020-04-24 13:13:34 | INFO | MainProcess | MainThread | [remote_util.__init__] Connected to 172.23.121.65
2020-04-24 13:13:35 | INFO | MainProcess | MainThread | [remote_util.extract_remote_info] os_distro: CentOS, os_version: centos 7, is_linux_distro: True
2020-04-24 13:13:36 | INFO | MainProcess | MainThread | [remote_util.extract_remote_info] extract_remote_info-->distribution_type: CentOS, distribution_version: centos 7
2020-04-24 13:13:36 | INFO | MainProcess | MainThread | [remote_util.__init__] connecting to 172.23.121.65 with username:root 
2020-04-24 13:13:36 | INFO | MainProcess | MainThread | [remote_util.__init__] Connected to 172.23.121.65
2020-04-24 13:13:37 | INFO | MainProcess | MainThread | [remote_util.extract_remote_info] os_distro: CentOS, os_version: centos 7, is_linux_distro: True
2020-04-24 13:13:38 | INFO | MainProcess | MainThread | [remote_util.extract_remote_info] extract_remote_info-->distribution_type: CentOS, distribution_version: centos 7
2020-04-24 13:13:38 | INFO | MainProcess | MainThread | [tuq.gen_docs] Generating default:default data...
2020-04-24 13:13:38 | INFO | MainProcess | MainThread | [tuq.gen_docs] -->start:generate_docs_employee for default...
2020-04-24 13:13:38 | INFO | MainProcess | MainThread | [tuq.gen_docs] -->end:generate_docs_employee for default...
2020-04-24 13:13:38 | INFO | MainProcess | MainThread | [tuq.gen_docs] Completed Generating default:default data...
2020-04-24 13:13:38 | INFO | MainProcess | MainThread | [tuq.setUp] --->gens_load is done...
2020-04-24 13:13:38 | INFO | MainProcess | MainThread | [tuq.setUp] -->starting rest connection...
2020-04-24 13:13:38 | INFO | MainProcess | MainThread | [tuq.setUp] --> docs_per_day>0..generating TuqGenerators...
2020-04-24 13:13:39 | INFO | MainProcess | MainThread | [tuq.setUp] --> End: docs_per_day>0..generating TuqGenerators...
2020-04-24 13:13:39 | INFO | MainProcess | MainThread | [tuq.setUp] ----------------------------------------------------------------------------------------------------
2020-04-24 13:13:39 | INFO | MainProcess | MainThread | [tuq.setUp] Temp fix for MB-16888
2020-04-24 13:13:39 | INFO | MainProcess | MainThread | [remote_util.execute_command_raw] running command.raw on 172.23.121.65: killall -9 cbq-engine
2020-04-24 13:13:39 | INFO | MainProcess | MainThread | [remote_util.execute_command_raw] command executed successfully
2020-04-24 13:13:39 | INFO | MainProcess | MainThread | [remote_util.execute_command_raw] running command.raw on 172.23.121.65: killall -9 indexer
2020-04-24 13:13:39 | INFO | MainProcess | MainThread | [remote_util.execute_command_raw] command executed successfully
2020-04-24 13:13:39 | INFO | MainProcess | MainThread | [tuq.setUp] Error executing shell command: killall -9 cbq-engine! Error - bash: killall: command not found
2020-04-24 13:13:39 | INFO | MainProcess | MainThread | [tuq.setUp] Error executing shell command: killall -9 indexer! Error - bash: killall: command not found
2020-04-24 13:13:39 | INFO | MainProcess | MainThread | [tuq.setUp] ----------------------------------------------------------------------------------------------------
2020-04-24 13:13:39 | INFO | MainProcess | MainThread | [tuq.setUp] ==============  QueryTests setup has completed ==============
2020-04-24 13:13:39 | INFO | MainProcess | MainThread | [flex_index_phase1.setUp] ==============  FlexIndexTests setup has started ==============
2020-04-24 13:13:39 | INFO | MainProcess | MainThread | [tuq.run_cbq_query] RUN QUERY SELECT * FROM system:indexes
2020-04-24 13:13:39 | INFO | MainProcess | MainThread | [rest_client.query_tool] query params : statement=SELECT+%2A+FROM+system%3Aindexes&scan_consistency=NOT_BOUNDED
2020-04-24 13:13:39 | INFO | MainProcess | MainThread | [tuq.run_cbq_query] TOTAL ELAPSED TIME: 110.602697ms
2020-04-24 13:13:40 | INFO | MainProcess | MainThread | [tuq.run_cbq_query] RUN QUERY SELECT * FROM system:keyspaces
2020-04-24 13:13:40 | INFO | MainProcess | MainThread | [rest_client.query_tool] query params : statement=SELECT+%2A+FROM+system%3Akeyspaces&scan_consistency=NOT_BOUNDED
2020-04-24 13:13:40 | INFO | MainProcess | MainThread | [tuq.run_cbq_query] TOTAL ELAPSED TIME: 8.133497ms
2020-04-24 13:13:40 | INFO | MainProcess | MainThread | [tuq.log_config_info] ==============  System Config: ==============

2020-04-24 13:13:40 | INFO | MainProcess | MainThread | [tuq.run_cbq_query] RUN QUERY SELECT COUNT(*) FROM `default`
2020-04-24 13:13:40 | INFO | MainProcess | MainThread | [rest_client.query_tool] query params : statement=SELECT+COUNT%28%2A%29+FROM+%60default%60&scan_consistency=NOT_BOUNDED
2020-04-24 13:13:40 | INFO | MainProcess | MainThread | [tuq.run_cbq_query] TOTAL ELAPSED TIME: 10.33631ms
2020-04-24 13:13:40 | INFO | MainProcess | MainThread | [tuq.log_config_info] Bucket: default
2020-04-24 13:13:40 | INFO | MainProcess | MainThread | [tuq.log_config_info] Indexes: []
2020-04-24 13:13:40 | INFO | MainProcess | MainThread | [tuq.log_config_info] Docs: 0

2020-04-24 13:13:40 | INFO | MainProcess | MainThread | [tuq.log_config_info] =============================================
2020-04-24 13:13:40 | INFO | MainProcess | MainThread | [flex_index_phase1.setUp] ==============  FlexIndexTests setup has completed ==============
2020-04-24 13:13:40 | INFO | MainProcess | MainThread | [tuq.suite_setUp] ==============  QueryTests suite_setup has started ==============
2020-04-24 13:13:40 | INFO | MainProcess | MainThread | [basetestcase.sleep] sleep for 10 secs. sleep before load ...
2020-04-24 13:13:50 | INFO | MainProcess | MainThread | [tuq.suite_setUp] ==============  QueryTests suite_setup has completed ==============
2020-04-24 13:13:50 | INFO | MainProcess | MainThread | [flex_index_phase1.tearDown] ==============  FlexIndexTests tearDown has started ==============
2020-04-24 13:13:50 | INFO | MainProcess | MainThread | [tuq.run_cbq_query] RUN QUERY SELECT * FROM system:indexes
2020-04-24 13:13:50 | INFO | MainProcess | MainThread | [rest_client.query_tool] query params : statement=SELECT+%2A+FROM+system%3Aindexes&scan_consistency=NOT_BOUNDED
2020-04-24 13:13:50 | INFO | MainProcess | MainThread | [tuq.run_cbq_query] TOTAL ELAPSED TIME: 12.154399ms
2020-04-24 13:13:50 | INFO | MainProcess | MainThread | [tuq.run_cbq_query] RUN QUERY SELECT * FROM system:keyspaces
2020-04-24 13:13:50 | INFO | MainProcess | MainThread | [rest_client.query_tool] query params : statement=SELECT+%2A+FROM+system%3Akeyspaces&scan_consistency=NOT_BOUNDED
2020-04-24 13:13:51 | INFO | MainProcess | MainThread | [tuq.run_cbq_query] TOTAL ELAPSED TIME: 8.12934ms
2020-04-24 13:13:51 | INFO | MainProcess | MainThread | [tuq.log_config_info] ==============  System Config: ==============

2020-04-24 13:13:51 | INFO | MainProcess | MainThread | [tuq.run_cbq_query] RUN QUERY SELECT COUNT(*) FROM `default`
2020-04-24 13:13:51 | INFO | MainProcess | MainThread | [rest_client.query_tool] query params : statement=SELECT+COUNT%28%2A%29+FROM+%60default%60&scan_consistency=NOT_BOUNDED
2020-04-24 13:13:51 | INFO | MainProcess | MainThread | [tuq.run_cbq_query] TOTAL ELAPSED TIME: 9.792461ms
2020-04-24 13:13:51 | INFO | MainProcess | MainThread | [tuq.log_config_info] Bucket: default
2020-04-24 13:13:51 | INFO | MainProcess | MainThread | [tuq.log_config_info] Indexes: []
2020-04-24 13:13:51 | INFO | MainProcess | MainThread | [tuq.log_config_info] Docs: 0

2020-04-24 13:13:51 | INFO | MainProcess | MainThread | [tuq.log_config_info] =============================================
2020-04-24 13:13:51 | INFO | MainProcess | MainThread | [flex_index_phase1.tearDown] ==============  FlexIndexTests tearDown has completed ==============
2020-04-24 13:13:51 | INFO | MainProcess | MainThread | [tuq.tearDown] ==============  QueryTests tearDown has started ==============
2020-04-24 13:13:51 | INFO | MainProcess | MainThread | [tuq.tearDown] ==============  QueryTests tearDown has completed ==============
2020-04-24 13:13:51 | INFO | MainProcess | MainThread | [basetestcase.print_cluster_stats] ------- Cluster statistics -------
2020-04-24 13:13:51 | INFO | MainProcess | MainThread | [basetestcase.print_cluster_stats] 172.23.121.65:8091 => {'services': ['fts', 'index', 'kv', 'n1ql'], 'cpu_utilization': 4.271356783919598, 'mem_free': 2465382400, 'mem_total': 4366925824, 'swap_mem_used': 16515072, 'swap_mem_total': 3758092288}
2020-04-24 13:13:51 | INFO | MainProcess | MainThread | [basetestcase.print_cluster_stats] --- End of cluster statistics ---
2020-04-24 13:13:51 | INFO | MainProcess | MainThread | [basetestcase.tearDown] closing all ssh connections
2020-04-24 13:13:51 | INFO | MainProcess | MainThread | [basetestcase.tearDown] closing all memcached connections
Cluster instance shutdown with force
-->result: <unittest.runner.TextTestResult run=1 errors=0 failures=0>
2020-04-24 13:13:51 | INFO | MainProcess | test_thread | [remote_util.__init__] connecting to 172.23.121.65 with username:root 
2020-04-24 13:13:52 | INFO | MainProcess | test_thread | [remote_util.__init__] Connected to 172.23.121.65
2020-04-24 13:13:52 | INFO | MainProcess | test_thread | [remote_util.extract_remote_info] os_distro: CentOS, os_version: centos 7, is_linux_distro: True
2020-04-24 13:13:53 | INFO | MainProcess | test_thread | [remote_util.extract_remote_info] extract_remote_info-->distribution_type: CentOS, distribution_version: centos 7
2020-04-24 13:13:53 | INFO | MainProcess | test_thread | [rest_client.get_nodes_version] Node version in cluster 7.0.0-1834-enterprise
2020-04-24 13:13:53 | INFO | MainProcess | test_thread | [rest_client.get_nodes_versions] Node versions in cluster ['7.0.0-1834-enterprise']
2020-04-24 13:13:53 | INFO | MainProcess | test_thread | [basetestcase.setUp] ==============  basetestcase setup was started for test #1 test_flex_single_typemapping_comp_ops==============
2020-04-24 13:13:53 | INFO | MainProcess | test_thread | [basetestcase.setUp] any cluster operation in setup will be skipped
2020-04-24 13:13:53 | INFO | MainProcess | test_thread | [basetestcase.setUp] ==============  basetestcase setup was finished for test #1 test_flex_single_typemapping_comp_ops ==============
2020-04-24 13:13:53 | INFO | MainProcess | test_thread | [tuq.setUp] ==============  QueryTests setup has started ==============
2020-04-24 13:13:53 | INFO | MainProcess | test_thread | [remote_util.__init__] connecting to 172.23.121.65 with username:root 
2020-04-24 13:13:54 | INFO | MainProcess | test_thread | [remote_util.__init__] Connected to 172.23.121.65
2020-04-24 13:13:54 | INFO | MainProcess | test_thread | [remote_util.extract_remote_info] os_distro: CentOS, os_version: centos 7, is_linux_distro: True
2020-04-24 13:13:55 | INFO | MainProcess | test_thread | [remote_util.extract_remote_info] extract_remote_info-->distribution_type: CentOS, distribution_version: centos 7
2020-04-24 13:13:55 | INFO | MainProcess | test_thread | [remote_util.__init__] connecting to 172.23.121.65 with username:root 
2020-04-24 13:13:56 | INFO | MainProcess | test_thread | [remote_util.__init__] Connected to 172.23.121.65
2020-04-24 13:13:56 | INFO | MainProcess | test_thread | [remote_util.extract_remote_info] os_distro: CentOS, os_version: centos 7, is_linux_distro: True
2020-04-24 13:13:57 | INFO | MainProcess | test_thread | [remote_util.extract_remote_info] extract_remote_info-->distribution_type: CentOS, distribution_version: centos 7
2020-04-24 13:13:57 | INFO | MainProcess | test_thread | [tuq.gen_docs] Generating default:default data...
2020-04-24 13:13:57 | INFO | MainProcess | test_thread | [tuq.gen_docs] -->start:generate_docs_employee for default...
2020-04-24 13:13:57 | INFO | MainProcess | test_thread | [tuq.gen_docs] -->end:generate_docs_employee for default...
2020-04-24 13:13:57 | INFO | MainProcess | test_thread | [tuq.gen_docs] Completed Generating default:default data...
2020-04-24 13:13:57 | INFO | MainProcess | test_thread | [tuq.setUp] --->gens_load is done...
2020-04-24 13:13:57 | INFO | MainProcess | test_thread | [tuq.setUp] -->starting rest connection...
2020-04-24 13:13:58 | INFO | MainProcess | test_thread | [tuq.setUp] --> docs_per_day>0..generating TuqGenerators...
2020-04-24 13:13:59 | INFO | MainProcess | test_thread | [tuq.setUp] --> End: docs_per_day>0..generating TuqGenerators...
2020-04-24 13:13:59 | INFO | MainProcess | test_thread | [tuq.setUp] ----------------------------------------------------------------------------------------------------
2020-04-24 13:13:59 | INFO | MainProcess | test_thread | [tuq.setUp] Temp fix for MB-16888
2020-04-24 13:13:59 | INFO | MainProcess | test_thread | [remote_util.execute_command_raw] running command.raw on 172.23.121.65: killall -9 cbq-engine
2020-04-24 13:13:59 | INFO | MainProcess | test_thread | [remote_util.execute_command_raw] command executed successfully
2020-04-24 13:13:59 | INFO | MainProcess | test_thread | [remote_util.execute_command_raw] running command.raw on 172.23.121.65: killall -9 indexer
2020-04-24 13:13:59 | INFO | MainProcess | test_thread | [remote_util.execute_command_raw] command executed successfully
2020-04-24 13:13:59 | INFO | MainProcess | test_thread | [tuq.setUp] Error executing shell command: killall -9 cbq-engine! Error - bash: killall: command not found
2020-04-24 13:13:59 | INFO | MainProcess | test_thread | [tuq.setUp] Error executing shell command: killall -9 indexer! Error - bash: killall: command not found
2020-04-24 13:13:59 | INFO | MainProcess | test_thread | [tuq.setUp] ----------------------------------------------------------------------------------------------------
2020-04-24 13:13:59 | INFO | MainProcess | test_thread | [tuq.setUp] ==============  QueryTests setup has completed ==============
2020-04-24 13:13:59 | INFO | MainProcess | test_thread | [flex_index_phase1.setUp] ==============  FlexIndexTests setup has started ==============
2020-04-24 13:13:59 | INFO | MainProcess | test_thread | [tuq.run_cbq_query] RUN QUERY SELECT * FROM system:indexes
2020-04-24 13:13:59 | INFO | MainProcess | test_thread | [rest_client.query_tool] query params : statement=SELECT+%2A+FROM+system%3Aindexes&scan_consistency=NOT_BOUNDED
2020-04-24 13:13:59 | INFO | MainProcess | test_thread | [tuq.run_cbq_query] TOTAL ELAPSED TIME: 13.249415ms
2020-04-24 13:13:59 | INFO | MainProcess | test_thread | [tuq.run_cbq_query] RUN QUERY SELECT * FROM system:keyspaces
2020-04-24 13:13:59 | INFO | MainProcess | test_thread | [rest_client.query_tool] query params : statement=SELECT+%2A+FROM+system%3Akeyspaces&scan_consistency=NOT_BOUNDED
2020-04-24 13:13:59 | INFO | MainProcess | test_thread | [tuq.run_cbq_query] TOTAL ELAPSED TIME: 7.317503ms
2020-04-24 13:13:59 | INFO | MainProcess | test_thread | [tuq.log_config_info] ==============  System Config: ==============

2020-04-24 13:13:59 | INFO | MainProcess | test_thread | [tuq.run_cbq_query] RUN QUERY SELECT COUNT(*) FROM `default`
2020-04-24 13:13:59 | INFO | MainProcess | test_thread | [rest_client.query_tool] query params : statement=SELECT+COUNT%28%2A%29+FROM+%60default%60&scan_consistency=NOT_BOUNDED
2020-04-24 13:13:59 | INFO | MainProcess | test_thread | [tuq.run_cbq_query] TOTAL ELAPSED TIME: 9.788943ms
2020-04-24 13:13:59 | INFO | MainProcess | test_thread | [tuq.log_config_info] Bucket: default
2020-04-24 13:13:59 | INFO | MainProcess | test_thread | [tuq.log_config_info] Indexes: []
2020-04-24 13:13:59 | INFO | MainProcess | test_thread | [tuq.log_config_info] Docs: 0

2020-04-24 13:13:59 | INFO | MainProcess | test_thread | [tuq.log_config_info] =============================================
2020-04-24 13:13:59 | INFO | MainProcess | test_thread | [flex_index_phase1.setUp] ==============  FlexIndexTests setup has completed ==============
2020-04-24 13:14:01 | INFO | MainProcess | Cluster_Thread | [rest_client.flush_bucket] Flush for bucket 'default' was triggered
2020-04-24 13:14:01 | INFO | MainProcess | test_thread | [data_helper.direct_client] creating direct client 172.23.121.65:11210 default
2020-04-24 13:14:04 | INFO | MainProcess | test_thread | [rest_client.set_fts_ram_quota] SUCCESS: FTS RAM quota set to 750mb
{'datetime': ['join_date'], 'number': ['manages_team_size', 'mutated'], 'boolean': ['is_manager'], 'text': ['name']}
2020-04-24 13:14:04 | INFO | MainProcess | test_thread | [fts_base.generate_new_custom_map] {
   "mapping": {
      "default_mapping": {
         "enabled": false,
         "dynamic": true,
         "default_analyzer": ""
      },
      "type_field": "type",
      "default_type": "_default",
      "default_analyzer": "standard",
      "default_datetime_parser": "dateTimeOptional",
      "default_field": "_all",
      "analysis": {},
      "types": {
         "emp": {
            "dynamic": false,
            "enabled": true,
            "fields": [],
            "properties": {
               "join_date": {
                  "dynamic": false,
                  "enabled": true,
                  "properties": {},
                  "fields": [
                     {
                        "include_in_all": true,
                        "include_term_vectors": true,
                        "index": true,
                        "name": "join_date",
                        "store": false,
                        "type": "datetime",
                        "analyzer": ""
                     }
                  ]
               },
               "manages": {
                  "dynamic": false,
                  "enabled": true,
                  "fields": [],
                  "properties": {
                     "team_size": {
                        "dynamic": false,
                        "enabled": true,
                        "properties": {},
                        "fields": [
                           {
                              "include_in_all": true,
                              "include_term_vectors": true,
                              "index": true,
                              "name": "team_size",
                              "store": false,
                              "type": "number",
                              "analyzer": ""
                           }
                        ]
                     }
                  }
               },
               "mutated": {
                  "dynamic": false,
                  "enabled": true,
                  "properties": {},
                  "fields": [
                     {
                        "include_in_all": true,
                        "include_term_vectors": true,
                        "index": true,
                        "name": "mutated",
                        "store": false,
                        "type": "number",
                        "analyzer": ""
                     }
                  ]
               },
               "is_manager": {
                  "dynamic": false,
                  "enabled": true,
                  "properties": {},
                  "fields": [
                     {
                        "include_in_all": true,
                        "include_term_vectors": true,
                        "index": true,
                        "name": "is_manager",
                        "store": false,
                        "type": "boolean",
                        "analyzer": ""
                     }
                  ]
               },
               "name": {
                  "dynamic": false,
                  "enabled": true,
                  "properties": {},
                  "fields": [
                     {
                        "include_in_all": true,
                        "include_term_vectors": true,
                        "index": true,
                        "name": "name",
                        "store": false,
                        "type": "text",
                        "analyzer": "keyword"
                     }
                  ]
               }
            }
         }
      }
   }
}
2020-04-24 13:14:04 | INFO | MainProcess | test_thread | [fts_base.create] Checking if index already exists ...
2020-04-24 13:14:04 | ERROR | MainProcess | test_thread | [rest_client._http_request] GET http://172.23.121.65:8094/api/index/custom_index body:  headers: {'Content-Type': 'application/json', 'Authorization': 'Basic QWRtaW5pc3RyYXRvcjpwYXNzd29yZA==', 'Accept': '*/*'} error: 400 reason: rest_auth: preparePerms, err: index not found b'{"error":"rest_auth: preparePerms, err: index not found","request":"","status":"fail"}\n' auth: Administrator:password
2020-04-24 13:14:04 | ERROR | MainProcess | test_thread | [rest_client._http_request] DELETE http://172.23.121.65:8094/api/index/custom_index body:  headers: {'Content-Type': 'application/json', 'Authorization': 'Basic QWRtaW5pc3RyYXRvcjpwYXNzd29yZA==', 'Accept': '*/*'} error: 400 reason: rest_auth: preparePerms, err: index not found b'{"error":"rest_auth: preparePerms, err: index not found","request":"","status":"fail"}\n' auth: Administrator:password
2020-04-24 13:14:04 | INFO | MainProcess | test_thread | [fts_base.create] Creating fulltext-index custom_index on 172.23.121.65
2020-04-24 13:14:04 | INFO | MainProcess | test_thread | [rest_client.create_fts_index] {"type": "fulltext-index", "name": "custom_index", "uuid": "", "params": {"mapping": {"default_mapping": {"enabled": false, "dynamic": true, "default_analyzer": ""}, "type_field": "type", "default_type": "_default", "default_analyzer": "standard", "default_datetime_parser": "dateTimeOptional", "default_field": "_all", "analysis": {}, "types": {"emp": {"dynamic": false, "enabled": true, "fields": [], "properties": {"join_date": {"dynamic": false, "enabled": true, "properties": {}, "fields": [{"include_in_all": true, "include_term_vectors": true, "index": true, "name": "join_date", "store": false, "type": "datetime", "analyzer": ""}]}, "manages": {"dynamic": false, "enabled": true, "fields": [], "properties": {"team_size": {"dynamic": false, "enabled": true, "properties": {}, "fields": [{"include_in_all": true, "include_term_vectors": true, "index": true, "name": "team_size", "store": false, "type": "number", "analyzer": ""}]}}}, "mutated": {"dynamic": false, "enabled": true, "properties": {}, "fields": [{"include_in_all": true, "include_term_vectors": true, "index": true, "name": "mutated", "store": false, "type": "number", "analyzer": ""}]}, "is_manager": {"dynamic": false, "enabled": true, "properties": {}, "fields": [{"include_in_all": true, "include_term_vectors": true, "index": true, "name": "is_manager", "store": false, "type": "boolean", "analyzer": ""}]}, "name": {"dynamic": false, "enabled": true, "properties": {}, "fields": [{"include_in_all": true, "include_term_vectors": true, "index": true, "name": "name", "store": false, "type": "text", "analyzer": "keyword"}]}}}}}, "store": {"kvStoreName": "mossStore", "mossStoreOptions": {}, "indexType": "scorch"}}, "sourceType": "couchbase", "sourceName": "default", "sourceUUID": "", "planParams": {"numReplicas": 0}, "sourceParams": {}}
2020-04-24 13:14:05 | INFO | MainProcess | test_thread | [rest_client.create_fts_index] Index custom_index created
2020-04-24 13:14:05 | INFO | MainProcess | test_thread | [basetestcase.sleep] sleep for 10 secs.  ...
2020-04-24 13:14:15 | INFO | MainProcess | test_thread | [tuq.run_cbq_query] RUN QUERY SELECT * FROM system:indexes
2020-04-24 13:14:15 | INFO | MainProcess | test_thread | [rest_client.query_tool] query params : statement=SELECT+%2A+FROM+system%3Aindexes&scan_consistency=NOT_BOUNDED
2020-04-24 13:14:16 | INFO | MainProcess | test_thread | [tuq.run_cbq_query] TOTAL ELAPSED TIME: 12.276754ms
2020-04-24 13:14:16 | INFO | MainProcess | test_thread | [tuq.is_index_present] waiting for: 
('primary_gsi_index', 'default', 'online')

2020-04-24 13:14:16 | INFO | MainProcess | test_thread | [tuq.is_index_present] current indexes: 
[('custom_index', 'default', 'online')]

2020-04-24 13:14:16 | INFO | MainProcess | test_thread | [tuq.run_cbq_query] RUN QUERY create primary index primary_gsi_index on default
2020-04-24 13:14:16 | INFO | MainProcess | test_thread | [rest_client.query_tool] query params : statement=create+primary+index+primary_gsi_index+on+default&scan_consistency=NOT_BOUNDED
2020-04-24 13:14:18 | INFO | MainProcess | test_thread | [tuq.run_cbq_query] TOTAL ELAPSED TIME: 2.192146925s
No string/number/date fields indexed for smart query generation 
Smart queries will be generated on fields: {'date': ['join_date'], 'num': ['manages_team_size', 'mutated'], 'bool': ['is_manager'], 'str': ['name'], 'text': ['name']}
Smart queries will be generated on fields: {'date': ['join_date'], 'num': ['manages_team_size', 'mutated'], 'bool': ['is_manager'], 'str': ['name'], 'text': ['name']}
2020-04-24 13:14:18 | INFO | MainProcess | test_thread | [flex_index_phase1.run_queries_and_validate] ======== Running Query # 1 =======
2020-04-24 13:14:18 | INFO | MainProcess | test_thread | [flex_index_phase1.run_queries_and_validate] Query : explain select meta().id from default USE INDEX (custom_index USING FTS) where type = "emp" and mutated > 3 and mutated < 668
2020-04-24 13:14:18 | INFO | MainProcess | test_thread | [tuq.run_cbq_query] RUN QUERY explain select meta().id from default USE INDEX (custom_index USING FTS) where type = "emp" and mutated > 3 and mutated < 668
2020-04-24 13:14:18 | INFO | MainProcess | test_thread | [rest_client.query_tool] query params : statement=explain+select+meta%28%29.id+from+default+USE+INDEX+%28custom_index+USING+FTS%29+where+type+%3D+%22emp%22+and+mutated+%3E+3+and+mutated+%3C+668&scan_consistency=NOT_BOUNDED
2020-04-24 13:14:18 | INFO | MainProcess | test_thread | [tuq.run_cbq_query] TOTAL ELAPSED TIME: 2.935211ms
2020-04-24 13:14:18 | INFO | MainProcess | test_thread | [tuq.run_cbq_query] RUN QUERY select meta().id from default USE INDEX (custom_index USING FTS) where type = "emp" and mutated > 3 and mutated < 668
2020-04-24 13:14:18 | INFO | MainProcess | test_thread | [rest_client.query_tool] query params : statement=select+meta%28%29.id+from+default+USE+INDEX+%28custom_index+USING+FTS%29+where+type+%3D+%22emp%22+and+mutated+%3E+3+and+mutated+%3C+668&scan_consistency=NOT_BOUNDED
2020-04-24 13:14:18 | INFO | MainProcess | test_thread | [tuq.run_cbq_query] TOTAL ELAPSED TIME: 4.423074ms
2020-04-24 13:14:18 | INFO | MainProcess | test_thread | [flex_index_phase1.compare_results_with_gsi] Number of results from flex query: select meta().id from default USE INDEX (custom_index USING FTS) where type = "emp" and mutated > 3 and mutated < 668 is 0
2020-04-24 13:14:18 | INFO | MainProcess | test_thread | [tuq.run_cbq_query] RUN QUERY select meta().id from default where type = "emp" and mutated > 3 and mutated < 668
2020-04-24 13:14:18 | INFO | MainProcess | test_thread | [rest_client.query_tool] query params : statement=select+meta%28%29.id+from+default+where+type+%3D+%22emp%22+and+mutated+%3E+3+and+mutated+%3C+668&scan_consistency=NOT_BOUNDED
2020-04-24 13:14:18 | INFO | MainProcess | test_thread | [tuq.run_cbq_query] TOTAL ELAPSED TIME: 68.972243ms
2020-04-24 13:14:18 | INFO | MainProcess | test_thread | [flex_index_phase1.compare_results_with_gsi] Number of results from gsi query: select meta().id from default where type = "emp" and mutated > 3 and mutated < 668 is 0
2020-04-24 13:14:18 | INFO | MainProcess | test_thread | [flex_index_phase1.run_queries_and_validate] ======== Done =======
2020-04-24 13:14:18 | INFO | MainProcess | test_thread | [flex_index_phase1.run_queries_and_validate] ======== Running Query # 2 =======
2020-04-24 13:14:18 | INFO | MainProcess | test_thread | [flex_index_phase1.run_queries_and_validate] Query : explain select meta().id from default USE INDEX (custom_index USING FTS) where type = "emp" and mutated >= 4 and mutated <= 7967
2020-04-24 13:14:18 | INFO | MainProcess | test_thread | [tuq.run_cbq_query] RUN QUERY explain select meta().id from default USE INDEX (custom_index USING FTS) where type = "emp" and mutated >= 4 and mutated <= 7967
2020-04-24 13:14:18 | INFO | MainProcess | test_thread | [rest_client.query_tool] query params : statement=explain+select+meta%28%29.id+from+default+USE+INDEX+%28custom_index+USING+FTS%29+where+type+%3D+%22emp%22+and+mutated+%3E%3D+4+and+mutated+%3C%3D+7967&scan_consistency=NOT_BOUNDED
2020-04-24 13:14:18 | INFO | MainProcess | test_thread | [tuq.run_cbq_query] TOTAL ELAPSED TIME: 2.141915ms
2020-04-24 13:14:18 | INFO | MainProcess | test_thread | [tuq.run_cbq_query] RUN QUERY select meta().id from default USE INDEX (custom_index USING FTS) where type = "emp" and mutated >= 4 and mutated <= 7967
2020-04-24 13:14:18 | INFO | MainProcess | test_thread | [rest_client.query_tool] query params : statement=select+meta%28%29.id+from+default+USE+INDEX+%28custom_index+USING+FTS%29+where+type+%3D+%22emp%22+and+mutated+%3E%3D+4+and+mutated+%3C%3D+7967&scan_consistency=NOT_BOUNDED
2020-04-24 13:14:18 | INFO | MainProcess | test_thread | [tuq.run_cbq_query] TOTAL ELAPSED TIME: 2.467506ms
2020-04-24 13:14:18 | INFO | MainProcess | test_thread | [flex_index_phase1.compare_results_with_gsi] Number of results from flex query: select meta().id from default USE INDEX (custom_index USING FTS) where type = "emp" and mutated >= 4 and mutated <= 7967 is 0
2020-04-24 13:14:19 | INFO | MainProcess | test_thread | [tuq.run_cbq_query] RUN QUERY select meta().id from default where type = "emp" and mutated >= 4 and mutated <= 7967
2020-04-24 13:14:19 | INFO | MainProcess | test_thread | [rest_client.query_tool] query params : statement=select+meta%28%29.id+from+default+where+type+%3D+%22emp%22+and+mutated+%3E%3D+4+and+mutated+%3C%3D+7967&scan_consistency=NOT_BOUNDED
2020-04-24 13:14:19 | INFO | MainProcess | test_thread | [tuq.run_cbq_query] TOTAL ELAPSED TIME: 74.558348ms
2020-04-24 13:14:19 | INFO | MainProcess | test_thread | [flex_index_phase1.compare_results_with_gsi] Number of results from gsi query: select meta().id from default where type = "emp" and mutated >= 4 and mutated <= 7967 is 0
2020-04-24 13:14:19 | INFO | MainProcess | test_thread | [flex_index_phase1.run_queries_and_validate] ======== Done =======
2020-04-24 13:14:19 | INFO | MainProcess | test_thread | [flex_index_phase1.run_queries_and_validate] ======== Running Query # 3 =======
2020-04-24 13:14:19 | INFO | MainProcess | test_thread | [flex_index_phase1.run_queries_and_validate] Query : explain select meta().id from default USE INDEX (custom_index USING FTS) where type = "emp" and mutated >= 2 and mutated < 7812
2020-04-24 13:14:19 | INFO | MainProcess | test_thread | [tuq.run_cbq_query] RUN QUERY explain select meta().id from default USE INDEX (custom_index USING FTS) where type = "emp" and mutated >= 2 and mutated < 7812
2020-04-24 13:14:19 | INFO | MainProcess | test_thread | [rest_client.query_tool] query params : statement=explain+select+meta%28%29.id+from+default+USE+INDEX+%28custom_index+USING+FTS%29+where+type+%3D+%22emp%22+and+mutated+%3E%3D+2+and+mutated+%3C+7812&scan_consistency=NOT_BOUNDED
2020-04-24 13:14:19 | INFO | MainProcess | test_thread | [tuq.run_cbq_query] TOTAL ELAPSED TIME: 1.877403ms
2020-04-24 13:14:19 | INFO | MainProcess | test_thread | [tuq.run_cbq_query] RUN QUERY select meta().id from default USE INDEX (custom_index USING FTS) where type = "emp" and mutated >= 2 and mutated < 7812
2020-04-24 13:14:19 | INFO | MainProcess | test_thread | [rest_client.query_tool] query params : statement=select+meta%28%29.id+from+default+USE+INDEX+%28custom_index+USING+FTS%29+where+type+%3D+%22emp%22+and+mutated+%3E%3D+2+and+mutated+%3C+7812&scan_consistency=NOT_BOUNDED
2020-04-24 13:14:19 | INFO | MainProcess | test_thread | [tuq.run_cbq_query] TOTAL ELAPSED TIME: 2.310442ms
2020-04-24 13:14:19 | INFO | MainProcess | test_thread | [flex_index_phase1.compare_results_with_gsi] Number of results from flex query: select meta().id from default USE INDEX (custom_index USING FTS) where type = "emp" and mutated >= 2 and mutated < 7812 is 0
2020-04-24 13:14:19 | INFO | MainProcess | test_thread | [tuq.run_cbq_query] RUN QUERY select meta().id from default where type = "emp" and mutated >= 2 and mutated < 7812
2020-04-24 13:14:19 | INFO | MainProcess | test_thread | [rest_client.query_tool] query params : statement=select+meta%28%29.id+from+default+where+type+%3D+%22emp%22+and+mutated+%3E%3D+2+and+mutated+%3C+7812&scan_consistency=NOT_BOUNDED
2020-04-24 13:14:19 | INFO | MainProcess | test_thread | [tuq.run_cbq_query] TOTAL ELAPSED TIME: 68.737249ms
2020-04-24 13:14:19 | INFO | MainProcess | test_thread | [flex_index_phase1.compare_results_with_gsi] Number of results from gsi query: select meta().id from default where type = "emp" and mutated >= 2 and mutated < 7812 is 0
2020-04-24 13:14:19 | INFO | MainProcess | test_thread | [flex_index_phase1.run_queries_and_validate] ======== Done =======
2020-04-24 13:14:19 | INFO | MainProcess | test_thread | [flex_index_phase1.run_queries_and_validate] ======== Running Query # 4 =======
2020-04-24 13:14:19 | INFO | MainProcess | test_thread | [flex_index_phase1.run_queries_and_validate] Query : explain select meta().id from default USE INDEX (custom_index USING FTS) where type = "emp" and mutated > 4 and mutated <= 3584
2020-04-24 13:14:19 | INFO | MainProcess | test_thread | [tuq.run_cbq_query] RUN QUERY explain select meta().id from default USE INDEX (custom_index USING FTS) where type = "emp" and mutated > 4 and mutated <= 3584
2020-04-24 13:14:19 | INFO | MainProcess | test_thread | [rest_client.query_tool] query params : statement=explain+select+meta%28%29.id+from+default+USE+INDEX+%28custom_index+USING+FTS%29+where+type+%3D+%22emp%22+and+mutated+%3E+4+and+mutated+%3C%3D+3584&scan_consistency=NOT_BOUNDED
2020-04-24 13:14:19 | INFO | MainProcess | test_thread | [tuq.run_cbq_query] TOTAL ELAPSED TIME: 2.716964ms
2020-04-24 13:14:19 | INFO | MainProcess | test_thread | [tuq.run_cbq_query] RUN QUERY select meta().id from default USE INDEX (custom_index USING FTS) where type = "emp" and mutated > 4 and mutated <= 3584
2020-04-24 13:14:19 | INFO | MainProcess | test_thread | [rest_client.query_tool] query params : statement=select+meta%28%29.id+from+default+USE+INDEX+%28custom_index+USING+FTS%29+where+type+%3D+%22emp%22+and+mutated+%3E+4+and+mutated+%3C%3D+3584&scan_consistency=NOT_BOUNDED
2020-04-24 13:14:19 | INFO | MainProcess | test_thread | [tuq.run_cbq_query] TOTAL ELAPSED TIME: 2.428866ms
2020-04-24 13:14:19 | INFO | MainProcess | test_thread | [flex_index_phase1.compare_results_with_gsi] Number of results from flex query: select meta().id from default USE INDEX (custom_index USING FTS) where type = "emp" and mutated > 4 and mutated <= 3584 is 0
2020-04-24 13:14:19 | INFO | MainProcess | test_thread | [tuq.run_cbq_query] RUN QUERY select meta().id from default where type = "emp" and mutated > 4 and mutated <= 3584
2020-04-24 13:14:19 | INFO | MainProcess | test_thread | [rest_client.query_tool] query params : statement=select+meta%28%29.id+from+default+where+type+%3D+%22emp%22+and+mutated+%3E+4+and+mutated+%3C%3D+3584&scan_consistency=NOT_BOUNDED
2020-04-24 13:14:19 | INFO | MainProcess | test_thread | [tuq.run_cbq_query] TOTAL ELAPSED TIME: 75.642395ms
2020-04-24 13:14:19 | INFO | MainProcess | test_thread | [flex_index_phase1.compare_results_with_gsi] Number of results from gsi query: select meta().id from default where type = "emp" and mutated > 4 and mutated <= 3584 is 0
2020-04-24 13:14:19 | INFO | MainProcess | test_thread | [flex_index_phase1.run_queries_and_validate] ======== Done =======
2020-04-24 13:14:19 | INFO | MainProcess | test_thread | [flex_index_phase1.run_queries_and_validate] ======== Running Query # 5 =======
2020-04-24 13:14:19 | INFO | MainProcess | test_thread | [flex_index_phase1.run_queries_and_validate] Query : explain select meta().id from default USE INDEX (custom_index USING FTS) where type = "emp" and join_date = "1986-03-25T03:39:00"
2020-04-24 13:14:19 | INFO | MainProcess | test_thread | [tuq.run_cbq_query] RUN QUERY explain select meta().id from default USE INDEX (custom_index USING FTS) where type = "emp" and join_date = "1986-03-25T03:39:00"
2020-04-24 13:14:19 | INFO | MainProcess | test_thread | [rest_client.query_tool] query params : statement=explain+select+meta%28%29.id+from+default+USE+INDEX+%28custom_index+USING+FTS%29+where+type+%3D+%22emp%22+and+join_date+%3D+%221986-03-25T03%3A39%3A00%22&scan_consistency=NOT_BOUNDED
2020-04-24 13:14:20 | ERROR | MainProcess | test_thread | [rest_client._http_request] POST http://172.23.121.65:8093/query?statement=explain+select+meta%28%29.id+from+default+USE+INDEX+%28custom_index+USING+FTS%29+where+type+%3D+%22emp%22+and+join_date+%3D+%221986-03-25T03%3A39%3A00%22&scan_consistency=NOT_BOUNDED body:  headers: {'Authorization': 'Basic QWRtaW5pc3RyYXRvcjpwYXNzd29yZA=='} error: 500 reason: unknown b'{\n"requestID": "0da8f014-c996-491b-8801-0c3d84cf24e5",\n"errors": [{"code":5000,"msg":"n1fty: SargableFlex Sargable - cause: unsupported datetime format (not RFC3339)"}],\n"status": "fatal",\n"metrics": {"elapsedTime": "1.058905ms","executionTime": "1.029168ms","resultCount": 0,"resultSize": 0,"errorCount": 1}\n}\n' auth: Administrator:password
2020-04-24 13:14:20 | INFO | MainProcess | test_thread | [flex_index_phase1.run_queries_and_validate] Failed to run query
2020-04-24 13:14:20 | ERROR | MainProcess | test_thread | [flex_index_phase1.run_queries_and_validate] CBQError: host 172.23.121.65: ERROR:{'requestID': '0da8f014-c996-491b-8801-0c3d84cf24e5', 'errors': [{'code': 5000, 'msg': 'n1fty: SargableFlex Sargable - cause: unsupported datetime format (not RFC3339)'}], 'status': 'fatal', 'metrics': {'elapsedTime': '1.058905ms', 'executionTime': '1.029168ms', 'resultCount': 0, 'resultSize': 0, 'errorCount': 1}}
2020-04-24 13:14:20 | INFO | MainProcess | test_thread | [flex_index_phase1.run_queries_and_validate] ======== Running Query # 6 =======
2020-04-24 13:14:20 | INFO | MainProcess | test_thread | [flex_index_phase1.run_queries_and_validate] Query : explain select meta().id from default USE INDEX (custom_index USING FTS) where type = "emp" and join_date = "1968-05-04T23:04:00"
2020-04-24 13:14:20 | INFO | MainProcess | test_thread | [tuq.run_cbq_query] RUN QUERY explain select meta().id from default USE INDEX (custom_index USING FTS) where type = "emp" and join_date = "1968-05-04T23:04:00"
2020-04-24 13:14:20 | INFO | MainProcess | test_thread | [rest_client.query_tool] query params : statement=explain+select+meta%28%29.id+from+default+USE+INDEX+%28custom_index+USING+FTS%29+where+type+%3D+%22emp%22+and+join_date+%3D+%221968-05-04T23%3A04%3A00%22&scan_consistency=NOT_BOUNDED
2020-04-24 13:14:20 | ERROR | MainProcess | test_thread | [rest_client._http_request] POST http://172.23.121.65:8093/query?statement=explain+select+meta%28%29.id+from+default+USE+INDEX+%28custom_index+USING+FTS%29+where+type+%3D+%22emp%22+and+join_date+%3D+%221968-05-04T23%3A04%3A00%22&scan_consistency=NOT_BOUNDED body:  headers: {'Authorization': 'Basic QWRtaW5pc3RyYXRvcjpwYXNzd29yZA=='} error: 500 reason: unknown b'{\n"requestID": "1748f688-5391-4aea-bed4-8466de212a4c",\n"errors": [{"code":5000,"msg":"n1fty: SargableFlex Sargable - cause: unsupported datetime format (not RFC3339)"}],\n"status": "fatal",\n"metrics": {"elapsedTime": "900.02\xc2\xb5s","executionTime": "875.538\xc2\xb5s","resultCount": 0,"resultSize": 0,"errorCount": 1}\n}\n' auth: Administrator:password
2020-04-24 13:14:20 | INFO | MainProcess | test_thread | [flex_index_phase1.run_queries_and_validate] Failed to run query
2020-04-24 13:14:20 | ERROR | MainProcess | test_thread | [flex_index_phase1.run_queries_and_validate] CBQError: host 172.23.121.65: ERROR:{'requestID': '1748f688-5391-4aea-bed4-8466de212a4c', 'errors': [{'code': 5000, 'msg': 'n1fty: SargableFlex Sargable - cause: unsupported datetime format (not RFC3339)'}], 'status': 'fatal', 'metrics': {'elapsedTime': '900.02µs', 'executionTime': '875.538µs', 'resultCount': 0, 'resultSize': 0, 'errorCount': 1}}
2020-04-24 13:14:20 | INFO | MainProcess | test_thread | [flex_index_phase1.run_queries_and_validate] ======== Running Query # 7 =======
2020-04-24 13:14:20 | INFO | MainProcess | test_thread | [flex_index_phase1.run_queries_and_validate] Query : explain select meta().id from default USE INDEX (custom_index USING FTS) where type = "emp" and join_date = "2010-09-04T11:27:00"
2020-04-24 13:14:20 | INFO | MainProcess | test_thread | [tuq.run_cbq_query] RUN QUERY explain select meta().id from default USE INDEX (custom_index USING FTS) where type = "emp" and join_date = "2010-09-04T11:27:00"
2020-04-24 13:14:20 | INFO | MainProcess | test_thread | [rest_client.query_tool] query params : statement=explain+select+meta%28%29.id+from+default+USE+INDEX+%28custom_index+USING+FTS%29+where+type+%3D+%22emp%22+and+join_date+%3D+%222010-09-04T11%3A27%3A00%22&scan_consistency=NOT_BOUNDED
2020-04-24 13:14:20 | ERROR | MainProcess | test_thread | [rest_client._http_request] POST http://172.23.121.65:8093/query?statement=explain+select+meta%28%29.id+from+default+USE+INDEX+%28custom_index+USING+FTS%29+where+type+%3D+%22emp%22+and+join_date+%3D+%222010-09-04T11%3A27%3A00%22&scan_consistency=NOT_BOUNDED body:  headers: {'Authorization': 'Basic QWRtaW5pc3RyYXRvcjpwYXNzd29yZA=='} error: 500 reason: unknown b'{\n"requestID": "38369a00-c230-4d9d-986a-025ae21cd913",\n"errors": [{"code":5000,"msg":"n1fty: SargableFlex Sargable - cause: unsupported datetime format (not RFC3339)"}],\n"status": "fatal",\n"metrics": {"elapsedTime": "918.084\xc2\xb5s","executionTime": "893.89\xc2\xb5s","resultCount": 0,"resultSize": 0,"errorCount": 1}\n}\n' auth: Administrator:password
2020-04-24 13:14:20 | INFO | MainProcess | test_thread | [flex_index_phase1.run_queries_and_validate] Failed to run query
2020-04-24 13:14:20 | ERROR | MainProcess | test_thread | [flex_index_phase1.run_queries_and_validate] CBQError: host 172.23.121.65: ERROR:{'requestID': '38369a00-c230-4d9d-986a-025ae21cd913', 'errors': [{'code': 5000, 'msg': 'n1fty: SargableFlex Sargable - cause: unsupported datetime format (not RFC3339)'}], 'status': 'fatal', 'metrics': {'elapsedTime': '918.084µs', 'executionTime': '893.89µs', 'resultCount': 0, 'resultSize': 0, 'errorCount': 1}}
2020-04-24 13:14:20 | INFO | MainProcess | test_thread | [flex_index_phase1.run_queries_and_validate] ======== Running Query # 8 =======
2020-04-24 13:14:20 | INFO | MainProcess | test_thread | [flex_index_phase1.run_queries_and_validate] Query : explain select meta().id from default USE INDEX (custom_index USING FTS) where type = "emp" and join_date = "1976-09-16T14:55:00"
2020-04-24 13:14:20 | INFO | MainProcess | test_thread | [tuq.run_cbq_query] RUN QUERY explain select meta().id from default USE INDEX (custom_index USING FTS) where type = "emp" and join_date = "1976-09-16T14:55:00"
2020-04-24 13:14:20 | INFO | MainProcess | test_thread | [rest_client.query_tool] query params : statement=explain+select+meta%28%29.id+from+default+USE+INDEX+%28custom_index+USING+FTS%29+where+type+%3D+%22emp%22+and+join_date+%3D+%221976-09-16T14%3A55%3A00%22&scan_consistency=NOT_BOUNDED
2020-04-24 13:14:20 | ERROR | MainProcess | test_thread | [rest_client._http_request] POST http://172.23.121.65:8093/query?statement=explain+select+meta%28%29.id+from+default+USE+INDEX+%28custom_index+USING+FTS%29+where+type+%3D+%22emp%22+and+join_date+%3D+%221976-09-16T14%3A55%3A00%22&scan_consistency=NOT_BOUNDED body:  headers: {'Authorization': 'Basic QWRtaW5pc3RyYXRvcjpwYXNzd29yZA=='} error: 500 reason: unknown b'{\n"requestID": "a1b7aa30-f812-479f-a6c9-91985f8e31a0",\n"errors": [{"code":5000,"msg":"n1fty: SargableFlex Sargable - cause: unsupported datetime format (not RFC3339)"}],\n"status": "fatal",\n"metrics": {"elapsedTime": "848.289\xc2\xb5s","executionTime": "821.727\xc2\xb5s","resultCount": 0,"resultSize": 0,"errorCount": 1}\n}\n' auth: Administrator:password
2020-04-24 13:14:20 | INFO | MainProcess | test_thread | [flex_index_phase1.run_queries_and_validate] Failed to run query
2020-04-24 13:14:20 | ERROR | MainProcess | test_thread | [flex_index_phase1.run_queries_and_validate] CBQError: host 172.23.121.65: ERROR:{'requestID': 'a1b7aa30-f812-479f-a6c9-91985f8e31a0', 'errors': [{'code': 5000, 'msg': 'n1fty: SargableFlex Sargable - cause: unsupported datetime format (not RFC3339)'}], 'status': 'fatal', 'metrics': {'elapsedTime': '848.289µs', 'executionTime': '821.727µs', 'resultCount': 0, 'resultSize': 0, 'errorCount': 1}}
2020-04-24 13:14:20 | INFO | MainProcess | test_thread | [flex_index_phase1.run_queries_and_validate] ======== Running Query # 9 =======
2020-04-24 13:14:20 | INFO | MainProcess | test_thread | [flex_index_phase1.run_queries_and_validate] Query : explain select meta().id from default USE INDEX (custom_index USING FTS) where type = "emp" and join_date = "1957-09-01T02:46:00"
2020-04-24 13:14:20 | INFO | MainProcess | test_thread | [tuq.run_cbq_query] RUN QUERY explain select meta().id from default USE INDEX (custom_index USING FTS) where type = "emp" and join_date = "1957-09-01T02:46:00"
2020-04-24 13:14:20 | INFO | MainProcess | test_thread | [rest_client.query_tool] query params : statement=explain+select+meta%28%29.id+from+default+USE+INDEX+%28custom_index+USING+FTS%29+where+type+%3D+%22emp%22+and+join_date+%3D+%221957-09-01T02%3A46%3A00%22&scan_consistency=NOT_BOUNDED
2020-04-24 13:14:20 | ERROR | MainProcess | test_thread | [rest_client._http_request] POST http://172.23.121.65:8093/query?statement=explain+select+meta%28%29.id+from+default+USE+INDEX+%28custom_index+USING+FTS%29+where+type+%3D+%22emp%22+and+join_date+%3D+%221957-09-01T02%3A46%3A00%22&scan_consistency=NOT_BOUNDED body:  headers: {'Authorization': 'Basic QWRtaW5pc3RyYXRvcjpwYXNzd29yZA=='} error: 500 reason: unknown b'{\n"requestID": "2bbaae57-7ff6-4db0-a88e-285254c1b980",\n"errors": [{"code":5000,"msg":"n1fty: SargableFlex Sargable - cause: unsupported datetime format (not RFC3339)"}],\n"status": "fatal",\n"metrics": {"elapsedTime": "901.862\xc2\xb5s","executionTime": "876.7\xc2\xb5s","resultCount": 0,"resultSize": 0,"errorCount": 1}\n}\n' auth: Administrator:password
2020-04-24 13:14:20 | INFO | MainProcess | test_thread | [flex_index_phase1.run_queries_and_validate] Failed to run query
2020-04-24 13:14:20 | ERROR | MainProcess | test_thread | [flex_index_phase1.run_queries_and_validate] CBQError: host 172.23.121.65: ERROR:{'requestID': '2bbaae57-7ff6-4db0-a88e-285254c1b980', 'errors': [{'code': 5000, 'msg': 'n1fty: SargableFlex Sargable - cause: unsupported datetime format (not RFC3339)'}], 'status': 'fatal', 'metrics': {'elapsedTime': '901.862µs', 'executionTime': '876.7µs', 'resultCount': 0, 'resultSize': 0, 'errorCount': 1}}
2020-04-24 13:14:20 | INFO | MainProcess | test_thread | [flex_index_phase1.run_queries_and_validate] ======== Running Query # 10 =======
2020-04-24 13:14:20 | INFO | MainProcess | test_thread | [flex_index_phase1.run_queries_and_validate] Query : explain select meta().id from default USE INDEX (custom_index USING FTS) where type = "emp" and mutated between 5 and 25
2020-04-24 13:14:20 | INFO | MainProcess | test_thread | [tuq.run_cbq_query] RUN QUERY explain select meta().id from default USE INDEX (custom_index USING FTS) where type = "emp" and mutated between 5 and 25
2020-04-24 13:14:20 | INFO | MainProcess | test_thread | [rest_client.query_tool] query params : statement=explain+select+meta%28%29.id+from+default+USE+INDEX+%28custom_index+USING+FTS%29+where+type+%3D+%22emp%22+and+mutated+between+5+and+25&scan_consistency=NOT_BOUNDED
2020-04-24 13:14:20 | INFO | MainProcess | test_thread | [tuq.run_cbq_query] TOTAL ELAPSED TIME: 1.814662ms
2020-04-24 13:14:20 | INFO | MainProcess | test_thread | [tuq.run_cbq_query] RUN QUERY select meta().id from default USE INDEX (custom_index USING FTS) where type = "emp" and mutated between 5 and 25
2020-04-24 13:14:20 | INFO | MainProcess | test_thread | [rest_client.query_tool] query params : statement=select+meta%28%29.id+from+default+USE+INDEX+%28custom_index+USING+FTS%29+where+type+%3D+%22emp%22+and+mutated+between+5+and+25&scan_consistency=NOT_BOUNDED
2020-04-24 13:14:20 | INFO | MainProcess | test_thread | [tuq.run_cbq_query] TOTAL ELAPSED TIME: 3.278377ms
2020-04-24 13:14:20 | INFO | MainProcess | test_thread | [flex_index_phase1.compare_results_with_gsi] Number of results from flex query: select meta().id from default USE INDEX (custom_index USING FTS) where type = "emp" and mutated between 5 and 25 is 0
2020-04-24 13:14:20 | INFO | MainProcess | test_thread | [tuq.run_cbq_query] RUN QUERY select meta().id from default where type = "emp" and mutated between 5 and 25
2020-04-24 13:14:20 | INFO | MainProcess | test_thread | [rest_client.query_tool] query params : statement=select+meta%28%29.id+from+default+where+type+%3D+%22emp%22+and+mutated+between+5+and+25&scan_consistency=NOT_BOUNDED
2020-04-24 13:14:20 | INFO | MainProcess | test_thread | [tuq.run_cbq_query] TOTAL ELAPSED TIME: 66.137278ms
2020-04-24 13:14:20 | INFO | MainProcess | test_thread | [flex_index_phase1.compare_results_with_gsi] Number of results from gsi query: select meta().id from default where type = "emp" and mutated between 5 and 25 is 0
2020-04-24 13:14:20 | INFO | MainProcess | test_thread | [flex_index_phase1.run_queries_and_validate] ======== Done =======
2020-04-24 13:14:20 | INFO | MainProcess | test_thread | [flex_index_phase1.run_queries_and_validate] ======== Running Query # 11 =======
2020-04-24 13:14:20 | INFO | MainProcess | test_thread | [flex_index_phase1.run_queries_and_validate] Query : explain select meta().id from default USE INDEX (custom_index USING FTS) where type = "emp" and mutated between 2 and 4000
2020-04-24 13:14:20 | INFO | MainProcess | test_thread | [tuq.run_cbq_query] RUN QUERY explain select meta().id from default USE INDEX (custom_index USING FTS) where type = "emp" and mutated between 2 and 4000
2020-04-24 13:14:20 | INFO | MainProcess | test_thread | [rest_client.query_tool] query params : statement=explain+select+meta%28%29.id+from+default+USE+INDEX+%28custom_index+USING+FTS%29+where+type+%3D+%22emp%22+and+mutated+between+2+and+4000&scan_consistency=NOT_BOUNDED
2020-04-24 13:14:20 | INFO | MainProcess | test_thread | [tuq.run_cbq_query] TOTAL ELAPSED TIME: 1.819144ms
2020-04-24 13:14:20 | INFO | MainProcess | test_thread | [tuq.run_cbq_query] RUN QUERY select meta().id from default USE INDEX (custom_index USING FTS) where type = "emp" and mutated between 2 and 4000
2020-04-24 13:14:20 | INFO | MainProcess | test_thread | [rest_client.query_tool] query params : statement=select+meta%28%29.id+from+default+USE+INDEX+%28custom_index+USING+FTS%29+where+type+%3D+%22emp%22+and+mutated+between+2+and+4000&scan_consistency=NOT_BOUNDED
2020-04-24 13:14:21 | INFO | MainProcess | test_thread | [tuq.run_cbq_query] TOTAL ELAPSED TIME: 2.45298ms
2020-04-24 13:14:21 | INFO | MainProcess | test_thread | [flex_index_phase1.compare_results_with_gsi] Number of results from flex query: select meta().id from default USE INDEX (custom_index USING FTS) where type = "emp" and mutated between 2 and 4000 is 0
2020-04-24 13:14:21 | INFO | MainProcess | test_thread | [tuq.run_cbq_query] RUN QUERY select meta().id from default where type = "emp" and mutated between 2 and 4000
2020-04-24 13:14:21 | INFO | MainProcess | test_thread | [rest_client.query_tool] query params : statement=select+meta%28%29.id+from+default+where+type+%3D+%22emp%22+and+mutated+between+2+and+4000&scan_consistency=NOT_BOUNDED
2020-04-24 13:14:21 | INFO | MainProcess | test_thread | [tuq.run_cbq_query] TOTAL ELAPSED TIME: 63.007916ms
2020-04-24 13:14:21 | INFO | MainProcess | test_thread | [flex_index_phase1.compare_results_with_gsi] Number of results from gsi query: select meta().id from default where type = "emp" and mutated between 2 and 4000 is 0
2020-04-24 13:14:21 | INFO | MainProcess | test_thread | [flex_index_phase1.run_queries_and_validate] ======== Done =======
2020-04-24 13:14:21 | INFO | MainProcess | test_thread | [flex_index_phase1.run_queries_and_validate] ======== Running Query # 12 =======
2020-04-24 13:14:21 | INFO | MainProcess | test_thread | [flex_index_phase1.run_queries_and_validate] Query : explain select meta().id from default USE INDEX (custom_index USING FTS) where type = "emp" and mutated between 5 and 1038
2020-04-24 13:14:21 | INFO | MainProcess | test_thread | [tuq.run_cbq_query] RUN QUERY explain select meta().id from default USE INDEX (custom_index USING FTS) where type = "emp" and mutated between 5 and 1038
2020-04-24 13:14:21 | INFO | MainProcess | test_thread | [rest_client.query_tool] query params : statement=explain+select+meta%28%29.id+from+default+USE+INDEX+%28custom_index+USING+FTS%29+where+type+%3D+%22emp%22+and+mutated+between+5+and+1038&scan_consistency=NOT_BOUNDED
2020-04-24 13:14:21 | INFO | MainProcess | test_thread | [tuq.run_cbq_query] TOTAL ELAPSED TIME: 1.785756ms
2020-04-24 13:14:21 | INFO | MainProcess | test_thread | [tuq.run_cbq_query] RUN QUERY select meta().id from default USE INDEX (custom_index USING FTS) where type = "emp" and mutated between 5 and 1038
2020-04-24 13:14:21 | INFO | MainProcess | test_thread | [rest_client.query_tool] query params : statement=select+meta%28%29.id+from+default+USE+INDEX+%28custom_index+USING+FTS%29+where+type+%3D+%22emp%22+and+mutated+between+5+and+1038&scan_consistency=NOT_BOUNDED
2020-04-24 13:14:21 | INFO | MainProcess | test_thread | [tuq.run_cbq_query] TOTAL ELAPSED TIME: 2.351497ms
2020-04-24 13:14:21 | INFO | MainProcess | test_thread | [flex_index_phase1.compare_results_with_gsi] Number of results from flex query: select meta().id from default USE INDEX (custom_index USING FTS) where type = "emp" and mutated between 5 and 1038 is 0
2020-04-24 13:14:21 | INFO | MainProcess | test_thread | [tuq.run_cbq_query] RUN QUERY select meta().id from default where type = "emp" and mutated between 5 and 1038
2020-04-24 13:14:21 | INFO | MainProcess | test_thread | [rest_client.query_tool] query params : statement=select+meta%28%29.id+from+default+where+type+%3D+%22emp%22+and+mutated+between+5+and+1038&scan_consistency=NOT_BOUNDED
2020-04-24 13:14:21 | INFO | MainProcess | test_thread | [tuq.run_cbq_query] TOTAL ELAPSED TIME: 58.463447ms
2020-04-24 13:14:21 | INFO | MainProcess | test_thread | [flex_index_phase1.compare_results_with_gsi] Number of results from gsi query: select meta().id from default where type = "emp" and mutated between 5 and 1038 is 0
2020-04-24 13:14:21 | INFO | MainProcess | test_thread | [flex_index_phase1.run_queries_and_validate] ======== Done =======
2020-04-24 13:14:21 | INFO | MainProcess | test_thread | [flex_index_phase1.run_queries_and_validate] ======== Running Query # 13 =======
2020-04-24 13:14:21 | INFO | MainProcess | test_thread | [flex_index_phase1.run_queries_and_validate] Query : explain select meta().id from default USE INDEX (custom_index USING FTS) where type = "emp" and manages.team_size between 9 and 3643
2020-04-24 13:14:21 | INFO | MainProcess | test_thread | [tuq.run_cbq_query] RUN QUERY explain select meta().id from default USE INDEX (custom_index USING FTS) where type = "emp" and manages.team_size between 9 and 3643
2020-04-24 13:14:21 | INFO | MainProcess | test_thread | [rest_client.query_tool] query params : statement=explain+select+meta%28%29.id+from+default+USE+INDEX+%28custom_index+USING+FTS%29+where+type+%3D+%22emp%22+and+manages.team_size+between+9+and+3643&scan_consistency=NOT_BOUNDED
2020-04-24 13:14:21 | INFO | MainProcess | test_thread | [tuq.run_cbq_query] TOTAL ELAPSED TIME: 1.874992ms
2020-04-24 13:14:21 | INFO | MainProcess | test_thread | [tuq.run_cbq_query] RUN QUERY select meta().id from default USE INDEX (custom_index USING FTS) where type = "emp" and manages.team_size between 9 and 3643
2020-04-24 13:14:21 | INFO | MainProcess | test_thread | [rest_client.query_tool] query params : statement=select+meta%28%29.id+from+default+USE+INDEX+%28custom_index+USING+FTS%29+where+type+%3D+%22emp%22+and+manages.team_size+between+9+and+3643&scan_consistency=NOT_BOUNDED
2020-04-24 13:14:21 | INFO | MainProcess | test_thread | [tuq.run_cbq_query] TOTAL ELAPSED TIME: 3.137927ms
2020-04-24 13:14:21 | INFO | MainProcess | test_thread | [flex_index_phase1.compare_results_with_gsi] Number of results from flex query: select meta().id from default USE INDEX (custom_index USING FTS) where type = "emp" and manages.team_size between 9 and 3643 is 0
2020-04-24 13:14:21 | INFO | MainProcess | test_thread | [tuq.run_cbq_query] RUN QUERY select meta().id from default where type = "emp" and manages.team_size between 9 and 3643
2020-04-24 13:14:21 | INFO | MainProcess | test_thread | [rest_client.query_tool] query params : statement=select+meta%28%29.id+from+default+where+type+%3D+%22emp%22+and+manages.team_size+between+9+and+3643&scan_consistency=NOT_BOUNDED
2020-04-24 13:14:21 | INFO | MainProcess | test_thread | [tuq.run_cbq_query] TOTAL ELAPSED TIME: 82.177147ms
2020-04-24 13:14:21 | INFO | MainProcess | test_thread | [flex_index_phase1.compare_results_with_gsi] Number of results from gsi query: select meta().id from default where type = "emp" and manages.team_size between 9 and 3643 is 155
2020-04-24 13:14:21 | ERROR | MainProcess | test_thread | [flex_index_phase1.run_queries_and_validate] Result mismatch found
2020-04-24 13:14:21 | INFO | MainProcess | test_thread | [flex_index_phase1.run_queries_and_validate] ======== Done =======
2020-04-24 13:14:21 | INFO | MainProcess | test_thread | [flex_index_phase1.run_queries_and_validate] ======== Running Query # 14 =======
2020-04-24 13:14:21 | INFO | MainProcess | test_thread | [flex_index_phase1.run_queries_and_validate] Query : explain select meta().id from default USE INDEX (custom_index USING FTS) where type = "emp" and manages.team_size between 6 and 8904
2020-04-24 13:14:22 | INFO | MainProcess | test_thread | [tuq.run_cbq_query] RUN QUERY explain select meta().id from default USE INDEX (custom_index USING FTS) where type = "emp" and manages.team_size between 6 and 8904
2020-04-24 13:14:22 | INFO | MainProcess | test_thread | [rest_client.query_tool] query params : statement=explain+select+meta%28%29.id+from+default+USE+INDEX+%28custom_index+USING+FTS%29+where+type+%3D+%22emp%22+and+manages.team_size+between+6+and+8904&scan_consistency=NOT_BOUNDED
2020-04-24 13:14:22 | INFO | MainProcess | test_thread | [tuq.run_cbq_query] TOTAL ELAPSED TIME: 1.909066ms
2020-04-24 13:14:22 | INFO | MainProcess | test_thread | [tuq.run_cbq_query] RUN QUERY select meta().id from default USE INDEX (custom_index USING FTS) where type = "emp" and manages.team_size between 6 and 8904
2020-04-24 13:14:22 | INFO | MainProcess | test_thread | [rest_client.query_tool] query params : statement=select+meta%28%29.id+from+default+USE+INDEX+%28custom_index+USING+FTS%29+where+type+%3D+%22emp%22+and+manages.team_size+between+6+and+8904&scan_consistency=NOT_BOUNDED
2020-04-24 13:14:22 | INFO | MainProcess | test_thread | [tuq.run_cbq_query] TOTAL ELAPSED TIME: 2.366877ms
2020-04-24 13:14:22 | INFO | MainProcess | test_thread | [flex_index_phase1.compare_results_with_gsi] Number of results from flex query: select meta().id from default USE INDEX (custom_index USING FTS) where type = "emp" and manages.team_size between 6 and 8904 is 0
2020-04-24 13:14:22 | INFO | MainProcess | test_thread | [tuq.run_cbq_query] RUN QUERY select meta().id from default where type = "emp" and manages.team_size between 6 and 8904
2020-04-24 13:14:22 | INFO | MainProcess | test_thread | [rest_client.query_tool] query params : statement=select+meta%28%29.id+from+default+where+type+%3D+%22emp%22+and+manages.team_size+between+6+and+8904&scan_consistency=NOT_BOUNDED
2020-04-24 13:14:22 | INFO | MainProcess | test_thread | [tuq.run_cbq_query] TOTAL ELAPSED TIME: 67.776238ms
2020-04-24 13:14:22 | INFO | MainProcess | test_thread | [flex_index_phase1.compare_results_with_gsi] Number of results from gsi query: select meta().id from default where type = "emp" and manages.team_size between 6 and 8904 is 404
2020-04-24 13:14:22 | ERROR | MainProcess | test_thread | [flex_index_phase1.run_queries_and_validate] Result mismatch found
2020-04-24 13:14:22 | INFO | MainProcess | test_thread | [flex_index_phase1.run_queries_and_validate] ======== Done =======
2020-04-24 13:14:22 | INFO | MainProcess | test_thread | [flex_index_phase1.run_queries_and_validate] ======== Running Query # 15 =======
2020-04-24 13:14:22 | INFO | MainProcess | test_thread | [flex_index_phase1.run_queries_and_validate] Query : explain select meta().id from default USE INDEX (custom_index USING FTS) where type = "emp" and join_date > "1961-02-11T16:59:00" and join_date < "2020-04-24T13:14:18.402737"
2020-04-24 13:14:22 | INFO | MainProcess | test_thread | [tuq.run_cbq_query] RUN QUERY explain select meta().id from default USE INDEX (custom_index USING FTS) where type = "emp" and join_date > "1961-02-11T16:59:00" and join_date < "2020-04-24T13:14:18.402737"
2020-04-24 13:14:22 | INFO | MainProcess | test_thread | [rest_client.query_tool] query params : statement=explain+select+meta%28%29.id+from+default+USE+INDEX+%28custom_index+USING+FTS%29+where+type+%3D+%22emp%22+and+join_date+%3E+%221961-02-11T16%3A59%3A00%22+and+join_date+%3C+%222020-04-24T13%3A14%3A18.402737%22&scan_consistency=NOT_BOUNDED
2020-04-24 13:14:22 | INFO | MainProcess | test_thread | [tuq.run_cbq_query] TOTAL ELAPSED TIME: 1.969637ms
2020-04-24 13:14:22 | INFO | MainProcess | test_thread | [tuq.run_cbq_query] RUN QUERY select meta().id from default USE INDEX (custom_index USING FTS) where type = "emp" and join_date > "1961-02-11T16:59:00" and join_date < "2020-04-24T13:14:18.402737"
2020-04-24 13:14:22 | INFO | MainProcess | test_thread | [rest_client.query_tool] query params : statement=select+meta%28%29.id+from+default+USE+INDEX+%28custom_index+USING+FTS%29+where+type+%3D+%22emp%22+and+join_date+%3E+%221961-02-11T16%3A59%3A00%22+and+join_date+%3C+%222020-04-24T13%3A14%3A18.402737%22&scan_consistency=NOT_BOUNDED
2020-04-24 13:14:22 | INFO | MainProcess | test_thread | [tuq.run_cbq_query] TOTAL ELAPSED TIME: 2.756467ms
2020-04-24 13:14:22 | INFO | MainProcess | test_thread | [flex_index_phase1.compare_results_with_gsi] Number of results from flex query: select meta().id from default USE INDEX (custom_index USING FTS) where type = "emp" and join_date > "1961-02-11T16:59:00" and join_date < "2020-04-24T13:14:18.402737" is 0
2020-04-24 13:14:22 | INFO | MainProcess | test_thread | [tuq.run_cbq_query] RUN QUERY select meta().id from default where type = "emp" and join_date > "1961-02-11T16:59:00" and join_date < "2020-04-24T13:14:18.402737"
2020-04-24 13:14:22 | INFO | MainProcess | test_thread | [rest_client.query_tool] query params : statement=select+meta%28%29.id+from+default+where+type+%3D+%22emp%22+and+join_date+%3E+%221961-02-11T16%3A59%3A00%22+and+join_date+%3C+%222020-04-24T13%3A14%3A18.402737%22&scan_consistency=NOT_BOUNDED
2020-04-24 13:14:22 | INFO | MainProcess | test_thread | [tuq.run_cbq_query] TOTAL ELAPSED TIME: 76.543701ms
2020-04-24 13:14:22 | INFO | MainProcess | test_thread | [flex_index_phase1.compare_results_with_gsi] Number of results from gsi query: select meta().id from default where type = "emp" and join_date > "1961-02-11T16:59:00" and join_date < "2020-04-24T13:14:18.402737" is 847
2020-04-24 13:14:22 | ERROR | MainProcess | test_thread | [flex_index_phase1.run_queries_and_validate] Result mismatch found
2020-04-24 13:14:22 | INFO | MainProcess | test_thread | [flex_index_phase1.run_queries_and_validate] ======== Done =======
2020-04-24 13:14:22 | INFO | MainProcess | test_thread | [flex_index_phase1.run_queries_and_validate] ======== Running Query # 16 =======
2020-04-24 13:14:22 | INFO | MainProcess | test_thread | [flex_index_phase1.run_queries_and_validate] Query : explain select meta().id from default USE INDEX (custom_index USING FTS) where type = "emp" and join_date >= "1963-05-18T09:45:00" and join_date <= "2020-04-24T13:14:18.403200"
2020-04-24 13:14:22 | INFO | MainProcess | test_thread | [tuq.run_cbq_query] RUN QUERY explain select meta().id from default USE INDEX (custom_index USING FTS) where type = "emp" and join_date >= "1963-05-18T09:45:00" and join_date <= "2020-04-24T13:14:18.403200"
2020-04-24 13:14:22 | INFO | MainProcess | test_thread | [rest_client.query_tool] query params : statement=explain+select+meta%28%29.id+from+default+USE+INDEX+%28custom_index+USING+FTS%29+where+type+%3D+%22emp%22+and+join_date+%3E%3D+%221963-05-18T09%3A45%3A00%22+and+join_date+%3C%3D+%222020-04-24T13%3A14%3A18.403200%22&scan_consistency=NOT_BOUNDED
2020-04-24 13:14:22 | INFO | MainProcess | test_thread | [tuq.run_cbq_query] TOTAL ELAPSED TIME: 2.461818ms
2020-04-24 13:14:22 | INFO | MainProcess | test_thread | [tuq.run_cbq_query] RUN QUERY select meta().id from default USE INDEX (custom_index USING FTS) where type = "emp" and join_date >= "1963-05-18T09:45:00" and join_date <= "2020-04-24T13:14:18.403200"
2020-04-24 13:14:22 | INFO | MainProcess | test_thread | [rest_client.query_tool] query params : statement=select+meta%28%29.id+from+default+USE+INDEX+%28custom_index+USING+FTS%29+where+type+%3D+%22emp%22+and+join_date+%3E%3D+%221963-05-18T09%3A45%3A00%22+and+join_date+%3C%3D+%222020-04-24T13%3A14%3A18.403200%22&scan_consistency=NOT_BOUNDED
2020-04-24 13:14:22 | INFO | MainProcess | test_thread | [tuq.run_cbq_query] TOTAL ELAPSED TIME: 2.665994ms
2020-04-24 13:14:22 | INFO | MainProcess | test_thread | [flex_index_phase1.compare_results_with_gsi] Number of results from flex query: select meta().id from default USE INDEX (custom_index USING FTS) where type = "emp" and join_date >= "1963-05-18T09:45:00" and join_date <= "2020-04-24T13:14:18.403200" is 0
2020-04-24 13:14:22 | INFO | MainProcess | test_thread | [tuq.run_cbq_query] RUN QUERY select meta().id from default where type = "emp" and join_date >= "1963-05-18T09:45:00" and join_date <= "2020-04-24T13:14:18.403200"
2020-04-24 13:14:22 | INFO | MainProcess | test_thread | [rest_client.query_tool] query params : statement=select+meta%28%29.id+from+default+where+type+%3D+%22emp%22+and+join_date+%3E%3D+%221963-05-18T09%3A45%3A00%22+and+join_date+%3C%3D+%222020-04-24T13%3A14%3A18.403200%22&scan_consistency=NOT_BOUNDED
2020-04-24 13:14:23 | INFO | MainProcess | test_thread | [tuq.run_cbq_query] TOTAL ELAPSED TIME: 88.360092ms
2020-04-24 13:14:23 | INFO | MainProcess | test_thread | [flex_index_phase1.compare_results_with_gsi] Number of results from gsi query: select meta().id from default where type = "emp" and join_date >= "1963-05-18T09:45:00" and join_date <= "2020-04-24T13:14:18.403200" is 809
2020-04-24 13:14:23 | ERROR | MainProcess | test_thread | [flex_index_phase1.run_queries_and_validate] Result mismatch found
2020-04-24 13:14:23 | INFO | MainProcess | test_thread | [flex_index_phase1.run_queries_and_validate] ======== Done =======
2020-04-24 13:14:23 | INFO | MainProcess | test_thread | [flex_index_phase1.run_queries_and_validate] ======== Running Query # 17 =======
2020-04-24 13:14:23 | INFO | MainProcess | test_thread | [flex_index_phase1.run_queries_and_validate] Query : explain select meta().id from default USE INDEX (custom_index USING FTS) where type = "emp" and join_date >= "1992-09-07T19:35:00" and join_date < "2020-04-24T13:14:18.403600"
2020-04-24 13:14:23 | INFO | MainProcess | test_thread | [tuq.run_cbq_query] RUN QUERY explain select meta().id from default USE INDEX (custom_index USING FTS) where type = "emp" and join_date >= "1992-09-07T19:35:00" and join_date < "2020-04-24T13:14:18.403600"
2020-04-24 13:14:23 | INFO | MainProcess | test_thread | [rest_client.query_tool] query params : statement=explain+select+meta%28%29.id+from+default+USE+INDEX+%28custom_index+USING+FTS%29+where+type+%3D+%22emp%22+and+join_date+%3E%3D+%221992-09-07T19%3A35%3A00%22+and+join_date+%3C+%222020-04-24T13%3A14%3A18.403600%22&scan_consistency=NOT_BOUNDED
2020-04-24 13:14:23 | INFO | MainProcess | test_thread | [tuq.run_cbq_query] TOTAL ELAPSED TIME: 1.990593ms
2020-04-24 13:14:23 | INFO | MainProcess | test_thread | [tuq.run_cbq_query] RUN QUERY select meta().id from default USE INDEX (custom_index USING FTS) where type = "emp" and join_date >= "1992-09-07T19:35:00" and join_date < "2020-04-24T13:14:18.403600"
2020-04-24 13:14:23 | INFO | MainProcess | test_thread | [rest_client.query_tool] query params : statement=select+meta%28%29.id+from+default+USE+INDEX+%28custom_index+USING+FTS%29+where+type+%3D+%22emp%22+and+join_date+%3E%3D+%221992-09-07T19%3A35%3A00%22+and+join_date+%3C+%222020-04-24T13%3A14%3A18.403600%22&scan_consistency=NOT_BOUNDED
2020-04-24 13:14:23 | INFO | MainProcess | test_thread | [tuq.run_cbq_query] TOTAL ELAPSED TIME: 2.403826ms
2020-04-24 13:14:23 | INFO | MainProcess | test_thread | [flex_index_phase1.compare_results_with_gsi] Number of results from flex query: select meta().id from default USE INDEX (custom_index USING FTS) where type = "emp" and join_date >= "1992-09-07T19:35:00" and join_date < "2020-04-24T13:14:18.403600" is 0
2020-04-24 13:14:23 | INFO | MainProcess | test_thread | [tuq.run_cbq_query] RUN QUERY select meta().id from default where type = "emp" and join_date >= "1992-09-07T19:35:00" and join_date < "2020-04-24T13:14:18.403600"
2020-04-24 13:14:23 | INFO | MainProcess | test_thread | [rest_client.query_tool] query params : statement=select+meta%28%29.id+from+default+where+type+%3D+%22emp%22+and+join_date+%3E%3D+%221992-09-07T19%3A35%3A00%22+and+join_date+%3C+%222020-04-24T13%3A14%3A18.403600%22&scan_consistency=NOT_BOUNDED
2020-04-24 13:14:23 | INFO | MainProcess | test_thread | [tuq.run_cbq_query] TOTAL ELAPSED TIME: 72.496829ms
2020-04-24 13:14:23 | INFO | MainProcess | test_thread | [flex_index_phase1.compare_results_with_gsi] Number of results from gsi query: select meta().id from default where type = "emp" and join_date >= "1992-09-07T19:35:00" and join_date < "2020-04-24T13:14:18.403600" is 367
2020-04-24 13:14:23 | ERROR | MainProcess | test_thread | [flex_index_phase1.run_queries_and_validate] Result mismatch found
2020-04-24 13:14:23 | INFO | MainProcess | test_thread | [flex_index_phase1.run_queries_and_validate] ======== Done =======
2020-04-24 13:14:23 | INFO | MainProcess | test_thread | [flex_index_phase1.run_queries_and_validate] ======== Running Query # 18 =======
2020-04-24 13:14:23 | INFO | MainProcess | test_thread | [flex_index_phase1.run_queries_and_validate] Query : explain select meta().id from default USE INDEX (custom_index USING FTS) where type = "emp" and join_date > "2006-02-20T12:20:00" and join_date <= "2020-04-24T13:14:18.403994"
2020-04-24 13:14:23 | INFO | MainProcess | test_thread | [tuq.run_cbq_query] RUN QUERY explain select meta().id from default USE INDEX (custom_index USING FTS) where type = "emp" and join_date > "2006-02-20T12:20:00" and join_date <= "2020-04-24T13:14:18.403994"
2020-04-24 13:14:23 | INFO | MainProcess | test_thread | [rest_client.query_tool] query params : statement=explain+select+meta%28%29.id+from+default+USE+INDEX+%28custom_index+USING+FTS%29+where+type+%3D+%22emp%22+and+join_date+%3E+%222006-02-20T12%3A20%3A00%22+and+join_date+%3C%3D+%222020-04-24T13%3A14%3A18.403994%22&scan_consistency=NOT_BOUNDED
2020-04-24 13:14:23 | INFO | MainProcess | test_thread | [tuq.run_cbq_query] TOTAL ELAPSED TIME: 2.063364ms
2020-04-24 13:14:23 | INFO | MainProcess | test_thread | [tuq.run_cbq_query] RUN QUERY select meta().id from default USE INDEX (custom_index USING FTS) where type = "emp" and join_date > "2006-02-20T12:20:00" and join_date <= "2020-04-24T13:14:18.403994"
2020-04-24 13:14:23 | INFO | MainProcess | test_thread | [rest_client.query_tool] query params : statement=select+meta%28%29.id+from+default+USE+INDEX+%28custom_index+USING+FTS%29+where+type+%3D+%22emp%22+and+join_date+%3E+%222006-02-20T12%3A20%3A00%22+and+join_date+%3C%3D+%222020-04-24T13%3A14%3A18.403994%22&scan_consistency=NOT_BOUNDED
2020-04-24 13:14:23 | INFO | MainProcess | test_thread | [tuq.run_cbq_query] TOTAL ELAPSED TIME: 2.312615ms
2020-04-24 13:14:23 | INFO | MainProcess | test_thread | [flex_index_phase1.compare_results_with_gsi] Number of results from flex query: select meta().id from default USE INDEX (custom_index USING FTS) where type = "emp" and join_date > "2006-02-20T12:20:00" and join_date <= "2020-04-24T13:14:18.403994" is 0
2020-04-24 13:14:23 | INFO | MainProcess | test_thread | [tuq.run_cbq_query] RUN QUERY select meta().id from default where type = "emp" and join_date > "2006-02-20T12:20:00" and join_date <= "2020-04-24T13:14:18.403994"
2020-04-24 13:14:23 | INFO | MainProcess | test_thread | [rest_client.query_tool] query params : statement=select+meta%28%29.id+from+default+where+type+%3D+%22emp%22+and+join_date+%3E+%222006-02-20T12%3A20%3A00%22+and+join_date+%3C%3D+%222020-04-24T13%3A14%3A18.403994%22&scan_consistency=NOT_BOUNDED
2020-04-24 13:14:23 | INFO | MainProcess | test_thread | [tuq.run_cbq_query] TOTAL ELAPSED TIME: 69.151656ms
2020-04-24 13:14:23 | INFO | MainProcess | test_thread | [flex_index_phase1.compare_results_with_gsi] Number of results from gsi query: select meta().id from default where type = "emp" and join_date > "2006-02-20T12:20:00" and join_date <= "2020-04-24T13:14:18.403994" is 173
2020-04-24 13:14:23 | ERROR | MainProcess | test_thread | [flex_index_phase1.run_queries_and_validate] Result mismatch found
2020-04-24 13:14:23 | INFO | MainProcess | test_thread | [flex_index_phase1.run_queries_and_validate] ======== Done =======
2020-04-24 13:14:23 | INFO | MainProcess | test_thread | [flex_index_phase1.run_queries_and_validate] ======== Running Query # 19 =======
2020-04-24 13:14:23 | INFO | MainProcess | test_thread | [flex_index_phase1.run_queries_and_validate] Query : explain select meta().id from default USE INDEX (custom_index USING FTS) where type = "emp" and manages.team_size = 7
2020-04-24 13:14:23 | INFO | MainProcess | test_thread | [tuq.run_cbq_query] RUN QUERY explain select meta().id from default USE INDEX (custom_index USING FTS) where type = "emp" and manages.team_size = 7
2020-04-24 13:14:23 | INFO | MainProcess | test_thread | [rest_client.query_tool] query params : statement=explain+select+meta%28%29.id+from+default+USE+INDEX+%28custom_index+USING+FTS%29+where+type+%3D+%22emp%22+and+manages.team_size+%3D+7&scan_consistency=NOT_BOUNDED
2020-04-24 13:14:24 | INFO | MainProcess | test_thread | [tuq.run_cbq_query] TOTAL ELAPSED TIME: 2.116494ms
2020-04-24 13:14:24 | INFO | MainProcess | test_thread | [tuq.run_cbq_query] RUN QUERY select meta().id from default USE INDEX (custom_index USING FTS) where type = "emp" and manages.team_size = 7
2020-04-24 13:14:24 | INFO | MainProcess | test_thread | [rest_client.query_tool] query params : statement=select+meta%28%29.id+from+default+USE+INDEX+%28custom_index+USING+FTS%29+where+type+%3D+%22emp%22+and+manages.team_size+%3D+7&scan_consistency=NOT_BOUNDED
2020-04-24 13:14:24 | INFO | MainProcess | test_thread | [tuq.run_cbq_query] TOTAL ELAPSED TIME: 5.330664ms
2020-04-24 13:14:24 | INFO | MainProcess | test_thread | [flex_index_phase1.compare_results_with_gsi] Number of results from flex query: select meta().id from default USE INDEX (custom_index USING FTS) where type = "emp" and manages.team_size = 7 is 91
2020-04-24 13:14:24 | INFO | MainProcess | test_thread | [tuq.run_cbq_query] RUN QUERY select meta().id from default where type = "emp" and manages.team_size = 7
2020-04-24 13:14:24 | INFO | MainProcess | test_thread | [rest_client.query_tool] query params : statement=select+meta%28%29.id+from+default+where+type+%3D+%22emp%22+and+manages.team_size+%3D+7&scan_consistency=NOT_BOUNDED
2020-04-24 13:14:24 | INFO | MainProcess | test_thread | [tuq.run_cbq_query] TOTAL ELAPSED TIME: 71.290183ms
2020-04-24 13:14:24 | INFO | MainProcess | test_thread | [flex_index_phase1.compare_results_with_gsi] Number of results from gsi query: select meta().id from default where type = "emp" and manages.team_size = 7 is 91
2020-04-24 13:14:24 | INFO | MainProcess | test_thread | [flex_index_phase1.run_queries_and_validate] ======== Done =======
2020-04-24 13:14:24 | INFO | MainProcess | test_thread | [flex_index_phase1.run_queries_and_validate] ======== Running Query # 20 =======
2020-04-24 13:14:24 | INFO | MainProcess | test_thread | [flex_index_phase1.run_queries_and_validate] Query : explain select meta().id from default USE INDEX (custom_index USING FTS) where type = "emp" and manages.team_size = 6
2020-04-24 13:14:24 | INFO | MainProcess | test_thread | [tuq.run_cbq_query] RUN QUERY explain select meta().id from default USE INDEX (custom_index USING FTS) where type = "emp" and manages.team_size = 6
2020-04-24 13:14:24 | INFO | MainProcess | test_thread | [rest_client.query_tool] query params : statement=explain+select+meta%28%29.id+from+default+USE+INDEX+%28custom_index+USING+FTS%29+where+type+%3D+%22emp%22+and+manages.team_size+%3D+6&scan_consistency=NOT_BOUNDED
2020-04-24 13:14:24 | INFO | MainProcess | test_thread | [tuq.run_cbq_query] TOTAL ELAPSED TIME: 2.076309ms
2020-04-24 13:14:24 | INFO | MainProcess | test_thread | [tuq.run_cbq_query] RUN QUERY select meta().id from default USE INDEX (custom_index USING FTS) where type = "emp" and manages.team_size = 6
2020-04-24 13:14:24 | INFO | MainProcess | test_thread | [rest_client.query_tool] query params : statement=select+meta%28%29.id+from+default+USE+INDEX+%28custom_index+USING+FTS%29+where+type+%3D+%22emp%22+and+manages.team_size+%3D+6&scan_consistency=NOT_BOUNDED
2020-04-24 13:14:24 | INFO | MainProcess | test_thread | [tuq.run_cbq_query] TOTAL ELAPSED TIME: 4.62523ms
2020-04-24 13:14:24 | INFO | MainProcess | test_thread | [flex_index_phase1.compare_results_with_gsi] Number of results from flex query: select meta().id from default USE INDEX (custom_index USING FTS) where type = "emp" and manages.team_size = 6 is 84
2020-04-24 13:14:24 | INFO | MainProcess | test_thread | [tuq.run_cbq_query] RUN QUERY select meta().id from default where type = "emp" and manages.team_size = 6
2020-04-24 13:14:24 | INFO | MainProcess | test_thread | [rest_client.query_tool] query params : statement=select+meta%28%29.id+from+default+where+type+%3D+%22emp%22+and+manages.team_size+%3D+6&scan_consistency=NOT_BOUNDED
2020-04-24 13:14:24 | INFO | MainProcess | test_thread | [tuq.run_cbq_query] TOTAL ELAPSED TIME: 80.528576ms
2020-04-24 13:14:24 | INFO | MainProcess | test_thread | [flex_index_phase1.compare_results_with_gsi] Number of results from gsi query: select meta().id from default where type = "emp" and manages.team_size = 6 is 84
2020-04-24 13:14:24 | INFO | MainProcess | test_thread | [flex_index_phase1.run_queries_and_validate] ======== Done =======
2020-04-24 13:14:24 | INFO | MainProcess | test_thread | [flex_index_phase1.run_queries_and_validate] ======== Running Query # 21 =======
2020-04-24 13:14:24 | INFO | MainProcess | test_thread | [flex_index_phase1.run_queries_and_validate] Query : explain select meta().id from default USE INDEX (custom_index USING FTS) where type = "emp" and manages.team_size = 5
2020-04-24 13:14:24 | INFO | MainProcess | test_thread | [tuq.run_cbq_query] RUN QUERY explain select meta().id from default USE INDEX (custom_index USING FTS) where type = "emp" and manages.team_size = 5
2020-04-24 13:14:24 | INFO | MainProcess | test_thread | [rest_client.query_tool] query params : statement=explain+select+meta%28%29.id+from+default+USE+INDEX+%28custom_index+USING+FTS%29+where+type+%3D+%22emp%22+and+manages.team_size+%3D+5&scan_consistency=NOT_BOUNDED
2020-04-24 13:14:24 | INFO | MainProcess | test_thread | [tuq.run_cbq_query] TOTAL ELAPSED TIME: 2.828708ms
2020-04-24 13:14:24 | INFO | MainProcess | test_thread | [tuq.run_cbq_query] RUN QUERY select meta().id from default USE INDEX (custom_index USING FTS) where type = "emp" and manages.team_size = 5
2020-04-24 13:14:24 | INFO | MainProcess | test_thread | [rest_client.query_tool] query params : statement=select+meta%28%29.id+from+default+USE+INDEX+%28custom_index+USING+FTS%29+where+type+%3D+%22emp%22+and+manages.team_size+%3D+5&scan_consistency=NOT_BOUNDED
2020-04-24 13:14:25 | INFO | MainProcess | test_thread | [tuq.run_cbq_query] TOTAL ELAPSED TIME: 4.83726ms
2020-04-24 13:14:25 | INFO | MainProcess | test_thread | [flex_index_phase1.compare_results_with_gsi] Number of results from flex query: select meta().id from default USE INDEX (custom_index USING FTS) where type = "emp" and manages.team_size = 5 is 84
2020-04-24 13:14:25 | INFO | MainProcess | test_thread | [tuq.run_cbq_query] RUN QUERY select meta().id from default where type = "emp" and manages.team_size = 5
2020-04-24 13:14:25 | INFO | MainProcess | test_thread | [rest_client.query_tool] query params : statement=select+meta%28%29.id+from+default+where+type+%3D+%22emp%22+and+manages.team_size+%3D+5&scan_consistency=NOT_BOUNDED
2020-04-24 13:14:25 | INFO | MainProcess | test_thread | [tuq.run_cbq_query] TOTAL ELAPSED TIME: 71.977031ms
2020-04-24 13:14:25 | INFO | MainProcess | test_thread | [flex_index_phase1.compare_results_with_gsi] Number of results from gsi query: select meta().id from default where type = "emp" and manages.team_size = 5 is 84
2020-04-24 13:14:25 | INFO | MainProcess | test_thread | [flex_index_phase1.run_queries_and_validate] ======== Done =======
2020-04-24 13:14:25 | INFO | MainProcess | test_thread | [flex_index_phase1.run_queries_and_validate] ======== Running Query # 22 =======
2020-04-24 13:14:25 | INFO | MainProcess | test_thread | [flex_index_phase1.run_queries_and_validate] Query : explain select meta().id from default USE INDEX (custom_index USING FTS) where type = "emp" and mutated = 3
2020-04-24 13:14:25 | INFO | MainProcess | test_thread | [tuq.run_cbq_query] RUN QUERY explain select meta().id from default USE INDEX (custom_index USING FTS) where type = "emp" and mutated = 3
2020-04-24 13:14:25 | INFO | MainProcess | test_thread | [rest_client.query_tool] query params : statement=explain+select+meta%28%29.id+from+default+USE+INDEX+%28custom_index+USING+FTS%29+where+type+%3D+%22emp%22+and+mutated+%3D+3&scan_consistency=NOT_BOUNDED
2020-04-24 13:14:25 | INFO | MainProcess | test_thread | [tuq.run_cbq_query] TOTAL ELAPSED TIME: 2.103415ms
2020-04-24 13:14:25 | INFO | MainProcess | test_thread | [tuq.run_cbq_query] RUN QUERY select meta().id from default USE INDEX (custom_index USING FTS) where type = "emp" and mutated = 3
2020-04-24 13:14:25 | INFO | MainProcess | test_thread | [rest_client.query_tool] query params : statement=select+meta%28%29.id+from+default+USE+INDEX+%28custom_index+USING+FTS%29+where+type+%3D+%22emp%22+and+mutated+%3D+3&scan_consistency=NOT_BOUNDED
2020-04-24 13:14:25 | INFO | MainProcess | test_thread | [tuq.run_cbq_query] TOTAL ELAPSED TIME: 3.055505ms
2020-04-24 13:14:25 | INFO | MainProcess | test_thread | [flex_index_phase1.compare_results_with_gsi] Number of results from flex query: select meta().id from default USE INDEX (custom_index USING FTS) where type = "emp" and mutated = 3 is 0
2020-04-24 13:14:25 | INFO | MainProcess | test_thread | [tuq.run_cbq_query] RUN QUERY select meta().id from default where type = "emp" and mutated = 3
2020-04-24 13:14:25 | INFO | MainProcess | test_thread | [rest_client.query_tool] query params : statement=select+meta%28%29.id+from+default+where+type+%3D+%22emp%22+and+mutated+%3D+3&scan_consistency=NOT_BOUNDED
2020-04-24 13:14:25 | INFO | MainProcess | test_thread | [tuq.run_cbq_query] TOTAL ELAPSED TIME: 68.395596ms
2020-04-24 13:14:25 | INFO | MainProcess | test_thread | [flex_index_phase1.compare_results_with_gsi] Number of results from gsi query: select meta().id from default where type = "emp" and mutated = 3 is 0
2020-04-24 13:14:25 | INFO | MainProcess | test_thread | [flex_index_phase1.run_queries_and_validate] ======== Done =======
2020-04-24 13:14:25 | INFO | MainProcess | test_thread | [flex_index_phase1.run_queries_and_validate] ======== Running Query # 23 =======
2020-04-24 13:14:25 | INFO | MainProcess | test_thread | [flex_index_phase1.run_queries_and_validate] Query : explain select meta().id from default USE INDEX (custom_index USING FTS) where type = "emp" and manages.team_size = 5
2020-04-24 13:14:25 | INFO | MainProcess | test_thread | [tuq.run_cbq_query] RUN QUERY explain select meta().id from default USE INDEX (custom_index USING FTS) where type = "emp" and manages.team_size = 5
2020-04-24 13:14:25 | INFO | MainProcess | test_thread | [rest_client.query_tool] query params : statement=explain+select+meta%28%29.id+from+default+USE+INDEX+%28custom_index+USING+FTS%29+where+type+%3D+%22emp%22+and+manages.team_size+%3D+5&scan_consistency=NOT_BOUNDED
2020-04-24 13:14:25 | INFO | MainProcess | test_thread | [tuq.run_cbq_query] TOTAL ELAPSED TIME: 1.943063ms
2020-04-24 13:14:25 | INFO | MainProcess | test_thread | [tuq.run_cbq_query] RUN QUERY select meta().id from default USE INDEX (custom_index USING FTS) where type = "emp" and manages.team_size = 5
2020-04-24 13:14:25 | INFO | MainProcess | test_thread | [rest_client.query_tool] query params : statement=select+meta%28%29.id+from+default+USE+INDEX+%28custom_index+USING+FTS%29+where+type+%3D+%22emp%22+and+manages.team_size+%3D+5&scan_consistency=NOT_BOUNDED
2020-04-24 13:14:25 | INFO | MainProcess | test_thread | [tuq.run_cbq_query] TOTAL ELAPSED TIME: 4.078308ms
2020-04-24 13:14:25 | INFO | MainProcess | test_thread | [flex_index_phase1.compare_results_with_gsi] Number of results from flex query: select meta().id from default USE INDEX (custom_index USING FTS) where type = "emp" and manages.team_size = 5 is 84
2020-04-24 13:14:25 | INFO | MainProcess | test_thread | [tuq.run_cbq_query] RUN QUERY select meta().id from default where type = "emp" and manages.team_size = 5
2020-04-24 13:14:25 | INFO | MainProcess | test_thread | [rest_client.query_tool] query params : statement=select+meta%28%29.id+from+default+where+type+%3D+%22emp%22+and+manages.team_size+%3D+5&scan_consistency=NOT_BOUNDED
2020-04-24 13:14:25 | INFO | MainProcess | test_thread | [tuq.run_cbq_query] TOTAL ELAPSED TIME: 75.923431ms
2020-04-24 13:14:25 | INFO | MainProcess | test_thread | [flex_index_phase1.compare_results_with_gsi] Number of results from gsi query: select meta().id from default where type = "emp" and manages.team_size = 5 is 84
2020-04-24 13:14:25 | INFO | MainProcess | test_thread | [flex_index_phase1.run_queries_and_validate] ======== Done =======
2020-04-24 13:14:25 | INFO | MainProcess | test_thread | [flex_index_phase1.run_queries_and_validate] ======== Running Query # 24 =======
2020-04-24 13:14:25 | INFO | MainProcess | test_thread | [flex_index_phase1.run_queries_and_validate] Query : explain select meta().id from default USE INDEX (custom_index USING FTS) where type = "emp" and name like "%"
2020-04-24 13:14:26 | INFO | MainProcess | test_thread | [tuq.run_cbq_query] RUN QUERY explain select meta().id from default USE INDEX (custom_index USING FTS) where type = "emp" and name like "%"
2020-04-24 13:14:26 | INFO | MainProcess | test_thread | [rest_client.query_tool] query params : statement=explain+select+meta%28%29.id+from+default+USE+INDEX+%28custom_index+USING+FTS%29+where+type+%3D+%22emp%22+and+name+like+%22%25%22&scan_consistency=NOT_BOUNDED
2020-04-24 13:14:26 | INFO | MainProcess | test_thread | [tuq.run_cbq_query] TOTAL ELAPSED TIME: 2.329289ms
2020-04-24 13:14:26 | INFO | MainProcess | test_thread | [flex_index_phase1.run_queries_and_validate] Failed to find fts index name in plan query
2020-04-24 13:14:26 | ERROR | MainProcess | test_thread | [flex_index_phase1.run_queries_and_validate] False is not true
2020-04-24 13:14:26 | INFO | MainProcess | test_thread | [flex_index_phase1.run_queries_and_validate] ======== Running Query # 25 =======
2020-04-24 13:14:26 | INFO | MainProcess | test_thread | [flex_index_phase1.run_queries_and_validate] Query : explain select meta().id from default USE INDEX (custom_index USING FTS) where type = "emp" and name like "Tom%"
2020-04-24 13:14:26 | INFO | MainProcess | test_thread | [tuq.run_cbq_query] RUN QUERY explain select meta().id from default USE INDEX (custom_index USING FTS) where type = "emp" and name like "Tom%"
2020-04-24 13:14:26 | INFO | MainProcess | test_thread | [rest_client.query_tool] query params : statement=explain+select+meta%28%29.id+from+default+USE+INDEX+%28custom_index+USING+FTS%29+where+type+%3D+%22emp%22+and+name+like+%22Tom%25%22&scan_consistency=NOT_BOUNDED
2020-04-24 13:14:26 | INFO | MainProcess | test_thread | [tuq.run_cbq_query] TOTAL ELAPSED TIME: 2.105972ms
2020-04-24 13:14:26 | INFO | MainProcess | test_thread | [tuq.run_cbq_query] RUN QUERY select meta().id from default USE INDEX (custom_index USING FTS) where type = "emp" and name like "Tom%"
2020-04-24 13:14:26 | INFO | MainProcess | test_thread | [rest_client.query_tool] query params : statement=select+meta%28%29.id+from+default+USE+INDEX+%28custom_index+USING+FTS%29+where+type+%3D+%22emp%22+and+name+like+%22Tom%25%22&scan_consistency=NOT_BOUNDED
2020-04-24 13:14:26 | INFO | MainProcess | test_thread | [tuq.run_cbq_query] TOTAL ELAPSED TIME: 2.748402ms
2020-04-24 13:14:26 | INFO | MainProcess | test_thread | [flex_index_phase1.compare_results_with_gsi] Number of results from flex query: select meta().id from default USE INDEX (custom_index USING FTS) where type = "emp" and name like "Tom%" is 0
2020-04-24 13:14:26 | INFO | MainProcess | test_thread | [tuq.run_cbq_query] RUN QUERY select meta().id from default where type = "emp" and name like "Tom%"
2020-04-24 13:14:26 | INFO | MainProcess | test_thread | [rest_client.query_tool] query params : statement=select+meta%28%29.id+from+default+where+type+%3D+%22emp%22+and+name+like+%22Tom%25%22&scan_consistency=NOT_BOUNDED
2020-04-24 13:14:26 | INFO | MainProcess | test_thread | [tuq.run_cbq_query] TOTAL ELAPSED TIME: 79.320062ms
2020-04-24 13:14:26 | INFO | MainProcess | test_thread | [flex_index_phase1.compare_results_with_gsi] Number of results from gsi query: select meta().id from default where type = "emp" and name like "Tom%" is 0
2020-04-24 13:14:26 | INFO | MainProcess | test_thread | [flex_index_phase1.run_queries_and_validate] ======== Done =======
2020-04-24 13:14:26 | INFO | MainProcess | test_thread | [flex_index_phase1.run_queries_and_validate] ======== Running Query # 26 =======
2020-04-24 13:14:26 | INFO | MainProcess | test_thread | [flex_index_phase1.run_queries_and_validate] Query : explain select meta().id from default USE INDEX (custom_index USING FTS) where type = "emp" and name like "S%"
2020-04-24 13:14:26 | INFO | MainProcess | test_thread | [tuq.run_cbq_query] RUN QUERY explain select meta().id from default USE INDEX (custom_index USING FTS) where type = "emp" and name like "S%"
2020-04-24 13:14:26 | INFO | MainProcess | test_thread | [rest_client.query_tool] query params : statement=explain+select+meta%28%29.id+from+default+USE+INDEX+%28custom_index+USING+FTS%29+where+type+%3D+%22emp%22+and+name+like+%22S%25%22&scan_consistency=NOT_BOUNDED
2020-04-24 13:14:26 | INFO | MainProcess | test_thread | [tuq.run_cbq_query] TOTAL ELAPSED TIME: 1.858425ms
2020-04-24 13:14:26 | INFO | MainProcess | test_thread | [tuq.run_cbq_query] RUN QUERY select meta().id from default USE INDEX (custom_index USING FTS) where type = "emp" and name like "S%"
2020-04-24 13:14:26 | INFO | MainProcess | test_thread | [rest_client.query_tool] query params : statement=select+meta%28%29.id+from+default+USE+INDEX+%28custom_index+USING+FTS%29+where+type+%3D+%22emp%22+and+name+like+%22S%25%22&scan_consistency=NOT_BOUNDED
2020-04-24 13:14:26 | INFO | MainProcess | test_thread | [tuq.run_cbq_query] TOTAL ELAPSED TIME: 2.791701ms
2020-04-24 13:14:26 | INFO | MainProcess | test_thread | [flex_index_phase1.compare_results_with_gsi] Number of results from flex query: select meta().id from default USE INDEX (custom_index USING FTS) where type = "emp" and name like "S%" is 0
2020-04-24 13:14:26 | INFO | MainProcess | test_thread | [tuq.run_cbq_query] RUN QUERY select meta().id from default where type = "emp" and name like "S%"
2020-04-24 13:14:26 | INFO | MainProcess | test_thread | [rest_client.query_tool] query params : statement=select+meta%28%29.id+from+default+where+type+%3D+%22emp%22+and+name+like+%22S%25%22&scan_consistency=NOT_BOUNDED
2020-04-24 13:14:26 | INFO | MainProcess | test_thread | [tuq.run_cbq_query] TOTAL ELAPSED TIME: 72.839309ms
2020-04-24 13:14:26 | INFO | MainProcess | test_thread | [flex_index_phase1.compare_results_with_gsi] Number of results from gsi query: select meta().id from default where type = "emp" and name like "S%" is 75
2020-04-24 13:14:26 | ERROR | MainProcess | test_thread | [flex_index_phase1.run_queries_and_validate] Result mismatch found
2020-04-24 13:14:26 | INFO | MainProcess | test_thread | [flex_index_phase1.run_queries_and_validate] ======== Done =======
2020-04-24 13:14:26 | INFO | MainProcess | test_thread | [flex_index_phase1.run_queries_and_validate] ======== Running Query # 27 =======
2020-04-24 13:14:26 | INFO | MainProcess | test_thread | [flex_index_phase1.run_queries_and_validate] Query : explain select meta().id from default USE INDEX (custom_index USING FTS) where type = "emp" and name like "Val%"
2020-04-24 13:14:26 | INFO | MainProcess | test_thread | [tuq.run_cbq_query] RUN QUERY explain select meta().id from default USE INDEX (custom_index USING FTS) where type = "emp" and name like "Val%"
2020-04-24 13:14:26 | INFO | MainProcess | test_thread | [rest_client.query_tool] query params : statement=explain+select+meta%28%29.id+from+default+USE+INDEX+%28custom_index+USING+FTS%29+where+type+%3D+%22emp%22+and+name+like+%22Val%25%22&scan_consistency=NOT_BOUNDED
2020-04-24 13:14:26 | INFO | MainProcess | test_thread | [tuq.run_cbq_query] TOTAL ELAPSED TIME: 2.072487ms
2020-04-24 13:14:26 | INFO | MainProcess | test_thread | [tuq.run_cbq_query] RUN QUERY select meta().id from default USE INDEX (custom_index USING FTS) where type = "emp" and name like "Val%"
2020-04-24 13:14:26 | INFO | MainProcess | test_thread | [rest_client.query_tool] query params : statement=select+meta%28%29.id+from+default+USE+INDEX+%28custom_index+USING+FTS%29+where+type+%3D+%22emp%22+and+name+like+%22Val%25%22&scan_consistency=NOT_BOUNDED
2020-04-24 13:14:27 | INFO | MainProcess | test_thread | [tuq.run_cbq_query] TOTAL ELAPSED TIME: 2.597459ms
2020-04-24 13:14:27 | INFO | MainProcess | test_thread | [flex_index_phase1.compare_results_with_gsi] Number of results from flex query: select meta().id from default USE INDEX (custom_index USING FTS) where type = "emp" and name like "Val%" is 0
2020-04-24 13:14:27 | INFO | MainProcess | test_thread | [tuq.run_cbq_query] RUN QUERY select meta().id from default where type = "emp" and name like "Val%"
2020-04-24 13:14:27 | INFO | MainProcess | test_thread | [rest_client.query_tool] query params : statement=select+meta%28%29.id+from+default+where+type+%3D+%22emp%22+and+name+like+%22Val%25%22&scan_consistency=NOT_BOUNDED
2020-04-24 13:14:27 | INFO | MainProcess | test_thread | [tuq.run_cbq_query] TOTAL ELAPSED TIME: 67.344744ms
2020-04-24 13:14:27 | INFO | MainProcess | test_thread | [flex_index_phase1.compare_results_with_gsi] Number of results from gsi query: select meta().id from default where type = "emp" and name like "Val%" is 23
2020-04-24 13:14:27 | ERROR | MainProcess | test_thread | [flex_index_phase1.run_queries_and_validate] Result mismatch found
2020-04-24 13:14:27 | INFO | MainProcess | test_thread | [flex_index_phase1.run_queries_and_validate] ======== Done =======
2020-04-24 13:14:27 | INFO | MainProcess | test_thread | [flex_index_phase1.run_queries_and_validate] ======== Running Query # 28 =======
2020-04-24 13:14:27 | INFO | MainProcess | test_thread | [flex_index_phase1.run_queries_and_validate] Query : explain select meta().id from default USE INDEX (custom_index USING FTS) where type = "emp" and name like "B%"
2020-04-24 13:14:27 | INFO | MainProcess | test_thread | [tuq.run_cbq_query] RUN QUERY explain select meta().id from default USE INDEX (custom_index USING FTS) where type = "emp" and name like "B%"
2020-04-24 13:14:27 | INFO | MainProcess | test_thread | [rest_client.query_tool] query params : statement=explain+select+meta%28%29.id+from+default+USE+INDEX+%28custom_index+USING+FTS%29+where+type+%3D+%22emp%22+and+name+like+%22B%25%22&scan_consistency=NOT_BOUNDED
2020-04-24 13:14:27 | INFO | MainProcess | test_thread | [tuq.run_cbq_query] TOTAL ELAPSED TIME: 1.830584ms
2020-04-24 13:14:27 | INFO | MainProcess | test_thread | [tuq.run_cbq_query] RUN QUERY select meta().id from default USE INDEX (custom_index USING FTS) where type = "emp" and name like "B%"
2020-04-24 13:14:27 | INFO | MainProcess | test_thread | [rest_client.query_tool] query params : statement=select+meta%28%29.id+from+default+USE+INDEX+%28custom_index+USING+FTS%29+where+type+%3D+%22emp%22+and+name+like+%22B%25%22&scan_consistency=NOT_BOUNDED
2020-04-24 13:14:27 | INFO | MainProcess | test_thread | [tuq.run_cbq_query] TOTAL ELAPSED TIME: 2.439893ms
2020-04-24 13:14:27 | INFO | MainProcess | test_thread | [flex_index_phase1.compare_results_with_gsi] Number of results from flex query: select meta().id from default USE INDEX (custom_index USING FTS) where type = "emp" and name like "B%" is 0
2020-04-24 13:14:27 | INFO | MainProcess | test_thread | [tuq.run_cbq_query] RUN QUERY select meta().id from default where type = "emp" and name like "B%"
2020-04-24 13:14:27 | INFO | MainProcess | test_thread | [rest_client.query_tool] query params : statement=select+meta%28%29.id+from+default+where+type+%3D+%22emp%22+and+name+like+%22B%25%22&scan_consistency=NOT_BOUNDED
2020-04-24 13:14:27 | INFO | MainProcess | test_thread | [tuq.run_cbq_query] TOTAL ELAPSED TIME: 62.132536ms
2020-04-24 13:14:27 | INFO | MainProcess | test_thread | [flex_index_phase1.compare_results_with_gsi] Number of results from gsi query: select meta().id from default where type = "emp" and name like "B%" is 70
2020-04-24 13:14:27 | ERROR | MainProcess | test_thread | [flex_index_phase1.run_queries_and_validate] Result mismatch found
2020-04-24 13:14:27 | INFO | MainProcess | test_thread | [flex_index_phase1.run_queries_and_validate] ======== Done =======
2020-04-24 13:14:27 | INFO | MainProcess | test_thread | [flex_index_phase1.run_queries_and_validate] ======== Running Query # 29 =======
2020-04-24 13:14:27 | INFO | MainProcess | test_thread | [flex_index_phase1.run_queries_and_validate] Query : explain select meta().id from default USE INDEX (custom_index USING FTS) where type = "emp" and name = "Drucilla"
2020-04-24 13:14:27 | INFO | MainProcess | test_thread | [tuq.run_cbq_query] RUN QUERY explain select meta().id from default USE INDEX (custom_index USING FTS) where type = "emp" and name = "Drucilla"
2020-04-24 13:14:27 | INFO | MainProcess | test_thread | [rest_client.query_tool] query params : statement=explain+select+meta%28%29.id+from+default+USE+INDEX+%28custom_index+USING+FTS%29+where+type+%3D+%22emp%22+and+name+%3D+%22Drucilla%22&scan_consistency=NOT_BOUNDED
2020-04-24 13:14:27 | INFO | MainProcess | test_thread | [tuq.run_cbq_query] TOTAL ELAPSED TIME: 2.718113ms
2020-04-24 13:14:27 | INFO | MainProcess | test_thread | [tuq.run_cbq_query] RUN QUERY select meta().id from default USE INDEX (custom_index USING FTS) where type = "emp" and name = "Drucilla"
2020-04-24 13:14:27 | INFO | MainProcess | test_thread | [rest_client.query_tool] query params : statement=select+meta%28%29.id+from+default+USE+INDEX+%28custom_index+USING+FTS%29+where+type+%3D+%22emp%22+and+name+%3D+%22Drucilla%22&scan_consistency=NOT_BOUNDED
2020-04-24 13:14:27 | INFO | MainProcess | test_thread | [tuq.run_cbq_query] TOTAL ELAPSED TIME: 2.921943ms
2020-04-24 13:14:27 | INFO | MainProcess | test_thread | [flex_index_phase1.compare_results_with_gsi] Number of results from flex query: select meta().id from default USE INDEX (custom_index USING FTS) where type = "emp" and name = "Drucilla" is 0
2020-04-24 13:14:27 | INFO | MainProcess | test_thread | [tuq.run_cbq_query] RUN QUERY select meta().id from default where type = "emp" and name = "Drucilla"
2020-04-24 13:14:27 | INFO | MainProcess | test_thread | [rest_client.query_tool] query params : statement=select+meta%28%29.id+from+default+where+type+%3D+%22emp%22+and+name+%3D+%22Drucilla%22&scan_consistency=NOT_BOUNDED
2020-04-24 13:14:27 | INFO | MainProcess | test_thread | [tuq.run_cbq_query] TOTAL ELAPSED TIME: 69.860096ms
2020-04-24 13:14:27 | INFO | MainProcess | test_thread | [flex_index_phase1.compare_results_with_gsi] Number of results from gsi query: select meta().id from default where type = "emp" and name = "Drucilla" is 0
2020-04-24 13:14:27 | INFO | MainProcess | test_thread | [flex_index_phase1.run_queries_and_validate] ======== Done =======
2020-04-24 13:14:27 | INFO | MainProcess | test_thread | [flex_index_phase1.run_queries_and_validate] ======== Running Query # 30 =======
2020-04-24 13:14:27 | INFO | MainProcess | test_thread | [flex_index_phase1.run_queries_and_validate] Query : explain select meta().id from default USE INDEX (custom_index USING FTS) where type = "emp" and name = "Allen"
2020-04-24 13:14:27 | INFO | MainProcess | test_thread | [tuq.run_cbq_query] RUN QUERY explain select meta().id from default USE INDEX (custom_index USING FTS) where type = "emp" and name = "Allen"
2020-04-24 13:14:27 | INFO | MainProcess | test_thread | [rest_client.query_tool] query params : statement=explain+select+meta%28%29.id+from+default+USE+INDEX+%28custom_index+USING+FTS%29+where+type+%3D+%22emp%22+and+name+%3D+%22Allen%22&scan_consistency=NOT_BOUNDED
2020-04-24 13:14:28 | INFO | MainProcess | test_thread | [tuq.run_cbq_query] TOTAL ELAPSED TIME: 1.826364ms
2020-04-24 13:14:28 | INFO | MainProcess | test_thread | [tuq.run_cbq_query] RUN QUERY select meta().id from default USE INDEX (custom_index USING FTS) where type = "emp" and name = "Allen"
2020-04-24 13:14:28 | INFO | MainProcess | test_thread | [rest_client.query_tool] query params : statement=select+meta%28%29.id+from+default+USE+INDEX+%28custom_index+USING+FTS%29+where+type+%3D+%22emp%22+and+name+%3D+%22Allen%22&scan_consistency=NOT_BOUNDED
2020-04-24 13:14:28 | INFO | MainProcess | test_thread | [tuq.run_cbq_query] TOTAL ELAPSED TIME: 3.154431ms
2020-04-24 13:14:28 | INFO | MainProcess | test_thread | [flex_index_phase1.compare_results_with_gsi] Number of results from flex query: select meta().id from default USE INDEX (custom_index USING FTS) where type = "emp" and name = "Allen" is 0
2020-04-24 13:14:28 | INFO | MainProcess | test_thread | [tuq.run_cbq_query] RUN QUERY select meta().id from default where type = "emp" and name = "Allen"
2020-04-24 13:14:28 | INFO | MainProcess | test_thread | [rest_client.query_tool] query params : statement=select+meta%28%29.id+from+default+where+type+%3D+%22emp%22+and+name+%3D+%22Allen%22&scan_consistency=NOT_BOUNDED
2020-04-24 13:14:28 | INFO | MainProcess | test_thread | [tuq.run_cbq_query] TOTAL ELAPSED TIME: 66.363113ms
2020-04-24 13:14:28 | INFO | MainProcess | test_thread | [flex_index_phase1.compare_results_with_gsi] Number of results from gsi query: select meta().id from default where type = "emp" and name = "Allen" is 0
2020-04-24 13:14:28 | INFO | MainProcess | test_thread | [flex_index_phase1.run_queries_and_validate] ======== Done =======
2020-04-24 13:14:28 | INFO | MainProcess | test_thread | [flex_index_phase1.run_queries_and_validate] ======== Running Query # 31 =======
2020-04-24 13:14:28 | INFO | MainProcess | test_thread | [flex_index_phase1.run_queries_and_validate] Query : explain select meta().id from default USE INDEX (custom_index USING FTS) where type = "emp" and name = "Adrianne Stewart"
2020-04-24 13:14:28 | INFO | MainProcess | test_thread | [tuq.run_cbq_query] RUN QUERY explain select meta().id from default USE INDEX (custom_index USING FTS) where type = "emp" and name = "Adrianne Stewart"
2020-04-24 13:14:28 | INFO | MainProcess | test_thread | [rest_client.query_tool] query params : statement=explain+select+meta%28%29.id+from+default+USE+INDEX+%28custom_index+USING+FTS%29+where+type+%3D+%22emp%22+and+name+%3D+%22Adrianne+Stewart%22&scan_consistency=NOT_BOUNDED
2020-04-24 13:14:28 | INFO | MainProcess | test_thread | [tuq.run_cbq_query] TOTAL ELAPSED TIME: 1.767022ms
2020-04-24 13:14:28 | INFO | MainProcess | test_thread | [tuq.run_cbq_query] RUN QUERY select meta().id from default USE INDEX (custom_index USING FTS) where type = "emp" and name = "Adrianne Stewart"
2020-04-24 13:14:28 | INFO | MainProcess | test_thread | [rest_client.query_tool] query params : statement=select+meta%28%29.id+from+default+USE+INDEX+%28custom_index+USING+FTS%29+where+type+%3D+%22emp%22+and+name+%3D+%22Adrianne+Stewart%22&scan_consistency=NOT_BOUNDED
2020-04-24 13:14:28 | INFO | MainProcess | test_thread | [tuq.run_cbq_query] TOTAL ELAPSED TIME: 2.534843ms
2020-04-24 13:14:28 | INFO | MainProcess | test_thread | [flex_index_phase1.compare_results_with_gsi] Number of results from flex query: select meta().id from default USE INDEX (custom_index USING FTS) where type = "emp" and name = "Adrianne Stewart" is 0
2020-04-24 13:14:28 | INFO | MainProcess | test_thread | [tuq.run_cbq_query] RUN QUERY select meta().id from default where type = "emp" and name = "Adrianne Stewart"
2020-04-24 13:14:28 | INFO | MainProcess | test_thread | [rest_client.query_tool] query params : statement=select+meta%28%29.id+from+default+where+type+%3D+%22emp%22+and+name+%3D+%22Adrianne+Stewart%22&scan_consistency=NOT_BOUNDED
2020-04-24 13:14:28 | INFO | MainProcess | test_thread | [tuq.run_cbq_query] TOTAL ELAPSED TIME: 68.069088ms
2020-04-24 13:14:28 | INFO | MainProcess | test_thread | [flex_index_phase1.compare_results_with_gsi] Number of results from gsi query: select meta().id from default where type = "emp" and name = "Adrianne Stewart" is 0
2020-04-24 13:14:28 | INFO | MainProcess | test_thread | [flex_index_phase1.run_queries_and_validate] ======== Done =======
2020-04-24 13:14:28 | INFO | MainProcess | test_thread | [flex_index_phase1.run_queries_and_validate] ======== Running Query # 32 =======
2020-04-24 13:14:28 | INFO | MainProcess | test_thread | [flex_index_phase1.run_queries_and_validate] Query : explain select meta().id from default USE INDEX (custom_index USING FTS) where type = "emp" and name = "Maura"
2020-04-24 13:14:28 | INFO | MainProcess | test_thread | [tuq.run_cbq_query] RUN QUERY explain select meta().id from default USE INDEX (custom_index USING FTS) where type = "emp" and name = "Maura"
2020-04-24 13:14:28 | INFO | MainProcess | test_thread | [rest_client.query_tool] query params : statement=explain+select+meta%28%29.id+from+default+USE+INDEX+%28custom_index+USING+FTS%29+where+type+%3D+%22emp%22+and+name+%3D+%22Maura%22&scan_consistency=NOT_BOUNDED
2020-04-24 13:14:28 | INFO | MainProcess | test_thread | [tuq.run_cbq_query] TOTAL ELAPSED TIME: 1.804009ms
2020-04-24 13:14:28 | INFO | MainProcess | test_thread | [tuq.run_cbq_query] RUN QUERY select meta().id from default USE INDEX (custom_index USING FTS) where type = "emp" and name = "Maura"
2020-04-24 13:14:28 | INFO | MainProcess | test_thread | [rest_client.query_tool] query params : statement=select+meta%28%29.id+from+default+USE+INDEX+%28custom_index+USING+FTS%29+where+type+%3D+%22emp%22+and+name+%3D+%22Maura%22&scan_consistency=NOT_BOUNDED
2020-04-24 13:14:28 | INFO | MainProcess | test_thread | [tuq.run_cbq_query] TOTAL ELAPSED TIME: 2.266397ms
2020-04-24 13:14:28 | INFO | MainProcess | test_thread | [flex_index_phase1.compare_results_with_gsi] Number of results from flex query: select meta().id from default USE INDEX (custom_index USING FTS) where type = "emp" and name = "Maura" is 0
2020-04-24 13:14:28 | INFO | MainProcess | test_thread | [tuq.run_cbq_query] RUN QUERY select meta().id from default where type = "emp" and name = "Maura"
2020-04-24 13:14:28 | INFO | MainProcess | test_thread | [rest_client.query_tool] query params : statement=select+meta%28%29.id+from+default+where+type+%3D+%22emp%22+and+name+%3D+%22Maura%22&scan_consistency=NOT_BOUNDED
2020-04-24 13:14:29 | INFO | MainProcess | test_thread | [tuq.run_cbq_query] TOTAL ELAPSED TIME: 61.739406ms
2020-04-24 13:14:29 | INFO | MainProcess | test_thread | [flex_index_phase1.compare_results_with_gsi] Number of results from gsi query: select meta().id from default where type = "emp" and name = "Maura" is 0
2020-04-24 13:14:29 | INFO | MainProcess | test_thread | [flex_index_phase1.run_queries_and_validate] ======== Done =======
2020-04-24 13:14:29 | INFO | MainProcess | test_thread | [flex_index_phase1.run_queries_and_validate] ======== Running Query # 33 =======
2020-04-24 13:14:29 | INFO | MainProcess | test_thread | [flex_index_phase1.run_queries_and_validate] Query : explain select meta().id from default USE INDEX (custom_index USING FTS) where type = "emp" and name = "Kala"
2020-04-24 13:14:29 | INFO | MainProcess | test_thread | [tuq.run_cbq_query] RUN QUERY explain select meta().id from default USE INDEX (custom_index USING FTS) where type = "emp" and name = "Kala"
2020-04-24 13:14:29 | INFO | MainProcess | test_thread | [rest_client.query_tool] query params : statement=explain+select+meta%28%29.id+from+default+USE+INDEX+%28custom_index+USING+FTS%29+where+type+%3D+%22emp%22+and+name+%3D+%22Kala%22&scan_consistency=NOT_BOUNDED
2020-04-24 13:14:29 | INFO | MainProcess | test_thread | [tuq.run_cbq_query] TOTAL ELAPSED TIME: 2.723426ms
2020-04-24 13:14:29 | INFO | MainProcess | test_thread | [tuq.run_cbq_query] RUN QUERY select meta().id from default USE INDEX (custom_index USING FTS) where type = "emp" and name = "Kala"
2020-04-24 13:14:29 | INFO | MainProcess | test_thread | [rest_client.query_tool] query params : statement=select+meta%28%29.id+from+default+USE+INDEX+%28custom_index+USING+FTS%29+where+type+%3D+%22emp%22+and+name+%3D+%22Kala%22&scan_consistency=NOT_BOUNDED
2020-04-24 13:14:29 | INFO | MainProcess | test_thread | [tuq.run_cbq_query] TOTAL ELAPSED TIME: 2.35647ms
2020-04-24 13:14:29 | INFO | MainProcess | test_thread | [flex_index_phase1.compare_results_with_gsi] Number of results from flex query: select meta().id from default USE INDEX (custom_index USING FTS) where type = "emp" and name = "Kala" is 0
2020-04-24 13:14:29 | INFO | MainProcess | test_thread | [tuq.run_cbq_query] RUN QUERY select meta().id from default where type = "emp" and name = "Kala"
2020-04-24 13:14:29 | INFO | MainProcess | test_thread | [rest_client.query_tool] query params : statement=select+meta%28%29.id+from+default+where+type+%3D+%22emp%22+and+name+%3D+%22Kala%22&scan_consistency=NOT_BOUNDED
2020-04-24 13:14:29 | INFO | MainProcess | test_thread | [tuq.run_cbq_query] TOTAL ELAPSED TIME: 59.291263ms
2020-04-24 13:14:29 | INFO | MainProcess | test_thread | [flex_index_phase1.compare_results_with_gsi] Number of results from gsi query: select meta().id from default where type = "emp" and name = "Kala" is 0
2020-04-24 13:14:29 | INFO | MainProcess | test_thread | [flex_index_phase1.run_queries_and_validate] ======== Done =======
2020-04-24 13:14:29 | INFO | MainProcess | test_thread | [flex_index_phase1.run_queries_and_validate] ======== Running Query # 34 =======
2020-04-24 13:14:29 | INFO | MainProcess | test_thread | [flex_index_phase1.run_queries_and_validate] Query : explain select meta().id from default USE INDEX (custom_index USING FTS) where type = "emp" and join_date between "2004-01-04T04:54:00" and "2020-04-24T13:14:18.405714"
2020-04-24 13:14:29 | INFO | MainProcess | test_thread | [tuq.run_cbq_query] RUN QUERY explain select meta().id from default USE INDEX (custom_index USING FTS) where type = "emp" and join_date between "2004-01-04T04:54:00" and "2020-04-24T13:14:18.405714"
2020-04-24 13:14:29 | INFO | MainProcess | test_thread | [rest_client.query_tool] query params : statement=explain+select+meta%28%29.id+from+default+USE+INDEX+%28custom_index+USING+FTS%29+where+type+%3D+%22emp%22+and+join_date+between+%222004-01-04T04%3A54%3A00%22+and+%222020-04-24T13%3A14%3A18.405714%22&scan_consistency=NOT_BOUNDED
2020-04-24 13:14:29 | INFO | MainProcess | test_thread | [tuq.run_cbq_query] TOTAL ELAPSED TIME: 1.740896ms
2020-04-24 13:14:29 | INFO | MainProcess | test_thread | [tuq.run_cbq_query] RUN QUERY select meta().id from default USE INDEX (custom_index USING FTS) where type = "emp" and join_date between "2004-01-04T04:54:00" and "2020-04-24T13:14:18.405714"
2020-04-24 13:14:29 | INFO | MainProcess | test_thread | [rest_client.query_tool] query params : statement=select+meta%28%29.id+from+default+USE+INDEX+%28custom_index+USING+FTS%29+where+type+%3D+%22emp%22+and+join_date+between+%222004-01-04T04%3A54%3A00%22+and+%222020-04-24T13%3A14%3A18.405714%22&scan_consistency=NOT_BOUNDED
2020-04-24 13:14:29 | INFO | MainProcess | test_thread | [tuq.run_cbq_query] TOTAL ELAPSED TIME: 2.581335ms
2020-04-24 13:14:29 | INFO | MainProcess | test_thread | [flex_index_phase1.compare_results_with_gsi] Number of results from flex query: select meta().id from default USE INDEX (custom_index USING FTS) where type = "emp" and join_date between "2004-01-04T04:54:00" and "2020-04-24T13:14:18.405714" is 0
2020-04-24 13:14:29 | INFO | MainProcess | test_thread | [tuq.run_cbq_query] RUN QUERY select meta().id from default where type = "emp" and join_date between "2004-01-04T04:54:00" and "2020-04-24T13:14:18.405714"
2020-04-24 13:14:29 | INFO | MainProcess | test_thread | [rest_client.query_tool] query params : statement=select+meta%28%29.id+from+default+where+type+%3D+%22emp%22+and+join_date+between+%222004-01-04T04%3A54%3A00%22+and+%222020-04-24T13%3A14%3A18.405714%22&scan_consistency=NOT_BOUNDED
2020-04-24 13:14:29 | INFO | MainProcess | test_thread | [tuq.run_cbq_query] TOTAL ELAPSED TIME: 73.88848ms
2020-04-24 13:14:29 | INFO | MainProcess | test_thread | [flex_index_phase1.compare_results_with_gsi] Number of results from gsi query: select meta().id from default where type = "emp" and join_date between "2004-01-04T04:54:00" and "2020-04-24T13:14:18.405714" is 195
2020-04-24 13:14:29 | ERROR | MainProcess | test_thread | [flex_index_phase1.run_queries_and_validate] Result mismatch found
2020-04-24 13:14:29 | INFO | MainProcess | test_thread | [flex_index_phase1.run_queries_and_validate] ======== Done =======
2020-04-24 13:14:29 | INFO | MainProcess | test_thread | [flex_index_phase1.run_queries_and_validate] ======== Running Query # 35 =======
2020-04-24 13:14:29 | INFO | MainProcess | test_thread | [flex_index_phase1.run_queries_and_validate] Query : explain select meta().id from default USE INDEX (custom_index USING FTS) where type = "emp" and join_date between "1955-10-21T17:38:00" and "2020-04-24T13:14:18.406063"
2020-04-24 13:14:29 | INFO | MainProcess | test_thread | [tuq.run_cbq_query] RUN QUERY explain select meta().id from default USE INDEX (custom_index USING FTS) where type = "emp" and join_date between "1955-10-21T17:38:00" and "2020-04-24T13:14:18.406063"
2020-04-24 13:14:29 | INFO | MainProcess | test_thread | [rest_client.query_tool] query params : statement=explain+select+meta%28%29.id+from+default+USE+INDEX+%28custom_index+USING+FTS%29+where+type+%3D+%22emp%22+and+join_date+between+%221955-10-21T17%3A38%3A00%22+and+%222020-04-24T13%3A14%3A18.406063%22&scan_consistency=NOT_BOUNDED
2020-04-24 13:14:29 | INFO | MainProcess | test_thread | [tuq.run_cbq_query] TOTAL ELAPSED TIME: 1.74421ms
2020-04-24 13:14:29 | INFO | MainProcess | test_thread | [tuq.run_cbq_query] RUN QUERY select meta().id from default USE INDEX (custom_index USING FTS) where type = "emp" and join_date between "1955-10-21T17:38:00" and "2020-04-24T13:14:18.406063"
2020-04-24 13:14:29 | INFO | MainProcess | test_thread | [rest_client.query_tool] query params : statement=select+meta%28%29.id+from+default+USE+INDEX+%28custom_index+USING+FTS%29+where+type+%3D+%22emp%22+and+join_date+between+%221955-10-21T17%3A38%3A00%22+and+%222020-04-24T13%3A14%3A18.406063%22&scan_consistency=NOT_BOUNDED
2020-04-24 13:14:29 | INFO | MainProcess | test_thread | [tuq.run_cbq_query] TOTAL ELAPSED TIME: 2.427589ms
2020-04-24 13:14:29 | INFO | MainProcess | test_thread | [flex_index_phase1.compare_results_with_gsi] Number of results from flex query: select meta().id from default USE INDEX (custom_index USING FTS) where type = "emp" and join_date between "1955-10-21T17:38:00" and "2020-04-24T13:14:18.406063" is 0
2020-04-24 13:14:30 | INFO | MainProcess | test_thread | [tuq.run_cbq_query] RUN QUERY select meta().id from default where type = "emp" and join_date between "1955-10-21T17:38:00" and "2020-04-24T13:14:18.406063"
2020-04-24 13:14:30 | INFO | MainProcess | test_thread | [rest_client.query_tool] query params : statement=select+meta%28%29.id+from+default+where+type+%3D+%22emp%22+and+join_date+between+%221955-10-21T17%3A38%3A00%22+and+%222020-04-24T13%3A14%3A18.406063%22&scan_consistency=NOT_BOUNDED
2020-04-24 13:14:30 | INFO | MainProcess | test_thread | [tuq.run_cbq_query] TOTAL ELAPSED TIME: 67.771844ms
2020-04-24 13:14:30 | INFO | MainProcess | test_thread | [flex_index_phase1.compare_results_with_gsi] Number of results from gsi query: select meta().id from default where type = "emp" and join_date between "1955-10-21T17:38:00" and "2020-04-24T13:14:18.406063" is 912
2020-04-24 13:14:30 | ERROR | MainProcess | test_thread | [flex_index_phase1.run_queries_and_validate] Result mismatch found
2020-04-24 13:14:30 | INFO | MainProcess | test_thread | [flex_index_phase1.run_queries_and_validate] ======== Done =======
2020-04-24 13:14:30 | INFO | MainProcess | test_thread | [flex_index_phase1.run_queries_and_validate] ======== Running Query # 36 =======
2020-04-24 13:14:30 | INFO | MainProcess | test_thread | [flex_index_phase1.run_queries_and_validate] Query : explain select meta().id from default USE INDEX (custom_index USING FTS) where type = "emp" and join_date between "1953-02-21T06:38:00" and "2020-04-24T13:14:18.406387"
2020-04-24 13:14:30 | INFO | MainProcess | test_thread | [tuq.run_cbq_query] RUN QUERY explain select meta().id from default USE INDEX (custom_index USING FTS) where type = "emp" and join_date between "1953-02-21T06:38:00" and "2020-04-24T13:14:18.406387"
2020-04-24 13:14:30 | INFO | MainProcess | test_thread | [rest_client.query_tool] query params : statement=explain+select+meta%28%29.id+from+default+USE+INDEX+%28custom_index+USING+FTS%29+where+type+%3D+%22emp%22+and+join_date+between+%221953-02-21T06%3A38%3A00%22+and+%222020-04-24T13%3A14%3A18.406387%22&scan_consistency=NOT_BOUNDED
2020-04-24 13:14:30 | INFO | MainProcess | test_thread | [tuq.run_cbq_query] TOTAL ELAPSED TIME: 2.415505ms
2020-04-24 13:14:30 | INFO | MainProcess | test_thread | [tuq.run_cbq_query] RUN QUERY select meta().id from default USE INDEX (custom_index USING FTS) where type = "emp" and join_date between "1953-02-21T06:38:00" and "2020-04-24T13:14:18.406387"
2020-04-24 13:14:30 | INFO | MainProcess | test_thread | [rest_client.query_tool] query params : statement=select+meta%28%29.id+from+default+USE+INDEX+%28custom_index+USING+FTS%29+where+type+%3D+%22emp%22+and+join_date+between+%221953-02-21T06%3A38%3A00%22+and+%222020-04-24T13%3A14%3A18.406387%22&scan_consistency=NOT_BOUNDED
2020-04-24 13:14:30 | INFO | MainProcess | test_thread | [tuq.run_cbq_query] TOTAL ELAPSED TIME: 2.204951ms
2020-04-24 13:14:30 | INFO | MainProcess | test_thread | [flex_index_phase1.compare_results_with_gsi] Number of results from flex query: select meta().id from default USE INDEX (custom_index USING FTS) where type = "emp" and join_date between "1953-02-21T06:38:00" and "2020-04-24T13:14:18.406387" is 0
2020-04-24 13:14:30 | INFO | MainProcess | test_thread | [tuq.run_cbq_query] RUN QUERY select meta().id from default where type = "emp" and join_date between "1953-02-21T06:38:00" and "2020-04-24T13:14:18.406387"
2020-04-24 13:14:30 | INFO | MainProcess | test_thread | [rest_client.query_tool] query params : statement=select+meta%28%29.id+from+default+where+type+%3D+%22emp%22+and+join_date+between+%221953-02-21T06%3A38%3A00%22+and+%222020-04-24T13%3A14%3A18.406387%22&scan_consistency=NOT_BOUNDED
2020-04-24 13:14:30 | INFO | MainProcess | test_thread | [tuq.run_cbq_query] TOTAL ELAPSED TIME: 63.962067ms
2020-04-24 13:14:30 | INFO | MainProcess | test_thread | [flex_index_phase1.compare_results_with_gsi] Number of results from gsi query: select meta().id from default where type = "emp" and join_date between "1953-02-21T06:38:00" and "2020-04-24T13:14:18.406387" is 943
2020-04-24 13:14:30 | ERROR | MainProcess | test_thread | [flex_index_phase1.run_queries_and_validate] Result mismatch found
2020-04-24 13:14:30 | INFO | MainProcess | test_thread | [flex_index_phase1.run_queries_and_validate] ======== Done =======
2020-04-24 13:14:30 | INFO | MainProcess | test_thread | [flex_index_phase1.run_queries_and_validate] ======== Running Query # 37 =======
2020-04-24 13:14:30 | INFO | MainProcess | test_thread | [flex_index_phase1.run_queries_and_validate] Query : explain select meta().id from default USE INDEX (custom_index USING FTS) where type = "emp" and join_date between "2000-02-12T03:02:00" and "2020-04-24T13:14:18.406708"
2020-04-24 13:14:30 | INFO | MainProcess | test_thread | [tuq.run_cbq_query] RUN QUERY explain select meta().id from default USE INDEX (custom_index USING FTS) where type = "emp" and join_date between "2000-02-12T03:02:00" and "2020-04-24T13:14:18.406708"
2020-04-24 13:14:30 | INFO | MainProcess | test_thread | [rest_client.query_tool] query params : statement=explain+select+meta%28%29.id+from+default+USE+INDEX+%28custom_index+USING+FTS%29+where+type+%3D+%22emp%22+and+join_date+between+%222000-02-12T03%3A02%3A00%22+and+%222020-04-24T13%3A14%3A18.406708%22&scan_consistency=NOT_BOUNDED
2020-04-24 13:14:30 | INFO | MainProcess | test_thread | [tuq.run_cbq_query] TOTAL ELAPSED TIME: 1.790561ms
2020-04-24 13:14:30 | INFO | MainProcess | test_thread | [tuq.run_cbq_query] RUN QUERY select meta().id from default USE INDEX (custom_index USING FTS) where type = "emp" and join_date between "2000-02-12T03:02:00" and "2020-04-24T13:14:18.406708"
2020-04-24 13:14:30 | INFO | MainProcess | test_thread | [rest_client.query_tool] query params : statement=select+meta%28%29.id+from+default+USE+INDEX+%28custom_index+USING+FTS%29+where+type+%3D+%22emp%22+and+join_date+between+%222000-02-12T03%3A02%3A00%22+and+%222020-04-24T13%3A14%3A18.406708%22&scan_consistency=NOT_BOUNDED
2020-04-24 13:14:30 | INFO | MainProcess | test_thread | [tuq.run_cbq_query] TOTAL ELAPSED TIME: 2.199393ms
2020-04-24 13:14:30 | INFO | MainProcess | test_thread | [flex_index_phase1.compare_results_with_gsi] Number of results from flex query: select meta().id from default USE INDEX (custom_index USING FTS) where type = "emp" and join_date between "2000-02-12T03:02:00" and "2020-04-24T13:14:18.406708" is 0
2020-04-24 13:14:30 | INFO | MainProcess | test_thread | [tuq.run_cbq_query] RUN QUERY select meta().id from default where type = "emp" and join_date between "2000-02-12T03:02:00" and "2020-04-24T13:14:18.406708"
2020-04-24 13:14:30 | INFO | MainProcess | test_thread | [rest_client.query_tool] query params : statement=select+meta%28%29.id+from+default+where+type+%3D+%22emp%22+and+join_date+between+%222000-02-12T03%3A02%3A00%22+and+%222020-04-24T13%3A14%3A18.406708%22&scan_consistency=NOT_BOUNDED
2020-04-24 13:14:30 | INFO | MainProcess | test_thread | [tuq.run_cbq_query] TOTAL ELAPSED TIME: 69.421571ms
2020-04-24 13:14:30 | INFO | MainProcess | test_thread | [flex_index_phase1.compare_results_with_gsi] Number of results from gsi query: select meta().id from default where type = "emp" and join_date between "2000-02-12T03:02:00" and "2020-04-24T13:14:18.406708" is 252
2020-04-24 13:14:30 | ERROR | MainProcess | test_thread | [flex_index_phase1.run_queries_and_validate] Result mismatch found
2020-04-24 13:14:30 | INFO | MainProcess | test_thread | [flex_index_phase1.run_queries_and_validate] ======== Done =======
2020-04-24 13:14:30 | INFO | MainProcess | test_thread | [flex_index_phase1.run_queries_and_validate] ======== Running Query # 38 =======
2020-04-24 13:14:30 | INFO | MainProcess | test_thread | [flex_index_phase1.run_queries_and_validate] Query : explain select meta().id from default USE INDEX (custom_index USING FTS) where type = "emp" and join_date between "1974-03-23T03:30:00" and "2020-04-24T13:14:18.407026"
2020-04-24 13:14:30 | INFO | MainProcess | test_thread | [tuq.run_cbq_query] RUN QUERY explain select meta().id from default USE INDEX (custom_index USING FTS) where type = "emp" and join_date between "1974-03-23T03:30:00" and "2020-04-24T13:14:18.407026"
2020-04-24 13:14:30 | INFO | MainProcess | test_thread | [rest_client.query_tool] query params : statement=explain+select+meta%28%29.id+from+default+USE+INDEX+%28custom_index+USING+FTS%29+where+type+%3D+%22emp%22+and+join_date+between+%221974-03-23T03%3A30%3A00%22+and+%222020-04-24T13%3A14%3A18.407026%22&scan_consistency=NOT_BOUNDED
2020-04-24 13:14:31 | INFO | MainProcess | test_thread | [tuq.run_cbq_query] TOTAL ELAPSED TIME: 1.756252ms
2020-04-24 13:14:31 | INFO | MainProcess | test_thread | [tuq.run_cbq_query] RUN QUERY select meta().id from default USE INDEX (custom_index USING FTS) where type = "emp" and join_date between "1974-03-23T03:30:00" and "2020-04-24T13:14:18.407026"
2020-04-24 13:14:31 | INFO | MainProcess | test_thread | [rest_client.query_tool] query params : statement=select+meta%28%29.id+from+default+USE+INDEX+%28custom_index+USING+FTS%29+where+type+%3D+%22emp%22+and+join_date+between+%221974-03-23T03%3A30%3A00%22+and+%222020-04-24T13%3A14%3A18.407026%22&scan_consistency=NOT_BOUNDED
2020-04-24 13:14:31 | INFO | MainProcess | test_thread | [tuq.run_cbq_query] TOTAL ELAPSED TIME: 2.358097ms
2020-04-24 13:14:31 | INFO | MainProcess | test_thread | [flex_index_phase1.compare_results_with_gsi] Number of results from flex query: select meta().id from default USE INDEX (custom_index USING FTS) where type = "emp" and join_date between "1974-03-23T03:30:00" and "2020-04-24T13:14:18.407026" is 0
2020-04-24 13:14:31 | INFO | MainProcess | test_thread | [tuq.run_cbq_query] RUN QUERY select meta().id from default where type = "emp" and join_date between "1974-03-23T03:30:00" and "2020-04-24T13:14:18.407026"
2020-04-24 13:14:31 | INFO | MainProcess | test_thread | [rest_client.query_tool] query params : statement=select+meta%28%29.id+from+default+where+type+%3D+%22emp%22+and+join_date+between+%221974-03-23T03%3A30%3A00%22+and+%222020-04-24T13%3A14%3A18.407026%22&scan_consistency=NOT_BOUNDED
2020-04-24 13:14:31 | INFO | MainProcess | test_thread | [tuq.run_cbq_query] TOTAL ELAPSED TIME: 79.800532ms
2020-04-24 13:14:31 | INFO | MainProcess | test_thread | [flex_index_phase1.compare_results_with_gsi] Number of results from gsi query: select meta().id from default where type = "emp" and join_date between "1974-03-23T03:30:00" and "2020-04-24T13:14:18.407026" is 661
2020-04-24 13:14:31 | ERROR | MainProcess | test_thread | [flex_index_phase1.run_queries_and_validate] Result mismatch found
2020-04-24 13:14:31 | INFO | MainProcess | test_thread | [flex_index_phase1.run_queries_and_validate] ======== Done =======
2020-04-24 13:14:31 | INFO | MainProcess | test_thread | [flex_index_phase1.run_queries_and_validate] ======== Running Query # 39 =======
2020-04-24 13:14:31 | INFO | MainProcess | test_thread | [flex_index_phase1.run_queries_and_validate] Query : explain select meta().id from default USE INDEX (custom_index USING FTS) where type = "emp" and is_manager = True
2020-04-24 13:14:31 | INFO | MainProcess | test_thread | [tuq.run_cbq_query] RUN QUERY explain select meta().id from default USE INDEX (custom_index USING FTS) where type = "emp" and is_manager = True
2020-04-24 13:14:31 | INFO | MainProcess | test_thread | [rest_client.query_tool] query params : statement=explain+select+meta%28%29.id+from+default+USE+INDEX+%28custom_index+USING+FTS%29+where+type+%3D+%22emp%22+and+is_manager+%3D+True&scan_consistency=NOT_BOUNDED
2020-04-24 13:14:31 | INFO | MainProcess | test_thread | [tuq.run_cbq_query] TOTAL ELAPSED TIME: 2.77653ms
2020-04-24 13:14:31 | INFO | MainProcess | test_thread | [tuq.run_cbq_query] RUN QUERY select meta().id from default USE INDEX (custom_index USING FTS) where type = "emp" and is_manager = True
2020-04-24 13:14:31 | INFO | MainProcess | test_thread | [rest_client.query_tool] query params : statement=select+meta%28%29.id+from+default+USE+INDEX+%28custom_index+USING+FTS%29+where+type+%3D+%22emp%22+and+is_manager+%3D+True&scan_consistency=NOT_BOUNDED
2020-04-24 13:14:31 | INFO | MainProcess | test_thread | [tuq.run_cbq_query] TOTAL ELAPSED TIME: 12.054049ms
2020-04-24 13:14:31 | INFO | MainProcess | test_thread | [flex_index_phase1.compare_results_with_gsi] Number of results from flex query: select meta().id from default USE INDEX (custom_index USING FTS) where type = "emp" and is_manager = True is 488
2020-04-24 13:14:31 | INFO | MainProcess | test_thread | [tuq.run_cbq_query] RUN QUERY select meta().id from default where type = "emp" and is_manager = True
2020-04-24 13:14:31 | INFO | MainProcess | test_thread | [rest_client.query_tool] query params : statement=select+meta%28%29.id+from+default+where+type+%3D+%22emp%22+and+is_manager+%3D+True&scan_consistency=NOT_BOUNDED
2020-04-24 13:14:31 | INFO | MainProcess | test_thread | [tuq.run_cbq_query] TOTAL ELAPSED TIME: 64.171681ms
2020-04-24 13:14:31 | INFO | MainProcess | test_thread | [flex_index_phase1.compare_results_with_gsi] Number of results from gsi query: select meta().id from default where type = "emp" and is_manager = True is 488
2020-04-24 13:14:31 | INFO | MainProcess | test_thread | [flex_index_phase1.run_queries_and_validate] ======== Done =======
2020-04-24 13:14:31 | INFO | MainProcess | test_thread | [flex_index_phase1.run_queries_and_validate] ======== Running Query # 40 =======
2020-04-24 13:14:31 | INFO | MainProcess | test_thread | [flex_index_phase1.run_queries_and_validate] Query : explain select meta().id from default USE INDEX (custom_index USING FTS) where type = "emp" and is_manager = False
2020-04-24 13:14:31 | INFO | MainProcess | test_thread | [tuq.run_cbq_query] RUN QUERY explain select meta().id from default USE INDEX (custom_index USING FTS) where type = "emp" and is_manager = False
2020-04-24 13:14:31 | INFO | MainProcess | test_thread | [rest_client.query_tool] query params : statement=explain+select+meta%28%29.id+from+default+USE+INDEX+%28custom_index+USING+FTS%29+where+type+%3D+%22emp%22+and+is_manager+%3D+False&scan_consistency=NOT_BOUNDED
2020-04-24 13:14:31 | INFO | MainProcess | test_thread | [tuq.run_cbq_query] TOTAL ELAPSED TIME: 1.821481ms
2020-04-24 13:14:31 | INFO | MainProcess | test_thread | [tuq.run_cbq_query] RUN QUERY select meta().id from default USE INDEX (custom_index USING FTS) where type = "emp" and is_manager = False
2020-04-24 13:14:31 | INFO | MainProcess | test_thread | [rest_client.query_tool] query params : statement=select+meta%28%29.id+from+default+USE+INDEX+%28custom_index+USING+FTS%29+where+type+%3D+%22emp%22+and+is_manager+%3D+False&scan_consistency=NOT_BOUNDED
2020-04-24 13:14:31 | INFO | MainProcess | test_thread | [tuq.run_cbq_query] TOTAL ELAPSED TIME: 8.668572ms
2020-04-24 13:14:31 | INFO | MainProcess | test_thread | [flex_index_phase1.compare_results_with_gsi] Number of results from flex query: select meta().id from default USE INDEX (custom_index USING FTS) where type = "emp" and is_manager = False is 512
2020-04-24 13:14:31 | INFO | MainProcess | test_thread | [tuq.run_cbq_query] RUN QUERY select meta().id from default where type = "emp" and is_manager = False
2020-04-24 13:14:31 | INFO | MainProcess | test_thread | [rest_client.query_tool] query params : statement=select+meta%28%29.id+from+default+where+type+%3D+%22emp%22+and+is_manager+%3D+False&scan_consistency=NOT_BOUNDED
2020-04-24 13:14:32 | INFO | MainProcess | test_thread | [tuq.run_cbq_query] TOTAL ELAPSED TIME: 58.841426ms
2020-04-24 13:14:32 | INFO | MainProcess | test_thread | [flex_index_phase1.compare_results_with_gsi] Number of results from gsi query: select meta().id from default where type = "emp" and is_manager = False is 512
2020-04-24 13:14:32 | INFO | MainProcess | test_thread | [flex_index_phase1.run_queries_and_validate] ======== Done =======
2020-04-24 13:14:32 | INFO | MainProcess | test_thread | [flex_index_phase1.run_queries_and_validate] ======== Running Query # 41 =======
2020-04-24 13:14:32 | INFO | MainProcess | test_thread | [flex_index_phase1.run_queries_and_validate] Query : explain select meta().id from default USE INDEX (custom_index USING FTS) where type = "emp" and is_manager
2020-04-24 13:14:32 | INFO | MainProcess | test_thread | [tuq.run_cbq_query] RUN QUERY explain select meta().id from default USE INDEX (custom_index USING FTS) where type = "emp" and is_manager
2020-04-24 13:14:32 | INFO | MainProcess | test_thread | [rest_client.query_tool] query params : statement=explain+select+meta%28%29.id+from+default+USE+INDEX+%28custom_index+USING+FTS%29+where+type+%3D+%22emp%22+and+is_manager&scan_consistency=NOT_BOUNDED
2020-04-24 13:14:32 | INFO | MainProcess | test_thread | [tuq.run_cbq_query] TOTAL ELAPSED TIME: 1.279213ms
2020-04-24 13:14:32 | INFO | MainProcess | test_thread | [flex_index_phase1.run_queries_and_validate] Failed to find fts index name in plan query
2020-04-24 13:14:32 | ERROR | MainProcess | test_thread | [flex_index_phase1.run_queries_and_validate] False is not true
2020-04-24 13:14:32 | INFO | MainProcess | test_thread | [flex_index_phase1.run_queries_and_validate] ======== Running Query # 42 =======
2020-04-24 13:14:32 | INFO | MainProcess | test_thread | [flex_index_phase1.run_queries_and_validate] Query : explain select meta().id from default USE INDEX (custom_index USING FTS) where type = "emp" and name between "Amara" and "Rogers"
2020-04-24 13:14:32 | INFO | MainProcess | test_thread | [tuq.run_cbq_query] RUN QUERY explain select meta().id from default USE INDEX (custom_index USING FTS) where type = "emp" and name between "Amara" and "Rogers"
2020-04-24 13:14:32 | INFO | MainProcess | test_thread | [rest_client.query_tool] query params : statement=explain+select+meta%28%29.id+from+default+USE+INDEX+%28custom_index+USING+FTS%29+where+type+%3D+%22emp%22+and+name+between+%22Amara%22+and+%22Rogers%22&scan_consistency=NOT_BOUNDED
2020-04-24 13:14:32 | INFO | MainProcess | test_thread | [tuq.run_cbq_query] TOTAL ELAPSED TIME: 1.782993ms
2020-04-24 13:14:32 | INFO | MainProcess | test_thread | [tuq.run_cbq_query] RUN QUERY select meta().id from default USE INDEX (custom_index USING FTS) where type = "emp" and name between "Amara" and "Rogers"
2020-04-24 13:14:32 | INFO | MainProcess | test_thread | [rest_client.query_tool] query params : statement=select+meta%28%29.id+from+default+USE+INDEX+%28custom_index+USING+FTS%29+where+type+%3D+%22emp%22+and+name+between+%22Amara%22+and+%22Rogers%22&scan_consistency=NOT_BOUNDED
2020-04-24 13:14:32 | INFO | MainProcess | test_thread | [tuq.run_cbq_query] TOTAL ELAPSED TIME: 2.181686ms
2020-04-24 13:14:32 | INFO | MainProcess | test_thread | [flex_index_phase1.compare_results_with_gsi] Number of results from flex query: select meta().id from default USE INDEX (custom_index USING FTS) where type = "emp" and name between "Amara" and "Rogers" is 0
2020-04-24 13:14:32 | INFO | MainProcess | test_thread | [tuq.run_cbq_query] RUN QUERY select meta().id from default where type = "emp" and name between "Amara" and "Rogers"
2020-04-24 13:14:32 | INFO | MainProcess | test_thread | [rest_client.query_tool] query params : statement=select+meta%28%29.id+from+default+where+type+%3D+%22emp%22+and+name+between+%22Amara%22+and+%22Rogers%22&scan_consistency=NOT_BOUNDED
2020-04-24 13:14:32 | INFO | MainProcess | test_thread | [tuq.run_cbq_query] TOTAL ELAPSED TIME: 73.64237ms
2020-04-24 13:14:32 | INFO | MainProcess | test_thread | [flex_index_phase1.compare_results_with_gsi] Number of results from gsi query: select meta().id from default where type = "emp" and name between "Amara" and "Rogers" is 784
2020-04-24 13:14:32 | ERROR | MainProcess | test_thread | [flex_index_phase1.run_queries_and_validate] Result mismatch found
2020-04-24 13:14:32 | INFO | MainProcess | test_thread | [flex_index_phase1.run_queries_and_validate] ======== Done =======
2020-04-24 13:14:32 | INFO | MainProcess | test_thread | [flex_index_phase1.run_queries_and_validate] ======== Running Query # 43 =======
2020-04-24 13:14:32 | INFO | MainProcess | test_thread | [flex_index_phase1.run_queries_and_validate] Query : explain select meta().id from default USE INDEX (custom_index USING FTS) where type = "emp" and name between "Tempest" and "Dominique"
2020-04-24 13:14:32 | INFO | MainProcess | test_thread | [tuq.run_cbq_query] RUN QUERY explain select meta().id from default USE INDEX (custom_index USING FTS) where type = "emp" and name between "Tempest" and "Dominique"
2020-04-24 13:14:32 | INFO | MainProcess | test_thread | [rest_client.query_tool] query params : statement=explain+select+meta%28%29.id+from+default+USE+INDEX+%28custom_index+USING+FTS%29+where+type+%3D+%22emp%22+and+name+between+%22Tempest%22+and+%22Dominique%22&scan_consistency=NOT_BOUNDED
2020-04-24 13:14:32 | INFO | MainProcess | test_thread | [tuq.run_cbq_query] TOTAL ELAPSED TIME: 1.735294ms
2020-04-24 13:14:32 | INFO | MainProcess | test_thread | [tuq.run_cbq_query] RUN QUERY select meta().id from default USE INDEX (custom_index USING FTS) where type = "emp" and name between "Tempest" and "Dominique"
2020-04-24 13:14:32 | INFO | MainProcess | test_thread | [rest_client.query_tool] query params : statement=select+meta%28%29.id+from+default+USE+INDEX+%28custom_index+USING+FTS%29+where+type+%3D+%22emp%22+and+name+between+%22Tempest%22+and+%22Dominique%22&scan_consistency=NOT_BOUNDED
2020-04-24 13:14:32 | INFO | MainProcess | test_thread | [tuq.run_cbq_query] TOTAL ELAPSED TIME: 2.548675ms
2020-04-24 13:14:32 | INFO | MainProcess | test_thread | [flex_index_phase1.compare_results_with_gsi] Number of results from flex query: select meta().id from default USE INDEX (custom_index USING FTS) where type = "emp" and name between "Tempest" and "Dominique" is 0
2020-04-24 13:14:32 | INFO | MainProcess | test_thread | [tuq.run_cbq_query] RUN QUERY select meta().id from default where type = "emp" and name between "Tempest" and "Dominique"
2020-04-24 13:14:32 | INFO | MainProcess | test_thread | [rest_client.query_tool] query params : statement=select+meta%28%29.id+from+default+where+type+%3D+%22emp%22+and+name+between+%22Tempest%22+and+%22Dominique%22&scan_consistency=NOT_BOUNDED
2020-04-24 13:14:32 | INFO | MainProcess | test_thread | [tuq.run_cbq_query] TOTAL ELAPSED TIME: 60.115431ms
2020-04-24 13:14:32 | INFO | MainProcess | test_thread | [flex_index_phase1.compare_results_with_gsi] Number of results from gsi query: select meta().id from default where type = "emp" and name between "Tempest" and "Dominique" is 0
2020-04-24 13:14:32 | INFO | MainProcess | test_thread | [flex_index_phase1.run_queries_and_validate] ======== Done =======
2020-04-24 13:14:32 | INFO | MainProcess | test_thread | [flex_index_phase1.run_queries_and_validate] ======== Running Query # 44 =======
2020-04-24 13:14:32 | INFO | MainProcess | test_thread | [flex_index_phase1.run_queries_and_validate] Query : explain select meta().id from default USE INDEX (custom_index USING FTS) where type = "emp" and name between "Mia" and "Sirena"
2020-04-24 13:14:32 | INFO | MainProcess | test_thread | [tuq.run_cbq_query] RUN QUERY explain select meta().id from default USE INDEX (custom_index USING FTS) where type = "emp" and name between "Mia" and "Sirena"
2020-04-24 13:14:32 | INFO | MainProcess | test_thread | [rest_client.query_tool] query params : statement=explain+select+meta%28%29.id+from+default+USE+INDEX+%28custom_index+USING+FTS%29+where+type+%3D+%22emp%22+and+name+between+%22Mia%22+and+%22Sirena%22&scan_consistency=NOT_BOUNDED
2020-04-24 13:14:33 | INFO | MainProcess | test_thread | [tuq.run_cbq_query] TOTAL ELAPSED TIME: 1.720857ms
2020-04-24 13:14:33 | INFO | MainProcess | test_thread | [tuq.run_cbq_query] RUN QUERY select meta().id from default USE INDEX (custom_index USING FTS) where type = "emp" and name between "Mia" and "Sirena"
2020-04-24 13:14:33 | INFO | MainProcess | test_thread | [rest_client.query_tool] query params : statement=select+meta%28%29.id+from+default+USE+INDEX+%28custom_index+USING+FTS%29+where+type+%3D+%22emp%22+and+name+between+%22Mia%22+and+%22Sirena%22&scan_consistency=NOT_BOUNDED
2020-04-24 13:14:33 | INFO | MainProcess | test_thread | [tuq.run_cbq_query] TOTAL ELAPSED TIME: 2.34719ms
2020-04-24 13:14:33 | INFO | MainProcess | test_thread | [flex_index_phase1.compare_results_with_gsi] Number of results from flex query: select meta().id from default USE INDEX (custom_index USING FTS) where type = "emp" and name between "Mia" and "Sirena" is 0
2020-04-24 13:14:33 | INFO | MainProcess | test_thread | [tuq.run_cbq_query] RUN QUERY select meta().id from default where type = "emp" and name between "Mia" and "Sirena"
2020-04-24 13:14:33 | INFO | MainProcess | test_thread | [rest_client.query_tool] query params : statement=select+meta%28%29.id+from+default+where+type+%3D+%22emp%22+and+name+between+%22Mia%22+and+%22Sirena%22&scan_consistency=NOT_BOUNDED
2020-04-24 13:14:33 | INFO | MainProcess | test_thread | [tuq.run_cbq_query] TOTAL ELAPSED TIME: 62.679692ms
2020-04-24 13:14:33 | INFO | MainProcess | test_thread | [flex_index_phase1.compare_results_with_gsi] Number of results from gsi query: select meta().id from default where type = "emp" and name between "Mia" and "Sirena" is 102
2020-04-24 13:14:33 | ERROR | MainProcess | test_thread | [flex_index_phase1.run_queries_and_validate] Result mismatch found
2020-04-24 13:14:33 | INFO | MainProcess | test_thread | [flex_index_phase1.run_queries_and_validate] ======== Done =======
2020-04-24 13:14:33 | INFO | MainProcess | test_thread | [flex_index_phase1.run_queries_and_validate] ======== Running Query # 45 =======
2020-04-24 13:14:33 | INFO | MainProcess | test_thread | [flex_index_phase1.run_queries_and_validate] Query : explain select meta().id from default USE INDEX (custom_index USING FTS) where type = "emp" and name between "Delores" and "Green"
2020-04-24 13:14:33 | INFO | MainProcess | test_thread | [tuq.run_cbq_query] RUN QUERY explain select meta().id from default USE INDEX (custom_index USING FTS) where type = "emp" and name between "Delores" and "Green"
2020-04-24 13:14:33 | INFO | MainProcess | test_thread | [rest_client.query_tool] query params : statement=explain+select+meta%28%29.id+from+default+USE+INDEX+%28custom_index+USING+FTS%29+where+type+%3D+%22emp%22+and+name+between+%22Delores%22+and+%22Green%22&scan_consistency=NOT_BOUNDED
2020-04-24 13:14:33 | INFO | MainProcess | test_thread | [tuq.run_cbq_query] TOTAL ELAPSED TIME: 1.681297ms
2020-04-24 13:14:33 | INFO | MainProcess | test_thread | [tuq.run_cbq_query] RUN QUERY select meta().id from default USE INDEX (custom_index USING FTS) where type = "emp" and name between "Delores" and "Green"
2020-04-24 13:14:33 | INFO | MainProcess | test_thread | [rest_client.query_tool] query params : statement=select+meta%28%29.id+from+default+USE+INDEX+%28custom_index+USING+FTS%29+where+type+%3D+%22emp%22+and+name+between+%22Delores%22+and+%22Green%22&scan_consistency=NOT_BOUNDED
2020-04-24 13:14:33 | INFO | MainProcess | test_thread | [tuq.run_cbq_query] TOTAL ELAPSED TIME: 3.070605ms
2020-04-24 13:14:33 | INFO | MainProcess | test_thread | [flex_index_phase1.compare_results_with_gsi] Number of results from flex query: select meta().id from default USE INDEX (custom_index USING FTS) where type = "emp" and name between "Delores" and "Green" is 0
2020-04-24 13:14:33 | INFO | MainProcess | test_thread | [tuq.run_cbq_query] RUN QUERY select meta().id from default where type = "emp" and name between "Delores" and "Green"
2020-04-24 13:14:33 | INFO | MainProcess | test_thread | [rest_client.query_tool] query params : statement=select+meta%28%29.id+from+default+where+type+%3D+%22emp%22+and+name+between+%22Delores%22+and+%22Green%22&scan_consistency=NOT_BOUNDED
2020-04-24 13:14:33 | INFO | MainProcess | test_thread | [tuq.run_cbq_query] TOTAL ELAPSED TIME: 66.037632ms
2020-04-24 13:14:33 | INFO | MainProcess | test_thread | [flex_index_phase1.compare_results_with_gsi] Number of results from gsi query: select meta().id from default where type = "emp" and name between "Delores" and "Green" is 166
2020-04-24 13:14:33 | ERROR | MainProcess | test_thread | [flex_index_phase1.run_queries_and_validate] Result mismatch found
2020-04-24 13:14:33 | INFO | MainProcess | test_thread | [flex_index_phase1.run_queries_and_validate] ======== Done =======
2020-04-24 13:14:33 | INFO | MainProcess | test_thread | [flex_index_phase1.run_queries_and_validate] ======== Running Query # 46 =======
2020-04-24 13:14:33 | INFO | MainProcess | test_thread | [flex_index_phase1.run_queries_and_validate] Query : explain select meta().id from default USE INDEX (custom_index USING FTS) where type = "emp" and name between "Keelia" and "Kala"
2020-04-24 13:14:33 | INFO | MainProcess | test_thread | [tuq.run_cbq_query] RUN QUERY explain select meta().id from default USE INDEX (custom_index USING FTS) where type = "emp" and name between "Keelia" and "Kala"
2020-04-24 13:14:33 | INFO | MainProcess | test_thread | [rest_client.query_tool] query params : statement=explain+select+meta%28%29.id+from+default+USE+INDEX+%28custom_index+USING+FTS%29+where+type+%3D+%22emp%22+and+name+between+%22Keelia%22+and+%22Kala%22&scan_consistency=NOT_BOUNDED
2020-04-24 13:14:33 | INFO | MainProcess | test_thread | [tuq.run_cbq_query] TOTAL ELAPSED TIME: 1.847461ms
2020-04-24 13:14:33 | INFO | MainProcess | test_thread | [tuq.run_cbq_query] RUN QUERY select meta().id from default USE INDEX (custom_index USING FTS) where type = "emp" and name between "Keelia" and "Kala"
2020-04-24 13:14:33 | INFO | MainProcess | test_thread | [rest_client.query_tool] query params : statement=select+meta%28%29.id+from+default+USE+INDEX+%28custom_index+USING+FTS%29+where+type+%3D+%22emp%22+and+name+between+%22Keelia%22+and+%22Kala%22&scan_consistency=NOT_BOUNDED
2020-04-24 13:14:33 | INFO | MainProcess | test_thread | [tuq.run_cbq_query] TOTAL ELAPSED TIME: 2.226958ms
2020-04-24 13:14:33 | INFO | MainProcess | test_thread | [flex_index_phase1.compare_results_with_gsi] Number of results from flex query: select meta().id from default USE INDEX (custom_index USING FTS) where type = "emp" and name between "Keelia" and "Kala" is 0
2020-04-24 13:14:33 | INFO | MainProcess | test_thread | [tuq.run_cbq_query] RUN QUERY select meta().id from default where type = "emp" and name between "Keelia" and "Kala"
2020-04-24 13:14:33 | INFO | MainProcess | test_thread | [rest_client.query_tool] query params : statement=select+meta%28%29.id+from+default+where+type+%3D+%22emp%22+and+name+between+%22Keelia%22+and+%22Kala%22&scan_consistency=NOT_BOUNDED
2020-04-24 13:14:34 | INFO | MainProcess | test_thread | [tuq.run_cbq_query] TOTAL ELAPSED TIME: 62.585824ms
2020-04-24 13:14:34 | INFO | MainProcess | test_thread | [flex_index_phase1.compare_results_with_gsi] Number of results from gsi query: select meta().id from default where type = "emp" and name between "Keelia" and "Kala" is 0
2020-04-24 13:14:34 | INFO | MainProcess | test_thread | [flex_index_phase1.run_queries_and_validate] ======== Done =======
2020-04-24 13:14:34 | INFO | MainProcess | test_thread | [flex_index_phase1.run_queries_and_validate] ======== Running Query # 47 =======
2020-04-24 13:14:34 | INFO | MainProcess | test_thread | [flex_index_phase1.run_queries_and_validate] Query : explain select meta().id from default USE INDEX (custom_index USING FTS) where type = "emp" and name > "Caryssa" and name < "Joby"
2020-04-24 13:14:34 | INFO | MainProcess | test_thread | [tuq.run_cbq_query] RUN QUERY explain select meta().id from default USE INDEX (custom_index USING FTS) where type = "emp" and name > "Caryssa" and name < "Joby"
2020-04-24 13:14:34 | INFO | MainProcess | test_thread | [rest_client.query_tool] query params : statement=explain+select+meta%28%29.id+from+default+USE+INDEX+%28custom_index+USING+FTS%29+where+type+%3D+%22emp%22+and+name+%3E+%22Caryssa%22+and+name+%3C+%22Joby%22&scan_consistency=NOT_BOUNDED
2020-04-24 13:14:34 | INFO | MainProcess | test_thread | [tuq.run_cbq_query] TOTAL ELAPSED TIME: 1.847527ms
2020-04-24 13:14:34 | INFO | MainProcess | test_thread | [tuq.run_cbq_query] RUN QUERY select meta().id from default USE INDEX (custom_index USING FTS) where type = "emp" and name > "Caryssa" and name < "Joby"
2020-04-24 13:14:34 | INFO | MainProcess | test_thread | [rest_client.query_tool] query params : statement=select+meta%28%29.id+from+default+USE+INDEX+%28custom_index+USING+FTS%29+where+type+%3D+%22emp%22+and+name+%3E+%22Caryssa%22+and+name+%3C+%22Joby%22&scan_consistency=NOT_BOUNDED
2020-04-24 13:14:34 | INFO | MainProcess | test_thread | [tuq.run_cbq_query] TOTAL ELAPSED TIME: 2.286832ms
2020-04-24 13:14:34 | INFO | MainProcess | test_thread | [flex_index_phase1.compare_results_with_gsi] Number of results from flex query: select meta().id from default USE INDEX (custom_index USING FTS) where type = "emp" and name > "Caryssa" and name < "Joby" is 0
2020-04-24 13:14:34 | INFO | MainProcess | test_thread | [tuq.run_cbq_query] RUN QUERY select meta().id from default where type = "emp" and name > "Caryssa" and name < "Joby"
2020-04-24 13:14:34 | INFO | MainProcess | test_thread | [rest_client.query_tool] query params : statement=select+meta%28%29.id+from+default+where+type+%3D+%22emp%22+and+name+%3E+%22Caryssa%22+and+name+%3C+%22Joby%22&scan_consistency=NOT_BOUNDED
2020-04-24 13:14:34 | INFO | MainProcess | test_thread | [tuq.run_cbq_query] TOTAL ELAPSED TIME: 60.615011ms
2020-04-24 13:14:34 | INFO | MainProcess | test_thread | [flex_index_phase1.compare_results_with_gsi] Number of results from gsi query: select meta().id from default where type = "emp" and name > "Caryssa" and name < "Joby" is 359
2020-04-24 13:14:34 | ERROR | MainProcess | test_thread | [flex_index_phase1.run_queries_and_validate] Result mismatch found
2020-04-24 13:14:34 | INFO | MainProcess | test_thread | [flex_index_phase1.run_queries_and_validate] ======== Done =======
2020-04-24 13:14:34 | INFO | MainProcess | test_thread | [flex_index_phase1.run_queries_and_validate] ======== Running Query # 48 =======
2020-04-24 13:14:34 | INFO | MainProcess | test_thread | [flex_index_phase1.run_queries_and_validate] Query : explain select meta().id from default USE INDEX (custom_index USING FTS) where type = "emp" and name >= "Thea" and name <= "Maura"
2020-04-24 13:14:34 | INFO | MainProcess | test_thread | [tuq.run_cbq_query] RUN QUERY explain select meta().id from default USE INDEX (custom_index USING FTS) where type = "emp" and name >= "Thea" and name <= "Maura"
2020-04-24 13:14:34 | INFO | MainProcess | test_thread | [rest_client.query_tool] query params : statement=explain+select+meta%28%29.id+from+default+USE+INDEX+%28custom_index+USING+FTS%29+where+type+%3D+%22emp%22+and+name+%3E%3D+%22Thea%22+and+name+%3C%3D+%22Maura%22&scan_consistency=NOT_BOUNDED
2020-04-24 13:14:34 | INFO | MainProcess | test_thread | [tuq.run_cbq_query] TOTAL ELAPSED TIME: 2.336733ms
2020-04-24 13:14:34 | INFO | MainProcess | test_thread | [tuq.run_cbq_query] RUN QUERY select meta().id from default USE INDEX (custom_index USING FTS) where type = "emp" and name >= "Thea" and name <= "Maura"
2020-04-24 13:14:34 | INFO | MainProcess | test_thread | [rest_client.query_tool] query params : statement=select+meta%28%29.id+from+default+USE+INDEX+%28custom_index+USING+FTS%29+where+type+%3D+%22emp%22+and+name+%3E%3D+%22Thea%22+and+name+%3C%3D+%22Maura%22&scan_consistency=NOT_BOUNDED
2020-04-24 13:14:34 | INFO | MainProcess | test_thread | [tuq.run_cbq_query] TOTAL ELAPSED TIME: 2.671046ms
2020-04-24 13:14:34 | INFO | MainProcess | test_thread | [flex_index_phase1.compare_results_with_gsi] Number of results from flex query: select meta().id from default USE INDEX (custom_index USING FTS) where type = "emp" and name >= "Thea" and name <= "Maura" is 0
2020-04-24 13:14:34 | INFO | MainProcess | test_thread | [tuq.run_cbq_query] RUN QUERY select meta().id from default where type = "emp" and name >= "Thea" and name <= "Maura"
2020-04-24 13:14:34 | INFO | MainProcess | test_thread | [rest_client.query_tool] query params : statement=select+meta%28%29.id+from+default+where+type+%3D+%22emp%22+and+name+%3E%3D+%22Thea%22+and+name+%3C%3D+%22Maura%22&scan_consistency=NOT_BOUNDED
2020-04-24 13:14:34 | INFO | MainProcess | test_thread | [tuq.run_cbq_query] TOTAL ELAPSED TIME: 68.596106ms
2020-04-24 13:14:34 | INFO | MainProcess | test_thread | [flex_index_phase1.compare_results_with_gsi] Number of results from gsi query: select meta().id from default where type = "emp" and name >= "Thea" and name <= "Maura" is 0
2020-04-24 13:14:34 | INFO | MainProcess | test_thread | [flex_index_phase1.run_queries_and_validate] ======== Done =======
2020-04-24 13:14:34 | INFO | MainProcess | test_thread | [flex_index_phase1.run_queries_and_validate] ======== Running Query # 49 =======
2020-04-24 13:14:34 | INFO | MainProcess | test_thread | [flex_index_phase1.run_queries_and_validate] Query : explain select meta().id from default USE INDEX (custom_index USING FTS) where type = "emp" and name >= "Lucretia" and name < "Wilson"
2020-04-24 13:14:34 | INFO | MainProcess | test_thread | [tuq.run_cbq_query] RUN QUERY explain select meta().id from default USE INDEX (custom_index USING FTS) where type = "emp" and name >= "Lucretia" and name < "Wilson"
2020-04-24 13:14:34 | INFO | MainProcess | test_thread | [rest_client.query_tool] query params : statement=explain+select+meta%28%29.id+from+default+USE+INDEX+%28custom_index+USING+FTS%29+where+type+%3D+%22emp%22+and+name+%3E%3D+%22Lucretia%22+and+name+%3C+%22Wilson%22&scan_consistency=NOT_BOUNDED
2020-04-24 13:14:34 | INFO | MainProcess | test_thread | [tuq.run_cbq_query] TOTAL ELAPSED TIME: 1.725053ms
2020-04-24 13:14:34 | INFO | MainProcess | test_thread | [tuq.run_cbq_query] RUN QUERY select meta().id from default USE INDEX (custom_index USING FTS) where type = "emp" and name >= "Lucretia" and name < "Wilson"
2020-04-24 13:14:34 | INFO | MainProcess | test_thread | [rest_client.query_tool] query params : statement=select+meta%28%29.id+from+default+USE+INDEX+%28custom_index+USING+FTS%29+where+type+%3D+%22emp%22+and+name+%3E%3D+%22Lucretia%22+and+name+%3C+%22Wilson%22&scan_consistency=NOT_BOUNDED
2020-04-24 13:14:35 | INFO | MainProcess | test_thread | [tuq.run_cbq_query] TOTAL ELAPSED TIME: 2.522602ms
2020-04-24 13:14:35 | INFO | MainProcess | test_thread | [flex_index_phase1.compare_results_with_gsi] Number of results from flex query: select meta().id from default USE INDEX (custom_index USING FTS) where type = "emp" and name >= "Lucretia" and name < "Wilson" is 0
2020-04-24 13:14:35 | INFO | MainProcess | test_thread | [tuq.run_cbq_query] RUN QUERY select meta().id from default where type = "emp" and name >= "Lucretia" and name < "Wilson"
2020-04-24 13:14:35 | INFO | MainProcess | test_thread | [rest_client.query_tool] query params : statement=select+meta%28%29.id+from+default+where+type+%3D+%22emp%22+and+name+%3E%3D+%22Lucretia%22+and+name+%3C+%22Wilson%22&scan_consistency=NOT_BOUNDED
2020-04-24 13:14:35 | INFO | MainProcess | test_thread | [tuq.run_cbq_query] TOTAL ELAPSED TIME: 65.566674ms
2020-04-24 13:14:35 | INFO | MainProcess | test_thread | [flex_index_phase1.compare_results_with_gsi] Number of results from gsi query: select meta().id from default where type = "emp" and name >= "Lucretia" and name < "Wilson" is 269
2020-04-24 13:14:35 | ERROR | MainProcess | test_thread | [flex_index_phase1.run_queries_and_validate] Result mismatch found
2020-04-24 13:14:35 | INFO | MainProcess | test_thread | [flex_index_phase1.run_queries_and_validate] ======== Done =======
2020-04-24 13:14:35 | INFO | MainProcess | test_thread | [flex_index_phase1.run_queries_and_validate] ======== Running Query # 50 =======
2020-04-24 13:14:35 | INFO | MainProcess | test_thread | [flex_index_phase1.run_queries_and_validate] Query : explain select meta().id from default USE INDEX (custom_index USING FTS) where type = "emp" and name > "Fantine" and name <= "Alarice"
2020-04-24 13:14:35 | INFO | MainProcess | test_thread | [tuq.run_cbq_query] RUN QUERY explain select meta().id from default USE INDEX (custom_index USING FTS) where type = "emp" and name > "Fantine" and name <= "Alarice"
2020-04-24 13:14:35 | INFO | MainProcess | test_thread | [rest_client.query_tool] query params : statement=explain+select+meta%28%29.id+from+default+USE+INDEX+%28custom_index+USING+FTS%29+where+type+%3D+%22emp%22+and+name+%3E+%22Fantine%22+and+name+%3C%3D+%22Alarice%22&scan_consistency=NOT_BOUNDED
2020-04-24 13:14:35 | INFO | MainProcess | test_thread | [tuq.run_cbq_query] TOTAL ELAPSED TIME: 1.730501ms
2020-04-24 13:14:35 | INFO | MainProcess | test_thread | [tuq.run_cbq_query] RUN QUERY select meta().id from default USE INDEX (custom_index USING FTS) where type = "emp" and name > "Fantine" and name <= "Alarice"
2020-04-24 13:14:35 | INFO | MainProcess | test_thread | [rest_client.query_tool] query params : statement=select+meta%28%29.id+from+default+USE+INDEX+%28custom_index+USING+FTS%29+where+type+%3D+%22emp%22+and+name+%3E+%22Fantine%22+and+name+%3C%3D+%22Alarice%22&scan_consistency=NOT_BOUNDED
2020-04-24 13:14:35 | INFO | MainProcess | test_thread | [tuq.run_cbq_query] TOTAL ELAPSED TIME: 2.549802ms
2020-04-24 13:14:35 | INFO | MainProcess | test_thread | [flex_index_phase1.compare_results_with_gsi] Number of results from flex query: select meta().id from default USE INDEX (custom_index USING FTS) where type = "emp" and name > "Fantine" and name <= "Alarice" is 0
2020-04-24 13:14:35 | INFO | MainProcess | test_thread | [tuq.run_cbq_query] RUN QUERY select meta().id from default where type = "emp" and name > "Fantine" and name <= "Alarice"
2020-04-24 13:14:35 | INFO | MainProcess | test_thread | [rest_client.query_tool] query params : statement=select+meta%28%29.id+from+default+where+type+%3D+%22emp%22+and+name+%3E+%22Fantine%22+and+name+%3C%3D+%22Alarice%22&scan_consistency=NOT_BOUNDED
2020-04-24 13:14:35 | INFO | MainProcess | test_thread | [tuq.run_cbq_query] TOTAL ELAPSED TIME: 63.452755ms
2020-04-24 13:14:35 | INFO | MainProcess | test_thread | [flex_index_phase1.compare_results_with_gsi] Number of results from gsi query: select meta().id from default where type = "emp" and name > "Fantine" and name <= "Alarice" is 0
2020-04-24 13:14:35 | INFO | MainProcess | test_thread | [flex_index_phase1.run_queries_and_validate] ======== Done =======
2020-04-24 13:14:35 | INFO | MainProcess | test_thread | [flex_index_phase1.tearDown] ==============  FlexIndexTests tearDown has started ==============
2020-04-24 13:14:35 | INFO | MainProcess | test_thread | [tuq.run_cbq_query] RUN QUERY SELECT * FROM system:indexes
2020-04-24 13:14:35 | INFO | MainProcess | test_thread | [rest_client.query_tool] query params : statement=SELECT+%2A+FROM+system%3Aindexes&scan_consistency=NOT_BOUNDED
2020-04-24 13:14:35 | INFO | MainProcess | test_thread | [tuq.run_cbq_query] TOTAL ELAPSED TIME: 8.539566ms
2020-04-24 13:14:35 | INFO | MainProcess | test_thread | [tuq.run_cbq_query] RUN QUERY SELECT * FROM system:keyspaces
2020-04-24 13:14:35 | INFO | MainProcess | test_thread | [rest_client.query_tool] query params : statement=SELECT+%2A+FROM+system%3Akeyspaces&scan_consistency=NOT_BOUNDED
2020-04-24 13:14:35 | INFO | MainProcess | test_thread | [tuq.run_cbq_query] TOTAL ELAPSED TIME: 10.777987ms
2020-04-24 13:14:35 | INFO | MainProcess | test_thread | [tuq.log_config_info] ==============  System Config: ==============

2020-04-24 13:14:35 | INFO | MainProcess | test_thread | [tuq.run_cbq_query] RUN QUERY SELECT COUNT(*) FROM `default`
2020-04-24 13:14:35 | INFO | MainProcess | test_thread | [rest_client.query_tool] query params : statement=SELECT+COUNT%28%2A%29+FROM+%60default%60&scan_consistency=NOT_BOUNDED
2020-04-24 13:14:35 | INFO | MainProcess | test_thread | [tuq.run_cbq_query] TOTAL ELAPSED TIME: 9.33485ms
2020-04-24 13:14:35 | INFO | MainProcess | test_thread | [tuq.log_config_info] Bucket: default
2020-04-24 13:14:35 | INFO | MainProcess | test_thread | [tuq.log_config_info] Indexes: ['custom_index', 'primary_gsi_index']
2020-04-24 13:14:35 | INFO | MainProcess | test_thread | [tuq.log_config_info] Docs: 1000

2020-04-24 13:14:35 | INFO | MainProcess | test_thread | [tuq.log_config_info] =============================================
2020-04-24 13:14:35 | INFO | MainProcess | test_thread | [flex_index_phase1.tearDown] ==============  FlexIndexTests tearDown has completed ==============
2020-04-24 13:14:35 | INFO | MainProcess | test_thread | [tuq.tearDown] ==============  QueryTests tearDown has started ==============
2020-04-24 13:14:35 | INFO | MainProcess | test_thread | [tuq.tearDown] ==============  QueryTests tearDown has completed ==============
2020-04-24 13:14:36 | INFO | MainProcess | test_thread | [basetestcase.print_cluster_stats] ------- Cluster statistics -------
2020-04-24 13:14:36 | INFO | MainProcess | test_thread | [basetestcase.print_cluster_stats] 172.23.121.65:8091 => {'services': ['fts', 'index', 'kv', 'n1ql'], 'cpu_utilization': 14.17525773195876, 'mem_free': 2289885184, 'mem_total': 4366925824, 'swap_mem_used': 16515072, 'swap_mem_total': 3758092288}
2020-04-24 13:14:36 | INFO | MainProcess | test_thread | [basetestcase.print_cluster_stats] --- End of cluster statistics ---
2020-04-24 13:14:36 | INFO | MainProcess | test_thread | [basetestcase.tearDown] closing all ssh connections
2020-04-24 13:14:36 | INFO | MainProcess | test_thread | [basetestcase.tearDown] closing all memcached connections
downloading 172.23.121.65 ........................................................................................................................................................................................................................................................................................................................................................................................................................................................................................downloading 172.23.121.66 ..................................................downloading 172.23.121.67 .......................................................................................................................................................................................................................................................................downloading 172.23.121.68 ..........................................................................................................................................................................Cluster instance shutdown with force
summary so far suite tuqquery.flex_index_phase1.FlexIndexTests , pass 0 , fail 1
failures so far...
tuqquery.flex_index_phase1.FlexIndexTests.test_flex_single_typemapping_comp_ops
testrunner logs, diags and results are available under /Users/girishbenakappa/IdeaProjects/testrunner/logs/testrunner-20-Apr-24_13-12-16/test_1
Logs will be stored at /Users/girishbenakappa/IdeaProjects/testrunner/logs/testrunner-20-Apr-24_13-12-16/test_2

./testrunner -i test.ini -p get-cbcollect-info=False,get-logs=False,stop-on-failure=False,index_type=scorch,fts_quota=750 -t tuqquery.flex_index_phase1.FlexIndexTests.test_flex_single_typemapping_comp_ops,test_name=fts_index_exists,GROUP=P1,get-logs=False,stop-on-failure=False,GROUP=P1,doc-per-day=6,bucket_size=200,scan_consistency=NOT_BOUNDED,skip_load=True,items=1000,custom_map=True,GROUP=PS,get-cbcollect-info=False,disable_HTP=True,get-logs=False,stop-on-failure=False,cluster=D+F,index_type=scorch,fts_quota=750,custom_map_add_non_indexed_fields=False,text_analyzer=keyword,cm_id=1

Test Input params:
{'test_name': 'fts_index_exists', 'GROUP': 'PS', 'get-logs': 'False', 'stop-on-failure': 'False', 'doc-per-day': '6', 'bucket_size': '200', 'scan_consistency': 'NOT_BOUNDED', 'skip_load': 'True', 'items': '1000', 'custom_map': 'True', 'get-cbcollect-info': 'False', 'disable_HTP': 'True', 'cluster': 'D+F', 'index_type': 'scorch', 'fts_quota': '750', 'custom_map_add_non_indexed_fields': 'False', 'text_analyzer': 'keyword', 'cm_id': '1', 'ini': 'test.ini', 'cluster_name': 'test', 'spec': 'test', 'conf_file': 'test.conf', 'num_nodes': 4, 'case_number': 2, 'logs_folder': '/Users/girishbenakappa/IdeaProjects/testrunner/logs/testrunner-20-Apr-24_13-12-16/test_2'}
[2020-04-24 13:15:05,337] - [remote_util:259] INFO - connecting to 172.23.121.65 with username:root 
[2020-04-24 13:15:05,922] - [remote_util:304] INFO - Connected to 172.23.121.65
[2020-04-24 13:15:06,501] - [remote_util:3365] INFO - os_distro: CentOS, os_version: centos 7, is_linux_distro: True
[2020-04-24 13:15:07,160] - [remote_util:3518] INFO - extract_remote_info-->distribution_type: CentOS, distribution_version: centos 7
[2020-04-24 13:15:07,371] - [rest_client:2236] INFO - Node version in cluster 7.0.0-1834-enterprise
[2020-04-24 13:15:07,473] - [rest_client:2246] INFO - Node versions in cluster ['7.0.0-1834-enterprise']
[2020-04-24 13:15:07,474] - [basetestcase:230] INFO - ==============  basetestcase setup was started for test #2 test_flex_single_typemapping_comp_ops==============
[2020-04-24 13:15:07,476] - [basetestcase:262] INFO - any cluster operation in setup will be skipped
[2020-04-24 13:15:07,477] - [basetestcase:265] INFO - ==============  basetestcase setup was finished for test #2 test_flex_single_typemapping_comp_ops ==============
[2020-04-24 13:15:07,477] - [tuq:53] INFO - ==============  QueryTests setup has started ==============
[2020-04-24 13:15:07,480] - [remote_util:259] INFO - connecting to 172.23.121.65 with username:root 
[2020-04-24 13:15:08,049] - [remote_util:304] INFO - Connected to 172.23.121.65
[2020-04-24 13:15:08,615] - [remote_util:3365] INFO - os_distro: CentOS, os_version: centos 7, is_linux_distro: True
[2020-04-24 13:15:09,313] - [remote_util:3518] INFO - extract_remote_info-->distribution_type: CentOS, distribution_version: centos 7
[2020-04-24 13:15:09,431] - [remote_util:259] INFO - connecting to 172.23.121.65 with username:root 
[2020-04-24 13:15:10,000] - [remote_util:304] INFO - Connected to 172.23.121.65
[2020-04-24 13:15:10,556] - [remote_util:3365] INFO - os_distro: CentOS, os_version: centos 7, is_linux_distro: True
[2020-04-24 13:15:11,255] - [remote_util:3518] INFO - extract_remote_info-->distribution_type: CentOS, distribution_version: centos 7
[2020-04-24 13:15:11,260] - [tuq:743] INFO - Generating default:default data...
[2020-04-24 13:15:11,262] - [tuq:749] INFO - -->start:generate_docs_employee for default...
[2020-04-24 13:15:11,325] - [tuq:751] INFO - -->end:generate_docs_employee for default...
[2020-04-24 13:15:11,327] - [tuq:844] INFO - Completed Generating default:default data...
[2020-04-24 13:15:11,328] - [tuq:90] INFO - --->gens_load is done...
[2020-04-24 13:15:11,329] - [tuq:98] INFO - -->starting rest connection...
[2020-04-24 13:15:12,464] - [tuq:133] INFO - --> docs_per_day>0..generating TuqGenerators...
[2020-04-24 13:15:13,518] - [tuq:135] INFO - --> End: docs_per_day>0..generating TuqGenerators...
[2020-04-24 13:15:13,520] - [tuq:141] INFO - ----------------------------------------------------------------------------------------------------
[2020-04-24 13:15:13,521] - [tuq:142] INFO - Temp fix for MB-16888
[2020-04-24 13:15:13,522] - [remote_util:3220] INFO - running command.raw on 172.23.121.65: killall -9 cbq-engine
[2020-04-24 13:15:13,595] - [remote_util:3257] INFO - command executed successfully
[2020-04-24 13:15:13,596] - [remote_util:3220] INFO - running command.raw on 172.23.121.65: killall -9 indexer
[2020-04-24 13:15:13,712] - [remote_util:3257] INFO - command executed successfully
[2020-04-24 13:15:13,713] - [tuq:150] INFO - Error executing shell command: killall -9 cbq-engine! Error - bash: killall: command not found
[2020-04-24 13:15:13,714] - [tuq:152] INFO - Error executing shell command: killall -9 indexer! Error - bash: killall: command not found
[2020-04-24 13:15:13,715] - [tuq:153] INFO - ----------------------------------------------------------------------------------------------------
[2020-04-24 13:15:13,716] - [tuq:160] INFO - ==============  QueryTests setup has completed ==============
[2020-04-24 13:15:13,717] - [flex_index_phase1:25] INFO - ==============  FlexIndexTests setup has started ==============
[2020-04-24 13:15:13,768] - [tuq:1060] INFO - RUN QUERY SELECT * FROM system:indexes
[2020-04-24 13:15:13,769] - [rest_client:3596] INFO - query params : statement=SELECT+%2A+FROM+system%3Aindexes&scan_consistency=NOT_BOUNDED
[2020-04-24 13:15:13,831] - [tuq:1106] INFO - TOTAL ELAPSED TIME: 13.343842ms
[2020-04-24 13:15:13,882] - [tuq:1060] INFO - RUN QUERY SELECT * FROM system:keyspaces
[2020-04-24 13:15:13,883] - [rest_client:3596] INFO - query params : statement=SELECT+%2A+FROM+system%3Akeyspaces&scan_consistency=NOT_BOUNDED
[2020-04-24 13:15:13,944] - [tuq:1106] INFO - TOTAL ELAPSED TIME: 6.762612ms
[2020-04-24 13:15:13,945] - [tuq:237] INFO - ==============  System Config: ==============

[2020-04-24 13:15:13,994] - [tuq:1060] INFO - RUN QUERY SELECT COUNT(*) FROM `default`
[2020-04-24 13:15:13,995] - [rest_client:3596] INFO - query params : statement=SELECT+COUNT%28%2A%29+FROM+%60default%60&scan_consistency=NOT_BOUNDED
[2020-04-24 13:15:14,052] - [tuq:1106] INFO - TOTAL ELAPSED TIME: 9.489706ms
[2020-04-24 13:15:14,052] - [tuq:245] INFO - Bucket: default
[2020-04-24 13:15:14,053] - [tuq:246] INFO - Indexes: ['primary_gsi_index', 'custom_index']
[2020-04-24 13:15:14,053] - [tuq:247] INFO - Docs: 1000

[2020-04-24 13:15:14,054] - [tuq:248] INFO - =============================================
[2020-04-24 13:15:14,054] - [flex_index_phase1:28] INFO - ==============  FlexIndexTests setup has completed ==============
[2020-04-24 13:15:16,831] - [rest_client:3418] INFO - Flush for bucket 'default' was triggered
[2020-04-24 13:15:17,271] - [data_helper:304] INFO - creating direct client 172.23.121.65:11210 default
[2020-04-24 13:15:20,314] - [rest_client:2964] INFO - SUCCESS: FTS RAM quota set to 750mb
{'number': ['manages_team_size'], 'datetime': ['join_date']}
[2020-04-24 13:15:20,432] - [fts_base:676] INFO - {
   "mapping": {
      "default_mapping": {
         "enabled": false,
         "dynamic": true,
         "default_analyzer": ""
      },
      "type_field": "type",
      "default_type": "_default",
      "default_analyzer": "standard",
      "default_datetime_parser": "dateTimeOptional",
      "default_field": "_all",
      "analysis": {},
      "types": {
         "emp": {
            "dynamic": false,
            "enabled": true,
            "fields": [],
            "properties": {
               "manages": {
                  "dynamic": false,
                  "enabled": true,
                  "fields": [],
                  "properties": {
                     "team_size": {
                        "dynamic": false,
                        "enabled": true,
                        "properties": {},
                        "fields": [
                           {
                              "include_in_all": true,
                              "include_term_vectors": true,
                              "index": true,
                              "name": "team_size",
                              "store": false,
                              "type": "number",
                              "analyzer": ""
                           }
                        ]
                     }
                  }
               },
               "join_date": {
                  "dynamic": false,
                  "enabled": true,
                  "properties": {},
                  "fields": [
                     {
                        "include_in_all": true,
                        "include_term_vectors": true,
                        "index": true,
                        "name": "join_date",
                        "store": false,
                        "type": "datetime",
                        "analyzer": ""
                     }
                  ]
               }
            }
         }
      }
   },
   "store": {
      "kvStoreName": "mossStore",
      "mossStoreOptions": {},
      "indexType": "scorch"
   }
}
[2020-04-24 13:15:20,433] - [fts_base:909] INFO - Checking if index already exists ...
[2020-04-24 13:15:20,726] - [fts_base:918] INFO - Creating fulltext-index custom_index on 172.23.121.65
[2020-04-24 13:15:20,727] - [rest_client:2973] INFO - {"type": "fulltext-index", "name": "custom_index", "uuid": "", "params": {"mapping": {"default_mapping": {"enabled": false, "dynamic": true, "default_analyzer": ""}, "type_field": "type", "default_type": "_default", "default_analyzer": "standard", "default_datetime_parser": "dateTimeOptional", "default_field": "_all", "analysis": {}, "types": {"emp": {"dynamic": false, "enabled": true, "fields": [], "properties": {"manages": {"dynamic": false, "enabled": true, "fields": [], "properties": {"team_size": {"dynamic": false, "enabled": true, "properties": {}, "fields": [{"include_in_all": true, "include_term_vectors": true, "index": true, "name": "team_size", "store": false, "type": "number", "analyzer": ""}]}}}, "join_date": {"dynamic": false, "enabled": true, "properties": {}, "fields": [{"include_in_all": true, "include_term_vectors": true, "index": true, "name": "join_date", "store": false, "type": "datetime", "analyzer": ""}]}}}}}, "store": {"kvStoreName": "mossStore", "mossStoreOptions": {}, "indexType": "scorch"}}, "sourceType": "couchbase", "sourceName": "default", "sourceUUID": "", "planParams": {"numReplicas": 0}, "sourceParams": {}}
[2020-04-24 13:15:20,916] - [rest_client:2980] INFO - Index custom_index created
[2020-04-24 13:15:20,917] - [basetestcase:577] INFO - sleep for 10 secs.  ...
[2020-04-24 13:15:31,220] - [tuq:1060] INFO - RUN QUERY SELECT * FROM system:indexes
[2020-04-24 13:15:31,222] - [rest_client:3596] INFO - query params : statement=SELECT+%2A+FROM+system%3Aindexes&scan_consistency=NOT_BOUNDED
[2020-04-24 13:15:31,284] - [tuq:1106] INFO - TOTAL ELAPSED TIME: 12.966354ms
No string/number/date fields indexed for smart query generation 
Smart queries will be generated on fields: {'num': ['manages_team_size'], 'date': ['join_date']}
Smart queries will be generated on fields: {'num': ['manages_team_size'], 'date': ['join_date']}
[2020-04-24 13:15:31,291] - [flex_index_phase1:161] INFO - ======== Running Query # 1 =======
[2020-04-24 13:15:31,292] - [flex_index_phase1:164] INFO - Query : explain select meta().id from default USE INDEX (custom_index USING FTS) where type = "emp" and manages.team_size > 8 and manages.team_size < 673
[2020-04-24 13:15:31,347] - [tuq:1060] INFO - RUN QUERY explain select meta().id from default USE INDEX (custom_index USING FTS) where type = "emp" and manages.team_size > 8 and manages.team_size < 673
[2020-04-24 13:15:31,349] - [rest_client:3596] INFO - query params : statement=explain+select+meta%28%29.id+from+default+USE+INDEX+%28custom_index+USING+FTS%29+where+type+%3D+%22emp%22+and+manages.team_size+%3E+8+and+manages.team_size+%3C+673&scan_consistency=NOT_BOUNDED
[2020-04-24 13:15:31,393] - [tuq:1106] INFO - TOTAL ELAPSED TIME: 1.954402ms
[2020-04-24 13:15:31,448] - [tuq:1060] INFO - RUN QUERY select meta().id from default USE INDEX (custom_index USING FTS) where type = "emp" and manages.team_size > 8 and manages.team_size < 673
[2020-04-24 13:15:31,448] - [rest_client:3596] INFO - query params : statement=select+meta%28%29.id+from+default+USE+INDEX+%28custom_index+USING+FTS%29+where+type+%3D+%22emp%22+and+manages.team_size+%3E+8+and+manages.team_size+%3C+673&scan_consistency=NOT_BOUNDED
[2020-04-24 13:15:31,500] - [tuq:1106] INFO - TOTAL ELAPSED TIME: 2.683636ms
[2020-04-24 13:15:31,502] - [flex_index_phase1:134] INFO - Number of results from flex query: select meta().id from default USE INDEX (custom_index USING FTS) where type = "emp" and manages.team_size > 8 and manages.team_size < 673 is 0
[2020-04-24 13:15:31,553] - [tuq:1060] INFO - RUN QUERY select meta().id from default where type = "emp" and manages.team_size > 8 and manages.team_size < 673
[2020-04-24 13:15:31,554] - [rest_client:3596] INFO - query params : statement=select+meta%28%29.id+from+default+where+type+%3D+%22emp%22+and+manages.team_size+%3E+8+and+manages.team_size+%3C+673&scan_consistency=NOT_BOUNDED
[2020-04-24 13:15:31,673] - [tuq:1106] INFO - TOTAL ELAPSED TIME: 71.23265ms
[2020-04-24 13:15:31,675] - [flex_index_phase1:142] INFO - Number of results from gsi query: select meta().id from default where type = "emp" and manages.team_size > 8 and manages.team_size < 673 is 155
[2020-04-24 13:15:31,676] - [flex_index_phase1:181] ERROR - Result mismatch found
[2020-04-24 13:15:31,676] - [flex_index_phase1:184] INFO - ======== Done =======
[2020-04-24 13:15:31,677] - [flex_index_phase1:161] INFO - ======== Running Query # 2 =======
[2020-04-24 13:15:31,678] - [flex_index_phase1:164] INFO - Query : explain select meta().id from default USE INDEX (custom_index USING FTS) where type = "emp" and manages.team_size >= 9 and manages.team_size <= 7972
[2020-04-24 13:15:31,732] - [tuq:1060] INFO - RUN QUERY explain select meta().id from default USE INDEX (custom_index USING FTS) where type = "emp" and manages.team_size >= 9 and manages.team_size <= 7972
[2020-04-24 13:15:31,733] - [rest_client:3596] INFO - query params : statement=explain+select+meta%28%29.id+from+default+USE+INDEX+%28custom_index+USING+FTS%29+where+type+%3D+%22emp%22+and+manages.team_size+%3E%3D+9+and+manages.team_size+%3C%3D+7972&scan_consistency=NOT_BOUNDED
[2020-04-24 13:15:31,787] - [tuq:1106] INFO - TOTAL ELAPSED TIME: 2.141836ms
[2020-04-24 13:15:31,840] - [tuq:1060] INFO - RUN QUERY select meta().id from default USE INDEX (custom_index USING FTS) where type = "emp" and manages.team_size >= 9 and manages.team_size <= 7972
[2020-04-24 13:15:31,841] - [rest_client:3596] INFO - query params : statement=select+meta%28%29.id+from+default+USE+INDEX+%28custom_index+USING+FTS%29+where+type+%3D+%22emp%22+and+manages.team_size+%3E%3D+9+and+manages.team_size+%3C%3D+7972&scan_consistency=NOT_BOUNDED
[2020-04-24 13:15:31,892] - [tuq:1106] INFO - TOTAL ELAPSED TIME: 2.733032ms
[2020-04-24 13:15:31,893] - [flex_index_phase1:134] INFO - Number of results from flex query: select meta().id from default USE INDEX (custom_index USING FTS) where type = "emp" and manages.team_size >= 9 and manages.team_size <= 7972 is 0
[2020-04-24 13:15:31,947] - [tuq:1060] INFO - RUN QUERY select meta().id from default where type = "emp" and manages.team_size >= 9 and manages.team_size <= 7972
[2020-04-24 13:15:31,948] - [rest_client:3596] INFO - query params : statement=select+meta%28%29.id+from+default+where+type+%3D+%22emp%22+and+manages.team_size+%3E%3D+9+and+manages.team_size+%3C%3D+7972&scan_consistency=NOT_BOUNDED
[2020-04-24 13:15:32,076] - [tuq:1106] INFO - TOTAL ELAPSED TIME: 77.018599ms
[2020-04-24 13:15:32,077] - [flex_index_phase1:142] INFO - Number of results from gsi query: select meta().id from default where type = "emp" and manages.team_size >= 9 and manages.team_size <= 7972 is 155
[2020-04-24 13:15:32,078] - [flex_index_phase1:181] ERROR - Result mismatch found
[2020-04-24 13:15:32,079] - [flex_index_phase1:184] INFO - ======== Done =======
[2020-04-24 13:15:32,080] - [flex_index_phase1:161] INFO - ======== Running Query # 3 =======
[2020-04-24 13:15:32,081] - [flex_index_phase1:164] INFO - Query : explain select meta().id from default USE INDEX (custom_index USING FTS) where type = "emp" and manages.team_size >= 7 and manages.team_size < 7817
[2020-04-24 13:15:32,138] - [tuq:1060] INFO - RUN QUERY explain select meta().id from default USE INDEX (custom_index USING FTS) where type = "emp" and manages.team_size >= 7 and manages.team_size < 7817
[2020-04-24 13:15:32,140] - [rest_client:3596] INFO - query params : statement=explain+select+meta%28%29.id+from+default+USE+INDEX+%28custom_index+USING+FTS%29+where+type+%3D+%22emp%22+and+manages.team_size+%3E%3D+7+and+manages.team_size+%3C+7817&scan_consistency=NOT_BOUNDED
[2020-04-24 13:15:32,185] - [tuq:1106] INFO - TOTAL ELAPSED TIME: 2.180921ms
[2020-04-24 13:15:32,247] - [tuq:1060] INFO - RUN QUERY select meta().id from default USE INDEX (custom_index USING FTS) where type = "emp" and manages.team_size >= 7 and manages.team_size < 7817
[2020-04-24 13:15:32,248] - [rest_client:3596] INFO - query params : statement=select+meta%28%29.id+from+default+USE+INDEX+%28custom_index+USING+FTS%29+where+type+%3D+%22emp%22+and+manages.team_size+%3E%3D+7+and+manages.team_size+%3C+7817&scan_consistency=NOT_BOUNDED
[2020-04-24 13:15:32,307] - [tuq:1106] INFO - TOTAL ELAPSED TIME: 3.720085ms
[2020-04-24 13:15:32,308] - [flex_index_phase1:134] INFO - Number of results from flex query: select meta().id from default USE INDEX (custom_index USING FTS) where type = "emp" and manages.team_size >= 7 and manages.team_size < 7817 is 0
[2020-04-24 13:15:32,361] - [tuq:1060] INFO - RUN QUERY select meta().id from default where type = "emp" and manages.team_size >= 7 and manages.team_size < 7817
[2020-04-24 13:15:32,362] - [rest_client:3596] INFO - query params : statement=select+meta%28%29.id+from+default+where+type+%3D+%22emp%22+and+manages.team_size+%3E%3D+7+and+manages.team_size+%3C+7817&scan_consistency=NOT_BOUNDED
[2020-04-24 13:15:32,495] - [tuq:1106] INFO - TOTAL ELAPSED TIME: 83.467794ms
[2020-04-24 13:15:32,496] - [flex_index_phase1:142] INFO - Number of results from gsi query: select meta().id from default where type = "emp" and manages.team_size >= 7 and manages.team_size < 7817 is 320
[2020-04-24 13:15:32,497] - [flex_index_phase1:181] ERROR - Result mismatch found
[2020-04-24 13:15:32,498] - [flex_index_phase1:184] INFO - ======== Done =======
[2020-04-24 13:15:32,499] - [flex_index_phase1:161] INFO - ======== Running Query # 4 =======
[2020-04-24 13:15:32,499] - [flex_index_phase1:164] INFO - Query : explain select meta().id from default USE INDEX (custom_index USING FTS) where type = "emp" and manages.team_size > 9 and manages.team_size <= 3589
[2020-04-24 13:15:32,551] - [tuq:1060] INFO - RUN QUERY explain select meta().id from default USE INDEX (custom_index USING FTS) where type = "emp" and manages.team_size > 9 and manages.team_size <= 3589
[2020-04-24 13:15:32,552] - [rest_client:3596] INFO - query params : statement=explain+select+meta%28%29.id+from+default+USE+INDEX+%28custom_index+USING+FTS%29+where+type+%3D+%22emp%22+and+manages.team_size+%3E+9+and+manages.team_size+%3C%3D+3589&scan_consistency=NOT_BOUNDED
[2020-04-24 13:15:32,598] - [tuq:1106] INFO - TOTAL ELAPSED TIME: 1.997721ms
[2020-04-24 13:15:32,660] - [tuq:1060] INFO - RUN QUERY select meta().id from default USE INDEX (custom_index USING FTS) where type = "emp" and manages.team_size > 9 and manages.team_size <= 3589
[2020-04-24 13:15:32,661] - [rest_client:3596] INFO - query params : statement=select+meta%28%29.id+from+default+USE+INDEX+%28custom_index+USING+FTS%29+where+type+%3D+%22emp%22+and+manages.team_size+%3E+9+and+manages.team_size+%3C%3D+3589&scan_consistency=NOT_BOUNDED
[2020-04-24 13:15:32,712] - [tuq:1106] INFO - TOTAL ELAPSED TIME: 2.570372ms
[2020-04-24 13:15:32,713] - [flex_index_phase1:134] INFO - Number of results from flex query: select meta().id from default USE INDEX (custom_index USING FTS) where type = "emp" and manages.team_size > 9 and manages.team_size <= 3589 is 0
[2020-04-24 13:15:32,765] - [tuq:1060] INFO - RUN QUERY select meta().id from default where type = "emp" and manages.team_size > 9 and manages.team_size <= 3589
[2020-04-24 13:15:32,766] - [rest_client:3596] INFO - query params : statement=select+meta%28%29.id+from+default+where+type+%3D+%22emp%22+and+manages.team_size+%3E+9+and+manages.team_size+%3C%3D+3589&scan_consistency=NOT_BOUNDED
[2020-04-24 13:15:32,945] - [tuq:1106] INFO - TOTAL ELAPSED TIME: 126.836922ms
[2020-04-24 13:15:32,946] - [flex_index_phase1:142] INFO - Number of results from gsi query: select meta().id from default where type = "emp" and manages.team_size > 9 and manages.team_size <= 3589 is 75
[2020-04-24 13:15:32,947] - [flex_index_phase1:181] ERROR - Result mismatch found
[2020-04-24 13:15:32,948] - [flex_index_phase1:184] INFO - ======== Done =======
[2020-04-24 13:15:32,948] - [flex_index_phase1:161] INFO - ======== Running Query # 5 =======
[2020-04-24 13:15:32,949] - [flex_index_phase1:164] INFO - Query : explain select meta().id from default USE INDEX (custom_index USING FTS) where type = "emp" and join_date = "1986-03-25T03:39:00"
[2020-04-24 13:15:33,002] - [tuq:1060] INFO - RUN QUERY explain select meta().id from default USE INDEX (custom_index USING FTS) where type = "emp" and join_date = "1986-03-25T03:39:00"
[2020-04-24 13:15:33,004] - [rest_client:3596] INFO - query params : statement=explain+select+meta%28%29.id+from+default+USE+INDEX+%28custom_index+USING+FTS%29+where+type+%3D+%22emp%22+and+join_date+%3D+%221986-03-25T03%3A39%3A00%22&scan_consistency=NOT_BOUNDED
[2020-04-24 13:15:33,051] - [rest_client:940] ERROR - POST http://172.23.121.65:8093/query?statement=explain+select+meta%28%29.id+from+default+USE+INDEX+%28custom_index+USING+FTS%29+where+type+%3D+%22emp%22+and+join_date+%3D+%221986-03-25T03%3A39%3A00%22&scan_consistency=NOT_BOUNDED body:  headers: {'Authorization': 'Basic QWRtaW5pc3RyYXRvcjpwYXNzd29yZA=='} error: 500 reason: unknown b'{\n"requestID": "59be166e-c917-469f-ac5c-338823275bfd",\n"errors": [{"code":5000,"msg":"n1fty: SargableFlex Sargable - cause: unsupported datetime format (not RFC3339)"}],\n"status": "fatal",\n"metrics": {"elapsedTime": "1.142724ms","executionTime": "1.110712ms","resultCount": 0,"resultSize": 0,"errorCount": 1}\n}\n' auth: Administrator:password
[2020-04-24 13:15:33,053] - [flex_index_phase1:168] INFO - Failed to run query
[2020-04-24 13:15:33,054] - [flex_index_phase1:169] ERROR - CBQError: host 172.23.121.65: ERROR:{'requestID': '59be166e-c917-469f-ac5c-338823275bfd', 'errors': [{'code': 5000, 'msg': 'n1fty: SargableFlex Sargable - cause: unsupported datetime format (not RFC3339)'}], 'status': 'fatal', 'metrics': {'elapsedTime': '1.142724ms', 'executionTime': '1.110712ms', 'resultCount': 0, 'resultSize': 0, 'errorCount': 1}}
[2020-04-24 13:15:33,055] - [flex_index_phase1:161] INFO - ======== Running Query # 6 =======
[2020-04-24 13:15:33,056] - [flex_index_phase1:164] INFO - Query : explain select meta().id from default USE INDEX (custom_index USING FTS) where type = "emp" and join_date = "1968-05-04T23:04:00"
[2020-04-24 13:15:33,108] - [tuq:1060] INFO - RUN QUERY explain select meta().id from default USE INDEX (custom_index USING FTS) where type = "emp" and join_date = "1968-05-04T23:04:00"
[2020-04-24 13:15:33,109] - [rest_client:3596] INFO - query params : statement=explain+select+meta%28%29.id+from+default+USE+INDEX+%28custom_index+USING+FTS%29+where+type+%3D+%22emp%22+and+join_date+%3D+%221968-05-04T23%3A04%3A00%22&scan_consistency=NOT_BOUNDED
[2020-04-24 13:15:33,162] - [rest_client:940] ERROR - POST http://172.23.121.65:8093/query?statement=explain+select+meta%28%29.id+from+default+USE+INDEX+%28custom_index+USING+FTS%29+where+type+%3D+%22emp%22+and+join_date+%3D+%221968-05-04T23%3A04%3A00%22&scan_consistency=NOT_BOUNDED body:  headers: {'Authorization': 'Basic QWRtaW5pc3RyYXRvcjpwYXNzd29yZA=='} error: 500 reason: unknown b'{\n"requestID": "1aa5485a-4534-4db8-908f-6e928183ff21",\n"errors": [{"code":5000,"msg":"n1fty: SargableFlex Sargable - cause: unsupported datetime format (not RFC3339)"}],\n"status": "fatal",\n"metrics": {"elapsedTime": "957.626\xc2\xb5s","executionTime": "926.141\xc2\xb5s","resultCount": 0,"resultSize": 0,"errorCount": 1}\n}\n' auth: Administrator:password
[2020-04-24 13:15:33,163] - [flex_index_phase1:168] INFO - Failed to run query
[2020-04-24 13:15:33,164] - [flex_index_phase1:169] ERROR - CBQError: host 172.23.121.65: ERROR:{'requestID': '1aa5485a-4534-4db8-908f-6e928183ff21', 'errors': [{'code': 5000, 'msg': 'n1fty: SargableFlex Sargable - cause: unsupported datetime format (not RFC3339)'}], 'status': 'fatal', 'metrics': {'elapsedTime': '957.626µs', 'executionTime': '926.141µs', 'resultCount': 0, 'resultSize': 0, 'errorCount': 1}}
[2020-04-24 13:15:33,165] - [flex_index_phase1:161] INFO - ======== Running Query # 7 =======
[2020-04-24 13:15:33,166] - [flex_index_phase1:164] INFO - Query : explain select meta().id from default USE INDEX (custom_index USING FTS) where type = "emp" and join_date = "2010-09-04T11:27:00"
[2020-04-24 13:15:33,215] - [tuq:1060] INFO - RUN QUERY explain select meta().id from default USE INDEX (custom_index USING FTS) where type = "emp" and join_date = "2010-09-04T11:27:00"
[2020-04-24 13:15:33,216] - [rest_client:3596] INFO - query params : statement=explain+select+meta%28%29.id+from+default+USE+INDEX+%28custom_index+USING+FTS%29+where+type+%3D+%22emp%22+and+join_date+%3D+%222010-09-04T11%3A27%3A00%22&scan_consistency=NOT_BOUNDED
[2020-04-24 13:15:33,270] - [rest_client:940] ERROR - POST http://172.23.121.65:8093/query?statement=explain+select+meta%28%29.id+from+default+USE+INDEX+%28custom_index+USING+FTS%29+where+type+%3D+%22emp%22+and+join_date+%3D+%222010-09-04T11%3A27%3A00%22&scan_consistency=NOT_BOUNDED body:  headers: {'Authorization': 'Basic QWRtaW5pc3RyYXRvcjpwYXNzd29yZA=='} error: 500 reason: unknown b'{\n"requestID": "2c6d2a1b-8bcd-4ce3-ad72-b14f26089c58",\n"errors": [{"code":5000,"msg":"n1fty: SargableFlex Sargable - cause: unsupported datetime format (not RFC3339)"}],\n"status": "fatal",\n"metrics": {"elapsedTime": "861.283\xc2\xb5s","executionTime": "835.443\xc2\xb5s","resultCount": 0,"resultSize": 0,"errorCount": 1}\n}\n' auth: Administrator:password
[2020-04-24 13:15:33,272] - [flex_index_phase1:168] INFO - Failed to run query
[2020-04-24 13:15:33,273] - [flex_index_phase1:169] ERROR - CBQError: host 172.23.121.65: ERROR:{'requestID': '2c6d2a1b-8bcd-4ce3-ad72-b14f26089c58', 'errors': [{'code': 5000, 'msg': 'n1fty: SargableFlex Sargable - cause: unsupported datetime format (not RFC3339)'}], 'status': 'fatal', 'metrics': {'elapsedTime': '861.283µs', 'executionTime': '835.443µs', 'resultCount': 0, 'resultSize': 0, 'errorCount': 1}}
[2020-04-24 13:15:33,274] - [flex_index_phase1:161] INFO - ======== Running Query # 8 =======
[2020-04-24 13:15:33,275] - [flex_index_phase1:164] INFO - Query : explain select meta().id from default USE INDEX (custom_index USING FTS) where type = "emp" and join_date = "1976-09-16T14:55:00"
[2020-04-24 13:15:33,325] - [tuq:1060] INFO - RUN QUERY explain select meta().id from default USE INDEX (custom_index USING FTS) where type = "emp" and join_date = "1976-09-16T14:55:00"
[2020-04-24 13:15:33,327] - [rest_client:3596] INFO - query params : statement=explain+select+meta%28%29.id+from+default+USE+INDEX+%28custom_index+USING+FTS%29+where+type+%3D+%22emp%22+and+join_date+%3D+%221976-09-16T14%3A55%3A00%22&scan_consistency=NOT_BOUNDED
[2020-04-24 13:15:33,379] - [rest_client:940] ERROR - POST http://172.23.121.65:8093/query?statement=explain+select+meta%28%29.id+from+default+USE+INDEX+%28custom_index+USING+FTS%29+where+type+%3D+%22emp%22+and+join_date+%3D+%221976-09-16T14%3A55%3A00%22&scan_consistency=NOT_BOUNDED body:  headers: {'Authorization': 'Basic QWRtaW5pc3RyYXRvcjpwYXNzd29yZA=='} error: 500 reason: unknown b'{\n"requestID": "493bf959-9baa-4340-9402-ed12497b370f",\n"errors": [{"code":5000,"msg":"n1fty: SargableFlex Sargable - cause: unsupported datetime format (not RFC3339)"}],\n"status": "fatal",\n"metrics": {"elapsedTime": "1.732741ms","executionTime": "1.701338ms","resultCount": 0,"resultSize": 0,"errorCount": 1}\n}\n' auth: Administrator:password
[2020-04-24 13:15:33,380] - [flex_index_phase1:168] INFO - Failed to run query
[2020-04-24 13:15:33,381] - [flex_index_phase1:169] ERROR - CBQError: host 172.23.121.65: ERROR:{'requestID': '493bf959-9baa-4340-9402-ed12497b370f', 'errors': [{'code': 5000, 'msg': 'n1fty: SargableFlex Sargable - cause: unsupported datetime format (not RFC3339)'}], 'status': 'fatal', 'metrics': {'elapsedTime': '1.732741ms', 'executionTime': '1.701338ms', 'resultCount': 0, 'resultSize': 0, 'errorCount': 1}}
[2020-04-24 13:15:33,382] - [flex_index_phase1:161] INFO - ======== Running Query # 9 =======
[2020-04-24 13:15:33,383] - [flex_index_phase1:164] INFO - Query : explain select meta().id from default USE INDEX (custom_index USING FTS) where type = "emp" and join_date = "1957-09-01T02:46:00"
[2020-04-24 13:15:33,434] - [tuq:1060] INFO - RUN QUERY explain select meta().id from default USE INDEX (custom_index USING FTS) where type = "emp" and join_date = "1957-09-01T02:46:00"
[2020-04-24 13:15:33,435] - [rest_client:3596] INFO - query params : statement=explain+select+meta%28%29.id+from+default+USE+INDEX+%28custom_index+USING+FTS%29+where+type+%3D+%22emp%22+and+join_date+%3D+%221957-09-01T02%3A46%3A00%22&scan_consistency=NOT_BOUNDED
[2020-04-24 13:15:33,482] - [rest_client:940] ERROR - POST http://172.23.121.65:8093/query?statement=explain+select+meta%28%29.id+from+default+USE+INDEX+%28custom_index+USING+FTS%29+where+type+%3D+%22emp%22+and+join_date+%3D+%221957-09-01T02%3A46%3A00%22&scan_consistency=NOT_BOUNDED body:  headers: {'Authorization': 'Basic QWRtaW5pc3RyYXRvcjpwYXNzd29yZA=='} error: 500 reason: unknown b'{\n"requestID": "80e938b9-0381-4b06-80d6-099b34ced908",\n"errors": [{"code":5000,"msg":"n1fty: SargableFlex Sargable - cause: unsupported datetime format (not RFC3339)"}],\n"status": "fatal",\n"metrics": {"elapsedTime": "1.077735ms","executionTime": "1.052824ms","resultCount": 0,"resultSize": 0,"errorCount": 1}\n}\n' auth: Administrator:password
[2020-04-24 13:15:33,484] - [flex_index_phase1:168] INFO - Failed to run query
[2020-04-24 13:15:33,485] - [flex_index_phase1:169] ERROR - CBQError: host 172.23.121.65: ERROR:{'requestID': '80e938b9-0381-4b06-80d6-099b34ced908', 'errors': [{'code': 5000, 'msg': 'n1fty: SargableFlex Sargable - cause: unsupported datetime format (not RFC3339)'}], 'status': 'fatal', 'metrics': {'elapsedTime': '1.077735ms', 'executionTime': '1.052824ms', 'resultCount': 0, 'resultSize': 0, 'errorCount': 1}}
[2020-04-24 13:15:33,486] - [flex_index_phase1:161] INFO - ======== Running Query # 10 =======
[2020-04-24 13:15:33,486] - [flex_index_phase1:164] INFO - Query : explain select meta().id from default USE INDEX (custom_index USING FTS) where type = "emp" and manages.team_size between 10 and 30
[2020-04-24 13:15:33,535] - [tuq:1060] INFO - RUN QUERY explain select meta().id from default USE INDEX (custom_index USING FTS) where type = "emp" and manages.team_size between 10 and 30
[2020-04-24 13:15:33,537] - [rest_client:3596] INFO - query params : statement=explain+select+meta%28%29.id+from+default+USE+INDEX+%28custom_index+USING+FTS%29+where+type+%3D+%22emp%22+and+manages.team_size+between+10+and+30&scan_consistency=NOT_BOUNDED
[2020-04-24 13:15:33,594] - [tuq:1106] INFO - TOTAL ELAPSED TIME: 1.88491ms
[2020-04-24 13:15:33,642] - [tuq:1060] INFO - RUN QUERY select meta().id from default USE INDEX (custom_index USING FTS) where type = "emp" and manages.team_size between 10 and 30
[2020-04-24 13:15:33,643] - [rest_client:3596] INFO - query params : statement=select+meta%28%29.id+from+default+USE+INDEX+%28custom_index+USING+FTS%29+where+type+%3D+%22emp%22+and+manages.team_size+between+10+and+30&scan_consistency=NOT_BOUNDED
[2020-04-24 13:15:33,697] - [tuq:1106] INFO - TOTAL ELAPSED TIME: 2.643484ms
[2020-04-24 13:15:33,698] - [flex_index_phase1:134] INFO - Number of results from flex query: select meta().id from default USE INDEX (custom_index USING FTS) where type = "emp" and manages.team_size between 10 and 30 is 0
[2020-04-24 13:15:33,750] - [tuq:1060] INFO - RUN QUERY select meta().id from default where type = "emp" and manages.team_size between 10 and 30
[2020-04-24 13:15:33,751] - [rest_client:3596] INFO - query params : statement=select+meta%28%29.id+from+default+where+type+%3D+%22emp%22+and+manages.team_size+between+10+and+30&scan_consistency=NOT_BOUNDED
[2020-04-24 13:15:33,870] - [tuq:1106] INFO - TOTAL ELAPSED TIME: 69.946441ms
[2020-04-24 13:15:33,872] - [flex_index_phase1:142] INFO - Number of results from gsi query: select meta().id from default where type = "emp" and manages.team_size between 10 and 30 is 75
[2020-04-24 13:15:33,873] - [flex_index_phase1:181] ERROR - Result mismatch found
[2020-04-24 13:15:33,873] - [flex_index_phase1:184] INFO - ======== Done =======
[2020-04-24 13:15:33,874] - [flex_index_phase1:161] INFO - ======== Running Query # 11 =======
[2020-04-24 13:15:33,875] - [flex_index_phase1:164] INFO - Query : explain select meta().id from default USE INDEX (custom_index USING FTS) where type = "emp" and manages.team_size between 7 and 4005
[2020-04-24 13:15:33,931] - [tuq:1060] INFO - RUN QUERY explain select meta().id from default USE INDEX (custom_index USING FTS) where type = "emp" and manages.team_size between 7 and 4005
[2020-04-24 13:15:33,932] - [rest_client:3596] INFO - query params : statement=explain+select+meta%28%29.id+from+default+USE+INDEX+%28custom_index+USING+FTS%29+where+type+%3D+%22emp%22+and+manages.team_size+between+7+and+4005&scan_consistency=NOT_BOUNDED
[2020-04-24 13:15:33,980] - [tuq:1106] INFO - TOTAL ELAPSED TIME: 1.904377ms
[2020-04-24 13:15:34,037] - [tuq:1060] INFO - RUN QUERY select meta().id from default USE INDEX (custom_index USING FTS) where type = "emp" and manages.team_size between 7 and 4005
[2020-04-24 13:15:34,038] - [rest_client:3596] INFO - query params : statement=select+meta%28%29.id+from+default+USE+INDEX+%28custom_index+USING+FTS%29+where+type+%3D+%22emp%22+and+manages.team_size+between+7+and+4005&scan_consistency=NOT_BOUNDED
[2020-04-24 13:15:34,087] - [tuq:1106] INFO - TOTAL ELAPSED TIME: 2.630992ms
[2020-04-24 13:15:34,088] - [flex_index_phase1:134] INFO - Number of results from flex query: select meta().id from default USE INDEX (custom_index USING FTS) where type = "emp" and manages.team_size between 7 and 4005 is 0
[2020-04-24 13:15:34,142] - [tuq:1060] INFO - RUN QUERY select meta().id from default where type = "emp" and manages.team_size between 7 and 4005
[2020-04-24 13:15:34,143] - [rest_client:3596] INFO - query params : statement=select+meta%28%29.id+from+default+where+type+%3D+%22emp%22+and+manages.team_size+between+7+and+4005&scan_consistency=NOT_BOUNDED
[2020-04-24 13:15:34,267] - [tuq:1106] INFO - TOTAL ELAPSED TIME: 69.944301ms
[2020-04-24 13:15:34,268] - [flex_index_phase1:142] INFO - Number of results from gsi query: select meta().id from default where type = "emp" and manages.team_size between 7 and 4005 is 320
[2020-04-24 13:15:34,268] - [flex_index_phase1:181] ERROR - Result mismatch found
[2020-04-24 13:15:34,269] - [flex_index_phase1:184] INFO - ======== Done =======
[2020-04-24 13:15:34,270] - [flex_index_phase1:161] INFO - ======== Running Query # 12 =======
[2020-04-24 13:15:34,271] - [flex_index_phase1:164] INFO - Query : explain select meta().id from default USE INDEX (custom_index USING FTS) where type = "emp" and manages.team_size between 10 and 1043
[2020-04-24 13:15:34,327] - [tuq:1060] INFO - RUN QUERY explain select meta().id from default USE INDEX (custom_index USING FTS) where type = "emp" and manages.team_size between 10 and 1043
[2020-04-24 13:15:34,329] - [rest_client:3596] INFO - query params : statement=explain+select+meta%28%29.id+from+default+USE+INDEX+%28custom_index+USING+FTS%29+where+type+%3D+%22emp%22+and+manages.team_size+between+10+and+1043&scan_consistency=NOT_BOUNDED
[2020-04-24 13:15:34,378] - [tuq:1106] INFO - TOTAL ELAPSED TIME: 3.331784ms
[2020-04-24 13:15:34,442] - [tuq:1060] INFO - RUN QUERY select meta().id from default USE INDEX (custom_index USING FTS) where type = "emp" and manages.team_size between 10 and 1043
[2020-04-24 13:15:34,443] - [rest_client:3596] INFO - query params : statement=select+meta%28%29.id+from+default+USE+INDEX+%28custom_index+USING+FTS%29+where+type+%3D+%22emp%22+and+manages.team_size+between+10+and+1043&scan_consistency=NOT_BOUNDED
[2020-04-24 13:15:34,753] - [tuq:1106] INFO - TOTAL ELAPSED TIME: 3.49113ms
[2020-04-24 13:15:34,754] - [flex_index_phase1:134] INFO - Number of results from flex query: select meta().id from default USE INDEX (custom_index USING FTS) where type = "emp" and manages.team_size between 10 and 1043 is 0
[2020-04-24 13:15:34,804] - [tuq:1060] INFO - RUN QUERY select meta().id from default where type = "emp" and manages.team_size between 10 and 1043
[2020-04-24 13:15:34,805] - [rest_client:3596] INFO - query params : statement=select+meta%28%29.id+from+default+where+type+%3D+%22emp%22+and+manages.team_size+between+10+and+1043&scan_consistency=NOT_BOUNDED
[2020-04-24 13:15:34,915] - [tuq:1106] INFO - TOTAL ELAPSED TIME: 64.9079ms
[2020-04-24 13:15:34,916] - [flex_index_phase1:142] INFO - Number of results from gsi query: select meta().id from default where type = "emp" and manages.team_size between 10 and 1043 is 75
[2020-04-24 13:15:34,917] - [flex_index_phase1:181] ERROR - Result mismatch found
[2020-04-24 13:15:34,918] - [flex_index_phase1:184] INFO - ======== Done =======
[2020-04-24 13:15:34,919] - [flex_index_phase1:161] INFO - ======== Running Query # 13 =======
[2020-04-24 13:15:34,920] - [flex_index_phase1:164] INFO - Query : explain select meta().id from default USE INDEX (custom_index USING FTS) where type = "emp" and manages.team_size between 9 and 3643
[2020-04-24 13:15:34,968] - [tuq:1060] INFO - RUN QUERY explain select meta().id from default USE INDEX (custom_index USING FTS) where type = "emp" and manages.team_size between 9 and 3643
[2020-04-24 13:15:34,970] - [rest_client:3596] INFO - query params : statement=explain+select+meta%28%29.id+from+default+USE+INDEX+%28custom_index+USING+FTS%29+where+type+%3D+%22emp%22+and+manages.team_size+between+9+and+3643&scan_consistency=NOT_BOUNDED
[2020-04-24 13:15:35,019] - [tuq:1106] INFO - TOTAL ELAPSED TIME: 1.769574ms
[2020-04-24 13:15:35,083] - [tuq:1060] INFO - RUN QUERY select meta().id from default USE INDEX (custom_index USING FTS) where type = "emp" and manages.team_size between 9 and 3643
[2020-04-24 13:15:35,084] - [rest_client:3596] INFO - query params : statement=select+meta%28%29.id+from+default+USE+INDEX+%28custom_index+USING+FTS%29+where+type+%3D+%22emp%22+and+manages.team_size+between+9+and+3643&scan_consistency=NOT_BOUNDED
[2020-04-24 13:15:35,144] - [tuq:1106] INFO - TOTAL ELAPSED TIME: 2.297311ms
[2020-04-24 13:15:35,146] - [flex_index_phase1:134] INFO - Number of results from flex query: select meta().id from default USE INDEX (custom_index USING FTS) where type = "emp" and manages.team_size between 9 and 3643 is 0
[2020-04-24 13:15:35,198] - [tuq:1060] INFO - RUN QUERY select meta().id from default where type = "emp" and manages.team_size between 9 and 3643
[2020-04-24 13:15:35,199] - [rest_client:3596] INFO - query params : statement=select+meta%28%29.id+from+default+where+type+%3D+%22emp%22+and+manages.team_size+between+9+and+3643&scan_consistency=NOT_BOUNDED
[2020-04-24 13:15:35,312] - [tuq:1106] INFO - TOTAL ELAPSED TIME: 61.539236ms
[2020-04-24 13:15:35,313] - [flex_index_phase1:142] INFO - Number of results from gsi query: select meta().id from default where type = "emp" and manages.team_size between 9 and 3643 is 155
[2020-04-24 13:15:35,314] - [flex_index_phase1:181] ERROR - Result mismatch found
[2020-04-24 13:15:35,315] - [flex_index_phase1:184] INFO - ======== Done =======
[2020-04-24 13:15:35,316] - [flex_index_phase1:161] INFO - ======== Running Query # 14 =======
[2020-04-24 13:15:35,316] - [flex_index_phase1:164] INFO - Query : explain select meta().id from default USE INDEX (custom_index USING FTS) where type = "emp" and manages.team_size between 6 and 8904
[2020-04-24 13:15:35,366] - [tuq:1060] INFO - RUN QUERY explain select meta().id from default USE INDEX (custom_index USING FTS) where type = "emp" and manages.team_size between 6 and 8904
[2020-04-24 13:15:35,368] - [rest_client:3596] INFO - query params : statement=explain+select+meta%28%29.id+from+default+USE+INDEX+%28custom_index+USING+FTS%29+where+type+%3D+%22emp%22+and+manages.team_size+between+6+and+8904&scan_consistency=NOT_BOUNDED
[2020-04-24 13:15:35,419] - [tuq:1106] INFO - TOTAL ELAPSED TIME: 1.681644ms
[2020-04-24 13:15:35,471] - [tuq:1060] INFO - RUN QUERY select meta().id from default USE INDEX (custom_index USING FTS) where type = "emp" and manages.team_size between 6 and 8904
[2020-04-24 13:15:35,472] - [rest_client:3596] INFO - query params : statement=select+meta%28%29.id+from+default+USE+INDEX+%28custom_index+USING+FTS%29+where+type+%3D+%22emp%22+and+manages.team_size+between+6+and+8904&scan_consistency=NOT_BOUNDED
[2020-04-24 13:15:35,517] - [tuq:1106] INFO - TOTAL ELAPSED TIME: 2.412948ms
[2020-04-24 13:15:35,518] - [flex_index_phase1:134] INFO - Number of results from flex query: select meta().id from default USE INDEX (custom_index USING FTS) where type = "emp" and manages.team_size between 6 and 8904 is 0
[2020-04-24 13:15:35,588] - [tuq:1060] INFO - RUN QUERY select meta().id from default where type = "emp" and manages.team_size between 6 and 8904
[2020-04-24 13:15:35,589] - [rest_client:3596] INFO - query params : statement=select+meta%28%29.id+from+default+where+type+%3D+%22emp%22+and+manages.team_size+between+6+and+8904&scan_consistency=NOT_BOUNDED
[2020-04-24 13:15:35,700] - [tuq:1106] INFO - TOTAL ELAPSED TIME: 64.911753ms
[2020-04-24 13:15:35,702] - [flex_index_phase1:142] INFO - Number of results from gsi query: select meta().id from default where type = "emp" and manages.team_size between 6 and 8904 is 404
[2020-04-24 13:15:35,703] - [flex_index_phase1:181] ERROR - Result mismatch found
[2020-04-24 13:15:35,703] - [flex_index_phase1:184] INFO - ======== Done =======
[2020-04-24 13:15:35,705] - [flex_index_phase1:161] INFO - ======== Running Query # 15 =======
[2020-04-24 13:15:35,705] - [flex_index_phase1:164] INFO - Query : explain select meta().id from default USE INDEX (custom_index USING FTS) where type = "emp" and manages.team_size = 5
[2020-04-24 13:15:35,758] - [tuq:1060] INFO - RUN QUERY explain select meta().id from default USE INDEX (custom_index USING FTS) where type = "emp" and manages.team_size = 5
[2020-04-24 13:15:35,760] - [rest_client:3596] INFO - query params : statement=explain+select+meta%28%29.id+from+default+USE+INDEX+%28custom_index+USING+FTS%29+where+type+%3D+%22emp%22+and+manages.team_size+%3D+5&scan_consistency=NOT_BOUNDED
[2020-04-24 13:15:35,808] - [tuq:1106] INFO - TOTAL ELAPSED TIME: 2.681099ms
[2020-04-24 13:15:35,866] - [tuq:1060] INFO - RUN QUERY select meta().id from default USE INDEX (custom_index USING FTS) where type = "emp" and manages.team_size = 5
[2020-04-24 13:15:35,867] - [rest_client:3596] INFO - query params : statement=select+meta%28%29.id+from+default+USE+INDEX+%28custom_index+USING+FTS%29+where+type+%3D+%22emp%22+and+manages.team_size+%3D+5&scan_consistency=NOT_BOUNDED
[2020-04-24 13:15:35,934] - [tuq:1106] INFO - TOTAL ELAPSED TIME: 4.292971ms
[2020-04-24 13:15:35,935] - [flex_index_phase1:134] INFO - Number of results from flex query: select meta().id from default USE INDEX (custom_index USING FTS) where type = "emp" and manages.team_size = 5 is 84
[2020-04-24 13:15:35,985] - [tuq:1060] INFO - RUN QUERY select meta().id from default where type = "emp" and manages.team_size = 5
[2020-04-24 13:15:35,986] - [rest_client:3596] INFO - query params : statement=select+meta%28%29.id+from+default+where+type+%3D+%22emp%22+and+manages.team_size+%3D+5&scan_consistency=NOT_BOUNDED
[2020-04-24 13:15:36,100] - [tuq:1106] INFO - TOTAL ELAPSED TIME: 65.641072ms
[2020-04-24 13:15:36,101] - [flex_index_phase1:142] INFO - Number of results from gsi query: select meta().id from default where type = "emp" and manages.team_size = 5 is 84
[2020-04-24 13:15:36,101] - [flex_index_phase1:184] INFO - ======== Done =======
[2020-04-24 13:15:36,102] - [flex_index_phase1:161] INFO - ======== Running Query # 16 =======
[2020-04-24 13:15:36,102] - [flex_index_phase1:164] INFO - Query : explain select meta().id from default USE INDEX (custom_index USING FTS) where type = "emp" and manages.team_size = 7
[2020-04-24 13:15:36,146] - [tuq:1060] INFO - RUN QUERY explain select meta().id from default USE INDEX (custom_index USING FTS) where type = "emp" and manages.team_size = 7
[2020-04-24 13:15:36,147] - [rest_client:3596] INFO - query params : statement=explain+select+meta%28%29.id+from+default+USE+INDEX+%28custom_index+USING+FTS%29+where+type+%3D+%22emp%22+and+manages.team_size+%3D+7&scan_consistency=NOT_BOUNDED
[2020-04-24 13:15:36,200] - [tuq:1106] INFO - TOTAL ELAPSED TIME: 2.237704ms
[2020-04-24 13:15:36,253] - [tuq:1060] INFO - RUN QUERY select meta().id from default USE INDEX (custom_index USING FTS) where type = "emp" and manages.team_size = 7
[2020-04-24 13:15:36,253] - [rest_client:3596] INFO - query params : statement=select+meta%28%29.id+from+default+USE+INDEX+%28custom_index+USING+FTS%29+where+type+%3D+%22emp%22+and+manages.team_size+%3D+7&scan_consistency=NOT_BOUNDED
[2020-04-24 13:15:36,304] - [tuq:1106] INFO - TOTAL ELAPSED TIME: 4.102067ms
[2020-04-24 13:15:36,304] - [flex_index_phase1:134] INFO - Number of results from flex query: select meta().id from default USE INDEX (custom_index USING FTS) where type = "emp" and manages.team_size = 7 is 91
[2020-04-24 13:15:36,355] - [tuq:1060] INFO - RUN QUERY select meta().id from default where type = "emp" and manages.team_size = 7
[2020-04-24 13:15:36,356] - [rest_client:3596] INFO - query params : statement=select+meta%28%29.id+from+default+where+type+%3D+%22emp%22+and+manages.team_size+%3D+7&scan_consistency=NOT_BOUNDED
[2020-04-24 13:15:36,474] - [tuq:1106] INFO - TOTAL ELAPSED TIME: 70.360852ms
[2020-04-24 13:15:36,474] - [flex_index_phase1:142] INFO - Number of results from gsi query: select meta().id from default where type = "emp" and manages.team_size = 7 is 91
[2020-04-24 13:15:36,475] - [flex_index_phase1:184] INFO - ======== Done =======
[2020-04-24 13:15:36,475] - [flex_index_phase1:161] INFO - ======== Running Query # 17 =======
[2020-04-24 13:15:36,476] - [flex_index_phase1:164] INFO - Query : explain select meta().id from default USE INDEX (custom_index USING FTS) where type = "emp" and manages.team_size = 5
[2020-04-24 13:15:36,527] - [tuq:1060] INFO - RUN QUERY explain select meta().id from default USE INDEX (custom_index USING FTS) where type = "emp" and manages.team_size = 5
[2020-04-24 13:15:36,527] - [rest_client:3596] INFO - query params : statement=explain+select+meta%28%29.id+from+default+USE+INDEX+%28custom_index+USING+FTS%29+where+type+%3D+%22emp%22+and+manages.team_size+%3D+5&scan_consistency=NOT_BOUNDED
[2020-04-24 13:15:36,575] - [tuq:1106] INFO - TOTAL ELAPSED TIME: 2.008903ms
[2020-04-24 13:15:36,628] - [tuq:1060] INFO - RUN QUERY select meta().id from default USE INDEX (custom_index USING FTS) where type = "emp" and manages.team_size = 5
[2020-04-24 13:15:36,628] - [rest_client:3596] INFO - query params : statement=select+meta%28%29.id+from+default+USE+INDEX+%28custom_index+USING+FTS%29+where+type+%3D+%22emp%22+and+manages.team_size+%3D+5&scan_consistency=NOT_BOUNDED
[2020-04-24 13:15:36,689] - [tuq:1106] INFO - TOTAL ELAPSED TIME: 4.964608ms
[2020-04-24 13:15:36,689] - [flex_index_phase1:134] INFO - Number of results from flex query: select meta().id from default USE INDEX (custom_index USING FTS) where type = "emp" and manages.team_size = 5 is 84
[2020-04-24 13:15:36,740] - [tuq:1060] INFO - RUN QUERY select meta().id from default where type = "emp" and manages.team_size = 5
[2020-04-24 13:15:36,740] - [rest_client:3596] INFO - query params : statement=select+meta%28%29.id+from+default+where+type+%3D+%22emp%22+and+manages.team_size+%3D+5&scan_consistency=NOT_BOUNDED
[2020-04-24 13:15:36,878] - [tuq:1106] INFO - TOTAL ELAPSED TIME: 92.648114ms
[2020-04-24 13:15:36,879] - [flex_index_phase1:142] INFO - Number of results from gsi query: select meta().id from default where type = "emp" and manages.team_size = 5 is 84
[2020-04-24 13:15:36,880] - [flex_index_phase1:184] INFO - ======== Done =======
[2020-04-24 13:15:36,880] - [flex_index_phase1:161] INFO - ======== Running Query # 18 =======
[2020-04-24 13:15:36,881] - [flex_index_phase1:164] INFO - Query : explain select meta().id from default USE INDEX (custom_index USING FTS) where type = "emp" and manages.team_size = 9
[2020-04-24 13:15:36,932] - [tuq:1060] INFO - RUN QUERY explain select meta().id from default USE INDEX (custom_index USING FTS) where type = "emp" and manages.team_size = 9
[2020-04-24 13:15:36,933] - [rest_client:3596] INFO - query params : statement=explain+select+meta%28%29.id+from+default+USE+INDEX+%28custom_index+USING+FTS%29+where+type+%3D+%22emp%22+and+manages.team_size+%3D+9&scan_consistency=NOT_BOUNDED
[2020-04-24 13:15:36,981] - [tuq:1106] INFO - TOTAL ELAPSED TIME: 3.032637ms
[2020-04-24 13:15:37,033] - [tuq:1060] INFO - RUN QUERY select meta().id from default USE INDEX (custom_index USING FTS) where type = "emp" and manages.team_size = 9
[2020-04-24 13:15:37,034] - [rest_client:3596] INFO - query params : statement=select+meta%28%29.id+from+default+USE+INDEX+%28custom_index+USING+FTS%29+where+type+%3D+%22emp%22+and+manages.team_size+%3D+9&scan_consistency=NOT_BOUNDED
[2020-04-24 13:15:37,089] - [tuq:1106] INFO - TOTAL ELAPSED TIME: 4.558638ms
[2020-04-24 13:15:37,090] - [flex_index_phase1:134] INFO - Number of results from flex query: select meta().id from default USE INDEX (custom_index USING FTS) where type = "emp" and manages.team_size = 9 is 80
[2020-04-24 13:15:37,145] - [tuq:1060] INFO - RUN QUERY select meta().id from default where type = "emp" and manages.team_size = 9
[2020-04-24 13:15:37,146] - [rest_client:3596] INFO - query params : statement=select+meta%28%29.id+from+default+where+type+%3D+%22emp%22+and+manages.team_size+%3D+9&scan_consistency=NOT_BOUNDED
[2020-04-24 13:15:37,266] - [tuq:1106] INFO - TOTAL ELAPSED TIME: 74.78016ms
[2020-04-24 13:15:37,268] - [flex_index_phase1:142] INFO - Number of results from gsi query: select meta().id from default where type = "emp" and manages.team_size = 9 is 80
[2020-04-24 13:15:37,269] - [flex_index_phase1:184] INFO - ======== Done =======
[2020-04-24 13:15:37,269] - [flex_index_phase1:161] INFO - ======== Running Query # 19 =======
[2020-04-24 13:15:37,270] - [flex_index_phase1:164] INFO - Query : explain select meta().id from default USE INDEX (custom_index USING FTS) where type = "emp" and manages.team_size = 10
[2020-04-24 13:15:37,318] - [tuq:1060] INFO - RUN QUERY explain select meta().id from default USE INDEX (custom_index USING FTS) where type = "emp" and manages.team_size = 10
[2020-04-24 13:15:37,319] - [rest_client:3596] INFO - query params : statement=explain+select+meta%28%29.id+from+default+USE+INDEX+%28custom_index+USING+FTS%29+where+type+%3D+%22emp%22+and+manages.team_size+%3D+10&scan_consistency=NOT_BOUNDED
[2020-04-24 13:15:37,366] - [tuq:1106] INFO - TOTAL ELAPSED TIME: 2.080142ms
[2020-04-24 13:15:37,414] - [tuq:1060] INFO - RUN QUERY select meta().id from default USE INDEX (custom_index USING FTS) where type = "emp" and manages.team_size = 10
[2020-04-24 13:15:37,415] - [rest_client:3596] INFO - query params : statement=select+meta%28%29.id+from+default+USE+INDEX+%28custom_index+USING+FTS%29+where+type+%3D+%22emp%22+and+manages.team_size+%3D+10&scan_consistency=NOT_BOUNDED
[2020-04-24 13:15:37,470] - [tuq:1106] INFO - TOTAL ELAPSED TIME: 4.724843ms
[2020-04-24 13:15:37,471] - [flex_index_phase1:134] INFO - Number of results from flex query: select meta().id from default USE INDEX (custom_index USING FTS) where type = "emp" and manages.team_size = 10 is 75
[2020-04-24 13:15:37,526] - [tuq:1060] INFO - RUN QUERY select meta().id from default where type = "emp" and manages.team_size = 10
[2020-04-24 13:15:37,527] - [rest_client:3596] INFO - query params : statement=select+meta%28%29.id+from+default+where+type+%3D+%22emp%22+and+manages.team_size+%3D+10&scan_consistency=NOT_BOUNDED
[2020-04-24 13:15:37,644] - [tuq:1106] INFO - TOTAL ELAPSED TIME: 66.523344ms
[2020-04-24 13:15:37,645] - [flex_index_phase1:142] INFO - Number of results from gsi query: select meta().id from default where type = "emp" and manages.team_size = 10 is 75
[2020-04-24 13:15:37,646] - [flex_index_phase1:184] INFO - ======== Done =======
[2020-04-24 13:15:37,647] - [flex_index_phase1:161] INFO - ======== Running Query # 20 =======
[2020-04-24 13:15:37,648] - [flex_index_phase1:164] INFO - Query : explain select meta().id from default USE INDEX (custom_index USING FTS) where type = "emp" and join_date > "1992-09-07T19:35:00" and join_date < "2020-04-24T13:15:31.288081"
[2020-04-24 13:15:37,699] - [tuq:1060] INFO - RUN QUERY explain select meta().id from default USE INDEX (custom_index USING FTS) where type = "emp" and join_date > "1992-09-07T19:35:00" and join_date < "2020-04-24T13:15:31.288081"
[2020-04-24 13:15:37,701] - [rest_client:3596] INFO - query params : statement=explain+select+meta%28%29.id+from+default+USE+INDEX+%28custom_index+USING+FTS%29+where+type+%3D+%22emp%22+and+join_date+%3E+%221992-09-07T19%3A35%3A00%22+and+join_date+%3C+%222020-04-24T13%3A15%3A31.288081%22&scan_consistency=NOT_BOUNDED
[2020-04-24 13:15:37,760] - [tuq:1106] INFO - TOTAL ELAPSED TIME: 1.795393ms
[2020-04-24 13:15:37,812] - [tuq:1060] INFO - RUN QUERY select meta().id from default USE INDEX (custom_index USING FTS) where type = "emp" and join_date > "1992-09-07T19:35:00" and join_date < "2020-04-24T13:15:31.288081"
[2020-04-24 13:15:37,813] - [rest_client:3596] INFO - query params : statement=select+meta%28%29.id+from+default+USE+INDEX+%28custom_index+USING+FTS%29+where+type+%3D+%22emp%22+and+join_date+%3E+%221992-09-07T19%3A35%3A00%22+and+join_date+%3C+%222020-04-24T13%3A15%3A31.288081%22&scan_consistency=NOT_BOUNDED
[2020-04-24 13:15:37,860] - [tuq:1106] INFO - TOTAL ELAPSED TIME: 2.410071ms
[2020-04-24 13:15:37,861] - [flex_index_phase1:134] INFO - Number of results from flex query: select meta().id from default USE INDEX (custom_index USING FTS) where type = "emp" and join_date > "1992-09-07T19:35:00" and join_date < "2020-04-24T13:15:31.288081" is 0
[2020-04-24 13:15:37,911] - [tuq:1060] INFO - RUN QUERY select meta().id from default where type = "emp" and join_date > "1992-09-07T19:35:00" and join_date < "2020-04-24T13:15:31.288081"
[2020-04-24 13:15:37,913] - [rest_client:3596] INFO - query params : statement=select+meta%28%29.id+from+default+where+type+%3D+%22emp%22+and+join_date+%3E+%221992-09-07T19%3A35%3A00%22+and+join_date+%3C+%222020-04-24T13%3A15%3A31.288081%22&scan_consistency=NOT_BOUNDED
[2020-04-24 13:15:38,048] - [tuq:1106] INFO - TOTAL ELAPSED TIME: 87.438627ms
[2020-04-24 13:15:38,049] - [flex_index_phase1:142] INFO - Number of results from gsi query: select meta().id from default where type = "emp" and join_date > "1992-09-07T19:35:00" and join_date < "2020-04-24T13:15:31.288081" is 367
[2020-04-24 13:15:38,050] - [flex_index_phase1:181] ERROR - Result mismatch found
[2020-04-24 13:15:38,051] - [flex_index_phase1:184] INFO - ======== Done =======
[2020-04-24 13:15:38,052] - [flex_index_phase1:161] INFO - ======== Running Query # 21 =======
[2020-04-24 13:15:38,053] - [flex_index_phase1:164] INFO - Query : explain select meta().id from default USE INDEX (custom_index USING FTS) where type = "emp" and join_date >= "2006-02-20T12:20:00" and join_date <= "2020-04-24T13:15:31.288465"
[2020-04-24 13:15:38,105] - [tuq:1060] INFO - RUN QUERY explain select meta().id from default USE INDEX (custom_index USING FTS) where type = "emp" and join_date >= "2006-02-20T12:20:00" and join_date <= "2020-04-24T13:15:31.288465"
[2020-04-24 13:15:38,106] - [rest_client:3596] INFO - query params : statement=explain+select+meta%28%29.id+from+default+USE+INDEX+%28custom_index+USING+FTS%29+where+type+%3D+%22emp%22+and+join_date+%3E%3D+%222006-02-20T12%3A20%3A00%22+and+join_date+%3C%3D+%222020-04-24T13%3A15%3A31.288465%22&scan_consistency=NOT_BOUNDED
[2020-04-24 13:15:38,163] - [tuq:1106] INFO - TOTAL ELAPSED TIME: 6.037231ms
[2020-04-24 13:15:38,213] - [tuq:1060] INFO - RUN QUERY select meta().id from default USE INDEX (custom_index USING FTS) where type = "emp" and join_date >= "2006-02-20T12:20:00" and join_date <= "2020-04-24T13:15:31.288465"
[2020-04-24 13:15:38,214] - [rest_client:3596] INFO - query params : statement=select+meta%28%29.id+from+default+USE+INDEX+%28custom_index+USING+FTS%29+where+type+%3D+%22emp%22+and+join_date+%3E%3D+%222006-02-20T12%3A20%3A00%22+and+join_date+%3C%3D+%222020-04-24T13%3A15%3A31.288465%22&scan_consistency=NOT_BOUNDED
[2020-04-24 13:15:38,270] - [tuq:1106] INFO - TOTAL ELAPSED TIME: 2.615933ms
[2020-04-24 13:15:38,271] - [flex_index_phase1:134] INFO - Number of results from flex query: select meta().id from default USE INDEX (custom_index USING FTS) where type = "emp" and join_date >= "2006-02-20T12:20:00" and join_date <= "2020-04-24T13:15:31.288465" is 0
[2020-04-24 13:15:38,327] - [tuq:1060] INFO - RUN QUERY select meta().id from default where type = "emp" and join_date >= "2006-02-20T12:20:00" and join_date <= "2020-04-24T13:15:31.288465"
[2020-04-24 13:15:38,328] - [rest_client:3596] INFO - query params : statement=select+meta%28%29.id+from+default+where+type+%3D+%22emp%22+and+join_date+%3E%3D+%222006-02-20T12%3A20%3A00%22+and+join_date+%3C%3D+%222020-04-24T13%3A15%3A31.288465%22&scan_consistency=NOT_BOUNDED
[2020-04-24 13:15:38,451] - [tuq:1106] INFO - TOTAL ELAPSED TIME: 71.300775ms
[2020-04-24 13:15:38,452] - [flex_index_phase1:142] INFO - Number of results from gsi query: select meta().id from default where type = "emp" and join_date >= "2006-02-20T12:20:00" and join_date <= "2020-04-24T13:15:31.288465" is 173
[2020-04-24 13:15:38,453] - [flex_index_phase1:181] ERROR - Result mismatch found
[2020-04-24 13:15:38,454] - [flex_index_phase1:184] INFO - ======== Done =======
[2020-04-24 13:15:38,455] - [flex_index_phase1:161] INFO - ======== Running Query # 22 =======
[2020-04-24 13:15:38,455] - [flex_index_phase1:164] INFO - Query : explain select meta().id from default USE INDEX (custom_index USING FTS) where type = "emp" and join_date >= "1987-03-07T05:02:00" and join_date < "2020-04-24T13:15:31.288777"
[2020-04-24 13:15:38,507] - [tuq:1060] INFO - RUN QUERY explain select meta().id from default USE INDEX (custom_index USING FTS) where type = "emp" and join_date >= "1987-03-07T05:02:00" and join_date < "2020-04-24T13:15:31.288777"
[2020-04-24 13:15:38,509] - [rest_client:3596] INFO - query params : statement=explain+select+meta%28%29.id+from+default+USE+INDEX+%28custom_index+USING+FTS%29+where+type+%3D+%22emp%22+and+join_date+%3E%3D+%221987-03-07T05%3A02%3A00%22+and+join_date+%3C+%222020-04-24T13%3A15%3A31.288777%22&scan_consistency=NOT_BOUNDED
[2020-04-24 13:15:38,556] - [tuq:1106] INFO - TOTAL ELAPSED TIME: 1.841197ms
[2020-04-24 13:15:38,610] - [tuq:1060] INFO - RUN QUERY select meta().id from default USE INDEX (custom_index USING FTS) where type = "emp" and join_date >= "1987-03-07T05:02:00" and join_date < "2020-04-24T13:15:31.288777"
[2020-04-24 13:15:38,611] - [rest_client:3596] INFO - query params : statement=select+meta%28%29.id+from+default+USE+INDEX+%28custom_index+USING+FTS%29+where+type+%3D+%22emp%22+and+join_date+%3E%3D+%221987-03-07T05%3A02%3A00%22+and+join_date+%3C+%222020-04-24T13%3A15%3A31.288777%22&scan_consistency=NOT_BOUNDED
[2020-04-24 13:15:38,656] - [tuq:1106] INFO - TOTAL ELAPSED TIME: 2.546008ms
[2020-04-24 13:15:38,657] - [flex_index_phase1:134] INFO - Number of results from flex query: select meta().id from default USE INDEX (custom_index USING FTS) where type = "emp" and join_date >= "1987-03-07T05:02:00" and join_date < "2020-04-24T13:15:31.288777" is 0
[2020-04-24 13:15:38,708] - [tuq:1060] INFO - RUN QUERY select meta().id from default where type = "emp" and join_date >= "1987-03-07T05:02:00" and join_date < "2020-04-24T13:15:31.288777"
[2020-04-24 13:15:38,709] - [rest_client:3596] INFO - query params : statement=select+meta%28%29.id+from+default+where+type+%3D+%22emp%22+and+join_date+%3E%3D+%221987-03-07T05%3A02%3A00%22+and+join_date+%3C+%222020-04-24T13%3A15%3A31.288777%22&scan_consistency=NOT_BOUNDED
[2020-04-24 13:15:38,835] - [tuq:1106] INFO - TOTAL ELAPSED TIME: 71.326052ms
[2020-04-24 13:15:38,837] - [flex_index_phase1:142] INFO - Number of results from gsi query: select meta().id from default where type = "emp" and join_date >= "1987-03-07T05:02:00" and join_date < "2020-04-24T13:15:31.288777" is 477
[2020-04-24 13:15:38,837] - [flex_index_phase1:181] ERROR - Result mismatch found
[2020-04-24 13:15:38,838] - [flex_index_phase1:184] INFO - ======== Done =======
[2020-04-24 13:15:38,839] - [flex_index_phase1:161] INFO - ======== Running Query # 23 =======
[2020-04-24 13:15:38,840] - [flex_index_phase1:164] INFO - Query : explain select meta().id from default USE INDEX (custom_index USING FTS) where type = "emp" and join_date > "2010-02-03T21:48:00" and join_date <= "2020-04-24T13:15:31.289085"
[2020-04-24 13:15:38,891] - [tuq:1060] INFO - RUN QUERY explain select meta().id from default USE INDEX (custom_index USING FTS) where type = "emp" and join_date > "2010-02-03T21:48:00" and join_date <= "2020-04-24T13:15:31.289085"
[2020-04-24 13:15:38,893] - [rest_client:3596] INFO - query params : statement=explain+select+meta%28%29.id+from+default+USE+INDEX+%28custom_index+USING+FTS%29+where+type+%3D+%22emp%22+and+join_date+%3E+%222010-02-03T21%3A48%3A00%22+and+join_date+%3C%3D+%222020-04-24T13%3A15%3A31.289085%22&scan_consistency=NOT_BOUNDED
[2020-04-24 13:15:38,938] - [tuq:1106] INFO - TOTAL ELAPSED TIME: 1.736218ms
[2020-04-24 13:15:38,987] - [tuq:1060] INFO - RUN QUERY select meta().id from default USE INDEX (custom_index USING FTS) where type = "emp" and join_date > "2010-02-03T21:48:00" and join_date <= "2020-04-24T13:15:31.289085"
[2020-04-24 13:15:38,989] - [rest_client:3596] INFO - query params : statement=select+meta%28%29.id+from+default+USE+INDEX+%28custom_index+USING+FTS%29+where+type+%3D+%22emp%22+and+join_date+%3E+%222010-02-03T21%3A48%3A00%22+and+join_date+%3C%3D+%222020-04-24T13%3A15%3A31.289085%22&scan_consistency=NOT_BOUNDED
[2020-04-24 13:15:39,043] - [tuq:1106] INFO - TOTAL ELAPSED TIME: 5.70931ms
[2020-04-24 13:15:39,044] - [flex_index_phase1:134] INFO - Number of results from flex query: select meta().id from default USE INDEX (custom_index USING FTS) where type = "emp" and join_date > "2010-02-03T21:48:00" and join_date <= "2020-04-24T13:15:31.289085" is 0
[2020-04-24 13:15:39,100] - [tuq:1060] INFO - RUN QUERY select meta().id from default where type = "emp" and join_date > "2010-02-03T21:48:00" and join_date <= "2020-04-24T13:15:31.289085"
[2020-04-24 13:15:39,101] - [rest_client:3596] INFO - query params : statement=select+meta%28%29.id+from+default+where+type+%3D+%22emp%22+and+join_date+%3E+%222010-02-03T21%3A48%3A00%22+and+join_date+%3C%3D+%222020-04-24T13%3A15%3A31.289085%22&scan_consistency=NOT_BOUNDED
[2020-04-24 13:15:39,219] - [tuq:1106] INFO - TOTAL ELAPSED TIME: 68.991265ms
[2020-04-24 13:15:39,221] - [flex_index_phase1:142] INFO - Number of results from gsi query: select meta().id from default where type = "emp" and join_date > "2010-02-03T21:48:00" and join_date <= "2020-04-24T13:15:31.289085" is 114
[2020-04-24 13:15:39,222] - [flex_index_phase1:181] ERROR - Result mismatch found
[2020-04-24 13:15:39,223] - [flex_index_phase1:184] INFO - ======== Done =======
[2020-04-24 13:15:39,223] - [flex_index_phase1:161] INFO - ======== Running Query # 24 =======
[2020-04-24 13:15:39,224] - [flex_index_phase1:164] INFO - Query : explain select meta().id from default USE INDEX (custom_index USING FTS) where type = "emp" and join_date between "1969-01-27T02:57:00" and "2020-04-24T13:15:31.289612"
[2020-04-24 13:15:39,274] - [tuq:1060] INFO - RUN QUERY explain select meta().id from default USE INDEX (custom_index USING FTS) where type = "emp" and join_date between "1969-01-27T02:57:00" and "2020-04-24T13:15:31.289612"
[2020-04-24 13:15:39,276] - [rest_client:3596] INFO - query params : statement=explain+select+meta%28%29.id+from+default+USE+INDEX+%28custom_index+USING+FTS%29+where+type+%3D+%22emp%22+and+join_date+between+%221969-01-27T02%3A57%3A00%22+and+%222020-04-24T13%3A15%3A31.289612%22&scan_consistency=NOT_BOUNDED
[2020-04-24 13:15:39,321] - [tuq:1106] INFO - TOTAL ELAPSED TIME: 2.717893ms
[2020-04-24 13:15:39,377] - [tuq:1060] INFO - RUN QUERY select meta().id from default USE INDEX (custom_index USING FTS) where type = "emp" and join_date between "1969-01-27T02:57:00" and "2020-04-24T13:15:31.289612"
[2020-04-24 13:15:39,378] - [rest_client:3596] INFO - query params : statement=select+meta%28%29.id+from+default+USE+INDEX+%28custom_index+USING+FTS%29+where+type+%3D+%22emp%22+and+join_date+between+%221969-01-27T02%3A57%3A00%22+and+%222020-04-24T13%3A15%3A31.289612%22&scan_consistency=NOT_BOUNDED
[2020-04-24 13:15:39,429] - [tuq:1106] INFO - TOTAL ELAPSED TIME: 2.192033ms
[2020-04-24 13:15:39,430] - [flex_index_phase1:134] INFO - Number of results from flex query: select meta().id from default USE INDEX (custom_index USING FTS) where type = "emp" and join_date between "1969-01-27T02:57:00" and "2020-04-24T13:15:31.289612" is 0
[2020-04-24 13:15:39,483] - [tuq:1060] INFO - RUN QUERY select meta().id from default where type = "emp" and join_date between "1969-01-27T02:57:00" and "2020-04-24T13:15:31.289612"
[2020-04-24 13:15:39,485] - [rest_client:3596] INFO - query params : statement=select+meta%28%29.id+from+default+where+type+%3D+%22emp%22+and+join_date+between+%221969-01-27T02%3A57%3A00%22+and+%222020-04-24T13%3A15%3A31.289612%22&scan_consistency=NOT_BOUNDED
[2020-04-24 13:15:39,639] - [tuq:1106] INFO - TOTAL ELAPSED TIME: 72.923778ms
[2020-04-24 13:15:39,640] - [flex_index_phase1:142] INFO - Number of results from gsi query: select meta().id from default where type = "emp" and join_date between "1969-01-27T02:57:00" and "2020-04-24T13:15:31.289612" is 728
[2020-04-24 13:15:39,641] - [flex_index_phase1:181] ERROR - Result mismatch found
[2020-04-24 13:15:39,642] - [flex_index_phase1:184] INFO - ======== Done =======
[2020-04-24 13:15:39,643] - [flex_index_phase1:161] INFO - ======== Running Query # 25 =======
[2020-04-24 13:15:39,644] - [flex_index_phase1:164] INFO - Query : explain select meta().id from default USE INDEX (custom_index USING FTS) where type = "emp" and join_date between "1985-09-26T07:54:00" and "2020-04-24T13:15:31.289932"
[2020-04-24 13:15:39,694] - [tuq:1060] INFO - RUN QUERY explain select meta().id from default USE INDEX (custom_index USING FTS) where type = "emp" and join_date between "1985-09-26T07:54:00" and "2020-04-24T13:15:31.289932"
[2020-04-24 13:15:39,695] - [rest_client:3596] INFO - query params : statement=explain+select+meta%28%29.id+from+default+USE+INDEX+%28custom_index+USING+FTS%29+where+type+%3D+%22emp%22+and+join_date+between+%221985-09-26T07%3A54%3A00%22+and+%222020-04-24T13%3A15%3A31.289932%22&scan_consistency=NOT_BOUNDED
[2020-04-24 13:15:39,746] - [tuq:1106] INFO - TOTAL ELAPSED TIME: 1.908821ms
[2020-04-24 13:15:39,803] - [tuq:1060] INFO - RUN QUERY select meta().id from default USE INDEX (custom_index USING FTS) where type = "emp" and join_date between "1985-09-26T07:54:00" and "2020-04-24T13:15:31.289932"
[2020-04-24 13:15:39,804] - [rest_client:3596] INFO - query params : statement=select+meta%28%29.id+from+default+USE+INDEX+%28custom_index+USING+FTS%29+where+type+%3D+%22emp%22+and+join_date+between+%221985-09-26T07%3A54%3A00%22+and+%222020-04-24T13%3A15%3A31.289932%22&scan_consistency=NOT_BOUNDED
[2020-04-24 13:15:39,855] - [tuq:1106] INFO - TOTAL ELAPSED TIME: 2.620988ms
[2020-04-24 13:15:39,856] - [flex_index_phase1:134] INFO - Number of results from flex query: select meta().id from default USE INDEX (custom_index USING FTS) where type = "emp" and join_date between "1985-09-26T07:54:00" and "2020-04-24T13:15:31.289932" is 0
[2020-04-24 13:15:39,910] - [tuq:1060] INFO - RUN QUERY select meta().id from default where type = "emp" and join_date between "1985-09-26T07:54:00" and "2020-04-24T13:15:31.289932"
[2020-04-24 13:15:39,912] - [rest_client:3596] INFO - query params : statement=select+meta%28%29.id+from+default+where+type+%3D+%22emp%22+and+join_date+between+%221985-09-26T07%3A54%3A00%22+and+%222020-04-24T13%3A15%3A31.289932%22&scan_consistency=NOT_BOUNDED
[2020-04-24 13:15:40,040] - [tuq:1106] INFO - TOTAL ELAPSED TIME: 80.694322ms
[2020-04-24 13:15:40,042] - [flex_index_phase1:142] INFO - Number of results from gsi query: select meta().id from default where type = "emp" and join_date between "1985-09-26T07:54:00" and "2020-04-24T13:15:31.289932" is 492
[2020-04-24 13:15:40,043] - [flex_index_phase1:181] ERROR - Result mismatch found
[2020-04-24 13:15:40,045] - [flex_index_phase1:184] INFO - ======== Done =======
[2020-04-24 13:15:40,046] - [flex_index_phase1:161] INFO - ======== Running Query # 26 =======
[2020-04-24 13:15:40,047] - [flex_index_phase1:164] INFO - Query : explain select meta().id from default USE INDEX (custom_index USING FTS) where type = "emp" and join_date between "2003-10-09T14:31:00" and "2020-04-24T13:15:31.290238"
[2020-04-24 13:15:40,097] - [tuq:1060] INFO - RUN QUERY explain select meta().id from default USE INDEX (custom_index USING FTS) where type = "emp" and join_date between "2003-10-09T14:31:00" and "2020-04-24T13:15:31.290238"
[2020-04-24 13:15:40,098] - [rest_client:3596] INFO - query params : statement=explain+select+meta%28%29.id+from+default+USE+INDEX+%28custom_index+USING+FTS%29+where+type+%3D+%22emp%22+and+join_date+between+%222003-10-09T14%3A31%3A00%22+and+%222020-04-24T13%3A15%3A31.290238%22&scan_consistency=NOT_BOUNDED
[2020-04-24 13:15:40,148] - [tuq:1106] INFO - TOTAL ELAPSED TIME: 1.776621ms
[2020-04-24 13:15:40,205] - [tuq:1060] INFO - RUN QUERY select meta().id from default USE INDEX (custom_index USING FTS) where type = "emp" and join_date between "2003-10-09T14:31:00" and "2020-04-24T13:15:31.290238"
[2020-04-24 13:15:40,206] - [rest_client:3596] INFO - query params : statement=select+meta%28%29.id+from+default+USE+INDEX+%28custom_index+USING+FTS%29+where+type+%3D+%22emp%22+and+join_date+between+%222003-10-09T14%3A31%3A00%22+and+%222020-04-24T13%3A15%3A31.290238%22&scan_consistency=NOT_BOUNDED
[2020-04-24 13:15:40,257] - [tuq:1106] INFO - TOTAL ELAPSED TIME: 2.776843ms
[2020-04-24 13:15:40,258] - [flex_index_phase1:134] INFO - Number of results from flex query: select meta().id from default USE INDEX (custom_index USING FTS) where type = "emp" and join_date between "2003-10-09T14:31:00" and "2020-04-24T13:15:31.290238" is 0
[2020-04-24 13:15:40,308] - [tuq:1060] INFO - RUN QUERY select meta().id from default where type = "emp" and join_date between "2003-10-09T14:31:00" and "2020-04-24T13:15:31.290238"
[2020-04-24 13:15:40,310] - [rest_client:3596] INFO - query params : statement=select+meta%28%29.id+from+default+where+type+%3D+%22emp%22+and+join_date+between+%222003-10-09T14%3A31%3A00%22+and+%222020-04-24T13%3A15%3A31.290238%22&scan_consistency=NOT_BOUNDED
[2020-04-24 13:15:40,432] - [tuq:1106] INFO - TOTAL ELAPSED TIME: 71.390517ms
[2020-04-24 13:15:40,434] - [flex_index_phase1:142] INFO - Number of results from gsi query: select meta().id from default where type = "emp" and join_date between "2003-10-09T14:31:00" and "2020-04-24T13:15:31.290238" is 199
[2020-04-24 13:15:40,435] - [flex_index_phase1:181] ERROR - Result mismatch found
[2020-04-24 13:15:40,436] - [flex_index_phase1:184] INFO - ======== Done =======
[2020-04-24 13:15:40,437] - [flex_index_phase1:161] INFO - ======== Running Query # 27 =======
[2020-04-24 13:15:40,437] - [flex_index_phase1:164] INFO - Query : explain select meta().id from default USE INDEX (custom_index USING FTS) where type = "emp" and join_date between "1960-06-20T03:31:00" and "2020-04-24T13:15:31.290543"
[2020-04-24 13:15:40,495] - [tuq:1060] INFO - RUN QUERY explain select meta().id from default USE INDEX (custom_index USING FTS) where type = "emp" and join_date between "1960-06-20T03:31:00" and "2020-04-24T13:15:31.290543"
[2020-04-24 13:15:40,497] - [rest_client:3596] INFO - query params : statement=explain+select+meta%28%29.id+from+default+USE+INDEX+%28custom_index+USING+FTS%29+where+type+%3D+%22emp%22+and+join_date+between+%221960-06-20T03%3A31%3A00%22+and+%222020-04-24T13%3A15%3A31.290543%22&scan_consistency=NOT_BOUNDED
[2020-04-24 13:15:40,545] - [tuq:1106] INFO - TOTAL ELAPSED TIME: 1.92107ms
[2020-04-24 13:15:40,597] - [tuq:1060] INFO - RUN QUERY select meta().id from default USE INDEX (custom_index USING FTS) where type = "emp" and join_date between "1960-06-20T03:31:00" and "2020-04-24T13:15:31.290543"
[2020-04-24 13:15:40,599] - [rest_client:3596] INFO - query params : statement=select+meta%28%29.id+from+default+USE+INDEX+%28custom_index+USING+FTS%29+where+type+%3D+%22emp%22+and+join_date+between+%221960-06-20T03%3A31%3A00%22+and+%222020-04-24T13%3A15%3A31.290543%22&scan_consistency=NOT_BOUNDED
[2020-04-24 13:15:40,654] - [tuq:1106] INFO - TOTAL ELAPSED TIME: 2.801748ms
[2020-04-24 13:15:40,655] - [flex_index_phase1:134] INFO - Number of results from flex query: select meta().id from default USE INDEX (custom_index USING FTS) where type = "emp" and join_date between "1960-06-20T03:31:00" and "2020-04-24T13:15:31.290543" is 0
[2020-04-24 13:15:40,709] - [tuq:1060] INFO - RUN QUERY select meta().id from default where type = "emp" and join_date between "1960-06-20T03:31:00" and "2020-04-24T13:15:31.290543"
[2020-04-24 13:15:40,710] - [rest_client:3596] INFO - query params : statement=select+meta%28%29.id+from+default+where+type+%3D+%22emp%22+and+join_date+between+%221960-06-20T03%3A31%3A00%22+and+%222020-04-24T13%3A15%3A31.290543%22&scan_consistency=NOT_BOUNDED
[2020-04-24 13:15:40,843] - [tuq:1106] INFO - TOTAL ELAPSED TIME: 73.576358ms
[2020-04-24 13:15:40,844] - [flex_index_phase1:142] INFO - Number of results from gsi query: select meta().id from default where type = "emp" and join_date between "1960-06-20T03:31:00" and "2020-04-24T13:15:31.290543" is 851
[2020-04-24 13:15:40,845] - [flex_index_phase1:181] ERROR - Result mismatch found
[2020-04-24 13:15:40,846] - [flex_index_phase1:184] INFO - ======== Done =======
[2020-04-24 13:15:40,847] - [flex_index_phase1:161] INFO - ======== Running Query # 28 =======
[2020-04-24 13:15:40,848] - [flex_index_phase1:164] INFO - Query : explain select meta().id from default USE INDEX (custom_index USING FTS) where type = "emp" and join_date between "1974-04-01T23:17:00" and "2020-04-24T13:15:31.290848"
[2020-04-24 13:15:40,901] - [tuq:1060] INFO - RUN QUERY explain select meta().id from default USE INDEX (custom_index USING FTS) where type = "emp" and join_date between "1974-04-01T23:17:00" and "2020-04-24T13:15:31.290848"
[2020-04-24 13:15:40,902] - [rest_client:3596] INFO - query params : statement=explain+select+meta%28%29.id+from+default+USE+INDEX+%28custom_index+USING+FTS%29+where+type+%3D+%22emp%22+and+join_date+between+%221974-04-01T23%3A17%3A00%22+and+%222020-04-24T13%3A15%3A31.290848%22&scan_consistency=NOT_BOUNDED
[2020-04-24 13:15:40,951] - [tuq:1106] INFO - TOTAL ELAPSED TIME: 1.754426ms
[2020-04-24 13:15:41,004] - [tuq:1060] INFO - RUN QUERY select meta().id from default USE INDEX (custom_index USING FTS) where type = "emp" and join_date between "1974-04-01T23:17:00" and "2020-04-24T13:15:31.290848"
[2020-04-24 13:15:41,005] - [rest_client:3596] INFO - query params : statement=select+meta%28%29.id+from+default+USE+INDEX+%28custom_index+USING+FTS%29+where+type+%3D+%22emp%22+and+join_date+between+%221974-04-01T23%3A17%3A00%22+and+%222020-04-24T13%3A15%3A31.290848%22&scan_consistency=NOT_BOUNDED
[2020-04-24 13:15:41,053] - [tuq:1106] INFO - TOTAL ELAPSED TIME: 2.407775ms
[2020-04-24 13:15:41,054] - [flex_index_phase1:134] INFO - Number of results from flex query: select meta().id from default USE INDEX (custom_index USING FTS) where type = "emp" and join_date between "1974-04-01T23:17:00" and "2020-04-24T13:15:31.290848" is 0
[2020-04-24 13:15:41,109] - [tuq:1060] INFO - RUN QUERY select meta().id from default where type = "emp" and join_date between "1974-04-01T23:17:00" and "2020-04-24T13:15:31.290848"
[2020-04-24 13:15:41,110] - [rest_client:3596] INFO - query params : statement=select+meta%28%29.id+from+default+where+type+%3D+%22emp%22+and+join_date+between+%221974-04-01T23%3A17%3A00%22+and+%222020-04-24T13%3A15%3A31.290848%22&scan_consistency=NOT_BOUNDED
[2020-04-24 13:15:41,252] - [tuq:1106] INFO - TOTAL ELAPSED TIME: 69.148392ms
[2020-04-24 13:15:41,253] - [flex_index_phase1:142] INFO - Number of results from gsi query: select meta().id from default where type = "emp" and join_date between "1974-04-01T23:17:00" and "2020-04-24T13:15:31.290848" is 661
[2020-04-24 13:15:41,253] - [flex_index_phase1:181] ERROR - Result mismatch found
[2020-04-24 13:15:41,254] - [flex_index_phase1:184] INFO - ======== Done =======
[2020-04-24 13:15:41,255] - [flex_index_phase1:31] INFO - ==============  FlexIndexTests tearDown has started ==============
[2020-04-24 13:15:41,308] - [tuq:1060] INFO - RUN QUERY SELECT * FROM system:indexes
[2020-04-24 13:15:41,309] - [rest_client:3596] INFO - query params : statement=SELECT+%2A+FROM+system%3Aindexes&scan_consistency=NOT_BOUNDED
[2020-04-24 13:15:41,365] - [tuq:1106] INFO - TOTAL ELAPSED TIME: 12.65515ms
[2020-04-24 13:15:41,418] - [tuq:1060] INFO - RUN QUERY SELECT * FROM system:keyspaces
[2020-04-24 13:15:41,420] - [rest_client:3596] INFO - query params : statement=SELECT+%2A+FROM+system%3Akeyspaces&scan_consistency=NOT_BOUNDED
[2020-04-24 13:15:41,476] - [tuq:1106] INFO - TOTAL ELAPSED TIME: 8.059313ms
[2020-04-24 13:15:41,478] - [tuq:237] INFO - ==============  System Config: ==============

[2020-04-24 13:15:41,527] - [tuq:1060] INFO - RUN QUERY SELECT COUNT(*) FROM `default`
[2020-04-24 13:15:41,529] - [rest_client:3596] INFO - query params : statement=SELECT+COUNT%28%2A%29+FROM+%60default%60&scan_consistency=NOT_BOUNDED
[2020-04-24 13:15:41,587] - [tuq:1106] INFO - TOTAL ELAPSED TIME: 10.04559ms
[2020-04-24 13:15:41,588] - [tuq:245] INFO - Bucket: default
[2020-04-24 13:15:41,589] - [tuq:246] INFO - Indexes: ['primary_gsi_index', 'custom_index']
[2020-04-24 13:15:41,590] - [tuq:247] INFO - Docs: 1000

[2020-04-24 13:15:41,590] - [tuq:248] INFO - =============================================
[2020-04-24 13:15:41,591] - [flex_index_phase1:33] INFO - ==============  FlexIndexTests tearDown has completed ==============
[2020-04-24 13:15:41,592] - [tuq:193] INFO - ==============  QueryTests tearDown has started ==============
[2020-04-24 13:15:41,593] - [tuq:209] INFO - ==============  QueryTests tearDown has completed ==============
[2020-04-24 13:15:41,712] - [basetestcase:426] INFO - ------- Cluster statistics -------
[2020-04-24 13:15:41,713] - [basetestcase:428] INFO - 172.23.121.65:8091 => {'services': ['fts', 'index', 'kv', 'n1ql'], 'cpu_utilization': 10.41666666666667, 'mem_free': 2190491648, 'mem_total': 4366925824, 'swap_mem_used': 16515072, 'swap_mem_total': 3758092288}
[2020-04-24 13:15:41,713] - [basetestcase:429] INFO - --- End of cluster statistics ---
[2020-04-24 13:15:41,714] - [basetestcase:520] INFO - closing all ssh connections
[2020-04-24 13:15:41,716] - [basetestcase:525] INFO - closing all memcached connections
downloading 172.23.121.65 .................................................................................................................................................................................................................................................................................................................................................................................................................................................................................................downloading 172.23.121.66 ....................................................downloading 172.23.121.67 ...........................................................................................................................................................................................................................................................................downloading 172.23.121.68 ............................................................................................................................................................................Cluster instance shutdown with force
summary so far suite tuqquery.flex_index_phase1.FlexIndexTests , pass 0 , fail 2
failures so far...
tuqquery.flex_index_phase1.FlexIndexTests.test_flex_single_typemapping_comp_ops
tuqquery.flex_index_phase1.FlexIndexTests.test_flex_single_typemapping_comp_ops
testrunner logs, diags and results are available under /Users/girishbenakappa/IdeaProjects/testrunner/logs/testrunner-20-Apr-24_13-12-16/test_2
Logs will be stored at /Users/girishbenakappa/IdeaProjects/testrunner/logs/testrunner-20-Apr-24_13-12-16/test_3

./testrunner -i test.ini -p get-cbcollect-info=False,get-logs=False,stop-on-failure=False,index_type=scorch,fts_quota=750 -t tuqquery.flex_index_phase1.FlexIndexTests.test_flex_single_typemapping_comp_ops,test_name=fts_index_exists,GROUP=P1,get-logs=False,stop-on-failure=False,GROUP=P1,doc-per-day=6,bucket_size=200,scan_consistency=NOT_BOUNDED,skip_load=True,items=1000,custom_map=True,GROUP=PS,get-cbcollect-info=False,disable_HTP=True,get-logs=False,stop-on-failure=False,cluster=D+F,index_type=scorch,fts_quota=750,custom_map_add_non_indexed_fields=False,text_analyzer=keyword,cm_id=2

Test Input params:
{'test_name': 'fts_index_exists', 'GROUP': 'PS', 'get-logs': 'False', 'stop-on-failure': 'False', 'doc-per-day': '6', 'bucket_size': '200', 'scan_consistency': 'NOT_BOUNDED', 'skip_load': 'True', 'items': '1000', 'custom_map': 'True', 'get-cbcollect-info': 'False', 'disable_HTP': 'True', 'cluster': 'D+F', 'index_type': 'scorch', 'fts_quota': '750', 'custom_map_add_non_indexed_fields': 'False', 'text_analyzer': 'keyword', 'cm_id': '2', 'ini': 'test.ini', 'cluster_name': 'test', 'spec': 'test', 'conf_file': 'test.conf', 'num_nodes': 4, 'case_number': 3, 'logs_folder': '/Users/girishbenakappa/IdeaProjects/testrunner/logs/testrunner-20-Apr-24_13-12-16/test_3'}
[2020-04-24 13:16:12,778] - [remote_util:259] INFO - connecting to 172.23.121.65 with username:root 
[2020-04-24 13:16:13,323] - [remote_util:304] INFO - Connected to 172.23.121.65
[2020-04-24 13:16:13,889] - [remote_util:3365] INFO - os_distro: CentOS, os_version: centos 7, is_linux_distro: True
[2020-04-24 13:16:14,586] - [remote_util:3518] INFO - extract_remote_info-->distribution_type: CentOS, distribution_version: centos 7
[2020-04-24 13:16:14,795] - [rest_client:2236] INFO - Node version in cluster 7.0.0-1834-enterprise
[2020-04-24 13:16:14,912] - [rest_client:2246] INFO - Node versions in cluster ['7.0.0-1834-enterprise']
[2020-04-24 13:16:14,913] - [basetestcase:230] INFO - ==============  basetestcase setup was started for test #3 test_flex_single_typemapping_comp_ops==============
[2020-04-24 13:16:14,914] - [basetestcase:262] INFO - any cluster operation in setup will be skipped
[2020-04-24 13:16:14,915] - [basetestcase:265] INFO - ==============  basetestcase setup was finished for test #3 test_flex_single_typemapping_comp_ops ==============
[2020-04-24 13:16:14,916] - [tuq:53] INFO - ==============  QueryTests setup has started ==============
[2020-04-24 13:16:14,918] - [remote_util:259] INFO - connecting to 172.23.121.65 with username:root 
[2020-04-24 13:16:15,488] - [remote_util:304] INFO - Connected to 172.23.121.65
[2020-04-24 13:16:16,052] - [remote_util:3365] INFO - os_distro: CentOS, os_version: centos 7, is_linux_distro: True
[2020-04-24 13:16:16,738] - [remote_util:3518] INFO - extract_remote_info-->distribution_type: CentOS, distribution_version: centos 7
[2020-04-24 13:16:16,856] - [remote_util:259] INFO - connecting to 172.23.121.65 with username:root 
[2020-04-24 13:16:17,451] - [remote_util:304] INFO - Connected to 172.23.121.65
[2020-04-24 13:16:18,036] - [remote_util:3365] INFO - os_distro: CentOS, os_version: centos 7, is_linux_distro: True
[2020-04-24 13:16:18,742] - [remote_util:3518] INFO - extract_remote_info-->distribution_type: CentOS, distribution_version: centos 7
[2020-04-24 13:16:18,744] - [tuq:743] INFO - Generating default:default data...
[2020-04-24 13:16:18,745] - [tuq:749] INFO - -->start:generate_docs_employee for default...
[2020-04-24 13:16:18,854] - [tuq:751] INFO - -->end:generate_docs_employee for default...
[2020-04-24 13:16:18,855] - [tuq:844] INFO - Completed Generating default:default data...
[2020-04-24 13:16:18,855] - [tuq:90] INFO - --->gens_load is done...
[2020-04-24 13:16:18,856] - [tuq:98] INFO - -->starting rest connection...
[2020-04-24 13:16:19,569] - [tuq:133] INFO - --> docs_per_day>0..generating TuqGenerators...
[2020-04-24 13:16:20,340] - [tuq:135] INFO - --> End: docs_per_day>0..generating TuqGenerators...
[2020-04-24 13:16:20,341] - [tuq:141] INFO - ----------------------------------------------------------------------------------------------------
[2020-04-24 13:16:20,341] - [tuq:142] INFO - Temp fix for MB-16888
[2020-04-24 13:16:20,342] - [remote_util:3220] INFO - running command.raw on 172.23.121.65: killall -9 cbq-engine
[2020-04-24 13:16:20,394] - [remote_util:3257] INFO - command executed successfully
[2020-04-24 13:16:20,395] - [remote_util:3220] INFO - running command.raw on 172.23.121.65: killall -9 indexer
[2020-04-24 13:16:20,498] - [remote_util:3257] INFO - command executed successfully
[2020-04-24 13:16:20,498] - [tuq:150] INFO - Error executing shell command: killall -9 cbq-engine! Error - bash: killall: command not found
[2020-04-24 13:16:20,499] - [tuq:152] INFO - Error executing shell command: killall -9 indexer! Error - bash: killall: command not found
[2020-04-24 13:16:20,499] - [tuq:153] INFO - ----------------------------------------------------------------------------------------------------
[2020-04-24 13:16:20,500] - [tuq:160] INFO - ==============  QueryTests setup has completed ==============
[2020-04-24 13:16:20,500] - [flex_index_phase1:25] INFO - ==============  FlexIndexTests setup has started ==============
[2020-04-24 13:16:20,552] - [tuq:1060] INFO - RUN QUERY SELECT * FROM system:indexes
[2020-04-24 13:16:20,553] - [rest_client:3596] INFO - query params : statement=SELECT+%2A+FROM+system%3Aindexes&scan_consistency=NOT_BOUNDED
[2020-04-24 13:16:20,611] - [tuq:1106] INFO - TOTAL ELAPSED TIME: 12.586535ms
[2020-04-24 13:16:20,663] - [tuq:1060] INFO - RUN QUERY SELECT * FROM system:keyspaces
[2020-04-24 13:16:20,664] - [rest_client:3596] INFO - query params : statement=SELECT+%2A+FROM+system%3Akeyspaces&scan_consistency=NOT_BOUNDED
[2020-04-24 13:16:20,727] - [tuq:1106] INFO - TOTAL ELAPSED TIME: 6.968434ms
[2020-04-24 13:16:20,728] - [tuq:237] INFO - ==============  System Config: ==============

[2020-04-24 13:16:20,786] - [tuq:1060] INFO - RUN QUERY SELECT COUNT(*) FROM `default`
[2020-04-24 13:16:20,787] - [rest_client:3596] INFO - query params : statement=SELECT+COUNT%28%2A%29+FROM+%60default%60&scan_consistency=NOT_BOUNDED
[2020-04-24 13:16:20,846] - [tuq:1106] INFO - TOTAL ELAPSED TIME: 9.049777ms
[2020-04-24 13:16:20,846] - [tuq:245] INFO - Bucket: default
[2020-04-24 13:16:20,847] - [tuq:246] INFO - Indexes: ['custom_index', 'primary_gsi_index']
[2020-04-24 13:16:20,847] - [tuq:247] INFO - Docs: 1000

[2020-04-24 13:16:20,848] - [tuq:248] INFO - =============================================
[2020-04-24 13:16:20,848] - [flex_index_phase1:28] INFO - ==============  FlexIndexTests setup has completed ==============
[2020-04-24 13:16:24,207] - [rest_client:3418] INFO - Flush for bucket 'default' was triggered
[2020-04-24 13:16:24,637] - [data_helper:304] INFO - creating direct client 172.23.121.65:11210 default
[2020-04-24 13:16:27,528] - [rest_client:2964] INFO - SUCCESS: FTS RAM quota set to 750mb
{'text': ['name']}
[2020-04-24 13:16:27,638] - [fts_base:676] INFO - {
   "mapping": {
      "default_mapping": {
         "enabled": false,
         "dynamic": true,
         "default_analyzer": ""
      },
      "type_field": "type",
      "default_type": "_default",
      "default_analyzer": "standard",
      "default_datetime_parser": "dateTimeOptional",
      "default_field": "_all",
      "analysis": {},
      "types": {
         "emp": {
            "dynamic": false,
            "enabled": true,
            "fields": [],
            "properties": {
               "name": {
                  "dynamic": false,
                  "enabled": true,
                  "properties": {},
                  "fields": [
                     {
                        "include_in_all": true,
                        "include_term_vectors": true,
                        "index": true,
                        "name": "name",
                        "store": false,
                        "type": "text",
                        "analyzer": "keyword"
                     }
                  ]
               }
            }
         }
      }
   },
   "store": {
      "kvStoreName": "mossStore",
      "mossStoreOptions": {},
      "indexType": "scorch"
   }
}
[2020-04-24 13:16:27,639] - [fts_base:909] INFO - Checking if index already exists ...
[2020-04-24 13:16:27,912] - [fts_base:918] INFO - Creating fulltext-index custom_index on 172.23.121.65
[2020-04-24 13:16:27,913] - [rest_client:2973] INFO - {"type": "fulltext-index", "name": "custom_index", "uuid": "", "params": {"mapping": {"default_mapping": {"enabled": false, "dynamic": true, "default_analyzer": ""}, "type_field": "type", "default_type": "_default", "default_analyzer": "standard", "default_datetime_parser": "dateTimeOptional", "default_field": "_all", "analysis": {}, "types": {"emp": {"dynamic": false, "enabled": true, "fields": [], "properties": {"name": {"dynamic": false, "enabled": true, "properties": {}, "fields": [{"include_in_all": true, "include_term_vectors": true, "index": true, "name": "name", "store": false, "type": "text", "analyzer": "keyword"}]}}}}}, "store": {"kvStoreName": "mossStore", "mossStoreOptions": {}, "indexType": "scorch"}}, "sourceType": "couchbase", "sourceName": "default", "sourceUUID": "", "planParams": {"numReplicas": 0}, "sourceParams": {}}
[2020-04-24 13:16:28,107] - [rest_client:2980] INFO - Index custom_index created
[2020-04-24 13:16:28,108] - [basetestcase:577] INFO - sleep for 10 secs.  ...
[2020-04-24 13:16:38,390] - [tuq:1060] INFO - RUN QUERY SELECT * FROM system:indexes
[2020-04-24 13:16:38,392] - [rest_client:3596] INFO - query params : statement=SELECT+%2A+FROM+system%3Aindexes&scan_consistency=NOT_BOUNDED
[2020-04-24 13:16:38,460] - [tuq:1106] INFO - TOTAL ELAPSED TIME: 12.752528ms
No string/number/date fields indexed for smart query generation 
Smart queries will be generated on fields: {'str': ['name'], 'text': ['name']}
Smart queries will be generated on fields: {'str': ['name'], 'text': ['name']}
[2020-04-24 13:16:38,462] - [flex_index_phase1:161] INFO - ======== Running Query # 1 =======
[2020-04-24 13:16:38,463] - [flex_index_phase1:164] INFO - Query : explain select meta().id from default USE INDEX (custom_index USING FTS) where type = "emp" and name like "%"
[2020-04-24 13:16:38,515] - [tuq:1060] INFO - RUN QUERY explain select meta().id from default USE INDEX (custom_index USING FTS) where type = "emp" and name like "%"
[2020-04-24 13:16:38,516] - [rest_client:3596] INFO - query params : statement=explain+select+meta%28%29.id+from+default+USE+INDEX+%28custom_index+USING+FTS%29+where+type+%3D+%22emp%22+and+name+like+%22%25%22&scan_consistency=NOT_BOUNDED
[2020-04-24 13:16:38,567] - [tuq:1106] INFO - TOTAL ELAPSED TIME: 1.279298ms
[2020-04-24 13:16:38,568] - [flex_index_phase1:175] INFO - Failed to find fts index name in plan query
[2020-04-24 13:16:38,569] - [flex_index_phase1:176] ERROR - False is not true
[2020-04-24 13:16:38,569] - [flex_index_phase1:161] INFO - ======== Running Query # 2 =======
[2020-04-24 13:16:38,570] - [flex_index_phase1:164] INFO - Query : explain select meta().id from default USE INDEX (custom_index USING FTS) where type = "emp" and name like "Sim%"
[2020-04-24 13:16:38,625] - [tuq:1060] INFO - RUN QUERY explain select meta().id from default USE INDEX (custom_index USING FTS) where type = "emp" and name like "Sim%"
[2020-04-24 13:16:38,626] - [rest_client:3596] INFO - query params : statement=explain+select+meta%28%29.id+from+default+USE+INDEX+%28custom_index+USING+FTS%29+where+type+%3D+%22emp%22+and+name+like+%22Sim%25%22&scan_consistency=NOT_BOUNDED
[2020-04-24 13:16:38,682] - [tuq:1106] INFO - TOTAL ELAPSED TIME: 2.142931ms
[2020-04-24 13:16:38,728] - [tuq:1060] INFO - RUN QUERY select meta().id from default USE INDEX (custom_index USING FTS) where type = "emp" and name like "Sim%"
[2020-04-24 13:16:38,730] - [rest_client:3596] INFO - query params : statement=select+meta%28%29.id+from+default+USE+INDEX+%28custom_index+USING+FTS%29+where+type+%3D+%22emp%22+and+name+like+%22Sim%25%22&scan_consistency=NOT_BOUNDED
[2020-04-24 13:16:38,787] - [tuq:1106] INFO - TOTAL ELAPSED TIME: 2.564452ms
[2020-04-24 13:16:38,787] - [flex_index_phase1:134] INFO - Number of results from flex query: select meta().id from default USE INDEX (custom_index USING FTS) where type = "emp" and name like "Sim%" is 0
[2020-04-24 13:16:38,844] - [tuq:1060] INFO - RUN QUERY select meta().id from default where type = "emp" and name like "Sim%"
[2020-04-24 13:16:38,845] - [rest_client:3596] INFO - query params : statement=select+meta%28%29.id+from+default+where+type+%3D+%22emp%22+and+name+like+%22Sim%25%22&scan_consistency=NOT_BOUNDED
[2020-04-24 13:16:38,961] - [tuq:1106] INFO - TOTAL ELAPSED TIME: 62.099814ms
[2020-04-24 13:16:38,962] - [flex_index_phase1:142] INFO - Number of results from gsi query: select meta().id from default where type = "emp" and name like "Sim%" is 0
[2020-04-24 13:16:38,964] - [flex_index_phase1:184] INFO - ======== Done =======
[2020-04-24 13:16:38,966] - [flex_index_phase1:161] INFO - ======== Running Query # 3 =======
[2020-04-24 13:16:38,968] - [flex_index_phase1:164] INFO - Query : explain select meta().id from default USE INDEX (custom_index USING FTS) where type = "emp" and name like "Dav%"
[2020-04-24 13:16:39,016] - [tuq:1060] INFO - RUN QUERY explain select meta().id from default USE INDEX (custom_index USING FTS) where type = "emp" and name like "Dav%"
[2020-04-24 13:16:39,018] - [rest_client:3596] INFO - query params : statement=explain+select+meta%28%29.id+from+default+USE+INDEX+%28custom_index+USING+FTS%29+where+type+%3D+%22emp%22+and+name+like+%22Dav%25%22&scan_consistency=NOT_BOUNDED
[2020-04-24 13:16:39,073] - [tuq:1106] INFO - TOTAL ELAPSED TIME: 1.712779ms
[2020-04-24 13:16:39,125] - [tuq:1060] INFO - RUN QUERY select meta().id from default USE INDEX (custom_index USING FTS) where type = "emp" and name like "Dav%"
[2020-04-24 13:16:39,127] - [rest_client:3596] INFO - query params : statement=select+meta%28%29.id+from+default+USE+INDEX+%28custom_index+USING+FTS%29+where+type+%3D+%22emp%22+and+name+like+%22Dav%25%22&scan_consistency=NOT_BOUNDED
[2020-04-24 13:16:39,184] - [tuq:1106] INFO - TOTAL ELAPSED TIME: 3.977614ms
[2020-04-24 13:16:39,185] - [flex_index_phase1:134] INFO - Number of results from flex query: select meta().id from default USE INDEX (custom_index USING FTS) where type = "emp" and name like "Dav%" is 0
[2020-04-24 13:16:39,237] - [tuq:1060] INFO - RUN QUERY select meta().id from default where type = "emp" and name like "Dav%"
[2020-04-24 13:16:39,238] - [rest_client:3596] INFO - query params : statement=select+meta%28%29.id+from+default+where+type+%3D+%22emp%22+and+name+like+%22Dav%25%22&scan_consistency=NOT_BOUNDED
[2020-04-24 13:16:39,352] - [tuq:1106] INFO - TOTAL ELAPSED TIME: 64.37134ms
[2020-04-24 13:16:39,353] - [flex_index_phase1:142] INFO - Number of results from gsi query: select meta().id from default where type = "emp" and name like "Dav%" is 0
[2020-04-24 13:16:39,354] - [flex_index_phase1:184] INFO - ======== Done =======
[2020-04-24 13:16:39,354] - [flex_index_phase1:161] INFO - ======== Running Query # 4 =======
[2020-04-24 13:16:39,355] - [flex_index_phase1:164] INFO - Query : explain select meta().id from default USE INDEX (custom_index USING FTS) where type = "emp" and name like "Mi%"
[2020-04-24 13:16:39,404] - [tuq:1060] INFO - RUN QUERY explain select meta().id from default USE INDEX (custom_index USING FTS) where type = "emp" and name like "Mi%"
[2020-04-24 13:16:39,405] - [rest_client:3596] INFO - query params : statement=explain+select+meta%28%29.id+from+default+USE+INDEX+%28custom_index+USING+FTS%29+where+type+%3D+%22emp%22+and+name+like+%22Mi%25%22&scan_consistency=NOT_BOUNDED
[2020-04-24 13:16:39,457] - [tuq:1106] INFO - TOTAL ELAPSED TIME: 2.524321ms
[2020-04-24 13:16:39,505] - [tuq:1060] INFO - RUN QUERY select meta().id from default USE INDEX (custom_index USING FTS) where type = "emp" and name like "Mi%"
[2020-04-24 13:16:39,506] - [rest_client:3596] INFO - query params : statement=select+meta%28%29.id+from+default+USE+INDEX+%28custom_index+USING+FTS%29+where+type+%3D+%22emp%22+and+name+like+%22Mi%25%22&scan_consistency=NOT_BOUNDED
[2020-04-24 13:16:39,559] - [tuq:1106] INFO - TOTAL ELAPSED TIME: 2.612115ms
[2020-04-24 13:16:39,560] - [flex_index_phase1:134] INFO - Number of results from flex query: select meta().id from default USE INDEX (custom_index USING FTS) where type = "emp" and name like "Mi%" is 0
[2020-04-24 13:16:39,613] - [tuq:1060] INFO - RUN QUERY select meta().id from default where type = "emp" and name like "Mi%"
[2020-04-24 13:16:39,615] - [rest_client:3596] INFO - query params : statement=select+meta%28%29.id+from+default+where+type+%3D+%22emp%22+and+name+like+%22Mi%25%22&scan_consistency=NOT_BOUNDED
[2020-04-24 13:16:39,729] - [tuq:1106] INFO - TOTAL ELAPSED TIME: 68.02803ms
[2020-04-24 13:16:39,730] - [flex_index_phase1:142] INFO - Number of results from gsi query: select meta().id from default where type = "emp" and name like "Mi%" is 10
[2020-04-24 13:16:39,731] - [flex_index_phase1:181] ERROR - Result mismatch found
[2020-04-24 13:16:39,731] - [flex_index_phase1:184] INFO - ======== Done =======
[2020-04-24 13:16:39,732] - [flex_index_phase1:161] INFO - ======== Running Query # 5 =======
[2020-04-24 13:16:39,733] - [flex_index_phase1:164] INFO - Query : explain select meta().id from default USE INDEX (custom_index USING FTS) where type = "emp" and name like "Chatha Th%"
[2020-04-24 13:16:39,789] - [tuq:1060] INFO - RUN QUERY explain select meta().id from default USE INDEX (custom_index USING FTS) where type = "emp" and name like "Chatha Th%"
[2020-04-24 13:16:39,790] - [rest_client:3596] INFO - query params : statement=explain+select+meta%28%29.id+from+default+USE+INDEX+%28custom_index+USING+FTS%29+where+type+%3D+%22emp%22+and+name+like+%22Chatha+Th%25%22&scan_consistency=NOT_BOUNDED
[2020-04-24 13:16:39,840] - [tuq:1106] INFO - TOTAL ELAPSED TIME: 1.898871ms
[2020-04-24 13:16:39,890] - [tuq:1060] INFO - RUN QUERY select meta().id from default USE INDEX (custom_index USING FTS) where type = "emp" and name like "Chatha Th%"
[2020-04-24 13:16:39,891] - [rest_client:3596] INFO - query params : statement=select+meta%28%29.id+from+default+USE+INDEX+%28custom_index+USING+FTS%29+where+type+%3D+%22emp%22+and+name+like+%22Chatha+Th%25%22&scan_consistency=NOT_BOUNDED
[2020-04-24 13:16:39,954] - [tuq:1106] INFO - TOTAL ELAPSED TIME: 2.622072ms
[2020-04-24 13:16:39,954] - [flex_index_phase1:134] INFO - Number of results from flex query: select meta().id from default USE INDEX (custom_index USING FTS) where type = "emp" and name like "Chatha Th%" is 0
[2020-04-24 13:16:40,001] - [tuq:1060] INFO - RUN QUERY select meta().id from default where type = "emp" and name like "Chatha Th%"
[2020-04-24 13:16:40,002] - [rest_client:3596] INFO - query params : statement=select+meta%28%29.id+from+default+where+type+%3D+%22emp%22+and+name+like+%22Chatha+Th%25%22&scan_consistency=NOT_BOUNDED
[2020-04-24 13:16:40,140] - [tuq:1106] INFO - TOTAL ELAPSED TIME: 79.934029ms
[2020-04-24 13:16:40,141] - [flex_index_phase1:142] INFO - Number of results from gsi query: select meta().id from default where type = "emp" and name like "Chatha Th%" is 1
[2020-04-24 13:16:40,141] - [flex_index_phase1:181] ERROR - Result mismatch found
[2020-04-24 13:16:40,142] - [flex_index_phase1:184] INFO - ======== Done =======
[2020-04-24 13:16:40,143] - [flex_index_phase1:161] INFO - ======== Running Query # 6 =======
[2020-04-24 13:16:40,143] - [flex_index_phase1:164] INFO - Query : explain select meta().id from default USE INDEX (custom_index USING FTS) where type = "emp" and name between "Gerónimo" and "Hedda"
[2020-04-24 13:16:40,196] - [tuq:1060] INFO - RUN QUERY explain select meta().id from default USE INDEX (custom_index USING FTS) where type = "emp" and name between "Gerónimo" and "Hedda"
[2020-04-24 13:16:40,197] - [rest_client:3596] INFO - query params : statement=explain+select+meta%28%29.id+from+default+USE+INDEX+%28custom_index+USING+FTS%29+where+type+%3D+%22emp%22+and+name+between+%22Ger%C3%B3nimo%22+and+%22Hedda%22&scan_consistency=NOT_BOUNDED
[2020-04-24 13:16:40,249] - [tuq:1106] INFO - TOTAL ELAPSED TIME: 1.827426ms
[2020-04-24 13:16:40,310] - [tuq:1060] INFO - RUN QUERY select meta().id from default USE INDEX (custom_index USING FTS) where type = "emp" and name between "Gerónimo" and "Hedda"
[2020-04-24 13:16:40,311] - [rest_client:3596] INFO - query params : statement=select+meta%28%29.id+from+default+USE+INDEX+%28custom_index+USING+FTS%29+where+type+%3D+%22emp%22+and+name+between+%22Ger%C3%B3nimo%22+and+%22Hedda%22&scan_consistency=NOT_BOUNDED
[2020-04-24 13:16:40,360] - [tuq:1106] INFO - TOTAL ELAPSED TIME: 2.711766ms
[2020-04-24 13:16:40,362] - [flex_index_phase1:134] INFO - Number of results from flex query: select meta().id from default USE INDEX (custom_index USING FTS) where type = "emp" and name between "Gerónimo" and "Hedda" is 0
[2020-04-24 13:16:40,413] - [tuq:1060] INFO - RUN QUERY select meta().id from default where type = "emp" and name between "Gerónimo" and "Hedda"
[2020-04-24 13:16:40,416] - [rest_client:3596] INFO - query params : statement=select+meta%28%29.id+from+default+where+type+%3D+%22emp%22+and+name+between+%22Ger%C3%B3nimo%22+and+%22Hedda%22&scan_consistency=NOT_BOUNDED
[2020-04-24 13:16:40,523] - [tuq:1106] INFO - TOTAL ELAPSED TIME: 63.391189ms
[2020-04-24 13:16:40,525] - [flex_index_phase1:142] INFO - Number of results from gsi query: select meta().id from default where type = "emp" and name between "Gerónimo" and "Hedda" is 13
[2020-04-24 13:16:40,526] - [flex_index_phase1:181] ERROR - Result mismatch found
[2020-04-24 13:16:40,527] - [flex_index_phase1:184] INFO - ======== Done =======
[2020-04-24 13:16:40,528] - [flex_index_phase1:161] INFO - ======== Running Query # 7 =======
[2020-04-24 13:16:40,529] - [flex_index_phase1:164] INFO - Query : explain select meta().id from default USE INDEX (custom_index USING FTS) where type = "emp" and name between "Balandria" and "Winta"
[2020-04-24 13:16:40,585] - [tuq:1060] INFO - RUN QUERY explain select meta().id from default USE INDEX (custom_index USING FTS) where type = "emp" and name between "Balandria" and "Winta"
[2020-04-24 13:16:40,586] - [rest_client:3596] INFO - query params : statement=explain+select+meta%28%29.id+from+default+USE+INDEX+%28custom_index+USING+FTS%29+where+type+%3D+%22emp%22+and+name+between+%22Balandria%22+and+%22Winta%22&scan_consistency=NOT_BOUNDED
[2020-04-24 13:16:40,634] - [tuq:1106] INFO - TOTAL ELAPSED TIME: 2.063656ms
[2020-04-24 13:16:40,687] - [tuq:1060] INFO - RUN QUERY select meta().id from default USE INDEX (custom_index USING FTS) where type = "emp" and name between "Balandria" and "Winta"
[2020-04-24 13:16:40,688] - [rest_client:3596] INFO - query params : statement=select+meta%28%29.id+from+default+USE+INDEX+%28custom_index+USING+FTS%29+where+type+%3D+%22emp%22+and+name+between+%22Balandria%22+and+%22Winta%22&scan_consistency=NOT_BOUNDED
[2020-04-24 13:16:40,740] - [tuq:1106] INFO - TOTAL ELAPSED TIME: 2.438883ms
[2020-04-24 13:16:40,741] - [flex_index_phase1:134] INFO - Number of results from flex query: select meta().id from default USE INDEX (custom_index USING FTS) where type = "emp" and name between "Balandria" and "Winta" is 0
[2020-04-24 13:16:40,789] - [tuq:1060] INFO - RUN QUERY select meta().id from default where type = "emp" and name between "Balandria" and "Winta"
[2020-04-24 13:16:40,789] - [rest_client:3596] INFO - query params : statement=select+meta%28%29.id+from+default+where+type+%3D+%22emp%22+and+name+between+%22Balandria%22+and+%22Winta%22&scan_consistency=NOT_BOUNDED
[2020-04-24 13:16:40,937] - [tuq:1106] INFO - TOTAL ELAPSED TIME: 65.742637ms
[2020-04-24 13:16:40,937] - [flex_index_phase1:142] INFO - Number of results from gsi query: select meta().id from default where type = "emp" and name between "Balandria" and "Winta" is 883
[2020-04-24 13:16:40,938] - [flex_index_phase1:181] ERROR - Result mismatch found
[2020-04-24 13:16:40,939] - [flex_index_phase1:184] INFO - ======== Done =======
[2020-04-24 13:16:40,940] - [flex_index_phase1:161] INFO - ======== Running Query # 8 =======
[2020-04-24 13:16:40,941] - [flex_index_phase1:164] INFO - Query : explain select meta().id from default USE INDEX (custom_index USING FTS) where type = "emp" and name between "Joby" and "Jr."
[2020-04-24 13:16:40,989] - [tuq:1060] INFO - RUN QUERY explain select meta().id from default USE INDEX (custom_index USING FTS) where type = "emp" and name between "Joby" and "Jr."
[2020-04-24 13:16:40,990] - [rest_client:3596] INFO - query params : statement=explain+select+meta%28%29.id+from+default+USE+INDEX+%28custom_index+USING+FTS%29+where+type+%3D+%22emp%22+and+name+between+%22Joby%22+and+%22Jr.%22&scan_consistency=NOT_BOUNDED
[2020-04-24 13:16:41,041] - [tuq:1106] INFO - TOTAL ELAPSED TIME: 1.737468ms
[2020-04-24 13:16:41,097] - [tuq:1060] INFO - RUN QUERY select meta().id from default USE INDEX (custom_index USING FTS) where type = "emp" and name between "Joby" and "Jr."
[2020-04-24 13:16:41,098] - [rest_client:3596] INFO - query params : statement=select+meta%28%29.id+from+default+USE+INDEX+%28custom_index+USING+FTS%29+where+type+%3D+%22emp%22+and+name+between+%22Joby%22+and+%22Jr.%22&scan_consistency=NOT_BOUNDED
[2020-04-24 13:16:41,146] - [tuq:1106] INFO - TOTAL ELAPSED TIME: 2.534923ms
[2020-04-24 13:16:41,146] - [flex_index_phase1:134] INFO - Number of results from flex query: select meta().id from default USE INDEX (custom_index USING FTS) where type = "emp" and name between "Joby" and "Jr." is 0
[2020-04-24 13:16:41,197] - [tuq:1060] INFO - RUN QUERY select meta().id from default where type = "emp" and name between "Joby" and "Jr."
[2020-04-24 13:16:41,198] - [rest_client:3596] INFO - query params : statement=select+meta%28%29.id+from+default+where+type+%3D+%22emp%22+and+name+between+%22Joby%22+and+%22Jr.%22&scan_consistency=NOT_BOUNDED
[2020-04-24 13:16:41,307] - [tuq:1106] INFO - TOTAL ELAPSED TIME: 62.477278ms
[2020-04-24 13:16:41,308] - [flex_index_phase1:142] INFO - Number of results from gsi query: select meta().id from default where type = "emp" and name between "Joby" and "Jr." is 19
[2020-04-24 13:16:41,309] - [flex_index_phase1:181] ERROR - Result mismatch found
[2020-04-24 13:16:41,309] - [flex_index_phase1:184] INFO - ======== Done =======
[2020-04-24 13:16:41,310] - [flex_index_phase1:161] INFO - ======== Running Query # 9 =======
[2020-04-24 13:16:41,311] - [flex_index_phase1:164] INFO - Query : explain select meta().id from default USE INDEX (custom_index USING FTS) where type = "emp" and name between "Tempest" and "Vala"
[2020-04-24 13:16:41,361] - [tuq:1060] INFO - RUN QUERY explain select meta().id from default USE INDEX (custom_index USING FTS) where type = "emp" and name between "Tempest" and "Vala"
[2020-04-24 13:16:41,362] - [rest_client:3596] INFO - query params : statement=explain+select+meta%28%29.id+from+default+USE+INDEX+%28custom_index+USING+FTS%29+where+type+%3D+%22emp%22+and+name+between+%22Tempest%22+and+%22Vala%22&scan_consistency=NOT_BOUNDED
[2020-04-24 13:16:41,415] - [tuq:1106] INFO - TOTAL ELAPSED TIME: 1.565501ms
[2020-04-24 13:16:41,464] - [tuq:1060] INFO - RUN QUERY select meta().id from default USE INDEX (custom_index USING FTS) where type = "emp" and name between "Tempest" and "Vala"
[2020-04-24 13:16:41,465] - [rest_client:3596] INFO - query params : statement=select+meta%28%29.id+from+default+USE+INDEX+%28custom_index+USING+FTS%29+where+type+%3D+%22emp%22+and+name+between+%22Tempest%22+and+%22Vala%22&scan_consistency=NOT_BOUNDED
[2020-04-24 13:16:41,515] - [tuq:1106] INFO - TOTAL ELAPSED TIME: 3.008221ms
[2020-04-24 13:16:41,517] - [flex_index_phase1:134] INFO - Number of results from flex query: select meta().id from default USE INDEX (custom_index USING FTS) where type = "emp" and name between "Tempest" and "Vala" is 0
[2020-04-24 13:16:41,564] - [tuq:1060] INFO - RUN QUERY select meta().id from default where type = "emp" and name between "Tempest" and "Vala"
[2020-04-24 13:16:41,566] - [rest_client:3596] INFO - query params : statement=select+meta%28%29.id+from+default+where+type+%3D+%22emp%22+and+name+between+%22Tempest%22+and+%22Vala%22&scan_consistency=NOT_BOUNDED
[2020-04-24 13:16:41,677] - [tuq:1106] INFO - TOTAL ELAPSED TIME: 61.045648ms
[2020-04-24 13:16:41,678] - [flex_index_phase1:142] INFO - Number of results from gsi query: select meta().id from default where type = "emp" and name between "Tempest" and "Vala" is 55
[2020-04-24 13:16:41,679] - [flex_index_phase1:181] ERROR - Result mismatch found
[2020-04-24 13:16:41,680] - [flex_index_phase1:184] INFO - ======== Done =======
[2020-04-24 13:16:41,680] - [flex_index_phase1:161] INFO - ======== Running Query # 10 =======
[2020-04-24 13:16:41,681] - [flex_index_phase1:164] INFO - Query : explain select meta().id from default USE INDEX (custom_index USING FTS) where type = "emp" and name between "Parker" and "Adara"
[2020-04-24 13:16:41,730] - [tuq:1060] INFO - RUN QUERY explain select meta().id from default USE INDEX (custom_index USING FTS) where type = "emp" and name between "Parker" and "Adara"
[2020-04-24 13:16:41,732] - [rest_client:3596] INFO - query params : statement=explain+select+meta%28%29.id+from+default+USE+INDEX+%28custom_index+USING+FTS%29+where+type+%3D+%22emp%22+and+name+between+%22Parker%22+and+%22Adara%22&scan_consistency=NOT_BOUNDED
[2020-04-24 13:16:41,779] - [tuq:1106] INFO - TOTAL ELAPSED TIME: 1.799222ms
[2020-04-24 13:16:41,827] - [tuq:1060] INFO - RUN QUERY select meta().id from default USE INDEX (custom_index USING FTS) where type = "emp" and name between "Parker" and "Adara"
[2020-04-24 13:16:41,828] - [rest_client:3596] INFO - query params : statement=select+meta%28%29.id+from+default+USE+INDEX+%28custom_index+USING+FTS%29+where+type+%3D+%22emp%22+and+name+between+%22Parker%22+and+%22Adara%22&scan_consistency=NOT_BOUNDED
[2020-04-24 13:16:41,878] - [tuq:1106] INFO - TOTAL ELAPSED TIME: 2.482859ms
[2020-04-24 13:16:41,880] - [flex_index_phase1:134] INFO - Number of results from flex query: select meta().id from default USE INDEX (custom_index USING FTS) where type = "emp" and name between "Parker" and "Adara" is 0
[2020-04-24 13:16:41,931] - [tuq:1060] INFO - RUN QUERY select meta().id from default where type = "emp" and name between "Parker" and "Adara"
[2020-04-24 13:16:41,932] - [rest_client:3596] INFO - query params : statement=select+meta%28%29.id+from+default+where+type+%3D+%22emp%22+and+name+between+%22Parker%22+and+%22Adara%22&scan_consistency=NOT_BOUNDED
[2020-04-24 13:16:42,040] - [tuq:1106] INFO - TOTAL ELAPSED TIME: 61.149599ms
[2020-04-24 13:16:42,041] - [flex_index_phase1:142] INFO - Number of results from gsi query: select meta().id from default where type = "emp" and name between "Parker" and "Adara" is 0
[2020-04-24 13:16:42,042] - [flex_index_phase1:184] INFO - ======== Done =======
[2020-04-24 13:16:42,042] - [flex_index_phase1:161] INFO - ======== Running Query # 11 =======
[2020-04-24 13:16:42,043] - [flex_index_phase1:164] INFO - Query : explain select meta().id from default USE INDEX (custom_index USING FTS) where type = "emp" and name = "Allen"
[2020-04-24 13:16:42,091] - [tuq:1060] INFO - RUN QUERY explain select meta().id from default USE INDEX (custom_index USING FTS) where type = "emp" and name = "Allen"
[2020-04-24 13:16:42,091] - [rest_client:3596] INFO - query params : statement=explain+select+meta%28%29.id+from+default+USE+INDEX+%28custom_index+USING+FTS%29+where+type+%3D+%22emp%22+and+name+%3D+%22Allen%22&scan_consistency=NOT_BOUNDED
[2020-04-24 13:16:42,136] - [tuq:1106] INFO - TOTAL ELAPSED TIME: 1.883343ms
[2020-04-24 13:16:42,184] - [tuq:1060] INFO - RUN QUERY select meta().id from default USE INDEX (custom_index USING FTS) where type = "emp" and name = "Allen"
[2020-04-24 13:16:42,186] - [rest_client:3596] INFO - query params : statement=select+meta%28%29.id+from+default+USE+INDEX+%28custom_index+USING+FTS%29+where+type+%3D+%22emp%22+and+name+%3D+%22Allen%22&scan_consistency=NOT_BOUNDED
[2020-04-24 13:16:42,230] - [tuq:1106] INFO - TOTAL ELAPSED TIME: 2.49912ms
[2020-04-24 13:16:42,231] - [flex_index_phase1:134] INFO - Number of results from flex query: select meta().id from default USE INDEX (custom_index USING FTS) where type = "emp" and name = "Allen" is 0
[2020-04-24 13:16:42,281] - [tuq:1060] INFO - RUN QUERY select meta().id from default where type = "emp" and name = "Allen"
[2020-04-24 13:16:42,282] - [rest_client:3596] INFO - query params : statement=select+meta%28%29.id+from+default+where+type+%3D+%22emp%22+and+name+%3D+%22Allen%22&scan_consistency=NOT_BOUNDED
[2020-04-24 13:16:42,401] - [tuq:1106] INFO - TOTAL ELAPSED TIME: 61.668831ms
[2020-04-24 13:16:42,402] - [flex_index_phase1:142] INFO - Number of results from gsi query: select meta().id from default where type = "emp" and name = "Allen" is 0
[2020-04-24 13:16:42,403] - [flex_index_phase1:184] INFO - ======== Done =======
[2020-04-24 13:16:42,403] - [flex_index_phase1:161] INFO - ======== Running Query # 12 =======
[2020-04-24 13:16:42,404] - [flex_index_phase1:164] INFO - Query : explain select meta().id from default USE INDEX (custom_index USING FTS) where type = "emp" and name = "Moore"
[2020-04-24 13:16:42,455] - [tuq:1060] INFO - RUN QUERY explain select meta().id from default USE INDEX (custom_index USING FTS) where type = "emp" and name = "Moore"
[2020-04-24 13:16:42,456] - [rest_client:3596] INFO - query params : statement=explain+select+meta%28%29.id+from+default+USE+INDEX+%28custom_index+USING+FTS%29+where+type+%3D+%22emp%22+and+name+%3D+%22Moore%22&scan_consistency=NOT_BOUNDED
[2020-04-24 13:16:42,505] - [tuq:1106] INFO - TOTAL ELAPSED TIME: 1.748799ms
[2020-04-24 13:16:42,557] - [tuq:1060] INFO - RUN QUERY select meta().id from default USE INDEX (custom_index USING FTS) where type = "emp" and name = "Moore"
[2020-04-24 13:16:42,559] - [rest_client:3596] INFO - query params : statement=select+meta%28%29.id+from+default+USE+INDEX+%28custom_index+USING+FTS%29+where+type+%3D+%22emp%22+and+name+%3D+%22Moore%22&scan_consistency=NOT_BOUNDED
[2020-04-24 13:16:42,624] - [tuq:1106] INFO - TOTAL ELAPSED TIME: 3.289062ms
[2020-04-24 13:16:42,625] - [flex_index_phase1:134] INFO - Number of results from flex query: select meta().id from default USE INDEX (custom_index USING FTS) where type = "emp" and name = "Moore" is 0
[2020-04-24 13:16:42,676] - [tuq:1060] INFO - RUN QUERY select meta().id from default where type = "emp" and name = "Moore"
[2020-04-24 13:16:42,676] - [rest_client:3596] INFO - query params : statement=select+meta%28%29.id+from+default+where+type+%3D+%22emp%22+and+name+%3D+%22Moore%22&scan_consistency=NOT_BOUNDED
[2020-04-24 13:16:42,778] - [tuq:1106] INFO - TOTAL ELAPSED TIME: 57.281916ms
[2020-04-24 13:16:42,780] - [flex_index_phase1:142] INFO - Number of results from gsi query: select meta().id from default where type = "emp" and name = "Moore" is 0
[2020-04-24 13:16:42,781] - [flex_index_phase1:184] INFO - ======== Done =======
[2020-04-24 13:16:42,782] - [flex_index_phase1:161] INFO - ======== Running Query # 13 =======
[2020-04-24 13:16:42,783] - [flex_index_phase1:164] INFO - Query : explain select meta().id from default USE INDEX (custom_index USING FTS) where type = "emp" and name = "Dominique Parker X"
[2020-04-24 13:16:42,834] - [tuq:1060] INFO - RUN QUERY explain select meta().id from default USE INDEX (custom_index USING FTS) where type = "emp" and name = "Dominique Parker X"
[2020-04-24 13:16:42,835] - [rest_client:3596] INFO - query params : statement=explain+select+meta%28%29.id+from+default+USE+INDEX+%28custom_index+USING+FTS%29+where+type+%3D+%22emp%22+and+name+%3D+%22Dominique+Parker+X%22&scan_consistency=NOT_BOUNDED
[2020-04-24 13:16:42,880] - [tuq:1106] INFO - TOTAL ELAPSED TIME: 1.678617ms
[2020-04-24 13:16:42,943] - [tuq:1060] INFO - RUN QUERY select meta().id from default USE INDEX (custom_index USING FTS) where type = "emp" and name = "Dominique Parker X"
[2020-04-24 13:16:42,944] - [rest_client:3596] INFO - query params : statement=select+meta%28%29.id+from+default+USE+INDEX+%28custom_index+USING+FTS%29+where+type+%3D+%22emp%22+and+name+%3D+%22Dominique+Parker+X%22&scan_consistency=NOT_BOUNDED
[2020-04-24 13:16:42,990] - [tuq:1106] INFO - TOTAL ELAPSED TIME: 2.537319ms
[2020-04-24 13:16:42,991] - [flex_index_phase1:134] INFO - Number of results from flex query: select meta().id from default USE INDEX (custom_index USING FTS) where type = "emp" and name = "Dominique Parker X" is 0
[2020-04-24 13:16:43,046] - [tuq:1060] INFO - RUN QUERY select meta().id from default where type = "emp" and name = "Dominique Parker X"
[2020-04-24 13:16:43,047] - [rest_client:3596] INFO - query params : statement=select+meta%28%29.id+from+default+where+type+%3D+%22emp%22+and+name+%3D+%22Dominique+Parker+X%22&scan_consistency=NOT_BOUNDED
[2020-04-24 13:16:43,152] - [tuq:1106] INFO - TOTAL ELAPSED TIME: 56.468937ms
[2020-04-24 13:16:43,152] - [flex_index_phase1:142] INFO - Number of results from gsi query: select meta().id from default where type = "emp" and name = "Dominique Parker X" is 0
[2020-04-24 13:16:43,153] - [flex_index_phase1:184] INFO - ======== Done =======
[2020-04-24 13:16:43,154] - [flex_index_phase1:161] INFO - ======== Running Query # 14 =======
[2020-04-24 13:16:43,154] - [flex_index_phase1:164] INFO - Query : explain select meta().id from default USE INDEX (custom_index USING FTS) where type = "emp" and name = "Nicolás"
[2020-04-24 13:16:43,210] - [tuq:1060] INFO - RUN QUERY explain select meta().id from default USE INDEX (custom_index USING FTS) where type = "emp" and name = "Nicolás"
[2020-04-24 13:16:43,217] - [rest_client:3596] INFO - query params : statement=explain+select+meta%28%29.id+from+default+USE+INDEX+%28custom_index+USING+FTS%29+where+type+%3D+%22emp%22+and+name+%3D+%22Nicol%C3%A1s%22&scan_consistency=NOT_BOUNDED
[2020-04-24 13:16:43,282] - [tuq:1106] INFO - TOTAL ELAPSED TIME: 1.857233ms
[2020-04-24 13:16:43,333] - [tuq:1060] INFO - RUN QUERY select meta().id from default USE INDEX (custom_index USING FTS) where type = "emp" and name = "Nicolás"
[2020-04-24 13:16:43,334] - [rest_client:3596] INFO - query params : statement=select+meta%28%29.id+from+default+USE+INDEX+%28custom_index+USING+FTS%29+where+type+%3D+%22emp%22+and+name+%3D+%22Nicol%C3%A1s%22&scan_consistency=NOT_BOUNDED
[2020-04-24 13:16:43,384] - [tuq:1106] INFO - TOTAL ELAPSED TIME: 4.025955ms
[2020-04-24 13:16:43,386] - [flex_index_phase1:134] INFO - Number of results from flex query: select meta().id from default USE INDEX (custom_index USING FTS) where type = "emp" and name = "Nicolás" is 0
[2020-04-24 13:16:43,444] - [tuq:1060] INFO - RUN QUERY select meta().id from default where type = "emp" and name = "Nicolás"
[2020-04-24 13:16:43,445] - [rest_client:3596] INFO - query params : statement=select+meta%28%29.id+from+default+where+type+%3D+%22emp%22+and+name+%3D+%22Nicol%C3%A1s%22&scan_consistency=NOT_BOUNDED
[2020-04-24 13:16:43,554] - [tuq:1106] INFO - TOTAL ELAPSED TIME: 57.786215ms
[2020-04-24 13:16:43,555] - [flex_index_phase1:142] INFO - Number of results from gsi query: select meta().id from default where type = "emp" and name = "Nicolás" is 0
[2020-04-24 13:16:43,556] - [flex_index_phase1:184] INFO - ======== Done =======
[2020-04-24 13:16:43,556] - [flex_index_phase1:161] INFO - ======== Running Query # 15 =======
[2020-04-24 13:16:43,557] - [flex_index_phase1:164] INFO - Query : explain select meta().id from default USE INDEX (custom_index USING FTS) where type = "emp" and name = "Basha Turner"
[2020-04-24 13:16:43,603] - [tuq:1060] INFO - RUN QUERY explain select meta().id from default USE INDEX (custom_index USING FTS) where type = "emp" and name = "Basha Turner"
[2020-04-24 13:16:43,605] - [rest_client:3596] INFO - query params : statement=explain+select+meta%28%29.id+from+default+USE+INDEX+%28custom_index+USING+FTS%29+where+type+%3D+%22emp%22+and+name+%3D+%22Basha+Turner%22&scan_consistency=NOT_BOUNDED
[2020-04-24 13:16:43,652] - [tuq:1106] INFO - TOTAL ELAPSED TIME: 2.375866ms
[2020-04-24 13:16:43,705] - [tuq:1060] INFO - RUN QUERY select meta().id from default USE INDEX (custom_index USING FTS) where type = "emp" and name = "Basha Turner"
[2020-04-24 13:16:43,707] - [rest_client:3596] INFO - query params : statement=select+meta%28%29.id+from+default+USE+INDEX+%28custom_index+USING+FTS%29+where+type+%3D+%22emp%22+and+name+%3D+%22Basha+Turner%22&scan_consistency=NOT_BOUNDED
[2020-04-24 13:16:43,756] - [tuq:1106] INFO - TOTAL ELAPSED TIME: 2.333954ms
[2020-04-24 13:16:43,757] - [flex_index_phase1:134] INFO - Number of results from flex query: select meta().id from default USE INDEX (custom_index USING FTS) where type = "emp" and name = "Basha Turner" is 1
[2020-04-24 13:16:43,817] - [tuq:1060] INFO - RUN QUERY select meta().id from default where type = "emp" and name = "Basha Turner"
[2020-04-24 13:16:43,819] - [rest_client:3596] INFO - query params : statement=select+meta%28%29.id+from+default+where+type+%3D+%22emp%22+and+name+%3D+%22Basha+Turner%22&scan_consistency=NOT_BOUNDED
[2020-04-24 13:16:43,923] - [tuq:1106] INFO - TOTAL ELAPSED TIME: 60.272354ms
[2020-04-24 13:16:43,924] - [flex_index_phase1:142] INFO - Number of results from gsi query: select meta().id from default where type = "emp" and name = "Basha Turner" is 1
[2020-04-24 13:16:43,926] - [flex_index_phase1:184] INFO - ======== Done =======
[2020-04-24 13:16:43,928] - [flex_index_phase1:161] INFO - ======== Running Query # 16 =======
[2020-04-24 13:16:43,929] - [flex_index_phase1:164] INFO - Query : explain select meta().id from default USE INDEX (custom_index USING FTS) where type = "emp" and name > "Jerica" and name < "Cassandra"
[2020-04-24 13:16:43,982] - [tuq:1060] INFO - RUN QUERY explain select meta().id from default USE INDEX (custom_index USING FTS) where type = "emp" and name > "Jerica" and name < "Cassandra"
[2020-04-24 13:16:43,984] - [rest_client:3596] INFO - query params : statement=explain+select+meta%28%29.id+from+default+USE+INDEX+%28custom_index+USING+FTS%29+where+type+%3D+%22emp%22+and+name+%3E+%22Jerica%22+and+name+%3C+%22Cassandra%22&scan_consistency=NOT_BOUNDED
[2020-04-24 13:16:44,039] - [tuq:1106] INFO - TOTAL ELAPSED TIME: 1.830719ms
[2020-04-24 13:16:44,105] - [tuq:1060] INFO - RUN QUERY select meta().id from default USE INDEX (custom_index USING FTS) where type = "emp" and name > "Jerica" and name < "Cassandra"
[2020-04-24 13:16:44,106] - [rest_client:3596] INFO - query params : statement=select+meta%28%29.id+from+default+USE+INDEX+%28custom_index+USING+FTS%29+where+type+%3D+%22emp%22+and+name+%3E+%22Jerica%22+and+name+%3C+%22Cassandra%22&scan_consistency=NOT_BOUNDED
[2020-04-24 13:16:44,153] - [tuq:1106] INFO - TOTAL ELAPSED TIME: 2.417612ms
[2020-04-24 13:16:44,155] - [flex_index_phase1:134] INFO - Number of results from flex query: select meta().id from default USE INDEX (custom_index USING FTS) where type = "emp" and name > "Jerica" and name < "Cassandra" is 0
[2020-04-24 13:16:44,204] - [tuq:1060] INFO - RUN QUERY select meta().id from default where type = "emp" and name > "Jerica" and name < "Cassandra"
[2020-04-24 13:16:44,206] - [rest_client:3596] INFO - query params : statement=select+meta%28%29.id+from+default+where+type+%3D+%22emp%22+and+name+%3E+%22Jerica%22+and+name+%3C+%22Cassandra%22&scan_consistency=NOT_BOUNDED
[2020-04-24 13:16:44,314] - [tuq:1106] INFO - TOTAL ELAPSED TIME: 63.786428ms
[2020-04-24 13:16:44,315] - [flex_index_phase1:142] INFO - Number of results from gsi query: select meta().id from default where type = "emp" and name > "Jerica" and name < "Cassandra" is 0
[2020-04-24 13:16:44,315] - [flex_index_phase1:184] INFO - ======== Done =======
[2020-04-24 13:16:44,316] - [flex_index_phase1:161] INFO - ======== Running Query # 17 =======
[2020-04-24 13:16:44,317] - [flex_index_phase1:164] INFO - Query : explain select meta().id from default USE INDEX (custom_index USING FTS) where type = "emp" and name >= "Tomás" and name <= "Vala"
[2020-04-24 13:16:44,368] - [tuq:1060] INFO - RUN QUERY explain select meta().id from default USE INDEX (custom_index USING FTS) where type = "emp" and name >= "Tomás" and name <= "Vala"
[2020-04-24 13:16:44,369] - [rest_client:3596] INFO - query params : statement=explain+select+meta%28%29.id+from+default+USE+INDEX+%28custom_index+USING+FTS%29+where+type+%3D+%22emp%22+and+name+%3E%3D+%22Tom%C3%A1s%22+and+name+%3C%3D+%22Vala%22&scan_consistency=NOT_BOUNDED
[2020-04-24 13:16:44,419] - [tuq:1106] INFO - TOTAL ELAPSED TIME: 1.633509ms
[2020-04-24 13:16:44,469] - [tuq:1060] INFO - RUN QUERY select meta().id from default USE INDEX (custom_index USING FTS) where type = "emp" and name >= "Tomás" and name <= "Vala"
[2020-04-24 13:16:44,470] - [rest_client:3596] INFO - query params : statement=select+meta%28%29.id+from+default+USE+INDEX+%28custom_index+USING+FTS%29+where+type+%3D+%22emp%22+and+name+%3E%3D+%22Tom%C3%A1s%22+and+name+%3C%3D+%22Vala%22&scan_consistency=NOT_BOUNDED
[2020-04-24 13:16:44,519] - [tuq:1106] INFO - TOTAL ELAPSED TIME: 2.479747ms
[2020-04-24 13:16:44,520] - [flex_index_phase1:134] INFO - Number of results from flex query: select meta().id from default USE INDEX (custom_index USING FTS) where type = "emp" and name >= "Tomás" and name <= "Vala" is 0
[2020-04-24 13:16:44,572] - [tuq:1060] INFO - RUN QUERY select meta().id from default where type = "emp" and name >= "Tomás" and name <= "Vala"
[2020-04-24 13:16:44,573] - [rest_client:3596] INFO - query params : statement=select+meta%28%29.id+from+default+where+type+%3D+%22emp%22+and+name+%3E%3D+%22Tom%C3%A1s%22+and+name+%3C%3D+%22Vala%22&scan_consistency=NOT_BOUNDED
[2020-04-24 13:16:44,689] - [tuq:1106] INFO - TOTAL ELAPSED TIME: 60.646241ms
[2020-04-24 13:16:44,689] - [flex_index_phase1:142] INFO - Number of results from gsi query: select meta().id from default where type = "emp" and name >= "Tomás" and name <= "Vala" is 28
[2020-04-24 13:16:44,690] - [flex_index_phase1:181] ERROR - Result mismatch found
[2020-04-24 13:16:44,691] - [flex_index_phase1:184] INFO - ======== Done =======
[2020-04-24 13:16:44,691] - [flex_index_phase1:161] INFO - ======== Running Query # 18 =======
[2020-04-24 13:16:44,692] - [flex_index_phase1:164] INFO - Query : explain select meta().id from default USE INDEX (custom_index USING FTS) where type = "emp" and name >= "Killian" and name < "Salina"
[2020-04-24 13:16:44,748] - [tuq:1060] INFO - RUN QUERY explain select meta().id from default USE INDEX (custom_index USING FTS) where type = "emp" and name >= "Killian" and name < "Salina"
[2020-04-24 13:16:44,750] - [rest_client:3596] INFO - query params : statement=explain+select+meta%28%29.id+from+default+USE+INDEX+%28custom_index+USING+FTS%29+where+type+%3D+%22emp%22+and+name+%3E%3D+%22Killian%22+and+name+%3C+%22Salina%22&scan_consistency=NOT_BOUNDED
[2020-04-24 13:16:44,798] - [tuq:1106] INFO - TOTAL ELAPSED TIME: 2.773018ms
[2020-04-24 13:16:44,842] - [tuq:1060] INFO - RUN QUERY select meta().id from default USE INDEX (custom_index USING FTS) where type = "emp" and name >= "Killian" and name < "Salina"
[2020-04-24 13:16:44,843] - [rest_client:3596] INFO - query params : statement=select+meta%28%29.id+from+default+USE+INDEX+%28custom_index+USING+FTS%29+where+type+%3D+%22emp%22+and+name+%3E%3D+%22Killian%22+and+name+%3C+%22Salina%22&scan_consistency=NOT_BOUNDED
[2020-04-24 13:16:44,896] - [tuq:1106] INFO - TOTAL ELAPSED TIME: 2.338409ms
[2020-04-24 13:16:44,896] - [flex_index_phase1:134] INFO - Number of results from flex query: select meta().id from default USE INDEX (custom_index USING FTS) where type = "emp" and name >= "Killian" and name < "Salina" is 0
[2020-04-24 13:16:44,942] - [tuq:1060] INFO - RUN QUERY select meta().id from default where type = "emp" and name >= "Killian" and name < "Salina"
[2020-04-24 13:16:44,943] - [rest_client:3596] INFO - query params : statement=select+meta%28%29.id+from+default+where+type+%3D+%22emp%22+and+name+%3E%3D+%22Killian%22+and+name+%3C+%22Salina%22&scan_consistency=NOT_BOUNDED
[2020-04-24 13:16:45,054] - [tuq:1106] INFO - TOTAL ELAPSED TIME: 61.479939ms
[2020-04-24 13:16:45,056] - [flex_index_phase1:142] INFO - Number of results from gsi query: select meta().id from default where type = "emp" and name >= "Killian" and name < "Salina" is 193
[2020-04-24 13:16:45,057] - [flex_index_phase1:181] ERROR - Result mismatch found
[2020-04-24 13:16:45,058] - [flex_index_phase1:184] INFO - ======== Done =======
[2020-04-24 13:16:45,059] - [flex_index_phase1:161] INFO - ======== Running Query # 19 =======
[2020-04-24 13:16:45,060] - [flex_index_phase1:164] INFO - Query : explain select meta().id from default USE INDEX (custom_index USING FTS) where type = "emp" and name > "Deirdre" and name <= "Fuscienne"
[2020-04-24 13:16:45,106] - [tuq:1060] INFO - RUN QUERY explain select meta().id from default USE INDEX (custom_index USING FTS) where type = "emp" and name > "Deirdre" and name <= "Fuscienne"
[2020-04-24 13:16:45,107] - [rest_client:3596] INFO - query params : statement=explain+select+meta%28%29.id+from+default+USE+INDEX+%28custom_index+USING+FTS%29+where+type+%3D+%22emp%22+and+name+%3E+%22Deirdre%22+and+name+%3C%3D+%22Fuscienne%22&scan_consistency=NOT_BOUNDED
[2020-04-24 13:16:45,158] - [tuq:1106] INFO - TOTAL ELAPSED TIME: 1.937576ms
[2020-04-24 13:16:45,215] - [tuq:1060] INFO - RUN QUERY select meta().id from default USE INDEX (custom_index USING FTS) where type = "emp" and name > "Deirdre" and name <= "Fuscienne"
[2020-04-24 13:16:45,217] - [rest_client:3596] INFO - query params : statement=select+meta%28%29.id+from+default+USE+INDEX+%28custom_index+USING+FTS%29+where+type+%3D+%22emp%22+and+name+%3E+%22Deirdre%22+and+name+%3C%3D+%22Fuscienne%22&scan_consistency=NOT_BOUNDED
[2020-04-24 13:16:45,271] - [tuq:1106] INFO - TOTAL ELAPSED TIME: 3.095968ms
[2020-04-24 13:16:45,273] - [flex_index_phase1:134] INFO - Number of results from flex query: select meta().id from default USE INDEX (custom_index USING FTS) where type = "emp" and name > "Deirdre" and name <= "Fuscienne" is 0
[2020-04-24 13:16:45,326] - [tuq:1060] INFO - RUN QUERY select meta().id from default where type = "emp" and name > "Deirdre" and name <= "Fuscienne"
[2020-04-24 13:16:45,328] - [rest_client:3596] INFO - query params : statement=select+meta%28%29.id+from+default+where+type+%3D+%22emp%22+and+name+%3E+%22Deirdre%22+and+name+%3C%3D+%22Fuscienne%22&scan_consistency=NOT_BOUNDED
[2020-04-24 13:16:45,442] - [tuq:1106] INFO - TOTAL ELAPSED TIME: 66.341937ms
[2020-04-24 13:16:45,444] - [flex_index_phase1:142] INFO - Number of results from gsi query: select meta().id from default where type = "emp" and name > "Deirdre" and name <= "Fuscienne" is 145
[2020-04-24 13:16:45,445] - [flex_index_phase1:181] ERROR - Result mismatch found
[2020-04-24 13:16:45,446] - [flex_index_phase1:184] INFO - ======== Done =======
[2020-04-24 13:16:45,447] - [flex_index_phase1:31] INFO - ==============  FlexIndexTests tearDown has started ==============
[2020-04-24 13:16:45,504] - [tuq:1060] INFO - RUN QUERY SELECT * FROM system:indexes
[2020-04-24 13:16:45,506] - [rest_client:3596] INFO - query params : statement=SELECT+%2A+FROM+system%3Aindexes&scan_consistency=NOT_BOUNDED
[2020-04-24 13:16:45,568] - [tuq:1106] INFO - TOTAL ELAPSED TIME: 7.530973ms
[2020-04-24 13:16:45,628] - [tuq:1060] INFO - RUN QUERY SELECT * FROM system:keyspaces
[2020-04-24 13:16:45,628] - [rest_client:3596] INFO - query params : statement=SELECT+%2A+FROM+system%3Akeyspaces&scan_consistency=NOT_BOUNDED
[2020-04-24 13:16:45,684] - [tuq:1106] INFO - TOTAL ELAPSED TIME: 6.386905ms
[2020-04-24 13:16:45,684] - [tuq:237] INFO - ==============  System Config: ==============

[2020-04-24 13:16:45,754] - [tuq:1060] INFO - RUN QUERY SELECT COUNT(*) FROM `default`
[2020-04-24 13:16:45,756] - [rest_client:3596] INFO - query params : statement=SELECT+COUNT%28%2A%29+FROM+%60default%60&scan_consistency=NOT_BOUNDED
[2020-04-24 13:16:45,818] - [tuq:1106] INFO - TOTAL ELAPSED TIME: 10.361936ms
[2020-04-24 13:16:45,819] - [tuq:245] INFO - Bucket: default
[2020-04-24 13:16:45,820] - [tuq:246] INFO - Indexes: ['primary_gsi_index', 'custom_index']
[2020-04-24 13:16:45,820] - [tuq:247] INFO - Docs: 1000

[2020-04-24 13:16:45,821] - [tuq:248] INFO - =============================================
[2020-04-24 13:16:45,822] - [flex_index_phase1:33] INFO - ==============  FlexIndexTests tearDown has completed ==============
[2020-04-24 13:16:45,822] - [tuq:193] INFO - ==============  QueryTests tearDown has started ==============
[2020-04-24 13:16:45,823] - [tuq:209] INFO - ==============  QueryTests tearDown has completed ==============
[2020-04-24 13:16:45,923] - [basetestcase:426] INFO - ------- Cluster statistics -------
[2020-04-24 13:16:45,924] - [basetestcase:428] INFO - 172.23.121.65:8091 => {'services': ['fts', 'index', 'kv', 'n1ql'], 'cpu_utilization': 13.14432989690722, 'mem_free': 2147627008, 'mem_total': 4366925824, 'swap_mem_used': 16515072, 'swap_mem_total': 3758092288}
[2020-04-24 13:16:45,926] - [basetestcase:429] INFO - --- End of cluster statistics ---
[2020-04-24 13:16:45,927] - [basetestcase:520] INFO - closing all ssh connections
[2020-04-24 13:16:45,929] - [basetestcase:525] INFO - closing all memcached connections
downloading 172.23.121.65 .......................................................................................................................................................................................................................................................................................................................................................................................................................................................................................downloading 172.23.121.66 ......................................................downloading 172.23.121.67 .............................................................................................................................................................................................................................................................downloading 172.23.121.68 ..............................................................................................................................................................................Cluster instance shutdown with force
summary so far suite tuqquery.flex_index_phase1.FlexIndexTests , pass 0 , fail 3
failures so far...
tuqquery.flex_index_phase1.FlexIndexTests.test_flex_single_typemapping_comp_ops
tuqquery.flex_index_phase1.FlexIndexTests.test_flex_single_typemapping_comp_ops
tuqquery.flex_index_phase1.FlexIndexTests.test_flex_single_typemapping_comp_ops
testrunner logs, diags and results are available under /Users/girishbenakappa/IdeaProjects/testrunner/logs/testrunner-20-Apr-24_13-12-16/test_3
Logs will be stored at /Users/girishbenakappa/IdeaProjects/testrunner/logs/testrunner-20-Apr-24_13-12-16/test_4

./testrunner -i test.ini -p get-cbcollect-info=False,get-logs=False,stop-on-failure=False,index_type=scorch,fts_quota=750 -t tuqquery.flex_index_phase1.FlexIndexTests.test_flex_single_typemapping_comp_ops,test_name=fts_index_exists,GROUP=P1,get-logs=False,stop-on-failure=False,GROUP=P1,doc-per-day=6,bucket_size=200,scan_consistency=NOT_BOUNDED,skip_load=True,items=1000,custom_map=True,GROUP=PS,get-cbcollect-info=False,disable_HTP=True,get-logs=False,stop-on-failure=False,cluster=D+F,index_type=scorch,fts_quota=750,custom_map_add_non_indexed_fields=False,text_analyzer=keyword,cm_id=3

Test Input params:
{'test_name': 'fts_index_exists', 'GROUP': 'PS', 'get-logs': 'False', 'stop-on-failure': 'False', 'doc-per-day': '6', 'bucket_size': '200', 'scan_consistency': 'NOT_BOUNDED', 'skip_load': 'True', 'items': '1000', 'custom_map': 'True', 'get-cbcollect-info': 'False', 'disable_HTP': 'True', 'cluster': 'D+F', 'index_type': 'scorch', 'fts_quota': '750', 'custom_map_add_non_indexed_fields': 'False', 'text_analyzer': 'keyword', 'cm_id': '3', 'ini': 'test.ini', 'cluster_name': 'test', 'spec': 'test', 'conf_file': 'test.conf', 'num_nodes': 4, 'case_number': 4, 'logs_folder': '/Users/girishbenakappa/IdeaProjects/testrunner/logs/testrunner-20-Apr-24_13-12-16/test_4'}
[2020-04-24 13:17:21,530] - [remote_util:259] INFO - connecting to 172.23.121.65 with username:root 
[2020-04-24 13:17:22,134] - [remote_util:304] INFO - Connected to 172.23.121.65
[2020-04-24 13:17:22,707] - [remote_util:3365] INFO - os_distro: CentOS, os_version: centos 7, is_linux_distro: True
[2020-04-24 13:17:23,384] - [remote_util:3518] INFO - extract_remote_info-->distribution_type: CentOS, distribution_version: centos 7
[2020-04-24 13:17:23,601] - [rest_client:2236] INFO - Node version in cluster 7.0.0-1834-enterprise
[2020-04-24 13:17:23,708] - [rest_client:2246] INFO - Node versions in cluster ['7.0.0-1834-enterprise']
[2020-04-24 13:17:23,708] - [basetestcase:230] INFO - ==============  basetestcase setup was started for test #4 test_flex_single_typemapping_comp_ops==============
[2020-04-24 13:17:23,710] - [basetestcase:262] INFO - any cluster operation in setup will be skipped
[2020-04-24 13:17:23,710] - [basetestcase:265] INFO - ==============  basetestcase setup was finished for test #4 test_flex_single_typemapping_comp_ops ==============
[2020-04-24 13:17:23,711] - [tuq:53] INFO - ==============  QueryTests setup has started ==============
[2020-04-24 13:17:23,713] - [remote_util:259] INFO - connecting to 172.23.121.65 with username:root 
[2020-04-24 13:17:24,286] - [remote_util:304] INFO - Connected to 172.23.121.65
[2020-04-24 13:17:24,831] - [remote_util:3365] INFO - os_distro: CentOS, os_version: centos 7, is_linux_distro: True
[2020-04-24 13:17:25,520] - [remote_util:3518] INFO - extract_remote_info-->distribution_type: CentOS, distribution_version: centos 7
[2020-04-24 13:17:25,644] - [remote_util:259] INFO - connecting to 172.23.121.65 with username:root 
[2020-04-24 13:17:26,239] - [remote_util:304] INFO - Connected to 172.23.121.65
[2020-04-24 13:17:26,795] - [remote_util:3365] INFO - os_distro: CentOS, os_version: centos 7, is_linux_distro: True
[2020-04-24 13:17:27,479] - [remote_util:3518] INFO - extract_remote_info-->distribution_type: CentOS, distribution_version: centos 7
[2020-04-24 13:17:27,481] - [tuq:743] INFO - Generating default:default data...
[2020-04-24 13:17:27,482] - [tuq:749] INFO - -->start:generate_docs_employee for default...
[2020-04-24 13:17:27,539] - [tuq:751] INFO - -->end:generate_docs_employee for default...
[2020-04-24 13:17:27,540] - [tuq:844] INFO - Completed Generating default:default data...
[2020-04-24 13:17:27,541] - [tuq:90] INFO - --->gens_load is done...
[2020-04-24 13:17:27,541] - [tuq:98] INFO - -->starting rest connection...
[2020-04-24 13:17:28,702] - [tuq:133] INFO - --> docs_per_day>0..generating TuqGenerators...
[2020-04-24 13:17:29,619] - [tuq:135] INFO - --> End: docs_per_day>0..generating TuqGenerators...
[2020-04-24 13:17:29,620] - [tuq:141] INFO - ----------------------------------------------------------------------------------------------------
[2020-04-24 13:17:29,620] - [tuq:142] INFO - Temp fix for MB-16888
[2020-04-24 13:17:29,621] - [remote_util:3220] INFO - running command.raw on 172.23.121.65: killall -9 cbq-engine
[2020-04-24 13:17:29,682] - [remote_util:3257] INFO - command executed successfully
[2020-04-24 13:17:29,684] - [remote_util:3220] INFO - running command.raw on 172.23.121.65: killall -9 indexer
[2020-04-24 13:17:29,777] - [remote_util:3257] INFO - command executed successfully
[2020-04-24 13:17:29,779] - [tuq:150] INFO - Error executing shell command: killall -9 cbq-engine! Error - bash: killall: command not found
[2020-04-24 13:17:29,780] - [tuq:152] INFO - Error executing shell command: killall -9 indexer! Error - bash: killall: command not found
[2020-04-24 13:17:29,780] - [tuq:153] INFO - ----------------------------------------------------------------------------------------------------
[2020-04-24 13:17:29,781] - [tuq:160] INFO - ==============  QueryTests setup has completed ==============
[2020-04-24 13:17:29,782] - [flex_index_phase1:25] INFO - ==============  FlexIndexTests setup has started ==============
[2020-04-24 13:17:29,839] - [tuq:1060] INFO - RUN QUERY SELECT * FROM system:indexes
[2020-04-24 13:17:29,840] - [rest_client:3596] INFO - query params : statement=SELECT+%2A+FROM+system%3Aindexes&scan_consistency=NOT_BOUNDED
[2020-04-24 13:17:29,898] - [tuq:1106] INFO - TOTAL ELAPSED TIME: 12.184629ms
[2020-04-24 13:17:29,951] - [tuq:1060] INFO - RUN QUERY SELECT * FROM system:keyspaces
[2020-04-24 13:17:29,952] - [rest_client:3596] INFO - query params : statement=SELECT+%2A+FROM+system%3Akeyspaces&scan_consistency=NOT_BOUNDED
[2020-04-24 13:17:30,003] - [tuq:1106] INFO - TOTAL ELAPSED TIME: 7.461988ms
[2020-04-24 13:17:30,004] - [tuq:237] INFO - ==============  System Config: ==============

[2020-04-24 13:17:30,053] - [tuq:1060] INFO - RUN QUERY SELECT COUNT(*) FROM `default`
[2020-04-24 13:17:30,055] - [rest_client:3596] INFO - query params : statement=SELECT+COUNT%28%2A%29+FROM+%60default%60&scan_consistency=NOT_BOUNDED
[2020-04-24 13:17:30,112] - [tuq:1106] INFO - TOTAL ELAPSED TIME: 10.422764ms
[2020-04-24 13:17:30,113] - [tuq:245] INFO - Bucket: default
[2020-04-24 13:17:30,114] - [tuq:246] INFO - Indexes: ['custom_index', 'primary_gsi_index']
[2020-04-24 13:17:30,114] - [tuq:247] INFO - Docs: 1000

[2020-04-24 13:17:30,115] - [tuq:248] INFO - =============================================
[2020-04-24 13:17:30,116] - [flex_index_phase1:28] INFO - ==============  FlexIndexTests setup has completed ==============
[2020-04-24 13:17:40,043] - [rest_client:3418] INFO - Flush for bucket 'default' was triggered
[2020-04-24 13:17:40,557] - [data_helper:304] INFO - creating direct client 172.23.121.65:11210 default
[2020-04-24 13:17:43,238] - [rest_client:2964] INFO - SUCCESS: FTS RAM quota set to 750mb
{'number': ['manages_team_size'], 'text': ['manages_reports']}
[2020-04-24 13:17:43,529] - [fts_base:676] INFO - {
   "mapping": {
      "default_mapping": {
         "enabled": false,
         "dynamic": true,
         "default_analyzer": ""
      },
      "type_field": "type",
      "default_type": "_default",
      "default_analyzer": "standard",
      "default_datetime_parser": "dateTimeOptional",
      "default_field": "_all",
      "analysis": {},
      "types": {
         "emp": {
            "dynamic": false,
            "enabled": true,
            "fields": [],
            "properties": {
               "manages": {
                  "dynamic": false,
                  "enabled": true,
                  "fields": [],
                  "properties": {
                     "team_size": {
                        "dynamic": false,
                        "enabled": true,
                        "properties": {},
                        "fields": [
                           {
                              "include_in_all": true,
                              "include_term_vectors": true,
                              "index": true,
                              "name": "team_size",
                              "store": false,
                              "type": "number",
                              "analyzer": ""
                           }
                        ]
                     },
                     "reports": {
                        "dynamic": false,
                        "enabled": true,
                        "properties": {},
                        "fields": [
                           {
                              "include_in_all": true,
                              "include_term_vectors": true,
                              "index": true,
                              "name": "reports",
                              "store": false,
                              "type": "text",
                              "analyzer": "keyword"
                           }
                        ]
                     }
                  }
               }
            }
         }
      }
   },
   "store": {
      "kvStoreName": "mossStore",
      "mossStoreOptions": {},
      "indexType": "scorch"
   }
}
[2020-04-24 13:17:43,530] - [fts_base:909] INFO - Checking if index already exists ...
[2020-04-24 13:17:43,799] - [fts_base:918] INFO - Creating fulltext-index custom_index on 172.23.121.65
[2020-04-24 13:17:43,800] - [rest_client:2973] INFO - {"type": "fulltext-index", "name": "custom_index", "uuid": "", "params": {"mapping": {"default_mapping": {"enabled": false, "dynamic": true, "default_analyzer": ""}, "type_field": "type", "default_type": "_default", "default_analyzer": "standard", "default_datetime_parser": "dateTimeOptional", "default_field": "_all", "analysis": {}, "types": {"emp": {"dynamic": false, "enabled": true, "fields": [], "properties": {"manages": {"dynamic": false, "enabled": true, "fields": [], "properties": {"team_size": {"dynamic": false, "enabled": true, "properties": {}, "fields": [{"include_in_all": true, "include_term_vectors": true, "index": true, "name": "team_size", "store": false, "type": "number", "analyzer": ""}]}, "reports": {"dynamic": false, "enabled": true, "properties": {}, "fields": [{"include_in_all": true, "include_term_vectors": true, "index": true, "name": "reports", "store": false, "type": "text", "analyzer": "keyword"}]}}}}}}}, "store": {"kvStoreName": "mossStore", "mossStoreOptions": {}, "indexType": "scorch"}}, "sourceType": "couchbase", "sourceName": "default", "sourceUUID": "", "planParams": {"numReplicas": 0}, "sourceParams": {}}
[2020-04-24 13:17:43,989] - [rest_client:2980] INFO - Index custom_index created
[2020-04-24 13:17:43,990] - [basetestcase:577] INFO - sleep for 10 secs.  ...
[2020-04-24 13:17:55,001] - [tuq:1060] INFO - RUN QUERY SELECT * FROM system:indexes
[2020-04-24 13:17:55,002] - [rest_client:3596] INFO - query params : statement=SELECT+%2A+FROM+system%3Aindexes&scan_consistency=NOT_BOUNDED
[2020-04-24 13:17:55,181] - [tuq:1106] INFO - TOTAL ELAPSED TIME: 13.751142ms
No string/number/date fields indexed for smart query generation 
Smart queries will be generated on fields: {'num': ['manages_team_size'], 'str': ['manages_reports'], 'text': ['manages_reports']}
Smart queries will be generated on fields: {'num': ['manages_team_size'], 'str': ['manages_reports'], 'text': ['manages_reports'], 'array': ['manages_reports']}
[2020-04-24 13:17:55,187] - [flex_index_phase1:161] INFO - ======== Running Query # 1 =======
[2020-04-24 13:17:55,188] - [flex_index_phase1:164] INFO - Query : explain select meta().id from default USE INDEX (custom_index USING FTS) where type = "emp" and manages.team_size > 8 and manages.team_size < 673
[2020-04-24 13:17:55,363] - [tuq:1060] INFO - RUN QUERY explain select meta().id from default USE INDEX (custom_index USING FTS) where type = "emp" and manages.team_size > 8 and manages.team_size < 673
[2020-04-24 13:17:55,365] - [rest_client:3596] INFO - query params : statement=explain+select+meta%28%29.id+from+default+USE+INDEX+%28custom_index+USING+FTS%29+where+type+%3D+%22emp%22+and+manages.team_size+%3E+8+and+manages.team_size+%3C+673&scan_consistency=NOT_BOUNDED
[2020-04-24 13:17:55,547] - [tuq:1106] INFO - TOTAL ELAPSED TIME: 1.960004ms
[2020-04-24 13:17:55,728] - [tuq:1060] INFO - RUN QUERY select meta().id from default USE INDEX (custom_index USING FTS) where type = "emp" and manages.team_size > 8 and manages.team_size < 673
[2020-04-24 13:17:55,729] - [rest_client:3596] INFO - query params : statement=select+meta%28%29.id+from+default+USE+INDEX+%28custom_index+USING+FTS%29+where+type+%3D+%22emp%22+and+manages.team_size+%3E+8+and+manages.team_size+%3C+673&scan_consistency=NOT_BOUNDED
[2020-04-24 13:17:55,905] - [tuq:1106] INFO - TOTAL ELAPSED TIME: 2.838143ms
[2020-04-24 13:17:55,907] - [flex_index_phase1:134] INFO - Number of results from flex query: select meta().id from default USE INDEX (custom_index USING FTS) where type = "emp" and manages.team_size > 8 and manages.team_size < 673 is 0
[2020-04-24 13:17:56,094] - [tuq:1060] INFO - RUN QUERY select meta().id from default where type = "emp" and manages.team_size > 8 and manages.team_size < 673
[2020-04-24 13:17:56,095] - [rest_client:3596] INFO - query params : statement=select+meta%28%29.id+from+default+where+type+%3D+%22emp%22+and+manages.team_size+%3E+8+and+manages.team_size+%3C+673&scan_consistency=NOT_BOUNDED
[2020-04-24 13:17:56,428] - [tuq:1106] INFO - TOTAL ELAPSED TIME: 72.538659ms
[2020-04-24 13:17:56,429] - [flex_index_phase1:142] INFO - Number of results from gsi query: select meta().id from default where type = "emp" and manages.team_size > 8 and manages.team_size < 673 is 155
[2020-04-24 13:17:56,430] - [flex_index_phase1:181] ERROR - Result mismatch found
[2020-04-24 13:17:56,431] - [flex_index_phase1:184] INFO - ======== Done =======
[2020-04-24 13:17:56,431] - [flex_index_phase1:161] INFO - ======== Running Query # 2 =======
[2020-04-24 13:17:56,432] - [flex_index_phase1:164] INFO - Query : explain select meta().id from default USE INDEX (custom_index USING FTS) where type = "emp" and manages.team_size >= 9 and manages.team_size <= 7972
[2020-04-24 13:17:56,607] - [tuq:1060] INFO - RUN QUERY explain select meta().id from default USE INDEX (custom_index USING FTS) where type = "emp" and manages.team_size >= 9 and manages.team_size <= 7972
[2020-04-24 13:17:56,609] - [rest_client:3596] INFO - query params : statement=explain+select+meta%28%29.id+from+default+USE+INDEX+%28custom_index+USING+FTS%29+where+type+%3D+%22emp%22+and+manages.team_size+%3E%3D+9+and+manages.team_size+%3C%3D+7972&scan_consistency=NOT_BOUNDED
[2020-04-24 13:17:56,790] - [tuq:1106] INFO - TOTAL ELAPSED TIME: 2.096394ms
[2020-04-24 13:17:57,158] - [tuq:1060] INFO - RUN QUERY select meta().id from default USE INDEX (custom_index USING FTS) where type = "emp" and manages.team_size >= 9 and manages.team_size <= 7972
[2020-04-24 13:17:57,159] - [rest_client:3596] INFO - query params : statement=select+meta%28%29.id+from+default+USE+INDEX+%28custom_index+USING+FTS%29+where+type+%3D+%22emp%22+and+manages.team_size+%3E%3D+9+and+manages.team_size+%3C%3D+7972&scan_consistency=NOT_BOUNDED
[2020-04-24 13:17:57,220] - [tuq:1106] INFO - TOTAL ELAPSED TIME: 2.816585ms
[2020-04-24 13:17:57,221] - [flex_index_phase1:134] INFO - Number of results from flex query: select meta().id from default USE INDEX (custom_index USING FTS) where type = "emp" and manages.team_size >= 9 and manages.team_size <= 7972 is 0
[2020-04-24 13:17:57,268] - [tuq:1060] INFO - RUN QUERY select meta().id from default where type = "emp" and manages.team_size >= 9 and manages.team_size <= 7972
[2020-04-24 13:17:57,268] - [rest_client:3596] INFO - query params : statement=select+meta%28%29.id+from+default+where+type+%3D+%22emp%22+and+manages.team_size+%3E%3D+9+and+manages.team_size+%3C%3D+7972&scan_consistency=NOT_BOUNDED
[2020-04-24 13:17:57,390] - [tuq:1106] INFO - TOTAL ELAPSED TIME: 73.069332ms
[2020-04-24 13:17:57,392] - [flex_index_phase1:142] INFO - Number of results from gsi query: select meta().id from default where type = "emp" and manages.team_size >= 9 and manages.team_size <= 7972 is 155
[2020-04-24 13:17:57,393] - [flex_index_phase1:181] ERROR - Result mismatch found
[2020-04-24 13:17:57,394] - [flex_index_phase1:184] INFO - ======== Done =======
[2020-04-24 13:17:57,395] - [flex_index_phase1:161] INFO - ======== Running Query # 3 =======
[2020-04-24 13:17:57,395] - [flex_index_phase1:164] INFO - Query : explain select meta().id from default USE INDEX (custom_index USING FTS) where type = "emp" and manages.team_size >= 7 and manages.team_size < 7817
[2020-04-24 13:17:57,446] - [tuq:1060] INFO - RUN QUERY explain select meta().id from default USE INDEX (custom_index USING FTS) where type = "emp" and manages.team_size >= 7 and manages.team_size < 7817
[2020-04-24 13:17:57,447] - [rest_client:3596] INFO - query params : statement=explain+select+meta%28%29.id+from+default+USE+INDEX+%28custom_index+USING+FTS%29+where+type+%3D+%22emp%22+and+manages.team_size+%3E%3D+7+and+manages.team_size+%3C+7817&scan_consistency=NOT_BOUNDED
[2020-04-24 13:17:57,507] - [tuq:1106] INFO - TOTAL ELAPSED TIME: 1.961475ms
[2020-04-24 13:17:57,551] - [tuq:1060] INFO - RUN QUERY select meta().id from default USE INDEX (custom_index USING FTS) where type = "emp" and manages.team_size >= 7 and manages.team_size < 7817
[2020-04-24 13:17:57,552] - [rest_client:3596] INFO - query params : statement=select+meta%28%29.id+from+default+USE+INDEX+%28custom_index+USING+FTS%29+where+type+%3D+%22emp%22+and+manages.team_size+%3E%3D+7+and+manages.team_size+%3C+7817&scan_consistency=NOT_BOUNDED
[2020-04-24 13:17:57,606] - [tuq:1106] INFO - TOTAL ELAPSED TIME: 2.52564ms
[2020-04-24 13:17:57,608] - [flex_index_phase1:134] INFO - Number of results from flex query: select meta().id from default USE INDEX (custom_index USING FTS) where type = "emp" and manages.team_size >= 7 and manages.team_size < 7817 is 0
[2020-04-24 13:17:57,658] - [tuq:1060] INFO - RUN QUERY select meta().id from default where type = "emp" and manages.team_size >= 7 and manages.team_size < 7817
[2020-04-24 13:17:57,659] - [rest_client:3596] INFO - query params : statement=select+meta%28%29.id+from+default+where+type+%3D+%22emp%22+and+manages.team_size+%3E%3D+7+and+manages.team_size+%3C+7817&scan_consistency=NOT_BOUNDED
[2020-04-24 13:17:57,780] - [tuq:1106] INFO - TOTAL ELAPSED TIME: 75.061049ms
[2020-04-24 13:17:57,782] - [flex_index_phase1:142] INFO - Number of results from gsi query: select meta().id from default where type = "emp" and manages.team_size >= 7 and manages.team_size < 7817 is 320
[2020-04-24 13:17:57,783] - [flex_index_phase1:181] ERROR - Result mismatch found
[2020-04-24 13:17:57,784] - [flex_index_phase1:184] INFO - ======== Done =======
[2020-04-24 13:17:57,784] - [flex_index_phase1:161] INFO - ======== Running Query # 4 =======
[2020-04-24 13:17:57,785] - [flex_index_phase1:164] INFO - Query : explain select meta().id from default USE INDEX (custom_index USING FTS) where type = "emp" and manages.team_size > 9 and manages.team_size <= 3589
[2020-04-24 13:17:57,827] - [tuq:1060] INFO - RUN QUERY explain select meta().id from default USE INDEX (custom_index USING FTS) where type = "emp" and manages.team_size > 9 and manages.team_size <= 3589
[2020-04-24 13:17:57,828] - [rest_client:3596] INFO - query params : statement=explain+select+meta%28%29.id+from+default+USE+INDEX+%28custom_index+USING+FTS%29+where+type+%3D+%22emp%22+and+manages.team_size+%3E+9+and+manages.team_size+%3C%3D+3589&scan_consistency=NOT_BOUNDED
[2020-04-24 13:17:57,884] - [tuq:1106] INFO - TOTAL ELAPSED TIME: 2.182896ms
[2020-04-24 13:17:57,940] - [tuq:1060] INFO - RUN QUERY select meta().id from default USE INDEX (custom_index USING FTS) where type = "emp" and manages.team_size > 9 and manages.team_size <= 3589
[2020-04-24 13:17:57,941] - [rest_client:3596] INFO - query params : statement=select+meta%28%29.id+from+default+USE+INDEX+%28custom_index+USING+FTS%29+where+type+%3D+%22emp%22+and+manages.team_size+%3E+9+and+manages.team_size+%3C%3D+3589&scan_consistency=NOT_BOUNDED
[2020-04-24 13:17:57,993] - [tuq:1106] INFO - TOTAL ELAPSED TIME: 2.53411ms
[2020-04-24 13:17:57,994] - [flex_index_phase1:134] INFO - Number of results from flex query: select meta().id from default USE INDEX (custom_index USING FTS) where type = "emp" and manages.team_size > 9 and manages.team_size <= 3589 is 0
[2020-04-24 13:17:58,043] - [tuq:1060] INFO - RUN QUERY select meta().id from default where type = "emp" and manages.team_size > 9 and manages.team_size <= 3589
[2020-04-24 13:17:58,044] - [rest_client:3596] INFO - query params : statement=select+meta%28%29.id+from+default+where+type+%3D+%22emp%22+and+manages.team_size+%3E+9+and+manages.team_size+%3C%3D+3589&scan_consistency=NOT_BOUNDED
[2020-04-24 13:17:58,168] - [tuq:1106] INFO - TOTAL ELAPSED TIME: 74.678965ms
[2020-04-24 13:17:58,170] - [flex_index_phase1:142] INFO - Number of results from gsi query: select meta().id from default where type = "emp" and manages.team_size > 9 and manages.team_size <= 3589 is 75
[2020-04-24 13:17:58,171] - [flex_index_phase1:181] ERROR - Result mismatch found
[2020-04-24 13:17:58,171] - [flex_index_phase1:184] INFO - ======== Done =======
[2020-04-24 13:17:58,172] - [flex_index_phase1:161] INFO - ======== Running Query # 5 =======
[2020-04-24 13:17:58,173] - [flex_index_phase1:164] INFO - Query : explain select meta().id from default USE INDEX (custom_index USING FTS) where type = "emp" and manages.team_size between 7 and 2298
[2020-04-24 13:17:58,221] - [tuq:1060] INFO - RUN QUERY explain select meta().id from default USE INDEX (custom_index USING FTS) where type = "emp" and manages.team_size between 7 and 2298
[2020-04-24 13:17:58,222] - [rest_client:3596] INFO - query params : statement=explain+select+meta%28%29.id+from+default+USE+INDEX+%28custom_index+USING+FTS%29+where+type+%3D+%22emp%22+and+manages.team_size+between+7+and+2298&scan_consistency=NOT_BOUNDED
[2020-04-24 13:17:58,277] - [tuq:1106] INFO - TOTAL ELAPSED TIME: 1.784713ms
[2020-04-24 13:17:58,323] - [tuq:1060] INFO - RUN QUERY select meta().id from default USE INDEX (custom_index USING FTS) where type = "emp" and manages.team_size between 7 and 2298
[2020-04-24 13:17:58,324] - [rest_client:3596] INFO - query params : statement=select+meta%28%29.id+from+default+USE+INDEX+%28custom_index+USING+FTS%29+where+type+%3D+%22emp%22+and+manages.team_size+between+7+and+2298&scan_consistency=NOT_BOUNDED
[2020-04-24 13:17:58,372] - [tuq:1106] INFO - TOTAL ELAPSED TIME: 4.064666ms
[2020-04-24 13:17:58,374] - [flex_index_phase1:134] INFO - Number of results from flex query: select meta().id from default USE INDEX (custom_index USING FTS) where type = "emp" and manages.team_size between 7 and 2298 is 0
[2020-04-24 13:17:58,418] - [tuq:1060] INFO - RUN QUERY select meta().id from default where type = "emp" and manages.team_size between 7 and 2298
[2020-04-24 13:17:58,419] - [rest_client:3596] INFO - query params : statement=select+meta%28%29.id+from+default+where+type+%3D+%22emp%22+and+manages.team_size+between+7+and+2298&scan_consistency=NOT_BOUNDED
[2020-04-24 13:17:58,540] - [tuq:1106] INFO - TOTAL ELAPSED TIME: 75.789058ms
[2020-04-24 13:17:58,541] - [flex_index_phase1:142] INFO - Number of results from gsi query: select meta().id from default where type = "emp" and manages.team_size between 7 and 2298 is 320
[2020-04-24 13:17:58,542] - [flex_index_phase1:181] ERROR - Result mismatch found
[2020-04-24 13:17:58,542] - [flex_index_phase1:184] INFO - ======== Done =======
[2020-04-24 13:17:58,543] - [flex_index_phase1:161] INFO - ======== Running Query # 6 =======
[2020-04-24 13:17:58,543] - [flex_index_phase1:164] INFO - Query : explain select meta().id from default USE INDEX (custom_index USING FTS) where type = "emp" and manages.team_size between 9 and 4115
[2020-04-24 13:17:58,591] - [tuq:1060] INFO - RUN QUERY explain select meta().id from default USE INDEX (custom_index USING FTS) where type = "emp" and manages.team_size between 9 and 4115
[2020-04-24 13:17:58,592] - [rest_client:3596] INFO - query params : statement=explain+select+meta%28%29.id+from+default+USE+INDEX+%28custom_index+USING+FTS%29+where+type+%3D+%22emp%22+and+manages.team_size+between+9+and+4115&scan_consistency=NOT_BOUNDED
[2020-04-24 13:17:58,644] - [tuq:1106] INFO - TOTAL ELAPSED TIME: 1.822311ms
[2020-04-24 13:17:58,695] - [tuq:1060] INFO - RUN QUERY select meta().id from default USE INDEX (custom_index USING FTS) where type = "emp" and manages.team_size between 9 and 4115
[2020-04-24 13:17:58,695] - [rest_client:3596] INFO - query params : statement=select+meta%28%29.id+from+default+USE+INDEX+%28custom_index+USING+FTS%29+where+type+%3D+%22emp%22+and+manages.team_size+between+9+and+4115&scan_consistency=NOT_BOUNDED
[2020-04-24 13:17:58,739] - [tuq:1106] INFO - TOTAL ELAPSED TIME: 2.719855ms
[2020-04-24 13:17:58,740] - [flex_index_phase1:134] INFO - Number of results from flex query: select meta().id from default USE INDEX (custom_index USING FTS) where type = "emp" and manages.team_size between 9 and 4115 is 0
[2020-04-24 13:17:58,800] - [tuq:1060] INFO - RUN QUERY select meta().id from default where type = "emp" and manages.team_size between 9 and 4115
[2020-04-24 13:17:58,801] - [rest_client:3596] INFO - query params : statement=select+meta%28%29.id+from+default+where+type+%3D+%22emp%22+and+manages.team_size+between+9+and+4115&scan_consistency=NOT_BOUNDED
[2020-04-24 13:17:58,916] - [tuq:1106] INFO - TOTAL ELAPSED TIME: 67.382777ms
[2020-04-24 13:17:58,917] - [flex_index_phase1:142] INFO - Number of results from gsi query: select meta().id from default where type = "emp" and manages.team_size between 9 and 4115 is 155
[2020-04-24 13:17:58,917] - [flex_index_phase1:181] ERROR - Result mismatch found
[2020-04-24 13:17:58,918] - [flex_index_phase1:184] INFO - ======== Done =======
[2020-04-24 13:17:58,918] - [flex_index_phase1:161] INFO - ======== Running Query # 7 =======
[2020-04-24 13:17:58,919] - [flex_index_phase1:164] INFO - Query : explain select meta().id from default USE INDEX (custom_index USING FTS) where type = "emp" and manages.team_size between 7 and 1627
[2020-04-24 13:17:58,969] - [tuq:1060] INFO - RUN QUERY explain select meta().id from default USE INDEX (custom_index USING FTS) where type = "emp" and manages.team_size between 7 and 1627
[2020-04-24 13:17:58,970] - [rest_client:3596] INFO - query params : statement=explain+select+meta%28%29.id+from+default+USE+INDEX+%28custom_index+USING+FTS%29+where+type+%3D+%22emp%22+and+manages.team_size+between+7+and+1627&scan_consistency=NOT_BOUNDED
[2020-04-24 13:17:59,020] - [tuq:1106] INFO - TOTAL ELAPSED TIME: 1.836233ms
[2020-04-24 13:17:59,067] - [tuq:1060] INFO - RUN QUERY select meta().id from default USE INDEX (custom_index USING FTS) where type = "emp" and manages.team_size between 7 and 1627
[2020-04-24 13:17:59,068] - [rest_client:3596] INFO - query params : statement=select+meta%28%29.id+from+default+USE+INDEX+%28custom_index+USING+FTS%29+where+type+%3D+%22emp%22+and+manages.team_size+between+7+and+1627&scan_consistency=NOT_BOUNDED
[2020-04-24 13:17:59,121] - [tuq:1106] INFO - TOTAL ELAPSED TIME: 2.577553ms
[2020-04-24 13:17:59,122] - [flex_index_phase1:134] INFO - Number of results from flex query: select meta().id from default USE INDEX (custom_index USING FTS) where type = "emp" and manages.team_size between 7 and 1627 is 0
[2020-04-24 13:17:59,180] - [tuq:1060] INFO - RUN QUERY select meta().id from default where type = "emp" and manages.team_size between 7 and 1627
[2020-04-24 13:17:59,181] - [rest_client:3596] INFO - query params : statement=select+meta%28%29.id+from+default+where+type+%3D+%22emp%22+and+manages.team_size+between+7+and+1627&scan_consistency=NOT_BOUNDED
[2020-04-24 13:17:59,312] - [tuq:1106] INFO - TOTAL ELAPSED TIME: 81.659337ms
[2020-04-24 13:17:59,313] - [flex_index_phase1:142] INFO - Number of results from gsi query: select meta().id from default where type = "emp" and manages.team_size between 7 and 1627 is 320
[2020-04-24 13:17:59,314] - [flex_index_phase1:181] ERROR - Result mismatch found
[2020-04-24 13:17:59,315] - [flex_index_phase1:184] INFO - ======== Done =======
[2020-04-24 13:17:59,315] - [flex_index_phase1:161] INFO - ======== Running Query # 8 =======
[2020-04-24 13:17:59,316] - [flex_index_phase1:164] INFO - Query : explain select meta().id from default USE INDEX (custom_index USING FTS) where type = "emp" and manages.team_size between 10 and 5421
[2020-04-24 13:17:59,365] - [tuq:1060] INFO - RUN QUERY explain select meta().id from default USE INDEX (custom_index USING FTS) where type = "emp" and manages.team_size between 10 and 5421
[2020-04-24 13:17:59,365] - [rest_client:3596] INFO - query params : statement=explain+select+meta%28%29.id+from+default+USE+INDEX+%28custom_index+USING+FTS%29+where+type+%3D+%22emp%22+and+manages.team_size+between+10+and+5421&scan_consistency=NOT_BOUNDED
[2020-04-24 13:17:59,414] - [tuq:1106] INFO - TOTAL ELAPSED TIME: 2.90556ms
[2020-04-24 13:17:59,466] - [tuq:1060] INFO - RUN QUERY select meta().id from default USE INDEX (custom_index USING FTS) where type = "emp" and manages.team_size between 10 and 5421
[2020-04-24 13:17:59,467] - [rest_client:3596] INFO - query params : statement=select+meta%28%29.id+from+default+USE+INDEX+%28custom_index+USING+FTS%29+where+type+%3D+%22emp%22+and+manages.team_size+between+10+and+5421&scan_consistency=NOT_BOUNDED
[2020-04-24 13:17:59,530] - [tuq:1106] INFO - TOTAL ELAPSED TIME: 3.060765ms
[2020-04-24 13:17:59,531] - [flex_index_phase1:134] INFO - Number of results from flex query: select meta().id from default USE INDEX (custom_index USING FTS) where type = "emp" and manages.team_size between 10 and 5421 is 0
[2020-04-24 13:17:59,584] - [tuq:1060] INFO - RUN QUERY select meta().id from default where type = "emp" and manages.team_size between 10 and 5421
[2020-04-24 13:17:59,585] - [rest_client:3596] INFO - query params : statement=select+meta%28%29.id+from+default+where+type+%3D+%22emp%22+and+manages.team_size+between+10+and+5421&scan_consistency=NOT_BOUNDED
[2020-04-24 13:17:59,781] - [tuq:1106] INFO - TOTAL ELAPSED TIME: 149.135953ms
[2020-04-24 13:17:59,782] - [flex_index_phase1:142] INFO - Number of results from gsi query: select meta().id from default where type = "emp" and manages.team_size between 10 and 5421 is 75
[2020-04-24 13:17:59,783] - [flex_index_phase1:181] ERROR - Result mismatch found
[2020-04-24 13:17:59,784] - [flex_index_phase1:184] INFO - ======== Done =======
[2020-04-24 13:17:59,784] - [flex_index_phase1:161] INFO - ======== Running Query # 9 =======
[2020-04-24 13:17:59,785] - [flex_index_phase1:164] INFO - Query : explain select meta().id from default USE INDEX (custom_index USING FTS) where type = "emp" and manages.team_size between 9 and 1660
[2020-04-24 13:17:59,840] - [tuq:1060] INFO - RUN QUERY explain select meta().id from default USE INDEX (custom_index USING FTS) where type = "emp" and manages.team_size between 9 and 1660
[2020-04-24 13:17:59,841] - [rest_client:3596] INFO - query params : statement=explain+select+meta%28%29.id+from+default+USE+INDEX+%28custom_index+USING+FTS%29+where+type+%3D+%22emp%22+and+manages.team_size+between+9+and+1660&scan_consistency=NOT_BOUNDED
[2020-04-24 13:17:59,888] - [tuq:1106] INFO - TOTAL ELAPSED TIME: 1.838761ms
[2020-04-24 13:17:59,938] - [tuq:1060] INFO - RUN QUERY select meta().id from default USE INDEX (custom_index USING FTS) where type = "emp" and manages.team_size between 9 and 1660
[2020-04-24 13:17:59,940] - [rest_client:3596] INFO - query params : statement=select+meta%28%29.id+from+default+USE+INDEX+%28custom_index+USING+FTS%29+where+type+%3D+%22emp%22+and+manages.team_size+between+9+and+1660&scan_consistency=NOT_BOUNDED
[2020-04-24 13:17:59,989] - [tuq:1106] INFO - TOTAL ELAPSED TIME: 2.656293ms
[2020-04-24 13:17:59,990] - [flex_index_phase1:134] INFO - Number of results from flex query: select meta().id from default USE INDEX (custom_index USING FTS) where type = "emp" and manages.team_size between 9 and 1660 is 0
[2020-04-24 13:18:00,046] - [tuq:1060] INFO - RUN QUERY select meta().id from default where type = "emp" and manages.team_size between 9 and 1660
[2020-04-24 13:18:00,047] - [rest_client:3596] INFO - query params : statement=select+meta%28%29.id+from+default+where+type+%3D+%22emp%22+and+manages.team_size+between+9+and+1660&scan_consistency=NOT_BOUNDED
[2020-04-24 13:18:00,182] - [tuq:1106] INFO - TOTAL ELAPSED TIME: 77.541244ms
[2020-04-24 13:18:00,183] - [flex_index_phase1:142] INFO - Number of results from gsi query: select meta().id from default where type = "emp" and manages.team_size between 9 and 1660 is 155
[2020-04-24 13:18:00,184] - [flex_index_phase1:181] ERROR - Result mismatch found
[2020-04-24 13:18:00,185] - [flex_index_phase1:184] INFO - ======== Done =======
[2020-04-24 13:18:00,186] - [flex_index_phase1:161] INFO - ======== Running Query # 10 =======
[2020-04-24 13:18:00,186] - [flex_index_phase1:164] INFO - Query : explain select meta().id from default USE INDEX (custom_index USING FTS) where type = "emp" and manages.team_size = 8
[2020-04-24 13:18:00,254] - [tuq:1060] INFO - RUN QUERY explain select meta().id from default USE INDEX (custom_index USING FTS) where type = "emp" and manages.team_size = 8
[2020-04-24 13:18:00,256] - [rest_client:3596] INFO - query params : statement=explain+select+meta%28%29.id+from+default+USE+INDEX+%28custom_index+USING+FTS%29+where+type+%3D+%22emp%22+and+manages.team_size+%3D+8&scan_consistency=NOT_BOUNDED
[2020-04-24 13:18:00,312] - [tuq:1106] INFO - TOTAL ELAPSED TIME: 2.312428ms
[2020-04-24 13:18:00,364] - [tuq:1060] INFO - RUN QUERY select meta().id from default USE INDEX (custom_index USING FTS) where type = "emp" and manages.team_size = 8
[2020-04-24 13:18:00,365] - [rest_client:3596] INFO - query params : statement=select+meta%28%29.id+from+default+USE+INDEX+%28custom_index+USING+FTS%29+where+type+%3D+%22emp%22+and+manages.team_size+%3D+8&scan_consistency=NOT_BOUNDED
[2020-04-24 13:18:00,415] - [tuq:1106] INFO - TOTAL ELAPSED TIME: 4.803641ms
[2020-04-24 13:18:00,416] - [flex_index_phase1:134] INFO - Number of results from flex query: select meta().id from default USE INDEX (custom_index USING FTS) where type = "emp" and manages.team_size = 8 is 74
[2020-04-24 13:18:00,465] - [tuq:1060] INFO - RUN QUERY select meta().id from default where type = "emp" and manages.team_size = 8
[2020-04-24 13:18:00,467] - [rest_client:3596] INFO - query params : statement=select+meta%28%29.id+from+default+where+type+%3D+%22emp%22+and+manages.team_size+%3D+8&scan_consistency=NOT_BOUNDED
[2020-04-24 13:18:00,579] - [tuq:1106] INFO - TOTAL ELAPSED TIME: 66.874085ms
[2020-04-24 13:18:00,581] - [flex_index_phase1:142] INFO - Number of results from gsi query: select meta().id from default where type = "emp" and manages.team_size = 8 is 74
[2020-04-24 13:18:00,582] - [flex_index_phase1:184] INFO - ======== Done =======
[2020-04-24 13:18:00,583] - [flex_index_phase1:161] INFO - ======== Running Query # 11 =======
[2020-04-24 13:18:00,584] - [flex_index_phase1:164] INFO - Query : explain select meta().id from default USE INDEX (custom_index USING FTS) where type = "emp" and manages.team_size = 9
[2020-04-24 13:18:00,634] - [tuq:1060] INFO - RUN QUERY explain select meta().id from default USE INDEX (custom_index USING FTS) where type = "emp" and manages.team_size = 9
[2020-04-24 13:18:00,635] - [rest_client:3596] INFO - query params : statement=explain+select+meta%28%29.id+from+default+USE+INDEX+%28custom_index+USING+FTS%29+where+type+%3D+%22emp%22+and+manages.team_size+%3D+9&scan_consistency=NOT_BOUNDED
[2020-04-24 13:18:00,683] - [tuq:1106] INFO - TOTAL ELAPSED TIME: 2.075725ms
[2020-04-24 13:18:00,734] - [tuq:1060] INFO - RUN QUERY select meta().id from default USE INDEX (custom_index USING FTS) where type = "emp" and manages.team_size = 9
[2020-04-24 13:18:00,736] - [rest_client:3596] INFO - query params : statement=select+meta%28%29.id+from+default+USE+INDEX+%28custom_index+USING+FTS%29+where+type+%3D+%22emp%22+and+manages.team_size+%3D+9&scan_consistency=NOT_BOUNDED
[2020-04-24 13:18:00,790] - [tuq:1106] INFO - TOTAL ELAPSED TIME: 11.406385ms
[2020-04-24 13:18:00,791] - [flex_index_phase1:134] INFO - Number of results from flex query: select meta().id from default USE INDEX (custom_index USING FTS) where type = "emp" and manages.team_size = 9 is 80
[2020-04-24 13:18:00,847] - [tuq:1060] INFO - RUN QUERY select meta().id from default where type = "emp" and manages.team_size = 9
[2020-04-24 13:18:00,848] - [rest_client:3596] INFO - query params : statement=select+meta%28%29.id+from+default+where+type+%3D+%22emp%22+and+manages.team_size+%3D+9&scan_consistency=NOT_BOUNDED
[2020-04-24 13:18:00,971] - [tuq:1106] INFO - TOTAL ELAPSED TIME: 74.185458ms
[2020-04-24 13:18:00,972] - [flex_index_phase1:142] INFO - Number of results from gsi query: select meta().id from default where type = "emp" and manages.team_size = 9 is 80
[2020-04-24 13:18:00,973] - [flex_index_phase1:184] INFO - ======== Done =======
[2020-04-24 13:18:00,974] - [flex_index_phase1:161] INFO - ======== Running Query # 12 =======
[2020-04-24 13:18:00,975] - [flex_index_phase1:164] INFO - Query : explain select meta().id from default USE INDEX (custom_index USING FTS) where type = "emp" and manages.team_size = 9
[2020-04-24 13:18:01,022] - [tuq:1060] INFO - RUN QUERY explain select meta().id from default USE INDEX (custom_index USING FTS) where type = "emp" and manages.team_size = 9
[2020-04-24 13:18:01,022] - [rest_client:3596] INFO - query params : statement=explain+select+meta%28%29.id+from+default+USE+INDEX+%28custom_index+USING+FTS%29+where+type+%3D+%22emp%22+and+manages.team_size+%3D+9&scan_consistency=NOT_BOUNDED
[2020-04-24 13:18:01,066] - [tuq:1106] INFO - TOTAL ELAPSED TIME: 2.192398ms
[2020-04-24 13:18:01,111] - [tuq:1060] INFO - RUN QUERY select meta().id from default USE INDEX (custom_index USING FTS) where type = "emp" and manages.team_size = 9
[2020-04-24 13:18:01,112] - [rest_client:3596] INFO - query params : statement=select+meta%28%29.id+from+default+USE+INDEX+%28custom_index+USING+FTS%29+where+type+%3D+%22emp%22+and+manages.team_size+%3D+9&scan_consistency=NOT_BOUNDED
[2020-04-24 13:18:01,166] - [tuq:1106] INFO - TOTAL ELAPSED TIME: 4.793352ms
[2020-04-24 13:18:01,167] - [flex_index_phase1:134] INFO - Number of results from flex query: select meta().id from default USE INDEX (custom_index USING FTS) where type = "emp" and manages.team_size = 9 is 80
[2020-04-24 13:18:01,216] - [tuq:1060] INFO - RUN QUERY select meta().id from default where type = "emp" and manages.team_size = 9
[2020-04-24 13:18:01,216] - [rest_client:3596] INFO - query params : statement=select+meta%28%29.id+from+default+where+type+%3D+%22emp%22+and+manages.team_size+%3D+9&scan_consistency=NOT_BOUNDED
[2020-04-24 13:18:01,333] - [tuq:1106] INFO - TOTAL ELAPSED TIME: 66.101237ms
[2020-04-24 13:18:01,334] - [flex_index_phase1:142] INFO - Number of results from gsi query: select meta().id from default where type = "emp" and manages.team_size = 9 is 80
[2020-04-24 13:18:01,335] - [flex_index_phase1:184] INFO - ======== Done =======
[2020-04-24 13:18:01,335] - [flex_index_phase1:161] INFO - ======== Running Query # 13 =======
[2020-04-24 13:18:01,336] - [flex_index_phase1:164] INFO - Query : explain select meta().id from default USE INDEX (custom_index USING FTS) where type = "emp" and manages.team_size = 8
[2020-04-24 13:18:01,389] - [tuq:1060] INFO - RUN QUERY explain select meta().id from default USE INDEX (custom_index USING FTS) where type = "emp" and manages.team_size = 8
[2020-04-24 13:18:01,389] - [rest_client:3596] INFO - query params : statement=explain+select+meta%28%29.id+from+default+USE+INDEX+%28custom_index+USING+FTS%29+where+type+%3D+%22emp%22+and+manages.team_size+%3D+8&scan_consistency=NOT_BOUNDED
[2020-04-24 13:18:01,438] - [tuq:1106] INFO - TOTAL ELAPSED TIME: 2.072779ms
[2020-04-24 13:18:01,495] - [tuq:1060] INFO - RUN QUERY select meta().id from default USE INDEX (custom_index USING FTS) where type = "emp" and manages.team_size = 8
[2020-04-24 13:18:01,496] - [rest_client:3596] INFO - query params : statement=select+meta%28%29.id+from+default+USE+INDEX+%28custom_index+USING+FTS%29+where+type+%3D+%22emp%22+and+manages.team_size+%3D+8&scan_consistency=NOT_BOUNDED
[2020-04-24 13:18:01,546] - [tuq:1106] INFO - TOTAL ELAPSED TIME: 5.761884ms
[2020-04-24 13:18:01,547] - [flex_index_phase1:134] INFO - Number of results from flex query: select meta().id from default USE INDEX (custom_index USING FTS) where type = "emp" and manages.team_size = 8 is 74
[2020-04-24 13:18:01,594] - [tuq:1060] INFO - RUN QUERY select meta().id from default where type = "emp" and manages.team_size = 8
[2020-04-24 13:18:01,595] - [rest_client:3596] INFO - query params : statement=select+meta%28%29.id+from+default+where+type+%3D+%22emp%22+and+manages.team_size+%3D+8&scan_consistency=NOT_BOUNDED
[2020-04-24 13:18:01,719] - [tuq:1106] INFO - TOTAL ELAPSED TIME: 76.058831ms
[2020-04-24 13:18:01,721] - [flex_index_phase1:142] INFO - Number of results from gsi query: select meta().id from default where type = "emp" and manages.team_size = 8 is 74
[2020-04-24 13:18:01,722] - [flex_index_phase1:184] INFO - ======== Done =======
[2020-04-24 13:18:01,722] - [flex_index_phase1:161] INFO - ======== Running Query # 14 =======
[2020-04-24 13:18:01,723] - [flex_index_phase1:164] INFO - Query : explain select meta().id from default USE INDEX (custom_index USING FTS) where type = "emp" and manages.team_size = 5
[2020-04-24 13:18:01,773] - [tuq:1060] INFO - RUN QUERY explain select meta().id from default USE INDEX (custom_index USING FTS) where type = "emp" and manages.team_size = 5
[2020-04-24 13:18:01,773] - [rest_client:3596] INFO - query params : statement=explain+select+meta%28%29.id+from+default+USE+INDEX+%28custom_index+USING+FTS%29+where+type+%3D+%22emp%22+and+manages.team_size+%3D+5&scan_consistency=NOT_BOUNDED
[2020-04-24 13:18:01,826] - [tuq:1106] INFO - TOTAL ELAPSED TIME: 2.185548ms
[2020-04-24 13:18:01,876] - [tuq:1060] INFO - RUN QUERY select meta().id from default USE INDEX (custom_index USING FTS) where type = "emp" and manages.team_size = 5
[2020-04-24 13:18:01,877] - [rest_client:3596] INFO - query params : statement=select+meta%28%29.id+from+default+USE+INDEX+%28custom_index+USING+FTS%29+where+type+%3D+%22emp%22+and+manages.team_size+%3D+5&scan_consistency=NOT_BOUNDED
[2020-04-24 13:18:01,925] - [tuq:1106] INFO - TOTAL ELAPSED TIME: 4.85102ms
[2020-04-24 13:18:01,926] - [flex_index_phase1:134] INFO - Number of results from flex query: select meta().id from default USE INDEX (custom_index USING FTS) where type = "emp" and manages.team_size = 5 is 84
[2020-04-24 13:18:01,974] - [tuq:1060] INFO - RUN QUERY select meta().id from default where type = "emp" and manages.team_size = 5
[2020-04-24 13:18:01,975] - [rest_client:3596] INFO - query params : statement=select+meta%28%29.id+from+default+where+type+%3D+%22emp%22+and+manages.team_size+%3D+5&scan_consistency=NOT_BOUNDED
[2020-04-24 13:18:02,093] - [tuq:1106] INFO - TOTAL ELAPSED TIME: 66.320058ms
[2020-04-24 13:18:02,095] - [flex_index_phase1:142] INFO - Number of results from gsi query: select meta().id from default where type = "emp" and manages.team_size = 5 is 84
[2020-04-24 13:18:02,096] - [flex_index_phase1:184] INFO - ======== Done =======
[2020-04-24 13:18:02,096] - [flex_index_phase1:161] INFO - ======== Running Query # 15 =======
[2020-04-24 13:18:02,097] - [flex_index_phase1:164] INFO - Query : explain select meta().id from default USE INDEX (custom_index USING FTS) where type = "emp" and manages.reports like "Lilit%"
[2020-04-24 13:18:02,171] - [tuq:1060] INFO - RUN QUERY explain select meta().id from default USE INDEX (custom_index USING FTS) where type = "emp" and manages.reports like "Lilit%"
[2020-04-24 13:18:02,172] - [rest_client:3596] INFO - query params : statement=explain+select+meta%28%29.id+from+default+USE+INDEX+%28custom_index+USING+FTS%29+where+type+%3D+%22emp%22+and+manages.reports+like+%22Lilit%25%22&scan_consistency=NOT_BOUNDED
[2020-04-24 13:18:02,236] - [tuq:1106] INFO - TOTAL ELAPSED TIME: 2.098644ms
[2020-04-24 13:18:02,282] - [tuq:1060] INFO - RUN QUERY select meta().id from default USE INDEX (custom_index USING FTS) where type = "emp" and manages.reports like "Lilit%"
[2020-04-24 13:18:02,283] - [rest_client:3596] INFO - query params : statement=select+meta%28%29.id+from+default+USE+INDEX+%28custom_index+USING+FTS%29+where+type+%3D+%22emp%22+and+manages.reports+like+%22Lilit%25%22&scan_consistency=NOT_BOUNDED
[2020-04-24 13:18:02,332] - [tuq:1106] INFO - TOTAL ELAPSED TIME: 2.814203ms
[2020-04-24 13:18:02,333] - [flex_index_phase1:134] INFO - Number of results from flex query: select meta().id from default USE INDEX (custom_index USING FTS) where type = "emp" and manages.reports like "Lilit%" is 0
[2020-04-24 13:18:02,385] - [tuq:1060] INFO - RUN QUERY select meta().id from default where type = "emp" and manages.reports like "Lilit%"
[2020-04-24 13:18:02,387] - [rest_client:3596] INFO - query params : statement=select+meta%28%29.id+from+default+where+type+%3D+%22emp%22+and+manages.reports+like+%22Lilit%25%22&scan_consistency=NOT_BOUNDED
[2020-04-24 13:18:02,499] - [tuq:1106] INFO - TOTAL ELAPSED TIME: 64.541865ms
[2020-04-24 13:18:02,500] - [flex_index_phase1:142] INFO - Number of results from gsi query: select meta().id from default where type = "emp" and manages.reports like "Lilit%" is 0
[2020-04-24 13:18:02,501] - [flex_index_phase1:184] INFO - ======== Done =======
[2020-04-24 13:18:02,502] - [flex_index_phase1:161] INFO - ======== Running Query # 16 =======
[2020-04-24 13:18:02,503] - [flex_index_phase1:164] INFO - Query : explain select meta().id from default USE INDEX (custom_index USING FTS) where type = "emp" and manages.reports like "Kagami%"
[2020-04-24 13:18:02,556] - [tuq:1060] INFO - RUN QUERY explain select meta().id from default USE INDEX (custom_index USING FTS) where type = "emp" and manages.reports like "Kagami%"
[2020-04-24 13:18:02,557] - [rest_client:3596] INFO - query params : statement=explain+select+meta%28%29.id+from+default+USE+INDEX+%28custom_index+USING+FTS%29+where+type+%3D+%22emp%22+and+manages.reports+like+%22Kagami%25%22&scan_consistency=NOT_BOUNDED
[2020-04-24 13:18:02,607] - [tuq:1106] INFO - TOTAL ELAPSED TIME: 2.620138ms
[2020-04-24 13:18:02,664] - [tuq:1060] INFO - RUN QUERY select meta().id from default USE INDEX (custom_index USING FTS) where type = "emp" and manages.reports like "Kagami%"
[2020-04-24 13:18:02,664] - [rest_client:3596] INFO - query params : statement=select+meta%28%29.id+from+default+USE+INDEX+%28custom_index+USING+FTS%29+where+type+%3D+%22emp%22+and+manages.reports+like+%22Kagami%25%22&scan_consistency=NOT_BOUNDED
[2020-04-24 13:18:02,715] - [tuq:1106] INFO - TOTAL ELAPSED TIME: 2.625801ms
[2020-04-24 13:18:02,716] - [flex_index_phase1:134] INFO - Number of results from flex query: select meta().id from default USE INDEX (custom_index USING FTS) where type = "emp" and manages.reports like "Kagami%" is 0
[2020-04-24 13:18:02,759] - [tuq:1060] INFO - RUN QUERY select meta().id from default where type = "emp" and manages.reports like "Kagami%"
[2020-04-24 13:18:02,761] - [rest_client:3596] INFO - query params : statement=select+meta%28%29.id+from+default+where+type+%3D+%22emp%22+and+manages.reports+like+%22Kagami%25%22&scan_consistency=NOT_BOUNDED
[2020-04-24 13:18:02,883] - [tuq:1106] INFO - TOTAL ELAPSED TIME: 74.421578ms
[2020-04-24 13:18:02,884] - [flex_index_phase1:142] INFO - Number of results from gsi query: select meta().id from default where type = "emp" and manages.reports like "Kagami%" is 0
[2020-04-24 13:18:02,885] - [flex_index_phase1:184] INFO - ======== Done =======
[2020-04-24 13:18:02,886] - [flex_index_phase1:161] INFO - ======== Running Query # 17 =======
[2020-04-24 13:18:02,887] - [flex_index_phase1:164] INFO - Query : explain select meta().id from default USE INDEX (custom_index USING FTS) where type = "emp" and manages.reports like "Ciara T%"
[2020-04-24 13:18:02,947] - [tuq:1060] INFO - RUN QUERY explain select meta().id from default USE INDEX (custom_index USING FTS) where type = "emp" and manages.reports like "Ciara T%"
[2020-04-24 13:18:02,949] - [rest_client:3596] INFO - query params : statement=explain+select+meta%28%29.id+from+default+USE+INDEX+%28custom_index+USING+FTS%29+where+type+%3D+%22emp%22+and+manages.reports+like+%22Ciara+T%25%22&scan_consistency=NOT_BOUNDED
[2020-04-24 13:18:02,998] - [tuq:1106] INFO - TOTAL ELAPSED TIME: 2.219994ms
[2020-04-24 13:18:03,046] - [tuq:1060] INFO - RUN QUERY select meta().id from default USE INDEX (custom_index USING FTS) where type = "emp" and manages.reports like "Ciara T%"
[2020-04-24 13:18:03,047] - [rest_client:3596] INFO - query params : statement=select+meta%28%29.id+from+default+USE+INDEX+%28custom_index+USING+FTS%29+where+type+%3D+%22emp%22+and+manages.reports+like+%22Ciara+T%25%22&scan_consistency=NOT_BOUNDED
[2020-04-24 13:18:03,109] - [tuq:1106] INFO - TOTAL ELAPSED TIME: 2.728263ms
[2020-04-24 13:18:03,110] - [flex_index_phase1:134] INFO - Number of results from flex query: select meta().id from default USE INDEX (custom_index USING FTS) where type = "emp" and manages.reports like "Ciara T%" is 0
[2020-04-24 13:18:03,160] - [tuq:1060] INFO - RUN QUERY select meta().id from default where type = "emp" and manages.reports like "Ciara T%"
[2020-04-24 13:18:03,162] - [rest_client:3596] INFO - query params : statement=select+meta%28%29.id+from+default+where+type+%3D+%22emp%22+and+manages.reports+like+%22Ciara+T%25%22&scan_consistency=NOT_BOUNDED
[2020-04-24 13:18:03,272] - [tuq:1106] INFO - TOTAL ELAPSED TIME: 68.676953ms
[2020-04-24 13:18:03,273] - [flex_index_phase1:142] INFO - Number of results from gsi query: select meta().id from default where type = "emp" and manages.reports like "Ciara T%" is 0
[2020-04-24 13:18:03,274] - [flex_index_phase1:184] INFO - ======== Done =======
[2020-04-24 13:18:03,274] - [flex_index_phase1:161] INFO - ======== Running Query # 18 =======
[2020-04-24 13:18:03,275] - [flex_index_phase1:164] INFO - Query : explain select meta().id from default USE INDEX (custom_index USING FTS) where type = "emp" and manages.reports like "Job%"
[2020-04-24 13:18:03,324] - [tuq:1060] INFO - RUN QUERY explain select meta().id from default USE INDEX (custom_index USING FTS) where type = "emp" and manages.reports like "Job%"
[2020-04-24 13:18:03,325] - [rest_client:3596] INFO - query params : statement=explain+select+meta%28%29.id+from+default+USE+INDEX+%28custom_index+USING+FTS%29+where+type+%3D+%22emp%22+and+manages.reports+like+%22Job%25%22&scan_consistency=NOT_BOUNDED
[2020-04-24 13:18:03,381] - [tuq:1106] INFO - TOTAL ELAPSED TIME: 2.264031ms
[2020-04-24 13:18:03,449] - [tuq:1060] INFO - RUN QUERY select meta().id from default USE INDEX (custom_index USING FTS) where type = "emp" and manages.reports like "Job%"
[2020-04-24 13:18:03,450] - [rest_client:3596] INFO - query params : statement=select+meta%28%29.id+from+default+USE+INDEX+%28custom_index+USING+FTS%29+where+type+%3D+%22emp%22+and+manages.reports+like+%22Job%25%22&scan_consistency=NOT_BOUNDED
[2020-04-24 13:18:03,505] - [tuq:1106] INFO - TOTAL ELAPSED TIME: 2.830316ms
[2020-04-24 13:18:03,506] - [flex_index_phase1:134] INFO - Number of results from flex query: select meta().id from default USE INDEX (custom_index USING FTS) where type = "emp" and manages.reports like "Job%" is 0
[2020-04-24 13:18:03,573] - [tuq:1060] INFO - RUN QUERY select meta().id from default where type = "emp" and manages.reports like "Job%"
[2020-04-24 13:18:03,574] - [rest_client:3596] INFO - query params : statement=select+meta%28%29.id+from+default+where+type+%3D+%22emp%22+and+manages.reports+like+%22Job%25%22&scan_consistency=NOT_BOUNDED
[2020-04-24 13:18:03,691] - [tuq:1106] INFO - TOTAL ELAPSED TIME: 72.499564ms
[2020-04-24 13:18:03,692] - [flex_index_phase1:142] INFO - Number of results from gsi query: select meta().id from default where type = "emp" and manages.reports like "Job%" is 0
[2020-04-24 13:18:03,693] - [flex_index_phase1:184] INFO - ======== Done =======
[2020-04-24 13:18:03,694] - [flex_index_phase1:161] INFO - ======== Running Query # 19 =======
[2020-04-24 13:18:03,695] - [flex_index_phase1:164] INFO - Query : explain select meta().id from default USE INDEX (custom_index USING FTS) where type = "emp" and manages.reports like "Vala Hedda Cassan%"
[2020-04-24 13:18:03,739] - [tuq:1060] INFO - RUN QUERY explain select meta().id from default USE INDEX (custom_index USING FTS) where type = "emp" and manages.reports like "Vala Hedda Cassan%"
[2020-04-24 13:18:03,740] - [rest_client:3596] INFO - query params : statement=explain+select+meta%28%29.id+from+default+USE+INDEX+%28custom_index+USING+FTS%29+where+type+%3D+%22emp%22+and+manages.reports+like+%22Vala+Hedda+Cassan%25%22&scan_consistency=NOT_BOUNDED
[2020-04-24 13:18:03,785] - [tuq:1106] INFO - TOTAL ELAPSED TIME: 2.141064ms
[2020-04-24 13:18:03,835] - [tuq:1060] INFO - RUN QUERY select meta().id from default USE INDEX (custom_index USING FTS) where type = "emp" and manages.reports like "Vala Hedda Cassan%"
[2020-04-24 13:18:03,836] - [rest_client:3596] INFO - query params : statement=select+meta%28%29.id+from+default+USE+INDEX+%28custom_index+USING+FTS%29+where+type+%3D+%22emp%22+and+manages.reports+like+%22Vala+Hedda+Cassan%25%22&scan_consistency=NOT_BOUNDED
[2020-04-24 13:18:03,886] - [tuq:1106] INFO - TOTAL ELAPSED TIME: 2.675066ms
[2020-04-24 13:18:03,887] - [flex_index_phase1:134] INFO - Number of results from flex query: select meta().id from default USE INDEX (custom_index USING FTS) where type = "emp" and manages.reports like "Vala Hedda Cassan%" is 0
[2020-04-24 13:18:03,943] - [tuq:1060] INFO - RUN QUERY select meta().id from default where type = "emp" and manages.reports like "Vala Hedda Cassan%"
[2020-04-24 13:18:03,944] - [rest_client:3596] INFO - query params : statement=select+meta%28%29.id+from+default+where+type+%3D+%22emp%22+and+manages.reports+like+%22Vala+Hedda+Cassan%25%22&scan_consistency=NOT_BOUNDED
[2020-04-24 13:18:04,063] - [tuq:1106] INFO - TOTAL ELAPSED TIME: 72.451392ms
[2020-04-24 13:18:04,065] - [flex_index_phase1:142] INFO - Number of results from gsi query: select meta().id from default where type = "emp" and manages.reports like "Vala Hedda Cassan%" is 0
[2020-04-24 13:18:04,066] - [flex_index_phase1:184] INFO - ======== Done =======
[2020-04-24 13:18:04,067] - [flex_index_phase1:161] INFO - ======== Running Query # 20 =======
[2020-04-24 13:18:04,067] - [flex_index_phase1:164] INFO - Query : explain select meta().id from default USE INDEX (custom_index USING FTS) where type = "emp" and manages.reports = "Vala Hanna"
[2020-04-24 13:18:04,113] - [tuq:1060] INFO - RUN QUERY explain select meta().id from default USE INDEX (custom_index USING FTS) where type = "emp" and manages.reports = "Vala Hanna"
[2020-04-24 13:18:04,114] - [rest_client:3596] INFO - query params : statement=explain+select+meta%28%29.id+from+default+USE+INDEX+%28custom_index+USING+FTS%29+where+type+%3D+%22emp%22+and+manages.reports+%3D+%22Vala+Hanna%22&scan_consistency=NOT_BOUNDED
[2020-04-24 13:18:04,162] - [tuq:1106] INFO - TOTAL ELAPSED TIME: 1.799465ms
[2020-04-24 13:18:04,209] - [tuq:1060] INFO - RUN QUERY select meta().id from default USE INDEX (custom_index USING FTS) where type = "emp" and manages.reports = "Vala Hanna"
[2020-04-24 13:18:04,210] - [rest_client:3596] INFO - query params : statement=select+meta%28%29.id+from+default+USE+INDEX+%28custom_index+USING+FTS%29+where+type+%3D+%22emp%22+and+manages.reports+%3D+%22Vala+Hanna%22&scan_consistency=NOT_BOUNDED
[2020-04-24 13:18:04,259] - [tuq:1106] INFO - TOTAL ELAPSED TIME: 2.652768ms
[2020-04-24 13:18:04,260] - [flex_index_phase1:134] INFO - Number of results from flex query: select meta().id from default USE INDEX (custom_index USING FTS) where type = "emp" and manages.reports = "Vala Hanna" is 0
[2020-04-24 13:18:04,306] - [tuq:1060] INFO - RUN QUERY select meta().id from default where type = "emp" and manages.reports = "Vala Hanna"
[2020-04-24 13:18:04,307] - [rest_client:3596] INFO - query params : statement=select+meta%28%29.id+from+default+where+type+%3D+%22emp%22+and+manages.reports+%3D+%22Vala+Hanna%22&scan_consistency=NOT_BOUNDED
[2020-04-24 13:18:04,419] - [tuq:1106] INFO - TOTAL ELAPSED TIME: 67.717433ms
[2020-04-24 13:18:04,420] - [flex_index_phase1:142] INFO - Number of results from gsi query: select meta().id from default where type = "emp" and manages.reports = "Vala Hanna" is 0
[2020-04-24 13:18:04,421] - [flex_index_phase1:184] INFO - ======== Done =======
[2020-04-24 13:18:04,422] - [flex_index_phase1:161] INFO - ======== Running Query # 21 =======
[2020-04-24 13:18:04,423] - [flex_index_phase1:164] INFO - Query : explain select meta().id from default USE INDEX (custom_index USING FTS) where type = "emp" and manages.reports = "Killian"
[2020-04-24 13:18:04,469] - [tuq:1060] INFO - RUN QUERY explain select meta().id from default USE INDEX (custom_index USING FTS) where type = "emp" and manages.reports = "Killian"
[2020-04-24 13:18:04,469] - [rest_client:3596] INFO - query params : statement=explain+select+meta%28%29.id+from+default+USE+INDEX+%28custom_index+USING+FTS%29+where+type+%3D+%22emp%22+and+manages.reports+%3D+%22Killian%22&scan_consistency=NOT_BOUNDED
[2020-04-24 13:18:04,520] - [tuq:1106] INFO - TOTAL ELAPSED TIME: 2.498076ms
[2020-04-24 13:18:04,569] - [tuq:1060] INFO - RUN QUERY select meta().id from default USE INDEX (custom_index USING FTS) where type = "emp" and manages.reports = "Killian"
[2020-04-24 13:18:04,571] - [rest_client:3596] INFO - query params : statement=select+meta%28%29.id+from+default+USE+INDEX+%28custom_index+USING+FTS%29+where+type+%3D+%22emp%22+and+manages.reports+%3D+%22Killian%22&scan_consistency=NOT_BOUNDED
[2020-04-24 13:18:04,621] - [tuq:1106] INFO - TOTAL ELAPSED TIME: 2.820953ms
[2020-04-24 13:18:04,623] - [flex_index_phase1:134] INFO - Number of results from flex query: select meta().id from default USE INDEX (custom_index USING FTS) where type = "emp" and manages.reports = "Killian" is 0
[2020-04-24 13:18:04,671] - [tuq:1060] INFO - RUN QUERY select meta().id from default where type = "emp" and manages.reports = "Killian"
[2020-04-24 13:18:04,673] - [rest_client:3596] INFO - query params : statement=select+meta%28%29.id+from+default+where+type+%3D+%22emp%22+and+manages.reports+%3D+%22Killian%22&scan_consistency=NOT_BOUNDED
[2020-04-24 13:18:04,793] - [tuq:1106] INFO - TOTAL ELAPSED TIME: 69.579182ms
[2020-04-24 13:18:04,795] - [flex_index_phase1:142] INFO - Number of results from gsi query: select meta().id from default where type = "emp" and manages.reports = "Killian" is 0
[2020-04-24 13:18:04,796] - [flex_index_phase1:184] INFO - ======== Done =======
[2020-04-24 13:18:04,797] - [flex_index_phase1:161] INFO - ======== Running Query # 22 =======
[2020-04-24 13:18:04,797] - [flex_index_phase1:164] INFO - Query : explain select meta().id from default USE INDEX (custom_index USING FTS) where type = "emp" and manages.reports = "Hedda Deandra"
[2020-04-24 13:18:04,848] - [tuq:1060] INFO - RUN QUERY explain select meta().id from default USE INDEX (custom_index USING FTS) where type = "emp" and manages.reports = "Hedda Deandra"
[2020-04-24 13:18:04,848] - [rest_client:3596] INFO - query params : statement=explain+select+meta%28%29.id+from+default+USE+INDEX+%28custom_index+USING+FTS%29+where+type+%3D+%22emp%22+and+manages.reports+%3D+%22Hedda+Deandra%22&scan_consistency=NOT_BOUNDED
[2020-04-24 13:18:04,900] - [tuq:1106] INFO - TOTAL ELAPSED TIME: 2.010486ms
[2020-04-24 13:18:04,954] - [tuq:1060] INFO - RUN QUERY select meta().id from default USE INDEX (custom_index USING FTS) where type = "emp" and manages.reports = "Hedda Deandra"
[2020-04-24 13:18:04,955] - [rest_client:3596] INFO - query params : statement=select+meta%28%29.id+from+default+USE+INDEX+%28custom_index+USING+FTS%29+where+type+%3D+%22emp%22+and+manages.reports+%3D+%22Hedda+Deandra%22&scan_consistency=NOT_BOUNDED
[2020-04-24 13:18:05,002] - [tuq:1106] INFO - TOTAL ELAPSED TIME: 2.884186ms
[2020-04-24 13:18:05,004] - [flex_index_phase1:134] INFO - Number of results from flex query: select meta().id from default USE INDEX (custom_index USING FTS) where type = "emp" and manages.reports = "Hedda Deandra" is 0
[2020-04-24 13:18:05,053] - [tuq:1060] INFO - RUN QUERY select meta().id from default where type = "emp" and manages.reports = "Hedda Deandra"
[2020-04-24 13:18:05,054] - [rest_client:3596] INFO - query params : statement=select+meta%28%29.id+from+default+where+type+%3D+%22emp%22+and+manages.reports+%3D+%22Hedda+Deandra%22&scan_consistency=NOT_BOUNDED
[2020-04-24 13:18:05,187] - [tuq:1106] INFO - TOTAL ELAPSED TIME: 79.839022ms
[2020-04-24 13:18:05,188] - [flex_index_phase1:142] INFO - Number of results from gsi query: select meta().id from default where type = "emp" and manages.reports = "Hedda Deandra" is 0
[2020-04-24 13:18:05,189] - [flex_index_phase1:184] INFO - ======== Done =======
[2020-04-24 13:18:05,190] - [flex_index_phase1:161] INFO - ======== Running Query # 23 =======
[2020-04-24 13:18:05,191] - [flex_index_phase1:164] INFO - Query : explain select meta().id from default USE INDEX (custom_index USING FTS) where type = "emp" and manages.reports = "Alvita Fuscienne"
[2020-04-24 13:18:05,243] - [tuq:1060] INFO - RUN QUERY explain select meta().id from default USE INDEX (custom_index USING FTS) where type = "emp" and manages.reports = "Alvita Fuscienne"
[2020-04-24 13:18:05,244] - [rest_client:3596] INFO - query params : statement=explain+select+meta%28%29.id+from+default+USE+INDEX+%28custom_index+USING+FTS%29+where+type+%3D+%22emp%22+and+manages.reports+%3D+%22Alvita+Fuscienne%22&scan_consistency=NOT_BOUNDED
[2020-04-24 13:18:05,318] - [tuq:1106] INFO - TOTAL ELAPSED TIME: 2.070908ms
[2020-04-24 13:18:05,370] - [tuq:1060] INFO - RUN QUERY select meta().id from default USE INDEX (custom_index USING FTS) where type = "emp" and manages.reports = "Alvita Fuscienne"
[2020-04-24 13:18:05,371] - [rest_client:3596] INFO - query params : statement=select+meta%28%29.id+from+default+USE+INDEX+%28custom_index+USING+FTS%29+where+type+%3D+%22emp%22+and+manages.reports+%3D+%22Alvita+Fuscienne%22&scan_consistency=NOT_BOUNDED
[2020-04-24 13:18:05,424] - [tuq:1106] INFO - TOTAL ELAPSED TIME: 2.630874ms
[2020-04-24 13:18:05,425] - [flex_index_phase1:134] INFO - Number of results from flex query: select meta().id from default USE INDEX (custom_index USING FTS) where type = "emp" and manages.reports = "Alvita Fuscienne" is 0
[2020-04-24 13:18:05,475] - [tuq:1060] INFO - RUN QUERY select meta().id from default where type = "emp" and manages.reports = "Alvita Fuscienne"
[2020-04-24 13:18:05,476] - [rest_client:3596] INFO - query params : statement=select+meta%28%29.id+from+default+where+type+%3D+%22emp%22+and+manages.reports+%3D+%22Alvita+Fuscienne%22&scan_consistency=NOT_BOUNDED
[2020-04-24 13:18:05,583] - [tuq:1106] INFO - TOTAL ELAPSED TIME: 63.836957ms
[2020-04-24 13:18:05,584] - [flex_index_phase1:142] INFO - Number of results from gsi query: select meta().id from default where type = "emp" and manages.reports = "Alvita Fuscienne" is 0
[2020-04-24 13:18:05,585] - [flex_index_phase1:184] INFO - ======== Done =======
[2020-04-24 13:18:05,586] - [flex_index_phase1:161] INFO - ======== Running Query # 24 =======
[2020-04-24 13:18:05,587] - [flex_index_phase1:164] INFO - Query : explain select meta().id from default USE INDEX (custom_index USING FTS) where type = "emp" and manages.reports = "Beryl"
[2020-04-24 13:18:05,635] - [tuq:1060] INFO - RUN QUERY explain select meta().id from default USE INDEX (custom_index USING FTS) where type = "emp" and manages.reports = "Beryl"
[2020-04-24 13:18:05,636] - [rest_client:3596] INFO - query params : statement=explain+select+meta%28%29.id+from+default+USE+INDEX+%28custom_index+USING+FTS%29+where+type+%3D+%22emp%22+and+manages.reports+%3D+%22Beryl%22&scan_consistency=NOT_BOUNDED
[2020-04-24 13:18:05,689] - [tuq:1106] INFO - TOTAL ELAPSED TIME: 2.171906ms
[2020-04-24 13:18:05,737] - [tuq:1060] INFO - RUN QUERY select meta().id from default USE INDEX (custom_index USING FTS) where type = "emp" and manages.reports = "Beryl"
[2020-04-24 13:18:05,738] - [rest_client:3596] INFO - query params : statement=select+meta%28%29.id+from+default+USE+INDEX+%28custom_index+USING+FTS%29+where+type+%3D+%22emp%22+and+manages.reports+%3D+%22Beryl%22&scan_consistency=NOT_BOUNDED
[2020-04-24 13:18:05,794] - [tuq:1106] INFO - TOTAL ELAPSED TIME: 3.521673ms
[2020-04-24 13:18:05,795] - [flex_index_phase1:134] INFO - Number of results from flex query: select meta().id from default USE INDEX (custom_index USING FTS) where type = "emp" and manages.reports = "Beryl" is 0
[2020-04-24 13:18:05,842] - [tuq:1060] INFO - RUN QUERY select meta().id from default where type = "emp" and manages.reports = "Beryl"
[2020-04-24 13:18:05,843] - [rest_client:3596] INFO - query params : statement=select+meta%28%29.id+from+default+where+type+%3D+%22emp%22+and+manages.reports+%3D+%22Beryl%22&scan_consistency=NOT_BOUNDED
[2020-04-24 13:18:05,954] - [tuq:1106] INFO - TOTAL ELAPSED TIME: 64.555574ms
[2020-04-24 13:18:05,954] - [flex_index_phase1:142] INFO - Number of results from gsi query: select meta().id from default where type = "emp" and manages.reports = "Beryl" is 0
[2020-04-24 13:18:05,955] - [flex_index_phase1:184] INFO - ======== Done =======
[2020-04-24 13:18:05,955] - [flex_index_phase1:161] INFO - ======== Running Query # 25 =======
[2020-04-24 13:18:05,956] - [flex_index_phase1:164] INFO - Query : explain select meta().id from default USE INDEX (custom_index USING FTS) where type = "emp" and "Alvita" in manages.reports
[2020-04-24 13:18:06,003] - [tuq:1060] INFO - RUN QUERY explain select meta().id from default USE INDEX (custom_index USING FTS) where type = "emp" and "Alvita" in manages.reports
[2020-04-24 13:18:06,004] - [rest_client:3596] INFO - query params : statement=explain+select+meta%28%29.id+from+default+USE+INDEX+%28custom_index+USING+FTS%29+where+type+%3D+%22emp%22+and+%22Alvita%22+in+manages.reports&scan_consistency=NOT_BOUNDED
[2020-04-24 13:18:06,046] - [tuq:1106] INFO - TOTAL ELAPSED TIME: 1.316849ms
[2020-04-24 13:18:06,047] - [flex_index_phase1:175] INFO - Failed to find fts index name in plan query
[2020-04-24 13:18:06,048] - [flex_index_phase1:176] ERROR - False is not true
[2020-04-24 13:18:06,048] - [flex_index_phase1:161] INFO - ======== Running Query # 26 =======
[2020-04-24 13:18:06,049] - [flex_index_phase1:164] INFO - Query : explain select meta().id from default USE INDEX (custom_index USING FTS) where type = "emp" and "Tempest" in manages.reports
[2020-04-24 13:18:06,095] - [tuq:1060] INFO - RUN QUERY explain select meta().id from default USE INDEX (custom_index USING FTS) where type = "emp" and "Tempest" in manages.reports
[2020-04-24 13:18:06,096] - [rest_client:3596] INFO - query params : statement=explain+select+meta%28%29.id+from+default+USE+INDEX+%28custom_index+USING+FTS%29+where+type+%3D+%22emp%22+and+%22Tempest%22+in+manages.reports&scan_consistency=NOT_BOUNDED
[2020-04-24 13:18:06,139] - [tuq:1106] INFO - TOTAL ELAPSED TIME: 1.356973ms
[2020-04-24 13:18:06,139] - [flex_index_phase1:175] INFO - Failed to find fts index name in plan query
[2020-04-24 13:18:06,140] - [flex_index_phase1:176] ERROR - False is not true
[2020-04-24 13:18:06,141] - [flex_index_phase1:161] INFO - ======== Running Query # 27 =======
[2020-04-24 13:18:06,141] - [flex_index_phase1:164] INFO - Query : explain select meta().id from default USE INDEX (custom_index USING FTS) where type = "emp" and "Perdita" in manages.reports
[2020-04-24 13:18:06,187] - [tuq:1060] INFO - RUN QUERY explain select meta().id from default USE INDEX (custom_index USING FTS) where type = "emp" and "Perdita" in manages.reports
[2020-04-24 13:18:06,188] - [rest_client:3596] INFO - query params : statement=explain+select+meta%28%29.id+from+default+USE+INDEX+%28custom_index+USING+FTS%29+where+type+%3D+%22emp%22+and+%22Perdita%22+in+manages.reports&scan_consistency=NOT_BOUNDED
[2020-04-24 13:18:06,244] - [tuq:1106] INFO - TOTAL ELAPSED TIME: 1.201529ms
[2020-04-24 13:18:06,244] - [flex_index_phase1:175] INFO - Failed to find fts index name in plan query
[2020-04-24 13:18:06,245] - [flex_index_phase1:176] ERROR - False is not true
[2020-04-24 13:18:06,246] - [flex_index_phase1:161] INFO - ======== Running Query # 28 =======
[2020-04-24 13:18:06,246] - [flex_index_phase1:164] INFO - Query : explain select meta().id from default USE INDEX (custom_index USING FTS) where type = "emp" and "Caryssa" in manages.reports
[2020-04-24 13:18:06,296] - [tuq:1060] INFO - RUN QUERY explain select meta().id from default USE INDEX (custom_index USING FTS) where type = "emp" and "Caryssa" in manages.reports
[2020-04-24 13:18:06,297] - [rest_client:3596] INFO - query params : statement=explain+select+meta%28%29.id+from+default+USE+INDEX+%28custom_index+USING+FTS%29+where+type+%3D+%22emp%22+and+%22Caryssa%22+in+manages.reports&scan_consistency=NOT_BOUNDED
[2020-04-24 13:18:06,350] - [tuq:1106] INFO - TOTAL ELAPSED TIME: 1.197984ms
[2020-04-24 13:18:06,351] - [flex_index_phase1:175] INFO - Failed to find fts index name in plan query
[2020-04-24 13:18:06,351] - [flex_index_phase1:176] ERROR - False is not true
[2020-04-24 13:18:06,352] - [flex_index_phase1:161] INFO - ======== Running Query # 29 =======
[2020-04-24 13:18:06,352] - [flex_index_phase1:164] INFO - Query : explain select meta().id from default USE INDEX (custom_index USING FTS) where type = "emp" and "Adrianne" in manages.reports
[2020-04-24 13:18:06,398] - [tuq:1060] INFO - RUN QUERY explain select meta().id from default USE INDEX (custom_index USING FTS) where type = "emp" and "Adrianne" in manages.reports
[2020-04-24 13:18:06,399] - [rest_client:3596] INFO - query params : statement=explain+select+meta%28%29.id+from+default+USE+INDEX+%28custom_index+USING+FTS%29+where+type+%3D+%22emp%22+and+%22Adrianne%22+in+manages.reports&scan_consistency=NOT_BOUNDED
[2020-04-24 13:18:06,452] - [tuq:1106] INFO - TOTAL ELAPSED TIME: 1.262585ms
[2020-04-24 13:18:06,453] - [flex_index_phase1:175] INFO - Failed to find fts index name in plan query
[2020-04-24 13:18:06,453] - [flex_index_phase1:176] ERROR - False is not true
[2020-04-24 13:18:06,454] - [flex_index_phase1:161] INFO - ======== Running Query # 30 =======
[2020-04-24 13:18:06,455] - [flex_index_phase1:164] INFO - Query : explain select meta().id from default USE INDEX (custom_index USING FTS) where type = "emp" and ANY v IN manages.reports SATISFIES v = "Kerry-Ann" END
[2020-04-24 13:18:06,504] - [tuq:1060] INFO - RUN QUERY explain select meta().id from default USE INDEX (custom_index USING FTS) where type = "emp" and ANY v IN manages.reports SATISFIES v = "Kerry-Ann" END
[2020-04-24 13:18:06,505] - [rest_client:3596] INFO - query params : statement=explain+select+meta%28%29.id+from+default+USE+INDEX+%28custom_index+USING+FTS%29+where+type+%3D+%22emp%22+and+ANY+v+IN+manages.reports+SATISFIES+v+%3D+%22Kerry-Ann%22+END&scan_consistency=NOT_BOUNDED
[2020-04-24 13:18:06,552] - [tuq:1106] INFO - TOTAL ELAPSED TIME: 2.064411ms
[2020-04-24 13:18:06,598] - [tuq:1060] INFO - RUN QUERY select meta().id from default USE INDEX (custom_index USING FTS) where type = "emp" and ANY v IN manages.reports SATISFIES v = "Kerry-Ann" END
[2020-04-24 13:18:06,599] - [rest_client:3596] INFO - query params : statement=select+meta%28%29.id+from+default+USE+INDEX+%28custom_index+USING+FTS%29+where+type+%3D+%22emp%22+and+ANY+v+IN+manages.reports+SATISFIES+v+%3D+%22Kerry-Ann%22+END&scan_consistency=NOT_BOUNDED
[2020-04-24 13:18:06,646] - [tuq:1106] INFO - TOTAL ELAPSED TIME: 6.170819ms
[2020-04-24 13:18:06,647] - [flex_index_phase1:134] INFO - Number of results from flex query: select meta().id from default USE INDEX (custom_index USING FTS) where type = "emp" and ANY v IN manages.reports SATISFIES v = "Kerry-Ann" END is 0
[2020-04-24 13:18:06,696] - [tuq:1060] INFO - RUN QUERY select meta().id from default where type = "emp" and ANY v IN manages.reports SATISFIES v = "Kerry-Ann" END
[2020-04-24 13:18:06,697] - [rest_client:3596] INFO - query params : statement=select+meta%28%29.id+from+default+where+type+%3D+%22emp%22+and+ANY+v+IN+manages.reports+SATISFIES+v+%3D+%22Kerry-Ann%22+END&scan_consistency=NOT_BOUNDED
[2020-04-24 13:18:06,815] - [tuq:1106] INFO - TOTAL ELAPSED TIME: 72.935437ms
[2020-04-24 13:18:06,816] - [flex_index_phase1:142] INFO - Number of results from gsi query: select meta().id from default where type = "emp" and ANY v IN manages.reports SATISFIES v = "Kerry-Ann" END is 0
[2020-04-24 13:18:06,817] - [flex_index_phase1:184] INFO - ======== Done =======
[2020-04-24 13:18:06,817] - [flex_index_phase1:161] INFO - ======== Running Query # 31 =======
[2020-04-24 13:18:06,818] - [flex_index_phase1:164] INFO - Query : explain select meta().id from default USE INDEX (custom_index USING FTS) where type = "emp" and ANY v IN manages.reports SATISFIES v = "Antonia" END
[2020-04-24 13:18:06,863] - [tuq:1060] INFO - RUN QUERY explain select meta().id from default USE INDEX (custom_index USING FTS) where type = "emp" and ANY v IN manages.reports SATISFIES v = "Antonia" END
[2020-04-24 13:18:06,864] - [rest_client:3596] INFO - query params : statement=explain+select+meta%28%29.id+from+default+USE+INDEX+%28custom_index+USING+FTS%29+where+type+%3D+%22emp%22+and+ANY+v+IN+manages.reports+SATISFIES+v+%3D+%22Antonia%22+END&scan_consistency=NOT_BOUNDED
[2020-04-24 13:18:06,911] - [tuq:1106] INFO - TOTAL ELAPSED TIME: 2.818424ms
[2020-04-24 13:18:06,963] - [tuq:1060] INFO - RUN QUERY select meta().id from default USE INDEX (custom_index USING FTS) where type = "emp" and ANY v IN manages.reports SATISFIES v = "Antonia" END
[2020-04-24 13:18:06,964] - [rest_client:3596] INFO - query params : statement=select+meta%28%29.id+from+default+USE+INDEX+%28custom_index+USING+FTS%29+where+type+%3D+%22emp%22+and+ANY+v+IN+manages.reports+SATISFIES+v+%3D+%22Antonia%22+END&scan_consistency=NOT_BOUNDED
[2020-04-24 13:18:07,009] - [tuq:1106] INFO - TOTAL ELAPSED TIME: 2.689455ms
[2020-04-24 13:18:07,010] - [flex_index_phase1:134] INFO - Number of results from flex query: select meta().id from default USE INDEX (custom_index USING FTS) where type = "emp" and ANY v IN manages.reports SATISFIES v = "Antonia" END is 0
[2020-04-24 13:18:07,062] - [tuq:1060] INFO - RUN QUERY select meta().id from default where type = "emp" and ANY v IN manages.reports SATISFIES v = "Antonia" END
[2020-04-24 13:18:07,063] - [rest_client:3596] INFO - query params : statement=select+meta%28%29.id+from+default+where+type+%3D+%22emp%22+and+ANY+v+IN+manages.reports+SATISFIES+v+%3D+%22Antonia%22+END&scan_consistency=NOT_BOUNDED
[2020-04-24 13:18:07,183] - [tuq:1106] INFO - TOTAL ELAPSED TIME: 75.245237ms
[2020-04-24 13:18:07,184] - [flex_index_phase1:142] INFO - Number of results from gsi query: select meta().id from default where type = "emp" and ANY v IN manages.reports SATISFIES v = "Antonia" END is 0
[2020-04-24 13:18:07,185] - [flex_index_phase1:184] INFO - ======== Done =======
[2020-04-24 13:18:07,186] - [flex_index_phase1:161] INFO - ======== Running Query # 32 =======
[2020-04-24 13:18:07,187] - [flex_index_phase1:164] INFO - Query : explain select meta().id from default USE INDEX (custom_index USING FTS) where type = "emp" and ANY v IN manages.reports SATISFIES v = "Alarice" END
[2020-04-24 13:18:07,237] - [tuq:1060] INFO - RUN QUERY explain select meta().id from default USE INDEX (custom_index USING FTS) where type = "emp" and ANY v IN manages.reports SATISFIES v = "Alarice" END
[2020-04-24 13:18:07,237] - [rest_client:3596] INFO - query params : statement=explain+select+meta%28%29.id+from+default+USE+INDEX+%28custom_index+USING+FTS%29+where+type+%3D+%22emp%22+and+ANY+v+IN+manages.reports+SATISFIES+v+%3D+%22Alarice%22+END&scan_consistency=NOT_BOUNDED
[2020-04-24 13:18:07,287] - [tuq:1106] INFO - TOTAL ELAPSED TIME: 2.257667ms
[2020-04-24 13:18:07,341] - [tuq:1060] INFO - RUN QUERY select meta().id from default USE INDEX (custom_index USING FTS) where type = "emp" and ANY v IN manages.reports SATISFIES v = "Alarice" END
[2020-04-24 13:18:07,343] - [rest_client:3596] INFO - query params : statement=select+meta%28%29.id+from+default+USE+INDEX+%28custom_index+USING+FTS%29+where+type+%3D+%22emp%22+and+ANY+v+IN+manages.reports+SATISFIES+v+%3D+%22Alarice%22+END&scan_consistency=NOT_BOUNDED
[2020-04-24 13:18:07,393] - [tuq:1106] INFO - TOTAL ELAPSED TIME: 3.047443ms
[2020-04-24 13:18:07,395] - [flex_index_phase1:134] INFO - Number of results from flex query: select meta().id from default USE INDEX (custom_index USING FTS) where type = "emp" and ANY v IN manages.reports SATISFIES v = "Alarice" END is 0
[2020-04-24 13:18:07,444] - [tuq:1060] INFO - RUN QUERY select meta().id from default where type = "emp" and ANY v IN manages.reports SATISFIES v = "Alarice" END
[2020-04-24 13:18:07,445] - [rest_client:3596] INFO - query params : statement=select+meta%28%29.id+from+default+where+type+%3D+%22emp%22+and+ANY+v+IN+manages.reports+SATISFIES+v+%3D+%22Alarice%22+END&scan_consistency=NOT_BOUNDED
[2020-04-24 13:18:07,556] - [tuq:1106] INFO - TOTAL ELAPSED TIME: 70.582568ms
[2020-04-24 13:18:07,558] - [flex_index_phase1:142] INFO - Number of results from gsi query: select meta().id from default where type = "emp" and ANY v IN manages.reports SATISFIES v = "Alarice" END is 0
[2020-04-24 13:18:07,559] - [flex_index_phase1:184] INFO - ======== Done =======
[2020-04-24 13:18:07,559] - [flex_index_phase1:161] INFO - ======== Running Query # 33 =======
[2020-04-24 13:18:07,560] - [flex_index_phase1:164] INFO - Query : explain select meta().id from default USE INDEX (custom_index USING FTS) where type = "emp" and ANY v IN manages.reports SATISFIES v = "Cassandra" END
[2020-04-24 13:18:07,622] - [tuq:1060] INFO - RUN QUERY explain select meta().id from default USE INDEX (custom_index USING FTS) where type = "emp" and ANY v IN manages.reports SATISFIES v = "Cassandra" END
[2020-04-24 13:18:07,623] - [rest_client:3596] INFO - query params : statement=explain+select+meta%28%29.id+from+default+USE+INDEX+%28custom_index+USING+FTS%29+where+type+%3D+%22emp%22+and+ANY+v+IN+manages.reports+SATISFIES+v+%3D+%22Cassandra%22+END&scan_consistency=NOT_BOUNDED
[2020-04-24 13:18:07,674] - [tuq:1106] INFO - TOTAL ELAPSED TIME: 1.876591ms
[2020-04-24 13:18:07,726] - [tuq:1060] INFO - RUN QUERY select meta().id from default USE INDEX (custom_index USING FTS) where type = "emp" and ANY v IN manages.reports SATISFIES v = "Cassandra" END
[2020-04-24 13:18:07,727] - [rest_client:3596] INFO - query params : statement=select+meta%28%29.id+from+default+USE+INDEX+%28custom_index+USING+FTS%29+where+type+%3D+%22emp%22+and+ANY+v+IN+manages.reports+SATISFIES+v+%3D+%22Cassandra%22+END&scan_consistency=NOT_BOUNDED
[2020-04-24 13:18:07,778] - [tuq:1106] INFO - TOTAL ELAPSED TIME: 2.704864ms
[2020-04-24 13:18:07,779] - [flex_index_phase1:134] INFO - Number of results from flex query: select meta().id from default USE INDEX (custom_index USING FTS) where type = "emp" and ANY v IN manages.reports SATISFIES v = "Cassandra" END is 0
[2020-04-24 13:18:07,822] - [tuq:1060] INFO - RUN QUERY select meta().id from default where type = "emp" and ANY v IN manages.reports SATISFIES v = "Cassandra" END
[2020-04-24 13:18:07,824] - [rest_client:3596] INFO - query params : statement=select+meta%28%29.id+from+default+where+type+%3D+%22emp%22+and+ANY+v+IN+manages.reports+SATISFIES+v+%3D+%22Cassandra%22+END&scan_consistency=NOT_BOUNDED
[2020-04-24 13:18:07,928] - [tuq:1106] INFO - TOTAL ELAPSED TIME: 64.950966ms
[2020-04-24 13:18:07,929] - [flex_index_phase1:142] INFO - Number of results from gsi query: select meta().id from default where type = "emp" and ANY v IN manages.reports SATISFIES v = "Cassandra" END is 0
[2020-04-24 13:18:07,930] - [flex_index_phase1:184] INFO - ======== Done =======
[2020-04-24 13:18:07,930] - [flex_index_phase1:161] INFO - ======== Running Query # 34 =======
[2020-04-24 13:18:07,931] - [flex_index_phase1:164] INFO - Query : explain select meta().id from default USE INDEX (custom_index USING FTS) where type = "emp" and ANY v IN manages.reports SATISFIES v = "Caryssa" END
[2020-04-24 13:18:07,976] - [tuq:1060] INFO - RUN QUERY explain select meta().id from default USE INDEX (custom_index USING FTS) where type = "emp" and ANY v IN manages.reports SATISFIES v = "Caryssa" END
[2020-04-24 13:18:07,977] - [rest_client:3596] INFO - query params : statement=explain+select+meta%28%29.id+from+default+USE+INDEX+%28custom_index+USING+FTS%29+where+type+%3D+%22emp%22+and+ANY+v+IN+manages.reports+SATISFIES+v+%3D+%22Caryssa%22+END&scan_consistency=NOT_BOUNDED
[2020-04-24 13:18:08,026] - [tuq:1106] INFO - TOTAL ELAPSED TIME: 2.937469ms
[2020-04-24 13:18:08,075] - [tuq:1060] INFO - RUN QUERY select meta().id from default USE INDEX (custom_index USING FTS) where type = "emp" and ANY v IN manages.reports SATISFIES v = "Caryssa" END
[2020-04-24 13:18:08,076] - [rest_client:3596] INFO - query params : statement=select+meta%28%29.id+from+default+USE+INDEX+%28custom_index+USING+FTS%29+where+type+%3D+%22emp%22+and+ANY+v+IN+manages.reports+SATISFIES+v+%3D+%22Caryssa%22+END&scan_consistency=NOT_BOUNDED
[2020-04-24 13:18:08,144] - [tuq:1106] INFO - TOTAL ELAPSED TIME: 2.770113ms
[2020-04-24 13:18:08,145] - [flex_index_phase1:134] INFO - Number of results from flex query: select meta().id from default USE INDEX (custom_index USING FTS) where type = "emp" and ANY v IN manages.reports SATISFIES v = "Caryssa" END is 0
[2020-04-24 13:18:08,194] - [tuq:1060] INFO - RUN QUERY select meta().id from default where type = "emp" and ANY v IN manages.reports SATISFIES v = "Caryssa" END
[2020-04-24 13:18:08,195] - [rest_client:3596] INFO - query params : statement=select+meta%28%29.id+from+default+where+type+%3D+%22emp%22+and+ANY+v+IN+manages.reports+SATISFIES+v+%3D+%22Caryssa%22+END&scan_consistency=NOT_BOUNDED
[2020-04-24 13:18:08,312] - [tuq:1106] INFO - TOTAL ELAPSED TIME: 71.87166ms
[2020-04-24 13:18:08,313] - [flex_index_phase1:142] INFO - Number of results from gsi query: select meta().id from default where type = "emp" and ANY v IN manages.reports SATISFIES v = "Caryssa" END is 0
[2020-04-24 13:18:08,314] - [flex_index_phase1:184] INFO - ======== Done =======
[2020-04-24 13:18:08,315] - [flex_index_phase1:161] INFO - ======== Running Query # 35 =======
[2020-04-24 13:18:08,315] - [flex_index_phase1:164] INFO - Query : explain select meta().id from default USE INDEX (custom_index USING FTS) where type = "emp" and ANY v IN manages.reports SATISFIES v like "Cas%" END
[2020-04-24 13:18:08,363] - [tuq:1060] INFO - RUN QUERY explain select meta().id from default USE INDEX (custom_index USING FTS) where type = "emp" and ANY v IN manages.reports SATISFIES v like "Cas%" END
[2020-04-24 13:18:08,364] - [rest_client:3596] INFO - query params : statement=explain+select+meta%28%29.id+from+default+USE+INDEX+%28custom_index+USING+FTS%29+where+type+%3D+%22emp%22+and+ANY+v+IN+manages.reports+SATISFIES+v+like+%22Cas%25%22+END&scan_consistency=NOT_BOUNDED
[2020-04-24 13:18:08,410] - [tuq:1106] INFO - TOTAL ELAPSED TIME: 2.487175ms
[2020-04-24 13:18:08,458] - [tuq:1060] INFO - RUN QUERY select meta().id from default USE INDEX (custom_index USING FTS) where type = "emp" and ANY v IN manages.reports SATISFIES v like "Cas%" END
[2020-04-24 13:18:08,460] - [rest_client:3596] INFO - query params : statement=select+meta%28%29.id+from+default+USE+INDEX+%28custom_index+USING+FTS%29+where+type+%3D+%22emp%22+and+ANY+v+IN+manages.reports+SATISFIES+v+like+%22Cas%25%22+END&scan_consistency=NOT_BOUNDED
[2020-04-24 13:18:08,516] - [tuq:1106] INFO - TOTAL ELAPSED TIME: 9.26117ms
[2020-04-24 13:18:08,517] - [flex_index_phase1:134] INFO - Number of results from flex query: select meta().id from default USE INDEX (custom_index USING FTS) where type = "emp" and ANY v IN manages.reports SATISFIES v like "Cas%" END is 82
[2020-04-24 13:18:08,562] - [tuq:1060] INFO - RUN QUERY select meta().id from default where type = "emp" and ANY v IN manages.reports SATISFIES v like "Cas%" END
[2020-04-24 13:18:08,562] - [rest_client:3596] INFO - query params : statement=select+meta%28%29.id+from+default+where+type+%3D+%22emp%22+and+ANY+v+IN+manages.reports+SATISFIES+v+like+%22Cas%25%22+END&scan_consistency=NOT_BOUNDED
[2020-04-24 13:18:08,678] - [tuq:1106] INFO - TOTAL ELAPSED TIME: 69.386418ms
[2020-04-24 13:18:08,680] - [flex_index_phase1:142] INFO - Number of results from gsi query: select meta().id from default where type = "emp" and ANY v IN manages.reports SATISFIES v like "Cas%" END is 82
[2020-04-24 13:18:08,680] - [flex_index_phase1:184] INFO - ======== Done =======
[2020-04-24 13:18:08,681] - [flex_index_phase1:161] INFO - ======== Running Query # 36 =======
[2020-04-24 13:18:08,682] - [flex_index_phase1:164] INFO - Query : explain select meta().id from default USE INDEX (custom_index USING FTS) where type = "emp" and ANY v IN manages.reports SATISFIES v like "Tri%" END
[2020-04-24 13:18:08,732] - [tuq:1060] INFO - RUN QUERY explain select meta().id from default USE INDEX (custom_index USING FTS) where type = "emp" and ANY v IN manages.reports SATISFIES v like "Tri%" END
[2020-04-24 13:18:08,732] - [rest_client:3596] INFO - query params : statement=explain+select+meta%28%29.id+from+default+USE+INDEX+%28custom_index+USING+FTS%29+where+type+%3D+%22emp%22+and+ANY+v+IN+manages.reports+SATISFIES+v+like+%22Tri%25%22+END&scan_consistency=NOT_BOUNDED
[2020-04-24 13:18:08,781] - [tuq:1106] INFO - TOTAL ELAPSED TIME: 2.380615ms
[2020-04-24 13:18:08,827] - [tuq:1060] INFO - RUN QUERY select meta().id from default USE INDEX (custom_index USING FTS) where type = "emp" and ANY v IN manages.reports SATISFIES v like "Tri%" END
[2020-04-24 13:18:08,829] - [rest_client:3596] INFO - query params : statement=select+meta%28%29.id+from+default+USE+INDEX+%28custom_index+USING+FTS%29+where+type+%3D+%22emp%22+and+ANY+v+IN+manages.reports+SATISFIES+v+like+%22Tri%25%22+END&scan_consistency=NOT_BOUNDED
[2020-04-24 13:18:08,881] - [tuq:1106] INFO - TOTAL ELAPSED TIME: 7.244744ms
[2020-04-24 13:18:08,882] - [flex_index_phase1:134] INFO - Number of results from flex query: select meta().id from default USE INDEX (custom_index USING FTS) where type = "emp" and ANY v IN manages.reports SATISFIES v like "Tri%" END is 46
[2020-04-24 13:18:08,932] - [tuq:1060] INFO - RUN QUERY select meta().id from default where type = "emp" and ANY v IN manages.reports SATISFIES v like "Tri%" END
[2020-04-24 13:18:08,933] - [rest_client:3596] INFO - query params : statement=select+meta%28%29.id+from+default+where+type+%3D+%22emp%22+and+ANY+v+IN+manages.reports+SATISFIES+v+like+%22Tri%25%22+END&scan_consistency=NOT_BOUNDED
[2020-04-24 13:18:09,055] - [tuq:1106] INFO - TOTAL ELAPSED TIME: 75.958773ms
[2020-04-24 13:18:09,056] - [flex_index_phase1:142] INFO - Number of results from gsi query: select meta().id from default where type = "emp" and ANY v IN manages.reports SATISFIES v like "Tri%" END is 46
[2020-04-24 13:18:09,057] - [flex_index_phase1:184] INFO - ======== Done =======
[2020-04-24 13:18:09,058] - [flex_index_phase1:161] INFO - ======== Running Query # 37 =======
[2020-04-24 13:18:09,059] - [flex_index_phase1:164] INFO - Query : explain select meta().id from default USE INDEX (custom_index USING FTS) where type = "emp" and ANY v IN manages.reports SATISFIES v like "Arace%" END
[2020-04-24 13:18:09,108] - [tuq:1060] INFO - RUN QUERY explain select meta().id from default USE INDEX (custom_index USING FTS) where type = "emp" and ANY v IN manages.reports SATISFIES v like "Arace%" END
[2020-04-24 13:18:09,109] - [rest_client:3596] INFO - query params : statement=explain+select+meta%28%29.id+from+default+USE+INDEX+%28custom_index+USING+FTS%29+where+type+%3D+%22emp%22+and+ANY+v+IN+manages.reports+SATISFIES+v+like+%22Arace%25%22+END&scan_consistency=NOT_BOUNDED
[2020-04-24 13:18:09,159] - [tuq:1106] INFO - TOTAL ELAPSED TIME: 3.325185ms
[2020-04-24 13:18:09,203] - [tuq:1060] INFO - RUN QUERY select meta().id from default USE INDEX (custom_index USING FTS) where type = "emp" and ANY v IN manages.reports SATISFIES v like "Arace%" END
[2020-04-24 13:18:09,205] - [rest_client:3596] INFO - query params : statement=select+meta%28%29.id+from+default+USE+INDEX+%28custom_index+USING+FTS%29+where+type+%3D+%22emp%22+and+ANY+v+IN+manages.reports+SATISFIES+v+like+%22Arace%25%22+END&scan_consistency=NOT_BOUNDED
[2020-04-24 13:18:09,275] - [tuq:1106] INFO - TOTAL ELAPSED TIME: 7.779064ms
[2020-04-24 13:18:09,276] - [flex_index_phase1:134] INFO - Number of results from flex query: select meta().id from default USE INDEX (custom_index USING FTS) where type = "emp" and ANY v IN manages.reports SATISFIES v like "Arace%" END is 40
[2020-04-24 13:18:09,348] - [tuq:1060] INFO - RUN QUERY select meta().id from default where type = "emp" and ANY v IN manages.reports SATISFIES v like "Arace%" END
[2020-04-24 13:18:09,349] - [rest_client:3596] INFO - query params : statement=select+meta%28%29.id+from+default+where+type+%3D+%22emp%22+and+ANY+v+IN+manages.reports+SATISFIES+v+like+%22Arace%25%22+END&scan_consistency=NOT_BOUNDED
[2020-04-24 13:18:09,471] - [tuq:1106] INFO - TOTAL ELAPSED TIME: 72.681779ms
[2020-04-24 13:18:09,473] - [flex_index_phase1:142] INFO - Number of results from gsi query: select meta().id from default where type = "emp" and ANY v IN manages.reports SATISFIES v like "Arace%" END is 40
[2020-04-24 13:18:09,474] - [flex_index_phase1:184] INFO - ======== Done =======
[2020-04-24 13:18:09,475] - [flex_index_phase1:161] INFO - ======== Running Query # 38 =======
[2020-04-24 13:18:09,475] - [flex_index_phase1:164] INFO - Query : explain select meta().id from default USE INDEX (custom_index USING FTS) where type = "emp" and ANY v IN manages.reports SATISFIES v like "Mi%" END
[2020-04-24 13:18:09,523] - [tuq:1060] INFO - RUN QUERY explain select meta().id from default USE INDEX (custom_index USING FTS) where type = "emp" and ANY v IN manages.reports SATISFIES v like "Mi%" END
[2020-04-24 13:18:09,524] - [rest_client:3596] INFO - query params : statement=explain+select+meta%28%29.id+from+default+USE+INDEX+%28custom_index+USING+FTS%29+where+type+%3D+%22emp%22+and+ANY+v+IN+manages.reports+SATISFIES+v+like+%22Mi%25%22+END&scan_consistency=NOT_BOUNDED
[2020-04-24 13:18:09,582] - [tuq:1106] INFO - TOTAL ELAPSED TIME: 2.307965ms
[2020-04-24 13:18:09,631] - [tuq:1060] INFO - RUN QUERY select meta().id from default USE INDEX (custom_index USING FTS) where type = "emp" and ANY v IN manages.reports SATISFIES v like "Mi%" END
[2020-04-24 13:18:09,632] - [rest_client:3596] INFO - query params : statement=select+meta%28%29.id+from+default+USE+INDEX+%28custom_index+USING+FTS%29+where+type+%3D+%22emp%22+and+ANY+v+IN+manages.reports+SATISFIES+v+like+%22Mi%25%22+END&scan_consistency=NOT_BOUNDED
[2020-04-24 13:18:09,683] - [tuq:1106] INFO - TOTAL ELAPSED TIME: 6.421317ms
[2020-04-24 13:18:09,684] - [flex_index_phase1:134] INFO - Number of results from flex query: select meta().id from default USE INDEX (custom_index USING FTS) where type = "emp" and ANY v IN manages.reports SATISFIES v like "Mi%" END is 28
[2020-04-24 13:18:09,730] - [tuq:1060] INFO - RUN QUERY select meta().id from default where type = "emp" and ANY v IN manages.reports SATISFIES v like "Mi%" END
[2020-04-24 13:18:09,731] - [rest_client:3596] INFO - query params : statement=select+meta%28%29.id+from+default+where+type+%3D+%22emp%22+and+ANY+v+IN+manages.reports+SATISFIES+v+like+%22Mi%25%22+END&scan_consistency=NOT_BOUNDED
[2020-04-24 13:18:09,861] - [tuq:1106] INFO - TOTAL ELAPSED TIME: 82.632392ms
[2020-04-24 13:18:09,862] - [flex_index_phase1:142] INFO - Number of results from gsi query: select meta().id from default where type = "emp" and ANY v IN manages.reports SATISFIES v like "Mi%" END is 28
[2020-04-24 13:18:09,863] - [flex_index_phase1:184] INFO - ======== Done =======
[2020-04-24 13:18:09,864] - [flex_index_phase1:161] INFO - ======== Running Query # 39 =======
[2020-04-24 13:18:09,865] - [flex_index_phase1:164] INFO - Query : explain select meta().id from default USE INDEX (custom_index USING FTS) where type = "emp" and ANY v IN manages.reports SATISFIES v like "Bry%" END
[2020-04-24 13:18:09,912] - [tuq:1060] INFO - RUN QUERY explain select meta().id from default USE INDEX (custom_index USING FTS) where type = "emp" and ANY v IN manages.reports SATISFIES v like "Bry%" END
[2020-04-24 13:18:09,913] - [rest_client:3596] INFO - query params : statement=explain+select+meta%28%29.id+from+default+USE+INDEX+%28custom_index+USING+FTS%29+where+type+%3D+%22emp%22+and+ANY+v+IN+manages.reports+SATISFIES+v+like+%22Bry%25%22+END&scan_consistency=NOT_BOUNDED
[2020-04-24 13:18:09,965] - [tuq:1106] INFO - TOTAL ELAPSED TIME: 2.559814ms
[2020-04-24 13:18:10,017] - [tuq:1060] INFO - RUN QUERY select meta().id from default USE INDEX (custom_index USING FTS) where type = "emp" and ANY v IN manages.reports SATISFIES v like "Bry%" END
[2020-04-24 13:18:10,018] - [rest_client:3596] INFO - query params : statement=select+meta%28%29.id+from+default+USE+INDEX+%28custom_index+USING+FTS%29+where+type+%3D+%22emp%22+and+ANY+v+IN+manages.reports+SATISFIES+v+like+%22Bry%25%22+END&scan_consistency=NOT_BOUNDED
[2020-04-24 13:18:10,075] - [tuq:1106] INFO - TOTAL ELAPSED TIME: 8.227282ms
[2020-04-24 13:18:10,077] - [flex_index_phase1:134] INFO - Number of results from flex query: select meta().id from default USE INDEX (custom_index USING FTS) where type = "emp" and ANY v IN manages.reports SATISFIES v like "Bry%" END is 54
[2020-04-24 13:18:10,128] - [tuq:1060] INFO - RUN QUERY select meta().id from default where type = "emp" and ANY v IN manages.reports SATISFIES v like "Bry%" END
[2020-04-24 13:18:10,129] - [rest_client:3596] INFO - query params : statement=select+meta%28%29.id+from+default+where+type+%3D+%22emp%22+and+ANY+v+IN+manages.reports+SATISFIES+v+like+%22Bry%25%22+END&scan_consistency=NOT_BOUNDED
[2020-04-24 13:18:10,243] - [tuq:1106] INFO - TOTAL ELAPSED TIME: 69.909807ms
[2020-04-24 13:18:10,244] - [flex_index_phase1:142] INFO - Number of results from gsi query: select meta().id from default where type = "emp" and ANY v IN manages.reports SATISFIES v like "Bry%" END is 54
[2020-04-24 13:18:10,245] - [flex_index_phase1:184] INFO - ======== Done =======
[2020-04-24 13:18:10,246] - [flex_index_phase1:161] INFO - ======== Running Query # 40 =======
[2020-04-24 13:18:10,247] - [flex_index_phase1:164] INFO - Query : explain select meta().id from default USE INDEX (custom_index USING FTS) where type = "emp" and manages.reports between "Keelia" and "Antonia"
[2020-04-24 13:18:10,294] - [tuq:1060] INFO - RUN QUERY explain select meta().id from default USE INDEX (custom_index USING FTS) where type = "emp" and manages.reports between "Keelia" and "Antonia"
[2020-04-24 13:18:10,294] - [rest_client:3596] INFO - query params : statement=explain+select+meta%28%29.id+from+default+USE+INDEX+%28custom_index+USING+FTS%29+where+type+%3D+%22emp%22+and+manages.reports+between+%22Keelia%22+and+%22Antonia%22&scan_consistency=NOT_BOUNDED
[2020-04-24 13:18:10,353] - [tuq:1106] INFO - TOTAL ELAPSED TIME: 1.735224ms
[2020-04-24 13:18:10,407] - [tuq:1060] INFO - RUN QUERY select meta().id from default USE INDEX (custom_index USING FTS) where type = "emp" and manages.reports between "Keelia" and "Antonia"
[2020-04-24 13:18:10,408] - [rest_client:3596] INFO - query params : statement=select+meta%28%29.id+from+default+USE+INDEX+%28custom_index+USING+FTS%29+where+type+%3D+%22emp%22+and+manages.reports+between+%22Keelia%22+and+%22Antonia%22&scan_consistency=NOT_BOUNDED
[2020-04-24 13:18:10,461] - [tuq:1106] INFO - TOTAL ELAPSED TIME: 2.581868ms
[2020-04-24 13:18:10,462] - [flex_index_phase1:134] INFO - Number of results from flex query: select meta().id from default USE INDEX (custom_index USING FTS) where type = "emp" and manages.reports between "Keelia" and "Antonia" is 0
[2020-04-24 13:18:10,507] - [tuq:1060] INFO - RUN QUERY select meta().id from default where type = "emp" and manages.reports between "Keelia" and "Antonia"
[2020-04-24 13:18:10,509] - [rest_client:3596] INFO - query params : statement=select+meta%28%29.id+from+default+where+type+%3D+%22emp%22+and+manages.reports+between+%22Keelia%22+and+%22Antonia%22&scan_consistency=NOT_BOUNDED
[2020-04-24 13:18:10,632] - [tuq:1106] INFO - TOTAL ELAPSED TIME: 83.151888ms
[2020-04-24 13:18:10,633] - [flex_index_phase1:142] INFO - Number of results from gsi query: select meta().id from default where type = "emp" and manages.reports between "Keelia" and "Antonia" is 0
[2020-04-24 13:18:10,634] - [flex_index_phase1:184] INFO - ======== Done =======
[2020-04-24 13:18:10,635] - [flex_index_phase1:161] INFO - ======== Running Query # 41 =======
[2020-04-24 13:18:10,636] - [flex_index_phase1:164] INFO - Query : explain select meta().id from default USE INDEX (custom_index USING FTS) where type = "emp" and manages.reports between "Thea" and "Darcei"
[2020-04-24 13:18:10,686] - [tuq:1060] INFO - RUN QUERY explain select meta().id from default USE INDEX (custom_index USING FTS) where type = "emp" and manages.reports between "Thea" and "Darcei"
[2020-04-24 13:18:10,686] - [rest_client:3596] INFO - query params : statement=explain+select+meta%28%29.id+from+default+USE+INDEX+%28custom_index+USING+FTS%29+where+type+%3D+%22emp%22+and+manages.reports+between+%22Thea%22+and+%22Darcei%22&scan_consistency=NOT_BOUNDED
[2020-04-24 13:18:10,732] - [tuq:1106] INFO - TOTAL ELAPSED TIME: 1.844973ms
[2020-04-24 13:18:10,781] - [tuq:1060] INFO - RUN QUERY select meta().id from default USE INDEX (custom_index USING FTS) where type = "emp" and manages.reports between "Thea" and "Darcei"
[2020-04-24 13:18:10,783] - [rest_client:3596] INFO - query params : statement=select+meta%28%29.id+from+default+USE+INDEX+%28custom_index+USING+FTS%29+where+type+%3D+%22emp%22+and+manages.reports+between+%22Thea%22+and+%22Darcei%22&scan_consistency=NOT_BOUNDED
[2020-04-24 13:18:10,833] - [tuq:1106] INFO - TOTAL ELAPSED TIME: 2.674864ms
[2020-04-24 13:18:10,835] - [flex_index_phase1:134] INFO - Number of results from flex query: select meta().id from default USE INDEX (custom_index USING FTS) where type = "emp" and manages.reports between "Thea" and "Darcei" is 0
[2020-04-24 13:18:10,881] - [tuq:1060] INFO - RUN QUERY select meta().id from default where type = "emp" and manages.reports between "Thea" and "Darcei"
[2020-04-24 13:18:10,881] - [rest_client:3596] INFO - query params : statement=select+meta%28%29.id+from+default+where+type+%3D+%22emp%22+and+manages.reports+between+%22Thea%22+and+%22Darcei%22&scan_consistency=NOT_BOUNDED
[2020-04-24 13:18:11,001] - [tuq:1106] INFO - TOTAL ELAPSED TIME: 69.91611ms
[2020-04-24 13:18:11,002] - [flex_index_phase1:142] INFO - Number of results from gsi query: select meta().id from default where type = "emp" and manages.reports between "Thea" and "Darcei" is 0
[2020-04-24 13:18:11,003] - [flex_index_phase1:184] INFO - ======== Done =======
[2020-04-24 13:18:11,004] - [flex_index_phase1:161] INFO - ======== Running Query # 42 =======
[2020-04-24 13:18:11,005] - [flex_index_phase1:164] INFO - Query : explain select meta().id from default USE INDEX (custom_index USING FTS) where type = "emp" and manages.reports between "Killian" and "Quella"
[2020-04-24 13:18:11,060] - [tuq:1060] INFO - RUN QUERY explain select meta().id from default USE INDEX (custom_index USING FTS) where type = "emp" and manages.reports between "Killian" and "Quella"
[2020-04-24 13:18:11,061] - [rest_client:3596] INFO - query params : statement=explain+select+meta%28%29.id+from+default+USE+INDEX+%28custom_index+USING+FTS%29+where+type+%3D+%22emp%22+and+manages.reports+between+%22Killian%22+and+%22Quella%22&scan_consistency=NOT_BOUNDED
[2020-04-24 13:18:11,108] - [tuq:1106] INFO - TOTAL ELAPSED TIME: 1.870352ms
[2020-04-24 13:18:11,158] - [tuq:1060] INFO - RUN QUERY select meta().id from default USE INDEX (custom_index USING FTS) where type = "emp" and manages.reports between "Killian" and "Quella"
[2020-04-24 13:18:11,159] - [rest_client:3596] INFO - query params : statement=select+meta%28%29.id+from+default+USE+INDEX+%28custom_index+USING+FTS%29+where+type+%3D+%22emp%22+and+manages.reports+between+%22Killian%22+and+%22Quella%22&scan_consistency=NOT_BOUNDED
[2020-04-24 13:18:11,216] - [tuq:1106] INFO - TOTAL ELAPSED TIME: 3.38842ms
[2020-04-24 13:18:11,217] - [flex_index_phase1:134] INFO - Number of results from flex query: select meta().id from default USE INDEX (custom_index USING FTS) where type = "emp" and manages.reports between "Killian" and "Quella" is 0
[2020-04-24 13:18:11,262] - [tuq:1060] INFO - RUN QUERY select meta().id from default where type = "emp" and manages.reports between "Killian" and "Quella"
[2020-04-24 13:18:11,264] - [rest_client:3596] INFO - query params : statement=select+meta%28%29.id+from+default+where+type+%3D+%22emp%22+and+manages.reports+between+%22Killian%22+and+%22Quella%22&scan_consistency=NOT_BOUNDED
[2020-04-24 13:18:11,383] - [tuq:1106] INFO - TOTAL ELAPSED TIME: 70.09051ms
[2020-04-24 13:18:11,384] - [flex_index_phase1:142] INFO - Number of results from gsi query: select meta().id from default where type = "emp" and manages.reports between "Killian" and "Quella" is 0
[2020-04-24 13:18:11,385] - [flex_index_phase1:184] INFO - ======== Done =======
[2020-04-24 13:18:11,386] - [flex_index_phase1:161] INFO - ======== Running Query # 43 =======
[2020-04-24 13:18:11,387] - [flex_index_phase1:164] INFO - Query : explain select meta().id from default USE INDEX (custom_index USING FTS) where type = "emp" and manages.reports between "Amara" and "Duvessa"
[2020-04-24 13:18:11,439] - [tuq:1060] INFO - RUN QUERY explain select meta().id from default USE INDEX (custom_index USING FTS) where type = "emp" and manages.reports between "Amara" and "Duvessa"
[2020-04-24 13:18:11,440] - [rest_client:3596] INFO - query params : statement=explain+select+meta%28%29.id+from+default+USE+INDEX+%28custom_index+USING+FTS%29+where+type+%3D+%22emp%22+and+manages.reports+between+%22Amara%22+and+%22Duvessa%22&scan_consistency=NOT_BOUNDED
[2020-04-24 13:18:11,494] - [tuq:1106] INFO - TOTAL ELAPSED TIME: 2.043449ms
[2020-04-24 13:18:11,552] - [tuq:1060] INFO - RUN QUERY select meta().id from default USE INDEX (custom_index USING FTS) where type = "emp" and manages.reports between "Amara" and "Duvessa"
[2020-04-24 13:18:11,553] - [rest_client:3596] INFO - query params : statement=select+meta%28%29.id+from+default+USE+INDEX+%28custom_index+USING+FTS%29+where+type+%3D+%22emp%22+and+manages.reports+between+%22Amara%22+and+%22Duvessa%22&scan_consistency=NOT_BOUNDED
[2020-04-24 13:18:11,622] - [tuq:1106] INFO - TOTAL ELAPSED TIME: 2.438621ms
[2020-04-24 13:18:11,623] - [flex_index_phase1:134] INFO - Number of results from flex query: select meta().id from default USE INDEX (custom_index USING FTS) where type = "emp" and manages.reports between "Amara" and "Duvessa" is 0
[2020-04-24 13:18:11,677] - [tuq:1060] INFO - RUN QUERY select meta().id from default where type = "emp" and manages.reports between "Amara" and "Duvessa"
[2020-04-24 13:18:11,677] - [rest_client:3596] INFO - query params : statement=select+meta%28%29.id+from+default+where+type+%3D+%22emp%22+and+manages.reports+between+%22Amara%22+and+%22Duvessa%22&scan_consistency=NOT_BOUNDED
[2020-04-24 13:18:11,802] - [tuq:1106] INFO - TOTAL ELAPSED TIME: 80.189245ms
[2020-04-24 13:18:11,804] - [flex_index_phase1:142] INFO - Number of results from gsi query: select meta().id from default where type = "emp" and manages.reports between "Amara" and "Duvessa" is 0
[2020-04-24 13:18:11,805] - [flex_index_phase1:184] INFO - ======== Done =======
[2020-04-24 13:18:11,806] - [flex_index_phase1:161] INFO - ======== Running Query # 44 =======
[2020-04-24 13:18:11,806] - [flex_index_phase1:164] INFO - Query : explain select meta().id from default USE INDEX (custom_index USING FTS) where type = "emp" and manages.reports between "Keelia" and "Lysha"
[2020-04-24 13:18:11,867] - [tuq:1060] INFO - RUN QUERY explain select meta().id from default USE INDEX (custom_index USING FTS) where type = "emp" and manages.reports between "Keelia" and "Lysha"
[2020-04-24 13:18:11,868] - [rest_client:3596] INFO - query params : statement=explain+select+meta%28%29.id+from+default+USE+INDEX+%28custom_index+USING+FTS%29+where+type+%3D+%22emp%22+and+manages.reports+between+%22Keelia%22+and+%22Lysha%22&scan_consistency=NOT_BOUNDED
[2020-04-24 13:18:11,915] - [tuq:1106] INFO - TOTAL ELAPSED TIME: 1.946079ms
[2020-04-24 13:18:11,979] - [tuq:1060] INFO - RUN QUERY select meta().id from default USE INDEX (custom_index USING FTS) where type = "emp" and manages.reports between "Keelia" and "Lysha"
[2020-04-24 13:18:11,979] - [rest_client:3596] INFO - query params : statement=select+meta%28%29.id+from+default+USE+INDEX+%28custom_index+USING+FTS%29+where+type+%3D+%22emp%22+and+manages.reports+between+%22Keelia%22+and+%22Lysha%22&scan_consistency=NOT_BOUNDED
[2020-04-24 13:18:12,032] - [tuq:1106] INFO - TOTAL ELAPSED TIME: 2.463242ms
[2020-04-24 13:18:12,033] - [flex_index_phase1:134] INFO - Number of results from flex query: select meta().id from default USE INDEX (custom_index USING FTS) where type = "emp" and manages.reports between "Keelia" and "Lysha" is 0
[2020-04-24 13:18:12,084] - [tuq:1060] INFO - RUN QUERY select meta().id from default where type = "emp" and manages.reports between "Keelia" and "Lysha"
[2020-04-24 13:18:12,085] - [rest_client:3596] INFO - query params : statement=select+meta%28%29.id+from+default+where+type+%3D+%22emp%22+and+manages.reports+between+%22Keelia%22+and+%22Lysha%22&scan_consistency=NOT_BOUNDED
[2020-04-24 13:18:12,205] - [tuq:1106] INFO - TOTAL ELAPSED TIME: 75.985598ms
[2020-04-24 13:18:12,206] - [flex_index_phase1:142] INFO - Number of results from gsi query: select meta().id from default where type = "emp" and manages.reports between "Keelia" and "Lysha" is 0
[2020-04-24 13:18:12,207] - [flex_index_phase1:184] INFO - ======== Done =======
[2020-04-24 13:18:12,208] - [flex_index_phase1:161] INFO - ======== Running Query # 45 =======
[2020-04-24 13:18:12,209] - [flex_index_phase1:164] INFO - Query : explain select meta().id from default USE INDEX (custom_index USING FTS) where type = "emp" and manages.reports > "Duvessa" and manages.reports < "Kimberly"
[2020-04-24 13:18:12,257] - [tuq:1060] INFO - RUN QUERY explain select meta().id from default USE INDEX (custom_index USING FTS) where type = "emp" and manages.reports > "Duvessa" and manages.reports < "Kimberly"
[2020-04-24 13:18:12,258] - [rest_client:3596] INFO - query params : statement=explain+select+meta%28%29.id+from+default+USE+INDEX+%28custom_index+USING+FTS%29+where+type+%3D+%22emp%22+and+manages.reports+%3E+%22Duvessa%22+and+manages.reports+%3C+%22Kimberly%22&scan_consistency=NOT_BOUNDED
[2020-04-24 13:18:12,309] - [tuq:1106] INFO - TOTAL ELAPSED TIME: 3.08499ms
[2020-04-24 13:18:12,357] - [tuq:1060] INFO - RUN QUERY select meta().id from default USE INDEX (custom_index USING FTS) where type = "emp" and manages.reports > "Duvessa" and manages.reports < "Kimberly"
[2020-04-24 13:18:12,358] - [rest_client:3596] INFO - query params : statement=select+meta%28%29.id+from+default+USE+INDEX+%28custom_index+USING+FTS%29+where+type+%3D+%22emp%22+and+manages.reports+%3E+%22Duvessa%22+and+manages.reports+%3C+%22Kimberly%22&scan_consistency=NOT_BOUNDED
[2020-04-24 13:18:12,406] - [tuq:1106] INFO - TOTAL ELAPSED TIME: 2.958692ms
[2020-04-24 13:18:12,408] - [flex_index_phase1:134] INFO - Number of results from flex query: select meta().id from default USE INDEX (custom_index USING FTS) where type = "emp" and manages.reports > "Duvessa" and manages.reports < "Kimberly" is 0
[2020-04-24 13:18:12,457] - [tuq:1060] INFO - RUN QUERY select meta().id from default where type = "emp" and manages.reports > "Duvessa" and manages.reports < "Kimberly"
[2020-04-24 13:18:12,458] - [rest_client:3596] INFO - query params : statement=select+meta%28%29.id+from+default+where+type+%3D+%22emp%22+and+manages.reports+%3E+%22Duvessa%22+and+manages.reports+%3C+%22Kimberly%22&scan_consistency=NOT_BOUNDED
[2020-04-24 13:18:12,574] - [tuq:1106] INFO - TOTAL ELAPSED TIME: 73.270734ms
[2020-04-24 13:18:12,575] - [flex_index_phase1:142] INFO - Number of results from gsi query: select meta().id from default where type = "emp" and manages.reports > "Duvessa" and manages.reports < "Kimberly" is 0
[2020-04-24 13:18:12,576] - [flex_index_phase1:184] INFO - ======== Done =======
[2020-04-24 13:18:12,577] - [flex_index_phase1:161] INFO - ======== Running Query # 46 =======
[2020-04-24 13:18:12,578] - [flex_index_phase1:164] INFO - Query : explain select meta().id from default USE INDEX (custom_index USING FTS) where type = "emp" and manages.reports >= "Dabria" and manages.reports <= "Araceli"
[2020-04-24 13:18:12,625] - [tuq:1060] INFO - RUN QUERY explain select meta().id from default USE INDEX (custom_index USING FTS) where type = "emp" and manages.reports >= "Dabria" and manages.reports <= "Araceli"
[2020-04-24 13:18:12,626] - [rest_client:3596] INFO - query params : statement=explain+select+meta%28%29.id+from+default+USE+INDEX+%28custom_index+USING+FTS%29+where+type+%3D+%22emp%22+and+manages.reports+%3E%3D+%22Dabria%22+and+manages.reports+%3C%3D+%22Araceli%22&scan_consistency=NOT_BOUNDED
[2020-04-24 13:18:12,676] - [tuq:1106] INFO - TOTAL ELAPSED TIME: 1.923887ms
[2020-04-24 13:18:12,729] - [tuq:1060] INFO - RUN QUERY select meta().id from default USE INDEX (custom_index USING FTS) where type = "emp" and manages.reports >= "Dabria" and manages.reports <= "Araceli"
[2020-04-24 13:18:12,730] - [rest_client:3596] INFO - query params : statement=select+meta%28%29.id+from+default+USE+INDEX+%28custom_index+USING+FTS%29+where+type+%3D+%22emp%22+and+manages.reports+%3E%3D+%22Dabria%22+and+manages.reports+%3C%3D+%22Araceli%22&scan_consistency=NOT_BOUNDED
[2020-04-24 13:18:12,782] - [tuq:1106] INFO - TOTAL ELAPSED TIME: 2.683438ms
[2020-04-24 13:18:12,783] - [flex_index_phase1:134] INFO - Number of results from flex query: select meta().id from default USE INDEX (custom_index USING FTS) where type = "emp" and manages.reports >= "Dabria" and manages.reports <= "Araceli" is 0
[2020-04-24 13:18:12,832] - [tuq:1060] INFO - RUN QUERY select meta().id from default where type = "emp" and manages.reports >= "Dabria" and manages.reports <= "Araceli"
[2020-04-24 13:18:12,834] - [rest_client:3596] INFO - query params : statement=select+meta%28%29.id+from+default+where+type+%3D+%22emp%22+and+manages.reports+%3E%3D+%22Dabria%22+and+manages.reports+%3C%3D+%22Araceli%22&scan_consistency=NOT_BOUNDED
[2020-04-24 13:18:12,963] - [tuq:1106] INFO - TOTAL ELAPSED TIME: 84.090655ms
[2020-04-24 13:18:12,964] - [flex_index_phase1:142] INFO - Number of results from gsi query: select meta().id from default where type = "emp" and manages.reports >= "Dabria" and manages.reports <= "Araceli" is 0
[2020-04-24 13:18:12,965] - [flex_index_phase1:184] INFO - ======== Done =======
[2020-04-24 13:18:12,966] - [flex_index_phase1:161] INFO - ======== Running Query # 47 =======
[2020-04-24 13:18:12,967] - [flex_index_phase1:164] INFO - Query : explain select meta().id from default USE INDEX (custom_index USING FTS) where type = "emp" and manages.reports >= "Alvita" and manages.reports < "Kacila"
[2020-04-24 13:18:13,017] - [tuq:1060] INFO - RUN QUERY explain select meta().id from default USE INDEX (custom_index USING FTS) where type = "emp" and manages.reports >= "Alvita" and manages.reports < "Kacila"
[2020-04-24 13:18:13,018] - [rest_client:3596] INFO - query params : statement=explain+select+meta%28%29.id+from+default+USE+INDEX+%28custom_index+USING+FTS%29+where+type+%3D+%22emp%22+and+manages.reports+%3E%3D+%22Alvita%22+and+manages.reports+%3C+%22Kacila%22&scan_consistency=NOT_BOUNDED
[2020-04-24 13:18:13,066] - [tuq:1106] INFO - TOTAL ELAPSED TIME: 1.937922ms
[2020-04-24 13:18:13,117] - [tuq:1060] INFO - RUN QUERY select meta().id from default USE INDEX (custom_index USING FTS) where type = "emp" and manages.reports >= "Alvita" and manages.reports < "Kacila"
[2020-04-24 13:18:13,119] - [rest_client:3596] INFO - query params : statement=select+meta%28%29.id+from+default+USE+INDEX+%28custom_index+USING+FTS%29+where+type+%3D+%22emp%22+and+manages.reports+%3E%3D+%22Alvita%22+and+manages.reports+%3C+%22Kacila%22&scan_consistency=NOT_BOUNDED
[2020-04-24 13:18:13,169] - [tuq:1106] INFO - TOTAL ELAPSED TIME: 2.576653ms
[2020-04-24 13:18:13,170] - [flex_index_phase1:134] INFO - Number of results from flex query: select meta().id from default USE INDEX (custom_index USING FTS) where type = "emp" and manages.reports >= "Alvita" and manages.reports < "Kacila" is 0
[2020-04-24 13:18:13,217] - [tuq:1060] INFO - RUN QUERY select meta().id from default where type = "emp" and manages.reports >= "Alvita" and manages.reports < "Kacila"
[2020-04-24 13:18:13,219] - [rest_client:3596] INFO - query params : statement=select+meta%28%29.id+from+default+where+type+%3D+%22emp%22+and+manages.reports+%3E%3D+%22Alvita%22+and+manages.reports+%3C+%22Kacila%22&scan_consistency=NOT_BOUNDED
[2020-04-24 13:18:13,334] - [tuq:1106] INFO - TOTAL ELAPSED TIME: 72.15927ms
[2020-04-24 13:18:13,336] - [flex_index_phase1:142] INFO - Number of results from gsi query: select meta().id from default where type = "emp" and manages.reports >= "Alvita" and manages.reports < "Kacila" is 0
[2020-04-24 13:18:13,337] - [flex_index_phase1:184] INFO - ======== Done =======
[2020-04-24 13:18:13,337] - [flex_index_phase1:161] INFO - ======== Running Query # 48 =======
[2020-04-24 13:18:13,338] - [flex_index_phase1:164] INFO - Query : explain select meta().id from default USE INDEX (custom_index USING FTS) where type = "emp" and manages.reports > "Vala" and manages.reports <= "Adena"
[2020-04-24 13:18:13,410] - [tuq:1060] INFO - RUN QUERY explain select meta().id from default USE INDEX (custom_index USING FTS) where type = "emp" and manages.reports > "Vala" and manages.reports <= "Adena"
[2020-04-24 13:18:13,411] - [rest_client:3596] INFO - query params : statement=explain+select+meta%28%29.id+from+default+USE+INDEX+%28custom_index+USING+FTS%29+where+type+%3D+%22emp%22+and+manages.reports+%3E+%22Vala%22+and+manages.reports+%3C%3D+%22Adena%22&scan_consistency=NOT_BOUNDED
[2020-04-24 13:18:13,461] - [tuq:1106] INFO - TOTAL ELAPSED TIME: 2.797426ms
[2020-04-24 13:18:13,509] - [tuq:1060] INFO - RUN QUERY select meta().id from default USE INDEX (custom_index USING FTS) where type = "emp" and manages.reports > "Vala" and manages.reports <= "Adena"
[2020-04-24 13:18:13,510] - [rest_client:3596] INFO - query params : statement=select+meta%28%29.id+from+default+USE+INDEX+%28custom_index+USING+FTS%29+where+type+%3D+%22emp%22+and+manages.reports+%3E+%22Vala%22+and+manages.reports+%3C%3D+%22Adena%22&scan_consistency=NOT_BOUNDED
[2020-04-24 13:18:13,567] - [tuq:1106] INFO - TOTAL ELAPSED TIME: 2.580453ms
[2020-04-24 13:18:13,568] - [flex_index_phase1:134] INFO - Number of results from flex query: select meta().id from default USE INDEX (custom_index USING FTS) where type = "emp" and manages.reports > "Vala" and manages.reports <= "Adena" is 0
[2020-04-24 13:18:13,616] - [tuq:1060] INFO - RUN QUERY select meta().id from default where type = "emp" and manages.reports > "Vala" and manages.reports <= "Adena"
[2020-04-24 13:18:13,617] - [rest_client:3596] INFO - query params : statement=select+meta%28%29.id+from+default+where+type+%3D+%22emp%22+and+manages.reports+%3E+%22Vala%22+and+manages.reports+%3C%3D+%22Adena%22&scan_consistency=NOT_BOUNDED
[2020-04-24 13:18:13,737] - [tuq:1106] INFO - TOTAL ELAPSED TIME: 70.508589ms
[2020-04-24 13:18:13,737] - [flex_index_phase1:142] INFO - Number of results from gsi query: select meta().id from default where type = "emp" and manages.reports > "Vala" and manages.reports <= "Adena" is 0
[2020-04-24 13:18:13,738] - [flex_index_phase1:184] INFO - ======== Done =======
[2020-04-24 13:18:13,739] - [flex_index_phase1:31] INFO - ==============  FlexIndexTests tearDown has started ==============
[2020-04-24 13:18:13,797] - [tuq:1060] INFO - RUN QUERY SELECT * FROM system:indexes
[2020-04-24 13:18:13,797] - [rest_client:3596] INFO - query params : statement=SELECT+%2A+FROM+system%3Aindexes&scan_consistency=NOT_BOUNDED
[2020-04-24 13:18:13,857] - [tuq:1106] INFO - TOTAL ELAPSED TIME: 13.97679ms
[2020-04-24 13:18:13,904] - [tuq:1060] INFO - RUN QUERY SELECT * FROM system:keyspaces
[2020-04-24 13:18:13,905] - [rest_client:3596] INFO - query params : statement=SELECT+%2A+FROM+system%3Akeyspaces&scan_consistency=NOT_BOUNDED
[2020-04-24 13:18:13,954] - [tuq:1106] INFO - TOTAL ELAPSED TIME: 7.150652ms
[2020-04-24 13:18:13,955] - [tuq:237] INFO - ==============  System Config: ==============

[2020-04-24 13:18:14,004] - [tuq:1060] INFO - RUN QUERY SELECT COUNT(*) FROM `default`
[2020-04-24 13:18:14,005] - [rest_client:3596] INFO - query params : statement=SELECT+COUNT%28%2A%29+FROM+%60default%60&scan_consistency=NOT_BOUNDED
[2020-04-24 13:18:14,066] - [tuq:1106] INFO - TOTAL ELAPSED TIME: 9.475086ms
[2020-04-24 13:18:14,067] - [tuq:245] INFO - Bucket: default
[2020-04-24 13:18:14,067] - [tuq:246] INFO - Indexes: ['custom_index', 'primary_gsi_index']
[2020-04-24 13:18:14,068] - [tuq:247] INFO - Docs: 1000

[2020-04-24 13:18:14,068] - [tuq:248] INFO - =============================================
[2020-04-24 13:18:14,069] - [flex_index_phase1:33] INFO - ==============  FlexIndexTests tearDown has completed ==============
[2020-04-24 13:18:14,070] - [tuq:193] INFO - ==============  QueryTests tearDown has started ==============
[2020-04-24 13:18:14,070] - [tuq:209] INFO - ==============  QueryTests tearDown has completed ==============
[2020-04-24 13:18:14,171] - [basetestcase:426] INFO - ------- Cluster statistics -------
[2020-04-24 13:18:14,172] - [basetestcase:428] INFO - 172.23.121.65:8091 => {'services': ['fts', 'index', 'kv', 'n1ql'], 'cpu_utilization': 14.98708010335917, 'mem_free': 2150219776, 'mem_total': 4366925824, 'swap_mem_used': 16515072, 'swap_mem_total': 3758092288}
[2020-04-24 13:18:14,172] - [basetestcase:429] INFO - --- End of cluster statistics ---
[2020-04-24 13:18:14,173] - [basetestcase:520] INFO - closing all ssh connections
[2020-04-24 13:18:14,174] - [basetestcase:525] INFO - closing all memcached connections
downloading 172.23.121.65 ...............................................................................................................................................................................................................................................................................................................................................................................................................................................................................................downloading 172.23.121.66 .........................................................downloading 172.23.121.67 ..................................................................................................................................................................................................................................................................downloading 172.23.121.68 .......................................................................................................................................................................Cluster instance shutdown with force
summary so far suite tuqquery.flex_index_phase1.FlexIndexTests , pass 0 , fail 4
failures so far...
tuqquery.flex_index_phase1.FlexIndexTests.test_flex_single_typemapping_comp_ops
tuqquery.flex_index_phase1.FlexIndexTests.test_flex_single_typemapping_comp_ops
tuqquery.flex_index_phase1.FlexIndexTests.test_flex_single_typemapping_comp_ops
tuqquery.flex_index_phase1.FlexIndexTests.test_flex_single_typemapping_comp_ops
testrunner logs, diags and results are available under /Users/girishbenakappa/IdeaProjects/testrunner/logs/testrunner-20-Apr-24_13-12-16/test_4
Logs will be stored at /Users/girishbenakappa/IdeaProjects/testrunner/logs/testrunner-20-Apr-24_13-12-16/test_5

./testrunner -i test.ini -p get-cbcollect-info=False,get-logs=False,stop-on-failure=False,index_type=scorch,fts_quota=750 -t tuqquery.flex_index_phase1.FlexIndexTests.test_flex_single_typemapping_comp_ops,test_name=fts_index_exists,GROUP=P1,get-logs=False,stop-on-failure=False,GROUP=P1,doc-per-day=6,bucket_size=200,scan_consistency=NOT_BOUNDED,skip_load=True,items=1000,custom_map=True,GROUP=PS,get-cbcollect-info=False,disable_HTP=True,get-logs=False,stop-on-failure=False,cluster=D+F,index_type=scorch,fts_quota=750,custom_map_add_non_indexed_fields=False,text_analyzer=keyword,cm_id=4

Test Input params:
{'test_name': 'fts_index_exists', 'GROUP': 'PS', 'get-logs': 'False', 'stop-on-failure': 'False', 'doc-per-day': '6', 'bucket_size': '200', 'scan_consistency': 'NOT_BOUNDED', 'skip_load': 'True', 'items': '1000', 'custom_map': 'True', 'get-cbcollect-info': 'False', 'disable_HTP': 'True', 'cluster': 'D+F', 'index_type': 'scorch', 'fts_quota': '750', 'custom_map_add_non_indexed_fields': 'False', 'text_analyzer': 'keyword', 'cm_id': '4', 'ini': 'test.ini', 'cluster_name': 'test', 'spec': 'test', 'conf_file': 'test.conf', 'num_nodes': 4, 'case_number': 5, 'logs_folder': '/Users/girishbenakappa/IdeaProjects/testrunner/logs/testrunner-20-Apr-24_13-12-16/test_5'}
[2020-04-24 13:18:41,302] - [remote_util:259] INFO - connecting to 172.23.121.65 with username:root 
[2020-04-24 13:18:41,880] - [remote_util:304] INFO - Connected to 172.23.121.65
[2020-04-24 13:18:42,425] - [remote_util:3365] INFO - os_distro: CentOS, os_version: centos 7, is_linux_distro: True
[2020-04-24 13:18:43,088] - [remote_util:3518] INFO - extract_remote_info-->distribution_type: CentOS, distribution_version: centos 7
[2020-04-24 13:18:43,287] - [rest_client:2236] INFO - Node version in cluster 7.0.0-1834-enterprise
[2020-04-24 13:18:43,387] - [rest_client:2246] INFO - Node versions in cluster ['7.0.0-1834-enterprise']
[2020-04-24 13:18:43,388] - [basetestcase:230] INFO - ==============  basetestcase setup was started for test #5 test_flex_single_typemapping_comp_ops==============
[2020-04-24 13:18:43,389] - [basetestcase:262] INFO - any cluster operation in setup will be skipped
[2020-04-24 13:18:43,389] - [basetestcase:265] INFO - ==============  basetestcase setup was finished for test #5 test_flex_single_typemapping_comp_ops ==============
[2020-04-24 13:18:43,390] - [tuq:53] INFO - ==============  QueryTests setup has started ==============
[2020-04-24 13:18:43,391] - [remote_util:259] INFO - connecting to 172.23.121.65 with username:root 
[2020-04-24 13:18:43,905] - [remote_util:304] INFO - Connected to 172.23.121.65
[2020-04-24 13:18:44,470] - [remote_util:3365] INFO - os_distro: CentOS, os_version: centos 7, is_linux_distro: True
[2020-04-24 13:18:45,135] - [remote_util:3518] INFO - extract_remote_info-->distribution_type: CentOS, distribution_version: centos 7
[2020-04-24 13:18:45,251] - [remote_util:259] INFO - connecting to 172.23.121.65 with username:root 
[2020-04-24 13:18:45,807] - [remote_util:304] INFO - Connected to 172.23.121.65
[2020-04-24 13:18:46,367] - [remote_util:3365] INFO - os_distro: CentOS, os_version: centos 7, is_linux_distro: True
[2020-04-24 13:18:47,053] - [remote_util:3518] INFO - extract_remote_info-->distribution_type: CentOS, distribution_version: centos 7
[2020-04-24 13:18:47,055] - [tuq:743] INFO - Generating default:default data...
[2020-04-24 13:18:47,057] - [tuq:749] INFO - -->start:generate_docs_employee for default...
[2020-04-24 13:18:47,099] - [tuq:751] INFO - -->end:generate_docs_employee for default...
[2020-04-24 13:18:47,100] - [tuq:844] INFO - Completed Generating default:default data...
[2020-04-24 13:18:47,101] - [tuq:90] INFO - --->gens_load is done...
[2020-04-24 13:18:47,101] - [tuq:98] INFO - -->starting rest connection...
[2020-04-24 13:18:47,943] - [tuq:133] INFO - --> docs_per_day>0..generating TuqGenerators...
[2020-04-24 13:18:48,711] - [tuq:135] INFO - --> End: docs_per_day>0..generating TuqGenerators...
[2020-04-24 13:18:48,712] - [tuq:141] INFO - ----------------------------------------------------------------------------------------------------
[2020-04-24 13:18:48,713] - [tuq:142] INFO - Temp fix for MB-16888
[2020-04-24 13:18:48,713] - [remote_util:3220] INFO - running command.raw on 172.23.121.65: killall -9 cbq-engine
[2020-04-24 13:18:48,772] - [remote_util:3257] INFO - command executed successfully
[2020-04-24 13:18:48,773] - [remote_util:3220] INFO - running command.raw on 172.23.121.65: killall -9 indexer
[2020-04-24 13:18:48,868] - [remote_util:3257] INFO - command executed successfully
[2020-04-24 13:18:48,870] - [tuq:150] INFO - Error executing shell command: killall -9 cbq-engine! Error - bash: killall: command not found
[2020-04-24 13:18:48,871] - [tuq:152] INFO - Error executing shell command: killall -9 indexer! Error - bash: killall: command not found
[2020-04-24 13:18:48,872] - [tuq:153] INFO - ----------------------------------------------------------------------------------------------------
[2020-04-24 13:18:48,873] - [tuq:160] INFO - ==============  QueryTests setup has completed ==============
[2020-04-24 13:18:48,874] - [flex_index_phase1:25] INFO - ==============  FlexIndexTests setup has started ==============
[2020-04-24 13:18:48,919] - [tuq:1060] INFO - RUN QUERY SELECT * FROM system:indexes
[2020-04-24 13:18:48,920] - [rest_client:3596] INFO - query params : statement=SELECT+%2A+FROM+system%3Aindexes&scan_consistency=NOT_BOUNDED
[2020-04-24 13:18:48,983] - [tuq:1106] INFO - TOTAL ELAPSED TIME: 13.84889ms
[2020-04-24 13:18:49,035] - [tuq:1060] INFO - RUN QUERY SELECT * FROM system:keyspaces
[2020-04-24 13:18:49,035] - [rest_client:3596] INFO - query params : statement=SELECT+%2A+FROM+system%3Akeyspaces&scan_consistency=NOT_BOUNDED
[2020-04-24 13:18:49,101] - [tuq:1106] INFO - TOTAL ELAPSED TIME: 7.651983ms
[2020-04-24 13:18:49,102] - [tuq:237] INFO - ==============  System Config: ==============

[2020-04-24 13:18:49,152] - [tuq:1060] INFO - RUN QUERY SELECT COUNT(*) FROM `default`
[2020-04-24 13:18:49,153] - [rest_client:3596] INFO - query params : statement=SELECT+COUNT%28%2A%29+FROM+%60default%60&scan_consistency=NOT_BOUNDED
[2020-04-24 13:18:49,218] - [tuq:1106] INFO - TOTAL ELAPSED TIME: 9.876931ms
[2020-04-24 13:18:49,219] - [tuq:245] INFO - Bucket: default
[2020-04-24 13:18:49,219] - [tuq:246] INFO - Indexes: ['custom_index', 'primary_gsi_index']
[2020-04-24 13:18:49,220] - [tuq:247] INFO - Docs: 1000

[2020-04-24 13:18:49,220] - [tuq:248] INFO - =============================================
[2020-04-24 13:18:49,221] - [flex_index_phase1:28] INFO - ==============  FlexIndexTests setup has completed ==============
[2020-04-24 13:18:51,811] - [rest_client:3418] INFO - Flush for bucket 'default' was triggered
[2020-04-24 13:18:52,251] - [data_helper:304] INFO - creating direct client 172.23.121.65:11210 default
[2020-04-24 13:20:00,707] - [rest_client:2964] INFO - SUCCESS: FTS RAM quota set to 750mb
{'boolean': ['is_manager'], 'datetime': ['join_date'], 'text': ['name']}
[2020-04-24 13:20:00,817] - [fts_base:676] INFO - {
   "mapping": {
      "default_mapping": {
         "enabled": false,
         "dynamic": true,
         "default_analyzer": ""
      },
      "type_field": "type",
      "default_type": "_default",
      "default_analyzer": "standard",
      "default_datetime_parser": "dateTimeOptional",
      "default_field": "_all",
      "analysis": {},
      "types": {
         "emp": {
            "dynamic": false,
            "enabled": true,
            "fields": [],
            "properties": {
               "is_manager": {
                  "dynamic": false,
                  "enabled": true,
                  "properties": {},
                  "fields": [
                     {
                        "include_in_all": true,
                        "include_term_vectors": true,
                        "index": true,
                        "name": "is_manager",
                        "store": false,
                        "type": "boolean",
                        "analyzer": ""
                     }
                  ]
               },
               "join_date": {
                  "dynamic": false,
                  "enabled": true,
                  "properties": {},
                  "fields": [
                     {
                        "include_in_all": true,
                        "include_term_vectors": true,
                        "index": true,
                        "name": "join_date",
                        "store": false,
                        "type": "datetime",
                        "analyzer": ""
                     }
                  ]
               },
               "name": {
                  "dynamic": false,
                  "enabled": true,
                  "properties": {},
                  "fields": [
                     {
                        "include_in_all": true,
                        "include_term_vectors": true,
                        "index": true,
                        "name": "name",
                        "store": false,
                        "type": "text",
                        "analyzer": "keyword"
                     }
                  ]
               }
            }
         }
      }
   },
   "store": {
      "kvStoreName": "mossStore",
      "mossStoreOptions": {},
      "indexType": "scorch"
   }
}
[2020-04-24 13:20:00,818] - [fts_base:909] INFO - Checking if index already exists ...
[2020-04-24 13:20:01,098] - [fts_base:918] INFO - Creating fulltext-index custom_index on 172.23.121.65
[2020-04-24 13:20:01,099] - [rest_client:2973] INFO - {"type": "fulltext-index", "name": "custom_index", "uuid": "", "params": {"mapping": {"default_mapping": {"enabled": false, "dynamic": true, "default_analyzer": ""}, "type_field": "type", "default_type": "_default", "default_analyzer": "standard", "default_datetime_parser": "dateTimeOptional", "default_field": "_all", "analysis": {}, "types": {"emp": {"dynamic": false, "enabled": true, "fields": [], "properties": {"is_manager": {"dynamic": false, "enabled": true, "properties": {}, "fields": [{"include_in_all": true, "include_term_vectors": true, "index": true, "name": "is_manager", "store": false, "type": "boolean", "analyzer": ""}]}, "join_date": {"dynamic": false, "enabled": true, "properties": {}, "fields": [{"include_in_all": true, "include_term_vectors": true, "index": true, "name": "join_date", "store": false, "type": "datetime", "analyzer": ""}]}, "name": {"dynamic": false, "enabled": true, "properties": {}, "fields": [{"include_in_all": true, "include_term_vectors": true, "index": true, "name": "name", "store": false, "type": "text", "analyzer": "keyword"}]}}}}}, "store": {"kvStoreName": "mossStore", "mossStoreOptions": {}, "indexType": "scorch"}}, "sourceType": "couchbase", "sourceName": "default", "sourceUUID": "", "planParams": {"numReplicas": 0}, "sourceParams": {}}
[2020-04-24 13:20:01,316] - [rest_client:2980] INFO - Index custom_index created
[2020-04-24 13:20:01,318] - [basetestcase:577] INFO - sleep for 10 secs.  ...
[2020-04-24 13:20:11,512] - [basetestcase:577] INFO - sleep for 10 secs.  ...
[2020-04-24 13:20:21,727] - [basetestcase:577] INFO - sleep for 10 secs.  ...
[2020-04-24 13:20:31,929] - [basetestcase:577] INFO - sleep for 10 secs.  ...
[2020-04-24 13:20:42,167] - [basetestcase:577] INFO - sleep for 10 secs.  ...
[2020-04-24 13:20:52,398] - [basetestcase:577] INFO - sleep for 10 secs.  ...
[2020-04-24 13:21:02,614] - [basetestcase:577] INFO - sleep for 10 secs.  ...
[2020-04-24 13:21:12,818] - [basetestcase:577] INFO - sleep for 10 secs.  ...
[2020-04-24 13:21:23,036] - [basetestcase:577] INFO - sleep for 10 secs.  ...
[2020-04-24 13:21:33,249] - [basetestcase:577] INFO - sleep for 10 secs.  ...
[2020-04-24 13:21:43,461] - [basetestcase:577] INFO - sleep for 10 secs.  ...
[2020-04-24 13:21:53,687] - [basetestcase:577] INFO - sleep for 10 secs.  ...
[2020-04-24 13:22:03,912] - [basetestcase:577] INFO - sleep for 10 secs.  ...
[2020-04-24 13:22:14,124] - [basetestcase:577] INFO - sleep for 10 secs.  ...
[2020-04-24 13:22:24,343] - [basetestcase:577] INFO - sleep for 10 secs.  ...
[2020-04-24 13:22:34,568] - [basetestcase:577] INFO - sleep for 10 secs.  ...
[2020-04-24 13:22:44,788] - [basetestcase:577] INFO - sleep for 10 secs.  ...
[2020-04-24 13:22:54,987] - [basetestcase:577] INFO - sleep for 10 secs.  ...
[2020-04-24 13:23:05,204] - [basetestcase:577] INFO - sleep for 10 secs.  ...
[2020-04-24 13:23:15,401] - [basetestcase:577] INFO - sleep for 10 secs.  ...
[2020-04-24 13:23:25,627] - [basetestcase:577] INFO - sleep for 10 secs.  ...
[2020-04-24 13:23:35,860] - [basetestcase:577] INFO - sleep for 10 secs.  ...
[2020-04-24 13:23:46,072] - [basetestcase:577] INFO - sleep for 10 secs.  ...
[2020-04-24 13:23:56,573] - [basetestcase:577] INFO - sleep for 10 secs.  ...
[2020-04-24 13:24:06,758] - [basetestcase:577] INFO - sleep for 10 secs.  ...
[2020-04-24 13:24:16,975] - [basetestcase:577] INFO - sleep for 10 secs.  ...
[2020-04-24 13:24:27,195] - [basetestcase:577] INFO - sleep for 10 secs.  ...
[2020-04-24 13:24:37,398] - [basetestcase:577] INFO - sleep for 10 secs.  ...
[2020-04-24 13:24:47,611] - [basetestcase:577] INFO - sleep for 10 secs.  ...
[2020-04-24 13:24:59,268] - [basetestcase:577] INFO - sleep for 10 secs.  ...
[2020-04-24 13:25:09,497] - [basetestcase:577] INFO - sleep for 10 secs.  ...
[2020-04-24 13:25:19,702] - [basetestcase:577] INFO - sleep for 10 secs.  ...
[2020-04-24 13:25:29,920] - [basetestcase:577] INFO - sleep for 10 secs.  ...
[2020-04-24 13:25:40,131] - [basetestcase:577] INFO - sleep for 10 secs.  ...
[2020-04-24 13:25:50,358] - [basetestcase:577] INFO - sleep for 10 secs.  ...
[2020-04-24 13:26:00,582] - [basetestcase:577] INFO - sleep for 10 secs.  ...
[2020-04-24 13:26:10,828] - [basetestcase:577] INFO - sleep for 10 secs.  ...
[2020-04-24 13:26:21,044] - [basetestcase:577] INFO - sleep for 10 secs.  ...
[2020-04-24 13:26:31,271] - [basetestcase:577] INFO - sleep for 10 secs.  ...
[2020-04-24 13:26:41,489] - [basetestcase:577] INFO - sleep for 10 secs.  ...
[2020-04-24 13:26:51,716] - [basetestcase:577] INFO - sleep for 10 secs.  ...
[2020-04-24 13:27:01,939] - [basetestcase:577] INFO - sleep for 10 secs.  ...
[2020-04-24 13:27:12,178] - [basetestcase:577] INFO - sleep for 10 secs.  ...
[2020-04-24 13:27:22,417] - [basetestcase:577] INFO - sleep for 10 secs.  ...
[2020-04-24 13:27:32,620] - [basetestcase:577] INFO - sleep for 10 secs.  ...
[2020-04-24 13:27:42,835] - [basetestcase:577] INFO - sleep for 10 secs.  ...
[2020-04-24 13:27:53,097] - [basetestcase:577] INFO - sleep for 10 secs.  ...
[2020-04-24 13:28:03,323] - [basetestcase:577] INFO - sleep for 10 secs.  ...
[2020-04-24 13:28:13,529] - [basetestcase:577] INFO - sleep for 10 secs.  ...
[2020-04-24 13:28:23,751] - [basetestcase:577] INFO - sleep for 10 secs.  ...
[2020-04-24 13:28:33,987] - [basetestcase:577] INFO - sleep for 10 secs.  ...
[2020-04-24 13:28:44,208] - [basetestcase:577] INFO - sleep for 10 secs.  ...
[2020-04-24 13:28:54,437] - [basetestcase:577] INFO - sleep for 10 secs.  ...
[2020-04-24 13:29:04,677] - [basetestcase:577] INFO - sleep for 10 secs.  ...
[2020-04-24 13:29:14,897] - [basetestcase:577] INFO - sleep for 10 secs.  ...
[2020-04-24 13:29:25,120] - [basetestcase:577] INFO - sleep for 10 secs.  ...
[2020-04-24 13:29:35,427] - [basetestcase:577] INFO - sleep for 10 secs.  ...
[2020-04-24 13:29:45,849] - [basetestcase:577] INFO - sleep for 10 secs.  ...
[2020-04-24 13:29:56,065] - [basetestcase:577] INFO - sleep for 10 secs.  ...
[2020-04-24 13:30:06,338] - [basetestcase:577] INFO - sleep for 10 secs.  ...
[2020-04-24 13:30:16,593] - [basetestcase:577] INFO - sleep for 10 secs.  ...
[2020-04-24 13:30:26,834] - [basetestcase:577] INFO - sleep for 10 secs.  ...
[2020-04-24 13:30:37,050] - [basetestcase:577] INFO - sleep for 10 secs.  ...
[2020-04-24 13:30:47,296] - [basetestcase:577] INFO - sleep for 10 secs.  ...
[2020-04-24 13:30:57,519] - [basetestcase:577] INFO - sleep for 10 secs.  ...
[2020-04-24 13:31:07,765] - [basetestcase:577] INFO - sleep for 10 secs.  ...
[2020-04-24 13:31:18,010] - [basetestcase:577] INFO - sleep for 10 secs.  ...
[2020-04-24 13:31:28,220] - [basetestcase:577] INFO - sleep for 10 secs.  ...
[2020-04-24 13:31:38,446] - [basetestcase:577] INFO - sleep for 10 secs.  ...
[2020-04-24 13:31:48,678] - [basetestcase:577] INFO - sleep for 10 secs.  ...
[2020-04-24 13:31:59,270] - [basetestcase:577] INFO - sleep for 10 secs.  ...
[2020-04-24 13:32:09,534] - [basetestcase:577] INFO - sleep for 10 secs.  ...
[2020-04-24 13:32:19,810] - [basetestcase:577] INFO - sleep for 10 secs.  ...
[2020-04-24 13:32:30,046] - [basetestcase:577] INFO - sleep for 10 secs.  ...
[2020-04-24 13:32:40,278] - [basetestcase:577] INFO - sleep for 10 secs.  ...
[2020-04-24 13:32:50,522] - [basetestcase:577] INFO - sleep for 10 secs.  ...
[2020-04-24 13:33:01,424] - [basetestcase:577] INFO - sleep for 10 secs.  ...
[2020-04-24 13:33:11,676] - [basetestcase:577] INFO - sleep for 10 secs.  ...
[2020-04-24 13:33:21,901] - [basetestcase:577] INFO - sleep for 10 secs.  ...
[2020-04-24 13:33:32,162] - [basetestcase:577] INFO - sleep for 10 secs.  ...
[2020-04-24 13:33:42,391] - [basetestcase:577] INFO - sleep for 10 secs.  ...
[2020-04-24 13:33:52,785] - [basetestcase:577] INFO - sleep for 10 secs.  ...
[2020-04-24 13:34:03,262] - [basetestcase:577] INFO - sleep for 10 secs.  ...
[2020-04-24 13:34:13,506] - [basetestcase:577] INFO - sleep for 10 secs.  ...
[2020-04-24 13:34:23,826] - [basetestcase:577] INFO - sleep for 10 secs.  ...
[2020-04-24 13:34:34,035] - [basetestcase:577] INFO - sleep for 10 secs.  ...
[2020-04-24 13:34:44,249] - [basetestcase:577] INFO - sleep for 10 secs.  ...
[2020-04-24 13:34:54,457] - [basetestcase:577] INFO - sleep for 10 secs.  ...
[2020-04-24 13:35:04,683] - [basetestcase:577] INFO - sleep for 10 secs.  ...
[2020-04-24 13:35:14,915] - [basetestcase:577] INFO - sleep for 10 secs.  ...
[2020-04-24 13:35:25,166] - [basetestcase:577] INFO - sleep for 10 secs.  ...
[2020-04-24 13:35:35,395] - [basetestcase:577] INFO - sleep for 10 secs.  ...
[2020-04-24 13:35:45,613] - [basetestcase:577] INFO - sleep for 10 secs.  ...
[2020-04-24 13:35:55,835] - [basetestcase:577] INFO - sleep for 10 secs.  ...
[2020-04-24 13:36:06,080] - [basetestcase:577] INFO - sleep for 10 secs.  ...
[2020-04-24 13:36:16,314] - [basetestcase:577] INFO - sleep for 10 secs.  ...
[2020-04-24 13:36:26,513] - [basetestcase:577] INFO - sleep for 10 secs.  ...
[2020-04-24 13:36:36,730] - [basetestcase:577] INFO - sleep for 10 secs.  ...
[2020-04-24 13:36:46,945] - [basetestcase:577] INFO - sleep for 10 secs.  ...
[2020-04-24 13:36:57,166] - [basetestcase:577] INFO - sleep for 10 secs.  ...
[2020-04-24 13:37:07,421] - [basetestcase:577] INFO - sleep for 10 secs.  ...
[2020-04-24 13:37:17,649] - [basetestcase:577] INFO - sleep for 10 secs.  ...
[2020-04-24 13:37:27,858] - [basetestcase:577] INFO - sleep for 10 secs.  ...
[2020-04-24 13:37:38,084] - [basetestcase:577] INFO - sleep for 10 secs.  ...
[2020-04-24 13:37:48,287] - [basetestcase:577] INFO - sleep for 10 secs.  ...
[2020-04-24 13:37:58,510] - [basetestcase:577] INFO - sleep for 10 secs.  ...
[2020-04-24 13:38:08,721] - [basetestcase:577] INFO - sleep for 10 secs.  ...
[2020-04-24 13:38:18,936] - [basetestcase:577] INFO - sleep for 10 secs.  ...
[2020-04-24 13:38:29,169] - [basetestcase:577] INFO - sleep for 10 secs.  ...
[2020-04-24 13:38:39,393] - [basetestcase:577] INFO - sleep for 10 secs.  ...
[2020-04-24 13:38:49,621] - [basetestcase:577] INFO - sleep for 10 secs.  ...
[2020-04-24 13:38:59,867] - [basetestcase:577] INFO - sleep for 10 secs.  ...
[2020-04-24 13:39:10,076] - [basetestcase:577] INFO - sleep for 10 secs.  ...
[2020-04-24 13:39:20,294] - [basetestcase:577] INFO - sleep for 10 secs.  ...
[2020-04-24 13:39:30,520] - [basetestcase:577] INFO - sleep for 10 secs.  ...
[2020-04-24 13:39:40,768] - [basetestcase:577] INFO - sleep for 10 secs.  ...
[2020-04-24 13:39:50,994] - [basetestcase:577] INFO - sleep for 10 secs.  ...
[2020-04-24 13:40:01,398] - [basetestcase:577] INFO - sleep for 10 secs.  ...
[2020-04-24 13:40:11,617] - [basetestcase:577] INFO - sleep for 10 secs.  ...
[2020-04-24 13:40:21,838] - [basetestcase:577] INFO - sleep for 10 secs.  ...
[2020-04-24 13:40:32,070] - [basetestcase:577] INFO - sleep for 10 secs.  ...
[2020-04-24 13:40:42,309] - [basetestcase:577] INFO - sleep for 10 secs.  ...
[2020-04-24 13:40:52,531] - [basetestcase:577] INFO - sleep for 10 secs.  ...
[2020-04-24 13:41:03,187] - [basetestcase:577] INFO - sleep for 10 secs.  ...
[2020-04-24 13:41:13,401] - [basetestcase:577] INFO - sleep for 10 secs.  ...
[2020-04-24 13:41:23,664] - [basetestcase:577] INFO - sleep for 10 secs.  ...
[2020-04-24 13:41:33,882] - [basetestcase:577] INFO - sleep for 10 secs.  ...
[2020-04-24 13:41:44,103] - [basetestcase:577] INFO - sleep for 10 secs.  ...
[2020-04-24 13:41:54,312] - [basetestcase:577] INFO - sleep for 10 secs.  ...
[2020-04-24 13:42:05,113] - [basetestcase:577] INFO - sleep for 10 secs.  ...
[2020-04-24 13:42:15,491] - [basetestcase:577] INFO - sleep for 10 secs.  ...
[2020-04-24 13:42:25,725] - [basetestcase:577] INFO - sleep for 10 secs.  ...
[2020-04-24 13:42:35,952] - [basetestcase:577] INFO - sleep for 10 secs.  ...
[2020-04-24 13:42:46,211] - [basetestcase:577] INFO - sleep for 10 secs.  ...
[2020-04-24 13:42:56,453] - [basetestcase:577] INFO - sleep for 10 secs.  ...
[2020-04-24 13:43:06,656] - [basetestcase:577] INFO - sleep for 10 secs.  ...
[2020-04-24 13:43:16,886] - [basetestcase:577] INFO - sleep for 10 secs.  ...
[2020-04-24 13:43:27,095] - [basetestcase:577] INFO - sleep for 10 secs.  ...
[2020-04-24 13:43:37,327] - [basetestcase:577] INFO - sleep for 10 secs.  ...
[2020-04-24 13:43:47,549] - [basetestcase:577] INFO - sleep for 10 secs.  ...
[2020-04-24 13:43:57,755] - [basetestcase:577] INFO - sleep for 10 secs.  ...
[2020-04-24 13:44:08,004] - [basetestcase:577] INFO - sleep for 10 secs.  ...
[2020-04-24 13:44:18,269] - [basetestcase:577] INFO - sleep for 10 secs.  ...
[2020-04-24 13:44:28,489] - [basetestcase:577] INFO - sleep for 10 secs.  ...
[2020-04-24 13:44:38,727] - [basetestcase:577] INFO - sleep for 10 secs.  ...
[2020-04-24 13:44:48,928] - [basetestcase:577] INFO - sleep for 10 secs.  ...
[2020-04-24 13:44:59,154] - [basetestcase:577] INFO - sleep for 10 secs.  ...
[2020-04-24 13:45:09,380] - [basetestcase:577] INFO - sleep for 10 secs.  ...
[2020-04-24 13:45:19,626] - [basetestcase:577] INFO - sleep for 10 secs.  ...
[2020-04-24 13:45:29,845] - [basetestcase:577] INFO - sleep for 10 secs.  ...
[2020-04-24 13:45:40,069] - [basetestcase:577] INFO - sleep for 10 secs.  ...
[2020-04-24 13:45:50,301] - [basetestcase:577] INFO - sleep for 10 secs.  ...
[2020-04-24 13:46:00,521] - [basetestcase:577] INFO - sleep for 10 secs.  ...
[2020-04-24 13:46:10,748] - [basetestcase:577] INFO - sleep for 10 secs.  ...
[2020-04-24 13:46:20,956] - [basetestcase:577] INFO - sleep for 10 secs.  ...
[2020-04-24 13:46:31,182] - [basetestcase:577] INFO - sleep for 10 secs.  ...
[2020-04-24 13:46:41,649] - [basetestcase:577] INFO - sleep for 10 secs.  ...
[2020-04-24 13:46:51,906] - [basetestcase:577] INFO - sleep for 10 secs.  ...
[2020-04-24 13:47:02,132] - [basetestcase:577] INFO - sleep for 10 secs.  ...
[2020-04-24 13:47:12,337] - [basetestcase:577] INFO - sleep for 10 secs.  ...
[2020-04-24 13:47:22,562] - [basetestcase:577] INFO - sleep for 10 secs.  ...
[2020-04-24 13:47:32,796] - [basetestcase:577] INFO - sleep for 10 secs.  ...
[2020-04-24 13:47:43,025] - [basetestcase:577] INFO - sleep for 10 secs.  ...
[2020-04-24 13:47:53,260] - [basetestcase:577] INFO - sleep for 10 secs.  ...
[2020-04-24 13:48:03,525] - [basetestcase:577] INFO - sleep for 10 secs.  ...
[2020-04-24 13:48:13,769] - [basetestcase:577] INFO - sleep for 10 secs.  ...
[2020-04-24 13:48:24,031] - [basetestcase:577] INFO - sleep for 10 secs.  ...
[2020-04-24 13:48:34,243] - [basetestcase:577] INFO - sleep for 10 secs.  ...
[2020-04-24 13:48:44,446] - [basetestcase:577] INFO - sleep for 10 secs.  ...
[2020-04-24 13:48:54,664] - [basetestcase:577] INFO - sleep for 10 secs.  ...
[2020-04-24 13:49:05,416] - [basetestcase:577] INFO - sleep for 10 secs.  ...
[2020-04-24 13:49:15,643] - [basetestcase:577] INFO - sleep for 10 secs.  ...
[2020-04-24 13:49:25,856] - [basetestcase:577] INFO - sleep for 10 secs.  ...
[2020-04-24 13:49:36,070] - [basetestcase:577] INFO - sleep for 10 secs.  ...
[2020-04-24 13:49:46,278] - [basetestcase:577] INFO - sleep for 10 secs.  ...
[2020-04-24 13:49:56,506] - [basetestcase:577] INFO - sleep for 10 secs.  ...
[2020-04-24 13:50:07,409] - [basetestcase:577] INFO - sleep for 10 secs.  ...
[2020-04-24 13:50:17,631] - [basetestcase:577] INFO - sleep for 10 secs.  ...
[2020-04-24 13:50:27,872] - [basetestcase:577] INFO - sleep for 10 secs.  ...
[2020-04-24 13:50:38,117] - [basetestcase:577] INFO - sleep for 10 secs.  ...
[2020-04-24 13:50:48,333] - [basetestcase:577] INFO - sleep for 10 secs.  ...
[2020-04-24 13:50:58,554] - [basetestcase:577] INFO - sleep for 10 secs.  ...
[2020-04-24 13:51:09,319] - [basetestcase:577] INFO - sleep for 10 secs.  ...
[2020-04-24 13:51:19,538] - [basetestcase:577] INFO - sleep for 10 secs.  ...
[2020-04-24 13:51:29,767] - [basetestcase:577] INFO - sleep for 10 secs.  ...
[2020-04-24 13:51:40,000] - [basetestcase:577] INFO - sleep for 10 secs.  ...
[2020-04-24 13:51:50,216] - [basetestcase:577] INFO - sleep for 10 secs.  ...
[2020-04-24 13:52:00,451] - [basetestcase:577] INFO - sleep for 10 secs.  ...
[2020-04-24 13:52:10,670] - [basetestcase:577] INFO - sleep for 10 secs.  ...
[2020-04-24 13:52:20,906] - [basetestcase:577] INFO - sleep for 10 secs.  ...
[2020-04-24 13:52:31,125] - [basetestcase:577] INFO - sleep for 10 secs.  ...
[2020-04-24 13:52:41,327] - [basetestcase:577] INFO - sleep for 10 secs.  ...
[2020-04-24 13:52:51,557] - [basetestcase:577] INFO - sleep for 10 secs.  ...
[2020-04-24 13:53:01,885] - [basetestcase:577] INFO - sleep for 10 secs.  ...
[2020-04-24 13:53:12,132] - [basetestcase:577] INFO - sleep for 10 secs.  ...
[2020-04-24 13:53:22,397] - [rest_client:940] ERROR - GET http://172.23.121.65:8094/api/index/custom_index/count body:  headers: {'Content-Type': 'application/json', 'Authorization': 'Basic QWRtaW5pc3RyYXRvcjpwYXNzd29yZA==', 'Accept': '*/*'} error: 400 reason: rest_auth: preparePerms, err: index not found b'{"error":"rest_auth: preparePerms, err: index not found","request":"","status":"fail"}\n' auth: Administrator:password
[2020-04-24 13:53:22,399] - [basetestcase:577] INFO - sleep for 10 secs.  ...
[2020-04-24 13:53:32,592] - [rest_client:940] ERROR - GET http://172.23.121.65:8094/api/index/custom_index/count body:  headers: {'Content-Type': 'application/json', 'Authorization': 'Basic QWRtaW5pc3RyYXRvcjpwYXNzd29yZA==', 'Accept': '*/*'} error: 400 reason: rest_auth: preparePerms, err: index not found b'{"error":"rest_auth: preparePerms, err: index not found","request":"","status":"fail"}\n' auth: Administrator:password
[2020-04-24 13:53:32,593] - [basetestcase:577] INFO - sleep for 10 secs.  ...
[2020-04-24 13:53:42,792] - [rest_client:940] ERROR - GET http://172.23.121.65:8094/api/index/custom_index/count body:  headers: {'Content-Type': 'application/json', 'Authorization': 'Basic QWRtaW5pc3RyYXRvcjpwYXNzd29yZA==', 'Accept': '*/*'} error: 400 reason: rest_auth: preparePerms, err: index not found b'{"error":"rest_auth: preparePerms, err: index not found","request":"","status":"fail"}\n' auth: Administrator:password
[2020-04-24 13:53:42,793] - [basetestcase:577] INFO - sleep for 10 secs.  ...
[2020-04-24 13:53:53,049] - [rest_client:940] ERROR - GET http://172.23.121.65:8094/api/index/custom_index/count body:  headers: {'Content-Type': 'application/json', 'Authorization': 'Basic QWRtaW5pc3RyYXRvcjpwYXNzd29yZA==', 'Accept': '*/*'} error: 400 reason: rest_auth: preparePerms, err: index not found b'{"error":"rest_auth: preparePerms, err: index not found","request":"","status":"fail"}\n' auth: Administrator:password
[2020-04-24 13:53:53,051] - [basetestcase:577] INFO - sleep for 10 secs.  ...
[2020-04-24 13:54:03,249] - [rest_client:940] ERROR - GET http://172.23.121.65:8094/api/index/custom_index/count body:  headers: {'Content-Type': 'application/json', 'Authorization': 'Basic QWRtaW5pc3RyYXRvcjpwYXNzd29yZA==', 'Accept': '*/*'} error: 400 reason: rest_auth: preparePerms, err: index not found b'{"error":"rest_auth: preparePerms, err: index not found","request":"","status":"fail"}\n' auth: Administrator:password
[2020-04-24 13:54:03,250] - [basetestcase:577] INFO - sleep for 10 secs.  ...
[2020-04-24 13:54:13,443] - [rest_client:940] ERROR - GET http://172.23.121.65:8094/api/index/custom_index/count body:  headers: {'Content-Type': 'application/json', 'Authorization': 'Basic QWRtaW5pc3RyYXRvcjpwYXNzd29yZA==', 'Accept': '*/*'} error: 400 reason: rest_auth: preparePerms, err: index not found b'{"error":"rest_auth: preparePerms, err: index not found","request":"","status":"fail"}\n' auth: Administrator:password
[2020-04-24 13:54:13,445] - [basetestcase:577] INFO - sleep for 10 secs.  ...
[2020-04-24 13:54:23,676] - [rest_client:940] ERROR - GET http://172.23.121.65:8094/api/index/custom_index/count body:  headers: {'Content-Type': 'application/json', 'Authorization': 'Basic QWRtaW5pc3RyYXRvcjpwYXNzd29yZA==', 'Accept': '*/*'} error: 400 reason: rest_auth: preparePerms, err: index not found b'{"error":"rest_auth: preparePerms, err: index not found","request":"","status":"fail"}\n' auth: Administrator:password
[2020-04-24 13:54:23,677] - [basetestcase:577] INFO - sleep for 10 secs.  ...
[2020-04-24 13:54:33,896] - [rest_client:940] ERROR - GET http://172.23.121.65:8094/api/index/custom_index/count body:  headers: {'Content-Type': 'application/json', 'Authorization': 'Basic QWRtaW5pc3RyYXRvcjpwYXNzd29yZA==', 'Accept': '*/*'} error: 400 reason: rest_auth: preparePerms, err: index not found b'{"error":"rest_auth: preparePerms, err: index not found","request":"","status":"fail"}\n' auth: Administrator:password
[2020-04-24 13:54:33,898] - [basetestcase:577] INFO - sleep for 10 secs.  ...
[2020-04-24 13:54:44,117] - [rest_client:940] ERROR - GET http://172.23.121.65:8094/api/index/custom_index/count body:  headers: {'Content-Type': 'application/json', 'Authorization': 'Basic QWRtaW5pc3RyYXRvcjpwYXNzd29yZA==', 'Accept': '*/*'} error: 400 reason: rest_auth: preparePerms, err: index not found b'{"error":"rest_auth: preparePerms, err: index not found","request":"","status":"fail"}\n' auth: Administrator:password
[2020-04-24 13:54:44,119] - [basetestcase:577] INFO - sleep for 10 secs.  ...
[2020-04-24 13:54:54,338] - [rest_client:940] ERROR - GET http://172.23.121.65:8094/api/index/custom_index/count body:  headers: {'Content-Type': 'application/json', 'Authorization': 'Basic QWRtaW5pc3RyYXRvcjpwYXNzd29yZA==', 'Accept': '*/*'} error: 400 reason: rest_auth: preparePerms, err: index not found b'{"error":"rest_auth: preparePerms, err: index not found","request":"","status":"fail"}\n' auth: Administrator:password
[2020-04-24 13:54:54,340] - [basetestcase:577] INFO - sleep for 10 secs.  ...
[2020-04-24 13:55:04,543] - [rest_client:940] ERROR - GET http://172.23.121.65:8094/api/index/custom_index/count body:  headers: {'Content-Type': 'application/json', 'Authorization': 'Basic QWRtaW5pc3RyYXRvcjpwYXNzd29yZA==', 'Accept': '*/*'} error: 400 reason: rest_auth: preparePerms, err: index not found b'{"error":"rest_auth: preparePerms, err: index not found","request":"","status":"fail"}\n' auth: Administrator:password
[2020-04-24 13:55:04,545] - [basetestcase:577] INFO - sleep for 10 secs.  ...
[2020-04-24 13:55:14,757] - [rest_client:940] ERROR - GET http://172.23.121.65:8094/api/index/custom_index/count body:  headers: {'Content-Type': 'application/json', 'Authorization': 'Basic QWRtaW5pc3RyYXRvcjpwYXNzd29yZA==', 'Accept': '*/*'} error: 400 reason: rest_auth: preparePerms, err: index not found b'{"error":"rest_auth: preparePerms, err: index not found","request":"","status":"fail"}\n' auth: Administrator:password
[2020-04-24 13:55:14,758] - [basetestcase:577] INFO - sleep for 10 secs.  ...
[2020-04-24 13:55:24,969] - [rest_client:940] ERROR - GET http://172.23.121.65:8094/api/index/custom_index/count body:  headers: {'Content-Type': 'application/json', 'Authorization': 'Basic QWRtaW5pc3RyYXRvcjpwYXNzd29yZA==', 'Accept': '*/*'} error: 400 reason: rest_auth: preparePerms, err: index not found b'{"error":"rest_auth: preparePerms, err: index not found","request":"","status":"fail"}\n' auth: Administrator:password
[2020-04-24 13:55:24,971] - [basetestcase:577] INFO - sleep for 10 secs.  ...
[2020-04-24 13:55:35,203] - [rest_client:940] ERROR - GET http://172.23.121.65:8094/api/index/custom_index/count body:  headers: {'Content-Type': 'application/json', 'Authorization': 'Basic QWRtaW5pc3RyYXRvcjpwYXNzd29yZA==', 'Accept': '*/*'} error: 400 reason: rest_auth: preparePerms, err: index not found b'{"error":"rest_auth: preparePerms, err: index not found","request":"","status":"fail"}\n' auth: Administrator:password
[2020-04-24 13:55:35,205] - [basetestcase:577] INFO - sleep for 10 secs.  ...
*** TestRunner ***
